
Gurobi 11.0.0 (win64) logging started Mon Dec 23 12:29:51 2024

Set parameter LogFile to value "C:\Users\Administrator\Desktop\OptRail_Railroad_Construction\Data\Solution\AnzahlAuftraege_NEW_25\a25_o306_m13_an127_ar31\3_Objectives\costs\gurobi_a25_o306_m13_an127_ar31_costs.log"
Gurobi Optimizer version 11.0.0 build v11.0.0rc2 (win64 - Windows Server 2022.0 (20348.2))

CPU model: AMD EPYC 7513 32-Core Processor, instruction set [SSE2|AVX|AVX2]
Thread count: 18 physical cores, 18 logical processors, using up to 16 threads

Optimize a model with 15342 rows, 2608311 columns and 13895596 nonzeros
Model fingerprint: 0x44fad3cb
Variable types: 0 continuous, 2608311 integer (2608311 binary)
Coefficient statistics:
  Matrix range     [1e+00, 1e+01]
  Objective range  [1e+00, 2e+02]
  Bounds range     [1e+00, 1e+00]
  RHS range        [1e+00, 2e+02]

---------------------------------------------------------------------------
Multi-objectives: starting optimization with 3 objectives (1 combined) ...
---------------------------------------------------------------------------
---------------------------------------------------------------------------

Multi-objectives: optimize objective 1 (weighted) ...
---------------------------------------------------------------------------

Optimize a model with 15342 rows, 2608311 columns and 13895596 nonzeros
Model fingerprint: 0x5d3c7ddf
Variable types: 0 continuous, 2608311 integer (2608311 binary)
Coefficient statistics:
  Matrix range     [1e+00, 1e+01]
  Objective range  [1e+00, 1e+06]
  Bounds range     [1e+00, 1e+00]
  RHS range        [1e+00, 2e+02]
Found heuristic solution: objective 0.0000000
Presolve removed 17 rows and 1359814 columns (presolve time = 5s) ...
Presolve removed 160 rows and 1359840 columns (presolve time = 10s) ...
Presolve removed 160 rows and 1359840 columns (presolve time = 15s) ...
Presolve removed 160 rows and 1359840 columns
Presolve time: 18.03s
Presolved: 15182 rows, 1248471 columns, 13770798 nonzeros
Variable types: 0 continuous, 1248471 integer (1248471 binary)
Deterministic concurrent LP optimizer: primal simplex, dual simplex, and barrier
Showing barrier log only...

Root barrier log...

Ordering time: 1.52s

Barrier statistics:
 AA' NZ     : 4.057e+06
 Factor NZ  : 1.417e+07 (roughly 600 MB of memory)
 Factor Ops : 2.348e+10 (less than 1 second per iteration)
 Threads    : 14

                  Objective                Residual
Iter       Primal          Dual         Primal    Dual     Compl     Time
   0   2.35444654e+08 -1.22514064e+12  2.13e+06 5.55e+04  3.65e+07    27s
   1   1.43364797e+08 -1.21537973e+12  1.58e+06 2.64e+05  2.73e+07    27s
   2   1.16049767e+08 -1.18840847e+12  5.08e+05 7.42e+04  9.10e+06    27s
   3   5.53211786e+07 -1.05753915e+12  1.66e+05 9.49e-09  3.13e+06    28s
   4  -7.10783941e+06 -9.19720592e+11  5.22e+04 3.73e-09  1.17e+06    28s
   5  -1.01610767e+07 -8.01408002e+11  4.84e+04 2.79e-09  1.03e+06    29s
   6  -1.18396302e+07 -4.18413037e+11  4.06e+04 9.08e-09  6.69e+05    29s
   7  -1.86643866e+07 -2.46771661e+11  2.54e+04 9.31e-09  3.87e+05    29s
   8  -2.03094635e+07 -2.32928503e+11  2.25e+04 8.38e-09  3.46e+05    30s
   9  -2.25447004e+07 -1.91272890e+11  1.96e+04 1.49e-08  2.91e+05    30s
  10  -2.65043081e+07 -6.46189316e+10  1.46e+04 3.69e-07  1.75e+05    30s
  11  -2.39210762e+07 -2.65913507e+10  9.06e+03 3.00e-06  1.01e+05    31s
  12  -2.46140856e+07 -8.48787366e+09  3.11e+02 6.58e-06  6.44e+03    31s
  13  -2.45558658e+07 -1.71255872e+09  1.49e+02 1.98e-06  2.10e+03    32s
  14  -2.34328201e+07 -1.44018222e+09  5.03e+01 1.58e-06  1.04e+03    32s
  15  -2.26261315e+07 -8.46000704e+08  2.58e+01 8.10e-07  5.64e+02    32s
  16  -2.15524850e+07 -5.93226635e+08  5.42e+00 5.58e-07  2.78e+02    32s
  17  -2.12743258e+07 -4.56609167e+08  2.51e+00 4.14e-07  1.98e+02    33s
  18  -2.12091746e+07 -4.04601076e+08  2.19e+00 3.62e-07  1.74e+02    33s
  19  -2.07509693e+07 -3.26409699e+08  5.90e-01 2.83e-07  1.28e+02    33s
  20  -2.00673160e+07 -1.41392127e+08  2.38e-03 9.85e-08  4.86e+01    34s
  21  -2.11921172e+07 -5.34080196e+07  3.45e-04 2.38e-08  1.29e+01    34s
  22  -2.19946318e+07 -3.04775920e+07  9.98e-04 5.20e-09  3.39e+00    34s
  23  -2.20277415e+07 -2.81000402e+07  9.00e-04 3.65e-09  2.43e+00    35s
  24  -2.24215562e+07 -2.43232901e+07  1.20e-05 7.77e-10  7.60e-01    35s
  25  -2.24642625e+07 -2.31327127e+07  3.37e-06 9.47e-10  2.67e-01    35s
  26  -2.24779510e+07 -2.27821376e+07  7.99e-07 3.31e-10  1.22e-01    36s
  27  -2.24830731e+07 -2.26535853e+07  2.64e-07 7.30e-10  6.81e-02    36s
  28  -2.24871837e+07 -2.25757225e+07  9.17e-08 3.41e-10  3.54e-02    36s
  29  -2.24886442e+07 -2.25516161e+07  5.71e-08 3.81e-10  2.52e-02    37s
  30  -2.24895082e+07 -2.25320027e+07  4.30e-08 4.36e-10  1.70e-02    37s
  31  -2.24903956e+07 -2.25229541e+07  3.21e-08 2.84e-10  1.30e-02    38s
  32  -2.24906655e+07 -2.25222802e+07  2.92e-08 3.51e-10  1.26e-02    38s
  33  -2.24913920e+07 -2.25156602e+07  2.29e-08 7.68e-10  9.70e-03    38s
  34  -2.24921695e+07 -2.25118254e+07  1.66e-08 3.58e-10  7.86e-03    39s
  35  -2.24927818e+07 -2.25082495e+07  1.28e-08 3.30e-10  6.18e-03    39s
  36  -2.24932240e+07 -2.25040504e+07  1.02e-08 3.61e-10  4.33e-03    40s
  37  -2.24936853e+07 -2.25015484e+07  7.75e-09 2.74e-10  3.14e-03    40s
  38  -2.24940690e+07 -2.24996334e+07  5.87e-09 4.36e-10  2.22e-03    41s
  39  -2.24942560e+07 -2.24987715e+07  4.99e-09 3.14e-10  1.80e-03    41s
  40  -2.24944734e+07 -2.24977758e+07  4.05e-09 3.26e-10  1.32e-03    42s
  41  -2.24947083e+07 -2.24974011e+07  3.05e-09 3.26e-10  1.08e-03    42s
  42  -2.24948644e+07 -2.24968908e+07  2.42e-09 2.52e-10  8.10e-04    43s
  43  -2.24949258e+07 -2.24965425e+07  2.18e-09 4.89e-10  6.46e-04    44s
  44  -2.24950798e+07 -2.24962415e+07  1.58e-09 2.93e-10  4.64e-04    44s
  45  -2.24951522e+07 -2.24960395e+07  1.56e-09 3.46e-10  3.55e-04    45s
  46  -2.24952290e+07 -2.24958969e+07  1.60e-09 3.63e-10  2.67e-04    46s
  47  -2.24953001e+07 -2.24958075e+07  1.08e-09 3.67e-10  2.03e-04    46s
  48  -2.24953395e+07 -2.24957197e+07  7.71e-10 3.51e-10  1.52e-04    47s
  49  -2.24953789e+07 -2.24956575e+07  5.06e-10 2.95e-10  1.11e-04    48s
  50  -2.24954228e+07 -2.24955899e+07  2.76e-10 5.42e-10  6.68e-05    48s
  51  -2.24954411e+07 -2.24955540e+07  5.37e-10 2.85e-10  4.52e-05    49s
  52  -2.24954555e+07 -2.24955405e+07  3.92e-10 3.38e-10  3.40e-05    50s
  53  -2.24954631e+07 -2.24955313e+07  3.35e-10 3.27e-10  2.72e-05    51s
  54  -2.24954718e+07 -2.24955254e+07  3.09e-10 4.77e-10  2.14e-05    51s
  55  -2.24954755e+07 -2.24955176e+07  6.27e-10 5.33e-10  1.68e-05    52s
  56  -2.24954844e+07 -2.24955153e+07  4.24e-10 3.66e-10  1.24e-05    52s
  57  -2.24954882e+07 -2.24955099e+07  4.45e-10 2.92e-10  8.69e-06    53s
  58  -2.24954927e+07 -2.24955067e+07  1.25e-09 3.54e-10  5.59e-06    53s
  59  -2.24954967e+07 -2.24955047e+07  4.01e-09 2.74e-10  3.20e-06    54s
  60  -2.24954974e+07 -2.24955038e+07  3.41e-09 4.37e-10  2.56e-06    54s
  61  -2.24954995e+07 -2.24955032e+07  1.73e-09 5.80e-10  1.46e-06    54s
  62  -2.24955001e+07 -2.24955026e+07  1.23e-09 3.33e-10  9.81e-07    55s
  63  -2.24955006e+07 -2.24955024e+07  8.51e-10 3.92e-10  7.21e-07    55s
  64  -2.24955011e+07 -2.24955020e+07  5.10e-10 3.49e-10  3.85e-07    56s
  65  -2.24955012e+07 -2.24955019e+07  4.36e-10 3.72e-10  2.95e-07    56s
  66  -2.24955013e+07 -2.24955018e+07  3.07e-10 4.89e-10  1.92e-07    57s
  67  -2.24955015e+07 -2.24955018e+07  1.67e-10 6.89e-10  9.92e-08    58s
  68  -2.24955017e+07 -2.24955017e+07  4.22e-09 4.32e-10  2.81e-08    58s
  69  -2.24955017e+07 -2.24955017e+07  2.26e-10 3.74e-10  1.29e-09    59s

Barrier solved model in 69 iterations and 58.56 seconds (122.95 work units)
Optimal objective -2.24955017e+07


Root crossover log...

    9442 DPushes remaining with DInf 0.0000000e+00                59s
      79 DPushes remaining with DInf 0.0000000e+00                60s
       0 DPushes remaining with DInf 0.0000000e+00                61s

  108419 PPushes remaining with PInf 7.6859123e-01                61s
       0 PPushes remaining with PInf 2.7456505e-02                63s

  Push phase complete: Pinf 2.7456505e-02, Dinf 4.6255192e-08     63s


Root simplex log...

Iteration    Objective       Primal Inf.    Dual Inf.      Time
  117647   -2.2495502e+07   2.745650e-02   0.000000e+00     63s
  117847   -2.2495502e+07   3.943838e-04   0.000000e+00     66s
  117873   -2.2495502e+07   0.000000e+00   0.000000e+00     67s
Concurrent spin time: 15.20s (can be avoided by choosing Method=3)

Solved with barrier

Root relaxation: objective -2.249550e+07, 117873 iterations, 62.16 seconds (71.29 work units)
Total elapsed time = 139.94s (DegenMoves)
Total elapsed time = 148.10s (DegenMoves)
Total elapsed time = 182.20s (DegenMoves)
Total elapsed time = 216.23s (DegenMoves)

    Nodes    |    Current Node    |     Objective Bounds      |     Work
 Expl Unexpl |  Obj  Depth IntInf | Incumbent    BestBd   Gap | It/Node Time

     0     0 -2.250e+07    0 4221    0.00000 -2.250e+07      -     -  252s
H    0     0                    -1.39962e+07 -2.250e+07  60.7%     -  372s
     0     0 -2.250e+07    0 4861 -1.400e+07 -2.250e+07  60.7%     -  845s
     0     0 -2.250e+07    0 4827 -1.400e+07 -2.250e+07  60.7%     - 1025s
     0     0 -2.250e+07    0 4813 -1.400e+07 -2.250e+07  60.7%     - 1064s
     0     0 -2.250e+07    0 4755 -1.400e+07 -2.250e+07  60.7%     - 1987s
     0     0 -2.250e+07    0 4667 -1.400e+07 -2.250e+07  60.7%     - 4036s
     0     0 -2.250e+07    0 4688 -1.400e+07 -2.250e+07  60.7%     - 4495s
H    0     0                    -1.49951e+07 -2.250e+07  50.0%     - 4599s
     0     0 -2.250e+07    0 4817 -1.500e+07 -2.250e+07  50.0%     - 4668s
     0     0 -2.249e+07    0 4573 -1.500e+07 -2.249e+07  50.0%     - 5042s
H    0     0                    -1.69949e+07 -2.249e+07  32.4%     - 5080s
     0     0 -2.249e+07    0 4626 -1.699e+07 -2.249e+07  32.4%     - 6840s
     0     0 -2.249e+07    0 4398 -1.699e+07 -2.249e+07  32.4%     - 9647s
     0     0 -2.249e+07    0 4488 -1.699e+07 -2.249e+07  32.4%     - 9740s
     0     0 -2.249e+07    0 4542 -1.699e+07 -2.249e+07  32.4%     - 10194s
H    0     0                    -1.79946e+07 -2.249e+07  25.0%     - 10212s
     0     0 -2.249e+07    0 4511 -1.799e+07 -2.249e+07  25.0%     - 10320s
     0     0 -2.249e+07    0 4337 -1.799e+07 -2.249e+07  25.0%     - 10654s
     0     0          -    0      -1.799e+07 -2.249e+07  25.0%     - 10800s

Cutting planes:
  Cover: 2
  Clique: 46
  MIR: 112
  Zero half: 120
  RLT: 3

Explored 1 nodes (2182989 simplex iterations) in 10800.20 seconds (22654.13 work units)
Thread count was 16 (of 18 available processors)

Solution count 5: -1.79946e+07 -1.69949e+07 -1.49951e+07 ... 0

Time limit reached
Best objective -1.799460329352e+07, best bound -2.249483791405e+07, gap 25.0088%

---------------------------------------------------------------------------
Multi-objectives: stopped in 10800.82 seconds (22654.13 work units), solution count 5
Time Limit reached

