
Gurobi 11.0.0 (win64) logging started Thu Dec 19 19:17:57 2024

Set parameter LogFile to value "C:\Users\Administrator\Desktop\OptRail_Railroad_Construction\Data\Solution\Reduced\a5_o96_m10_an10_ar10_reduced\6_Objectives\weighted\gurobi_a5_o96_m10_an10_ar10_reduced_weighted.log"
Gurobi Optimizer version 11.0.0 build v11.0.0rc2 (win64 - Windows Server 2022.0 (20348.2))

CPU model: AMD EPYC 7513 32-Core Processor, instruction set [SSE2|AVX|AVX2]
Thread count: 18 physical cores, 18 logical processors, using up to 16 threads

Optimize a model with 2105 rows, 103849 columns and 839154 nonzeros
Model fingerprint: 0x4b4db7b0
Variable types: 0 continuous, 103849 integer (103849 binary)
Coefficient statistics:
  Matrix range     [1e+00, 1e+01]
  Objective range  [1e+00, 2e+02]
  Bounds range     [1e+00, 1e+00]
  RHS range        [1e+00, 2e+02]

---------------------------------------------------------------------------
Multi-objectives: starting optimization with 6 objectives (1 combined) ...
---------------------------------------------------------------------------
---------------------------------------------------------------------------

Multi-objectives: optimize objective 1 (weighted) ...
---------------------------------------------------------------------------

Optimize a model with 2105 rows, 103849 columns and 839154 nonzeros
Model fingerprint: 0xd9647fc0
Variable types: 0 continuous, 103849 integer (103849 binary)
Coefficient statistics:
  Matrix range     [1e+00, 1e+01]
  Objective range  [6e-04, 5e-01]
  Bounds range     [1e+00, 1e+00]
  RHS range        [1e+00, 2e+02]
Found heuristic solution: objective 0.0000000
Presolve removed 121 rows and 54190 columns
Presolve time: 0.96s
Presolved: 1984 rows, 49659 columns, 744416 nonzeros
Variable types: 0 continuous, 49659 integer (49659 binary)
Deterministic concurrent LP optimizer: primal simplex, dual simplex, and barrier
Showing barrier log only...

Root barrier log...

Ordering time: 0.02s

Barrier statistics:
 AA' NZ     : 1.965e+05
 Factor NZ  : 3.529e+05 (roughly 24 MB of memory)
 Factor Ops : 7.183e+07 (less than 1 second per iteration)
 Threads    : 14

                  Objective                Residual
Iter       Primal          Dual         Primal    Dual     Compl     Time
   0   4.96315718e+03 -1.16642416e+04  4.97e+04 1.51e+00  9.82e+01     1s
   1   9.40613021e+02 -1.06388438e+04  9.36e+03 1.41e+00  2.05e+01     1s
   2   2.93806055e+02 -6.24347635e+03  2.92e+03 1.19e-01  6.28e+00     1s
   3   1.22106297e+02 -1.81743080e+03  1.21e+03 2.63e-13  1.95e+00     1s
   4   6.12215044e+01 -5.77463958e+02  6.03e+02 5.68e-13  8.04e-01     1s
   5   8.92360636e+00 -1.73358834e+02  7.90e+01 2.70e-13  1.35e-01     1s
   6   3.30406496e+00 -7.19968462e+01  2.62e+01 3.84e-13  4.96e-02     2s
   7   3.40679254e-01 -2.68765857e+01  3.99e+00 2.42e-13  1.46e-02     2s
   8  -7.92883116e-01 -1.38436428e+01  1.76e-01 8.70e-14  4.75e-03     2s
   9  -9.78264111e-01 -8.36252359e+00  5.56e-02 4.44e-14  2.48e-03     2s
  10  -1.09640963e+00 -6.00710868e+00  4.49e-02 3.20e-14  1.64e-03     2s
  11  -1.23204784e+00 -4.35244828e+00  2.69e-02 1.95e-14  1.03e-03     2s
  12  -1.29933545e+00 -4.24208052e+00  1.98e-02 1.60e-14  9.61e-04     2s
  13  -1.37177094e+00 -4.05207680e+00  1.34e-02 1.60e-14  8.70e-04     2s
  14  -1.44924710e+00 -2.86197303e+00  7.81e-03 5.33e-15  4.56e-04     2s
  15  -1.52649046e+00 -2.64980750e+00  4.24e-03 5.33e-15  3.61e-04     2s
  16  -1.59247959e+00 -2.45371101e+00  6.60e-03 3.55e-15  2.77e-04     2s
  17  -1.60785193e+00 -2.22460555e+00  5.94e-03 5.33e-15  1.98e-04     2s
  18  -1.65016352e+00 -2.12800827e+00  4.47e-03 2.62e-15  1.53e-04     2s
  19  -1.69846173e+00 -2.07527516e+00  2.93e-03 5.47e-15  1.21e-04     2s
  20  -1.70337265e+00 -1.99962840e+00  4.51e-03 2.91e-15  9.51e-05     2s
  21  -1.72317170e+00 -1.96512549e+00  2.21e-03 3.47e-15  7.76e-05     2s
  22  -1.75306344e+00 -1.92075436e+00  1.39e-03 4.30e-15  5.38e-05     2s
  23  -1.77447267e+00 -1.87449751e+00  8.86e-04 3.55e-15  3.21e-05     2s
  24  -1.78559122e+00 -1.85991861e+00  6.49e-04 3.11e-15  2.38e-05     2s
  25  -1.79308802e+00 -1.84755140e+00  5.53e-04 2.81e-15  1.75e-05     2s
  26  -1.79691483e+00 -1.84106567e+00  4.67e-04 4.41e-15  1.42e-05     2s
  27  -1.80309980e+00 -1.83058818e+00  3.35e-04 3.79e-15  8.82e-06     2s
  28  -1.80918548e+00 -1.82620605e+00  2.18e-04 4.92e-15  5.46e-06     2s
  29  -1.81337756e+00 -1.82269228e+00  1.23e-04 4.43e-15  2.99e-06     2s
  30  -1.81471931e+00 -1.82189301e+00  9.47e-05 3.55e-15  2.30e-06     2s
  31  -1.81669509e+00 -1.82039371e+00  8.47e-05 3.07e-15  1.19e-06     2s
  32  -1.81744501e+00 -1.81981447e+00  5.67e-05 7.77e-15  7.61e-07     2s
  33  -1.81836464e+00 -1.81968583e+00  2.19e-05 3.44e-15  4.24e-07     2s
  34  -1.81854054e+00 -1.81967481e+00  1.85e-05 2.91e-15  3.64e-07     2s
  35  -1.81939329e+00 -1.81954361e+00  6.47e-07 4.87e-15  4.82e-08     2s
  36  -1.81946733e+00 -1.81948058e+00  7.27e-08 4.78e-15  4.25e-09     2s
  37  -1.81947728e+00 -1.81947729e+00  6.55e-11 3.63e-15  4.34e-12     2s

Barrier solved model in 37 iterations and 1.98 seconds (3.62 work units)
Optimal objective -1.81947728e+00

Concurrent spin time: 0.00s

Solved with barrier

Root relaxation: objective -1.819477e+00, 3271 iterations, 0.98 seconds (1.09 work units)

    Nodes    |    Current Node    |     Objective Bounds      |     Work
 Expl Unexpl |  Obj  Depth IntInf | Incumbent    BestBd   Gap | It/Node Time

     0     0   -1.81948    0  645    0.00000   -1.81948      -     -    3s
H    0     0                      -1.0855382   -1.81948  67.6%     -    7s
     0     0   -1.77824    0  648   -1.08554   -1.77824  63.8%     -    9s
     0     0   -1.77212    0  784   -1.08554   -1.77212  63.2%     -   10s
     0     0   -1.75154    0  732   -1.08554   -1.75154  61.4%     -   12s
     0     0   -1.74275    0  748   -1.08554   -1.74275  60.5%     -   14s
     0     0   -1.74270    0  744   -1.08554   -1.74270  60.5%     -   15s
     0     0   -1.72656    0  653   -1.08554   -1.72656  59.1%     -   16s
     0     0   -1.72650    0  640   -1.08554   -1.72650  59.0%     -   17s
     0     0   -1.72643    0  561   -1.08554   -1.72643  59.0%     -   18s
     0     2   -1.72638    0  535   -1.08554   -1.72638  59.0%     -   20s
    15    32   -1.71633    4  674   -1.08554   -1.72057  58.5%  1365   25s
H   31    48                      -1.1182918   -1.71642  53.5%  2132   30s
H   34    48                      -1.2082653   -1.71642  42.1%  1959   30s
H   42    48                      -1.2594991   -1.71642  36.3%  1696   30s
H   47    64                      -1.2878274   -1.71642  33.3%  1612   33s
H   50    64                      -1.3193930   -1.71642  30.1%  1549   33s
    63    80   -1.70716    6  625   -1.31939   -1.71555  30.0%  1436   35s
   136   155   -1.69378    8  632   -1.31939   -1.71107  29.7%  1127   40s
H  194   212                      -1.3486064   -1.71107  26.9%  1132   52s
H  200   212                      -1.3496439   -1.71107  26.8%  1137   52s
H  205   212                      -1.4241565   -1.71107  20.1%  1135   52s
   243   235   -1.62977   11  567   -1.42416   -1.71107  20.1%  1064   55s
   334   335   -1.64915   13  671   -1.42416   -1.71107  20.1%   959   61s
   445   456   -1.64269   17  634   -1.42416   -1.71107  20.1%   860   66s
   491   496   -1.64018   19  497   -1.42416   -1.71107  20.1%   824   89s
H  496   496                      -1.6398628   -1.71107  4.34%   818   89s
   531   474     cutoff   21        -1.63986   -1.70931  4.24%   805   91s
   662   546   -1.67688   11  566   -1.63986   -1.70632  4.05%   749   96s
*  805   604              66      -1.6420340   -1.70632  3.92%   707   99s
   861   621   -1.66329   22  480   -1.64203   -1.70632  3.92%   697  101s
  1022   671   -1.64983   29  452   -1.64203   -1.70632  3.92%   663  105s
  1299   740   -1.67229    8  631   -1.64203   -1.69645  3.31%   644  112s
  1389   736     cutoff   12        -1.64203   -1.69645  3.31%   653  119s
H 1408   736                      -1.6425040   -1.69645  3.28%   654  119s
  1425   760     cutoff   10        -1.64250   -1.69645  3.28%   660  121s
  1654   829     cutoff   22        -1.64250   -1.68480  2.57%   645  126s
  1865   842   -1.64472    9  465   -1.64250   -1.68204  2.41%   647  134s
  1910   870     cutoff   10        -1.64250   -1.68204  2.41%   651  137s
  2048   832   -1.64251    9  522   -1.64250   -1.67952  2.25%   644  140s
  2320   877     cutoff   15        -1.64250   -1.67952  2.25%   634  145s
  2600   852     cutoff   21        -1.64250   -1.66717  1.50%   630  151s
  2763   905   -1.65836   17  422   -1.64250   -1.66474  1.35%   623  159s
  2981   821   -1.65206   23  475   -1.64250   -1.66370  1.29%   611  165s
  3266   775   -1.65306   23  487   -1.64250   -1.66249  1.22%   622  182s
H 3271   775                      -1.6425040   -1.66249  1.22%   623  182s
  3319   765     cutoff   29        -1.64250   -1.66133  1.15%   628  186s
  3518   720     cutoff   22        -1.64250   -1.65958  1.04%   627  190s
  3878   571   -1.64808   22  427   -1.64250   -1.65621  0.83%   635  199s
  4033   521 infeasible   22        -1.64250   -1.65458  0.73%   646  219s
  4163   374     cutoff   22        -1.64250   -1.65377  0.69%   645  223s
  4403   189     cutoff   25        -1.64250   -1.65171  0.56%   644  227s
  4699   325   -1.64467   17  325   -1.64250   -1.64781  0.32%   635  233s
  5537     0   -1.64282   22  347   -1.64250   -1.64498  0.15%   558  237s

Cutting planes:
  Cover: 6
  Implied bound: 19
  MIR: 29
  StrongCG: 1
  Inf proof: 16
  Zero half: 51

Explored 6055 nodes (3190046 simplex iterations) in 238.49 seconds (492.64 work units)
Thread count was 16 (of 18 available processors)

Solution count 10: -1.6425 -1.6425 -1.64203 ... -1.2595
No other solutions better than -1.6425

Optimal solution found (tolerance 1.00e-04)
Best objective -1.642504001510e+00, best bound -1.642504001510e+00, gap 0.0000%

---------------------------------------------------------------------------
Multi-objectives: solved in 238.72 seconds (492.64 work units), solution count 10

