
Gurobi 11.0.0 (win64) logging started Sat Dec 28 03:40:45 2024

Set parameter LogFile to value "C:\Users\Administrator\Desktop\OptRail_Railroad_Construction\Data\Solution\AnzahlAuftraege_NEW_25\a25_o306_m13_an127_ar31\3_Objectives\hierarchical_tolerance\gurobi_a25_o306_m13_an127_ar31_hierarchical_tolerance_round_2.log"
Gurobi Optimizer version 11.0.0 build v11.0.0rc2 (win64 - Windows Server 2022.0 (20348.2))

CPU model: AMD EPYC 7513 32-Core Processor, instruction set [SSE2|AVX|AVX2]
Thread count: 18 physical cores, 18 logical processors, using up to 16 threads

Optimize a model with 15343 rows, 2608311 columns and 13895621 nonzeros
Model fingerprint: 0x1dfce8ed
Variable types: 0 continuous, 2608311 integer (2608311 binary)
Coefficient statistics:
  Matrix range     [1e+00, 1e+01]
  Objective range  [1e+00, 2e+02]
  Bounds range     [1e+00, 1e+00]
  RHS range        [1e+00, 2e+02]

---------------------------------------------------------------------------
Multi-objectives: starting optimization with 3 objectives ... 
---------------------------------------------------------------------------

Multi-objectives: applying initial presolve ...
---------------------------------------------------------------------------

Presolve removed 133 rows and 0 columns (presolve time = 5s) ...
Presolve removed 160 rows and 0 columns (presolve time = 10s) ...
Presolve removed 160 rows and 0 columns
Presolve time: 12.20s
Presolved: 15183 rows, 2608311 columns, 13770893 nonzeros
---------------------------------------------------------------------------

Multi-objectives: optimize objective 1 () ...
---------------------------------------------------------------------------

Presolve removed 0 rows and 1359916 columns (presolve time = 5s) ...
Presolve removed 0 rows and 1359916 columns (presolve time = 10s) ...
Presolve removed 0 rows and 1359916 columns
Presolve time: 13.78s
Presolved: 15183 rows, 1248395 columns, 13770747 nonzeros
Variable types: 0 continuous, 1248395 integer (1248395 binary)
Deterministic concurrent LP optimizer: primal simplex, dual simplex, and barrier
Showing barrier log only...

Root barrier log...

Ordering time: 1.50s

Barrier statistics:
 AA' NZ     : 4.058e+06
 Factor NZ  : 1.410e+07 (roughly 600 MB of memory)
 Factor Ops : 2.304e+10 (less than 1 second per iteration)
 Threads    : 13

                  Objective                Residual
Iter       Primal          Dual         Primal    Dual     Compl     Time
   0   1.13768821e+04 -6.78034883e+05  2.16e+06 3.70e-02  2.05e+01    40s
   1   1.06606923e+04 -6.74309875e+05  1.62e+06 1.12e-01  1.55e+01    40s
   2   6.11414530e+03 -6.62501911e+05  6.96e+05 5.43e-02  6.83e+00    40s
   3   1.61663199e+03 -6.03855619e+05  1.58e+05 1.69e-14  1.71e+00    41s
   4   1.11355791e+03 -4.66287096e+05  1.00e+05 7.11e-15  1.02e+00    41s
   5   9.40257461e+02 -3.89059917e+05  8.06e+04 3.33e-15  7.94e-01    42s
   6   7.68140483e+02 -3.72110170e+05  6.11e+04 4.00e-15  6.26e-01    42s
   7   6.73815512e+02 -2.71775865e+05  5.04e+04 2.13e-14  4.68e-01    42s
   8   5.97608872e+02 -2.29345054e+05  4.21e+04 7.11e-15  3.79e-01    43s
   9   5.01528523e+02 -1.97084690e+05  3.19e+04 4.44e-15  2.91e-01    43s
  10   4.20931598e+02 -1.05326491e+05  2.38e+04 2.17e-13  1.85e-01    43s
  11   2.01522886e+02 -3.71951363e+04  7.76e+03 1.42e-14  5.87e-02    44s
  12   6.99232087e+01 -1.60494163e+04  2.32e+03 1.33e-13  1.93e-02    45s
  13   1.91281103e+01 -3.10943175e+03  3.38e+02 4.33e-13  3.09e-03    45s
  14   1.41555302e+01 -2.32665127e+03  1.29e+02 3.61e-13  1.63e-03    45s
  15   1.24627046e+01 -1.81904811e+03  6.04e+01 2.71e-13  1.05e-03    46s
  16   1.11636408e+01 -1.50330241e+03  3.67e+01 2.21e-13  8.00e-04    46s
  17   1.08826624e+01 -1.26948949e+03  3.22e+01 1.85e-13  6.82e-04    46s
  18   9.92162711e+00 -9.82377127e+02  1.93e+01 1.41e-13  5.00e-04    47s
  19   9.87869206e+00 -7.35213273e+02  1.89e+01 1.06e-13  3.98e-04    47s
  20   9.47181183e+00 -5.21245941e+02  1.59e+01 7.39e-14  2.99e-04    47s
  21   7.96120425e+00 -4.14758903e+02  1.05e+01 5.88e-14  2.27e-04    48s
  22   5.14034292e+00 -1.60206944e+02  3.91e+00 2.02e-14  8.70e-05    49s
  23   3.08558799e+00 -7.45555255e+01  8.39e-01 7.33e-15  3.49e-05    49s
  24   2.02778913e+00 -2.98901940e+01  2.64e-01 2.89e-15  1.36e-05    50s
  25   1.59317169e+00 -1.09921783e+01  1.53e-01 1.33e-15  5.35e-06    50s
  26   1.09468011e+00 -5.20355420e+00  8.38e-02 1.11e-15  2.65e-06    50s
  27   6.09384101e-01 -1.31741609e+00  2.35e-02 6.66e-16  7.97e-07    51s
  28   4.90043979e-01 -4.01612413e-02  8.67e-03 6.87e-16  2.21e-07    51s
  29   4.03609847e-01  3.52662686e-01  1.86e-05 7.47e-16  2.05e-08    51s
  30   4.00000994e-01  3.99970944e-01  2.56e-09 8.25e-16  1.20e-11    52s
  31   4.00000000e-01  4.00000000e-01  2.18e-12 6.81e-16  1.25e-17    52s

Barrier solved model in 31 iterations and 51.83 seconds (120.16 work units)
Optimal objective 4.00000000e-01

  Building initial crossover basis                                55s
  Building initial crossover basis                                60s
  Building initial crossover basis                                65s

Root crossover log...

    5911 DPushes remaining with DInf 0.0000000e+00                70s
       0 DPushes remaining with DInf 0.0000000e+00                70s

    1561 PPushes remaining with PInf 5.8097467e-06                70s
     790 PPushes remaining with PInf 0.0000000e+00                70s
       0 PPushes remaining with PInf 0.0000000e+00                70s

  Push phase complete: Pinf 0.0000000e+00, Dinf 8.3966390e-10     70s


Root simplex log...

Iteration    Objective       Primal Inf.    Dual Inf.      Time
    3283    4.0000000e-01   0.000000e+00   0.000000e+00     70s
Concurrent spin time: 2.00s

Solved with barrier

Root relaxation: objective 4.000000e-01, 3283 iterations, 40.81 seconds (51.53 work units)

    Nodes    |    Current Node    |     Objective Bounds      |     Work
 Expl Unexpl |  Obj  Depth IntInf | Incumbent    BestBd   Gap | It/Node Time

     0     0    0.40000    0 6784          -    0.40000      -     -  297s
     0     0    0.40000    0 6607          -    0.40000      -     -  770s
     0     0    0.40000    0 6598          -    0.40000      -     - 1691s
     0     0    0.40000    0 6646          -    0.40000      -     - 2563s
     0     0    0.40000    0 6659          -    0.40000      -     - 2810s
     0     0    0.40000    0 6693          -    0.40000      -     - 2890s

Cutting planes:
  Cover: 1
  MIR: 3
  RLT: 2

Explored 1 nodes (346044 simplex iterations) in 2891.03 seconds (3197.73 work units)
Thread count was 16 (of 18 available processors)

Solution count 0

Time limit reached
Best objective -, best bound 1.000000000000e+00, gap -

---------------------------------------------------------------------------
Multi-objectives: stopped in 2891.12 seconds (3197.73 work units)
Time Limit reached

