
Gurobi 11.0.0 (win64) logging started Sat Dec 28 19:44:22 2024

Set parameter LogFile to value "C:\Users\Administrator\Desktop\OptRail_Railroad_Construction\Data\Solution\AnzahlAuftraege_NEW_40\a40_o476_m22_an215_ar51\3_Objectives\weighted\gurobi_a40_o476_m22_an215_ar51_weighted.log"
Gurobi Optimizer version 11.0.0 build v11.0.0rc2 (win64 - Windows Server 2022.0 (20348.2))

CPU model: AMD EPYC 7513 32-Core Processor, instruction set [SSE2|AVX|AVX2]
Thread count: 18 physical cores, 18 logical processors, using up to 16 threads

Optimize a model with 38347 rows, 9908773 columns and 49324588 nonzeros
Model fingerprint: 0x44216b05
Variable types: 0 continuous, 9908773 integer (9908773 binary)
Coefficient statistics:
  Matrix range     [1e+00, 1e+01]
  Objective range  [1e+00, 2e+02]
  Bounds range     [1e+00, 1e+00]
  RHS range        [1e+00, 2e+02]

---------------------------------------------------------------------------
Multi-objectives: starting optimization with 3 objectives (1 combined) ...
---------------------------------------------------------------------------
---------------------------------------------------------------------------

Multi-objectives: optimize objective 1 (weighted) ...
---------------------------------------------------------------------------

Optimize a model with 38347 rows, 9908773 columns and 49324588 nonzeros
Model fingerprint: 0xabffb2d3
Variable types: 0 continuous, 9908773 integer (9908773 binary)
Coefficient statistics:
  Matrix range     [1e+00, 1e+01]
  Objective range  [5e-04, 7e-01]
  Bounds range     [1e+00, 1e+00]
  RHS range        [1e+00, 2e+02]
Found heuristic solution: objective 0.0000000
Presolve removed 464 rows and 5339607 columns (presolve time = 5s) ...
Presolve removed 464 rows and 5339607 columns (presolve time = 10s) ...
Presolve removed 464 rows and 5339607 columns (presolve time = 15s) ...
Presolve removed 464 rows and 5339607 columns (presolve time = 20s) ...
Presolve removed 577 rows and 5339607 columns (presolve time = 25s) ...
Presolve removed 577 rows and 5339607 columns (presolve time = 30s) ...
Presolve removed 577 rows and 5339629 columns (presolve time = 36s) ...
Presolve removed 577 rows and 5339629 columns (presolve time = 40s) ...
Presolve removed 577 rows and 5339629 columns (presolve time = 45s) ...
Presolve removed 577 rows and 5339629 columns (presolve time = 50s) ...
Presolve removed 577 rows and 5339629 columns (presolve time = 55s) ...
Presolve removed 577 rows and 5339629 columns (presolve time = 60s) ...
Presolve removed 577 rows and 5339629 columns (presolve time = 67s) ...
Presolve removed 577 rows and 5339629 columns (presolve time = 71s) ...
Presolve added 38 rows and 0 columns
Presolve removed 0 rows and 5339014 columns
Presolve time: 71.20s
Presolved: 38385 rows, 4569759 columns, 46750048 nonzeros
Variable types: 0 continuous, 4569759 integer (4569144 binary)
Deterministic concurrent LP optimizer: primal simplex, dual simplex, and barrier
Showing barrier log only...

Root barrier log...

Elapsed ordering time = 5s
Ordering time: 6.39s

Barrier statistics:
 AA' NZ     : 1.480e+07
 Factor NZ  : 6.120e+07 (roughly 2.3 GB of memory)
 Factor Ops : 2.126e+11 (roughly 1 second per iteration)
 Threads    : 14

                  Objective                Residual
Iter       Primal          Dual         Primal    Dual     Compl     Time
   0   6.02919644e+05 -3.77775413e+06  3.78e+06 1.11e-16  2.62e+01   107s
   1   4.34065818e+05 -3.71422990e+06  2.72e+06 1.77e-01  1.90e+01   109s
   2   2.06664051e+05 -3.59220373e+06  1.30e+06 6.43e-02  9.14e+00   111s
   3   1.09556621e+05 -3.28066934e+06  6.87e+05 7.93e-03  4.85e+00   112s
   4   5.24099181e+04 -3.01861050e+06  3.29e+05 3.47e-03  2.41e+00   114s
   5   3.82681906e+04 -2.68213542e+06  2.40e+05 4.44e-15  1.76e+00   116s
   6   3.60983931e+04 -2.56088552e+06  2.26e+05 3.55e-15  1.64e+00   117s
   7   2.35662042e+04 -2.20578481e+06  1.48e+05 5.11e-15  1.09e+00   119s
   8   1.71967028e+04 -1.27724233e+06  1.08e+05 4.44e-15  6.85e-01   120s
   9   1.31337356e+04 -1.13424876e+06  8.25e+04 8.88e-15  5.30e-01   122s
  10   1.02743939e+04 -4.07716450e+05  6.45e+04 4.01e-13  3.29e-01   124s
  11   3.83466896e+03 -2.60143888e+05  2.41e+04 1.30e-12  1.32e-01   125s
  12   2.18636198e+02 -9.62922012e+04  1.42e+03 2.31e-13  1.64e-02   127s
  13   1.65612616e+01 -3.83325509e+04  1.50e+02 2.96e-12  4.80e-03   128s
  14   5.24369830e+00 -6.86911577e+03  8.49e+01 3.20e-13  1.07e-03   130s
  15  -4.13892895e+00 -1.83214560e+03  5.80e+01 1.21e-12  4.06e-04   132s
  16  -1.60836512e+01 -1.56534952e+03  1.89e+01 1.04e-12  2.38e-04   133s
  17  -1.81845535e+01 -1.21735535e+03  1.35e+01 8.24e-13  1.81e-04   135s
  18  -2.04990647e+01 -9.59314972e+02  6.76e+00 6.31e-13  1.29e-04   136s
  19  -2.13671229e+01 -9.10292442e+02  3.62e+00 5.99e-13  1.13e-04   138s
  20  -2.13573264e+01 -7.93902289e+02  1.27e+00 5.06e-13  9.43e-05   140s
  21  -2.07224047e+01 -3.72166155e+02  7.39e-02 2.00e-13  3.99e-05   142s
  22  -2.14370886e+01 -1.55922557e+02  1.34e-02 6.86e-14  1.48e-05   144s
  23  -2.21513366e+01 -1.25787988e+02  9.51e-03 5.25e-14  1.14e-05   146s
  24  -2.25533703e+01 -9.55084243e+01  7.85e-03 3.61e-14  8.03e-06   148s
  25  -2.27453008e+01 -8.80425864e+01  7.13e-03 3.21e-14  7.18e-06   149s
  26  -2.30812838e+01 -8.01430851e+01  6.00e-03 2.79e-14  6.27e-06   151s
  27  -2.36410869e+01 -7.27098029e+01  4.35e-03 2.38e-14  5.38e-06   152s
  28  -2.41138252e+01 -6.29739230e+01  2.75e-03 1.89e-14  4.26e-06   154s
  29  -2.45063982e+01 -5.11428721e+01  2.04e-03 1.26e-14  2.92e-06   156s
  30  -2.49034395e+01 -4.43556758e+01  1.35e-03 8.94e-15  2.13e-06   159s
  31  -2.52290070e+01 -3.97844309e+01  9.19e-04 6.44e-15  1.59e-06   161s
  32  -2.54314192e+01 -3.74262069e+01  8.51e-04 5.44e-15  1.31e-06   163s
  33  -2.55262560e+01 -3.67924935e+01  1.01e-03 5.11e-15  1.23e-06   166s
  34  -2.57268827e+01 -3.47885627e+01  5.88e-04 4.00e-15  9.91e-07   168s
  35  -2.58967529e+01 -3.35864383e+01  4.84e-04 3.44e-15  8.41e-07   170s
  36  -2.59629740e+01 -3.22508724e+01  4.43e-04 2.89e-15  6.87e-07   173s
  37  -2.60645155e+01 -3.11562608e+01  3.96e-04 2.22e-15  5.57e-07   175s
  38  -2.61402256e+01 -3.05586170e+01  3.52e-04 1.89e-15  4.83e-07   177s
  39  -2.62450673e+01 -3.01104101e+01  2.96e-04 1.55e-15  4.22e-07   179s
  40  -2.63174429e+01 -2.94892790e+01  2.58e-04 1.33e-15  3.47e-07   182s
  41  -2.63682462e+01 -2.91203889e+01  2.34e-04 1.11e-15  3.01e-07   184s
  42  -2.64203837e+01 -2.88179783e+01  2.08e-04 1.11e-15  2.62e-07   186s
  43  -2.64723272e+01 -2.85243339e+01  1.84e-04 7.77e-16  2.24e-07   188s
  44  -2.65088203e+01 -2.83477599e+01  1.67e-04 7.77e-16  2.01e-07   191s
  45  -2.65846621e+01 -2.81570022e+01  1.32e-04 6.66e-16  1.72e-07   193s
  46  -2.66251229e+01 -2.79449085e+01  1.15e-04 6.66e-16  1.44e-07   195s
  47  -2.66543481e+01 -2.78161193e+01  1.03e-04 5.55e-16  1.27e-07   197s
  48  -2.66996682e+01 -2.77402216e+01  8.42e-05 3.33e-16  1.14e-07   200s
  49  -2.67155168e+01 -2.76137509e+01  7.81e-05 3.33e-16  9.82e-08   202s
  50  -2.67430469e+01 -2.75397847e+01  6.75e-05 3.33e-16  8.71e-08   204s
  51  -2.67682887e+01 -2.74363353e+01  5.81e-05 4.44e-16  7.30e-08   206s
  52  -2.67922304e+01 -2.73447822e+01  4.94e-05 3.33e-16  6.04e-08   208s
  53  -2.68093876e+01 -2.72878762e+01  4.36e-05 4.44e-16  5.23e-08   211s
  54  -2.68320417e+01 -2.72544459e+01  3.59e-05 3.33e-16  4.62e-08   213s
  55  -2.68451935e+01 -2.71840388e+01  3.16e-05 2.22e-16  3.70e-08   215s
  56  -2.68591105e+01 -2.71375915e+01  3.41e-05 2.22e-16  3.04e-08   217s
  57  -2.68701883e+01 -2.71157600e+01  3.08e-05 1.11e-16  2.68e-08   219s
  58  -2.68856945e+01 -2.70867716e+01  2.53e-05 3.33e-16  2.20e-08   221s
  59  -2.68938880e+01 -2.70680980e+01  2.29e-05 2.22e-16  1.90e-08   224s
  60  -2.68993761e+01 -2.70500962e+01  2.00e-05 2.22e-16  1.65e-08   226s
  61  -2.69106185e+01 -2.70332750e+01  1.65e-05 3.33e-16  1.34e-08   228s
  62  -2.69148892e+01 -2.70212887e+01  1.52e-05 3.33e-16  1.16e-08   230s
  63  -2.69208924e+01 -2.70083179e+01  1.28e-05 2.22e-16  9.55e-09   233s
  64  -2.69270324e+01 -2.69984766e+01  9.95e-06 2.22e-16  7.81e-09   235s
  65  -2.69331512e+01 -2.69860314e+01  7.22e-06 2.22e-16  5.78e-09   237s
  66  -2.69388307e+01 -2.69794765e+01  5.01e-06 1.11e-16  4.44e-09   239s
  67  -2.69417247e+01 -2.69758379e+01  3.86e-06 1.11e-16  3.73e-09   242s
  68  -2.69434572e+01 -2.69687961e+01  3.09e-06 2.22e-16  2.77e-09   244s
  69  -2.69461936e+01 -2.69632522e+01  2.06e-06 1.11e-16  1.86e-09   246s
  70  -2.69481869e+01 -2.69582765e+01  1.24e-06 1.11e-16  1.10e-09   248s
  71  -2.69497371e+01 -2.69551422e+01  6.42e-07 2.22e-16  5.91e-10   250s
  72  -2.69506393e+01 -2.69533256e+01  3.23e-07 2.22e-16  2.94e-10   252s
  73  -2.69509409e+01 -2.69524862e+01  2.38e-07 1.11e-16  1.69e-10   254s
  74  -2.69511203e+01 -2.69521808e+01  1.89e-07 1.11e-16  1.16e-10   255s
  75  -2.69514331e+01 -2.69520364e+01  9.34e-08 2.22e-16  6.59e-11   257s
  76  -2.69516072e+01 -2.69519192e+01  4.44e-08 2.22e-16  3.41e-11   259s
  77  -2.69516705e+01 -2.69518522e+01  3.46e-08 1.11e-16  1.99e-11   261s
  78  -2.69517899e+01 -2.69518369e+01  1.18e-08 1.11e-16  5.14e-12   262s
  79  -2.69517903e+01 -2.69518090e+01  1.15e-08 1.11e-16  2.05e-12   265s
  80  -2.69518052e+01 -2.69518052e+01  3.17e-09 2.22e-16  6.69e-15   267s

Barrier solved model in 80 iterations and 266.54 seconds (531.79 work units)
Optimal objective -2.69518052e+01


Root crossover log...

   31271 DPushes remaining with DInf 1.2056525e-06               267s
       0 DPushes remaining with DInf 0.0000000e+00               269s

   30677 PPushes remaining with PInf 2.7027484e-06               269s
   12644 PPushes remaining with PInf 1.1393689e-06               270s
       0 PPushes remaining with PInf 0.0000000e+00               271s

  Push phase complete: Pinf 0.0000000e+00, Dinf 4.4242286e-14    271s


Root simplex log...

Iteration    Objective       Primal Inf.    Dual Inf.      Time
   60309   -2.6951805e+01   0.000000e+00   0.000000e+00    271s
Concurrent spin time: 51.08s (can be avoided by choosing Method=3)

Solved with barrier

Root relaxation: objective -2.695181e+01, 60309 iterations, 241.71 seconds (266.48 work units)
Total elapsed time = 913.76s (DegenMoves)
Total elapsed time = 1057.16s (DegenMoves)
Total elapsed time = 1315.46s (DegenMoves)
Total elapsed time = 1583.00s (DegenMoves)

    Nodes    |    Current Node    |     Objective Bounds      |     Work
 Expl Unexpl |  Obj  Depth IntInf | Incumbent    BestBd   Gap | It/Node Time

     0     0  -26.95181    0 3287    0.00000  -26.95181      -     - 1807s
     0     0  -26.91517    0 4145    0.00000  -26.91517      -     - 7171s
H    0     0                     -21.2359924  -26.91517  26.7%     - 10800s

Cutting planes:
  MIR: 35
  Zero half: 169
  RLT: 26
  Relax-and-lift: 35
  BQP: 1

Explored 1 nodes (953386 simplex iterations) in 10801.32 seconds (20468.06 work units)
Thread count was 16 (of 18 available processors)

Solution count 2: -21.236 0 

Time limit reached
Best objective -2.123599238674e+01, best bound -2.691517030227e+01, gap 26.7432%

---------------------------------------------------------------------------
Multi-objectives: stopped in 10802.41 seconds (20468.06 work units), solution count 2
Time Limit reached

