
Gurobi 11.0.0 (win64) logging started Fri Dec 20 19:14:12 2024

Set parameter LogFile to value "C:\Users\Administrator\Desktop\OptRail_Railroad_Construction\Data\Solution\AnzahlAuftraege_NEW_10\a10_o128_m6_an51_ar13\3_Objectives\costs\gurobi_a10_o128_m6_an51_ar13_costs.log"
Gurobi Optimizer version 11.0.0 build v11.0.0rc2 (win64 - Windows Server 2022.0 (20348.2))

CPU model: AMD EPYC 7513 32-Core Processor, instruction set [SSE2|AVX|AVX2]
Thread count: 18 physical cores, 18 logical processors, using up to 16 threads

Optimize a model with 3373 rows, 205717 columns and 1025257 nonzeros
Model fingerprint: 0x311cae58
Variable types: 0 continuous, 205717 integer (205717 binary)
Coefficient statistics:
  Matrix range     [1e+00, 1e+01]
  Objective range  [1e+00, 2e+02]
  Bounds range     [1e+00, 1e+00]
  RHS range        [1e+00, 2e+02]

---------------------------------------------------------------------------
Multi-objectives: starting optimization with 3 objectives (1 combined) ...
---------------------------------------------------------------------------
---------------------------------------------------------------------------

Multi-objectives: optimize objective 1 (weighted) ...
---------------------------------------------------------------------------

Optimize a model with 3373 rows, 205717 columns and 1025257 nonzeros
Model fingerprint: 0x463791a4
Variable types: 0 continuous, 205717 integer (205717 binary)
Coefficient statistics:
  Matrix range     [1e+00, 1e+01]
  Objective range  [6e+00, 1e+06]
  Bounds range     [1e+00, 1e+00]
  RHS range        [1e+00, 2e+02]
Found heuristic solution: objective 0.0000000
Presolve removed 114 rows and 105988 columns
Presolve time: 1.41s
Presolved: 3259 rows, 99729 columns, 907363 nonzeros
Variable types: 0 continuous, 99729 integer (99522 binary)
Deterministic concurrent LP optimizer: primal simplex, dual simplex, and barrier
Showing barrier log only...

Root barrier log...

Ordering time: 0.20s

Barrier statistics:
 AA' NZ     : 3.439e+05
 Factor NZ  : 1.062e+06 (roughly 50 MB of memory)
 Factor Ops : 4.847e+08 (less than 1 second per iteration)
 Threads    : 14

                  Objective                Residual
Iter       Primal          Dual         Primal    Dual     Compl     Time
   0  -1.35457176e+08 -9.79202522e+10  1.66e+05 3.92e+04  1.73e+07     2s
   1  -3.78034705e+07 -9.17044876e+10  5.01e+04 2.56e+05  5.41e+06     2s
   2  -8.58252972e+06 -7.00606039e+10  5.61e+03 2.98e+04  8.52e+05     3s
   3  -1.00571882e+07 -5.25439634e+10  3.92e+03 1.77e+04  5.77e+05     3s
   4  -8.32960437e+06 -3.40602376e+10  1.14e+03 9.32e+03  2.52e+05     3s
   5  -8.65971836e+06 -2.19015078e+10  3.49e+02 6.05e+03  1.33e+05     3s
   6  -8.80382162e+06 -6.21709945e+09  4.94e+01 1.20e+03  3.40e+04     3s
   7  -8.71307324e+06 -3.55401283e+09  1.86e+01 6.71e+02  1.87e+04     3s
   8  -8.59427733e+06 -2.59789776e+09  7.08e+00 4.58e+02  1.34e+04     3s
   9  -8.43030857e+06 -1.54497178e+09  1.73e+00 2.67e+02  7.81e+03     3s
  10  -7.85448517e+06 -1.20529080e+09  3.68e-02 2.04e+02  6.01e+03     3s
  11  -6.48906849e+06 -3.11429426e+08  1.47e-04 4.66e+01  1.52e+03     3s
  12  -6.82909212e+06 -1.31118006e+08  9.81e-05 1.58e+01  6.20e+02     3s
  13  -6.90411385e+06 -1.23475476e+08  8.95e-05 1.49e+01  5.82e+02     3s
  14  -7.28069065e+06 -5.26049002e+07  4.74e-05 3.92e+00  2.26e+02     3s
  15  -7.56209227e+06 -3.22455198e+07  3.23e-05 1.56e+00  1.23e+02     3s
  16  -7.90341777e+06 -2.30790120e+07  2.14e-05 7.60e-01  7.57e+01     3s
  17  -7.92353225e+06 -1.85253536e+07  2.08e-05 5.17e-01  5.29e+01     3s
  18  -8.19459469e+06 -1.24659353e+07  1.42e-05 3.45e-02  2.13e+01     3s
  19  -8.31825259e+06 -1.08640878e+07  1.02e-05 6.36e-10  1.27e+01     3s
  20  -8.26159610e+06 -9.62438068e+06  8.82e-06 7.55e-10  6.80e+00     3s
  21  -8.46249140e+06 -8.73665221e+06  5.16e-07 6.29e-10  1.37e+00     3s
  22  -8.48513843e+06 -8.61069162e+06  1.34e-07 4.35e-10  6.26e-01     3s
  23  -8.49043268e+06 -8.56243827e+06  6.08e-08 3.81e-10  3.59e-01     3s
  24  -8.49195817e+06 -8.53279760e+06  4.20e-08 3.31e-10  2.04e-01     3s
  25  -8.49355441e+06 -8.51744741e+06  2.45e-08 2.97e-10  1.19e-01     3s
  26  -8.49462152e+06 -8.50817827e+06  1.45e-08 3.21e-10  6.76e-02     3s
  27  -8.49544940e+06 -8.50251661e+06  7.96e-09 2.99e-10  3.52e-02     3s
  28  -8.49566894e+06 -8.50131504e+06  6.47e-09 2.86e-10  2.82e-02     3s
  29  -8.49601237e+06 -8.49982008e+06  4.45e-09 2.40e-10  1.90e-02     3s
  30  -8.49620750e+06 -8.49893608e+06  3.38e-09 8.69e-10  1.36e-02     3s
  31  -8.49643937e+06 -8.49833370e+06  2.20e-09 3.44e-10  9.45e-03     3s
  32  -8.49651897e+06 -8.49809783e+06  1.82e-09 2.55e-10  7.87e-03     3s
  33  -8.49659273e+06 -8.49790299e+06  1.48e-09 2.52e-10  6.53e-03     3s
  34  -8.49672049e+06 -8.49751458e+06  9.20e-10 3.13e-10  3.96e-03     3s
  35  -8.49679361e+06 -8.49734613e+06  6.26e-10 2.57e-10  2.76e-03     3s
  36  -8.49686148e+06 -8.49729230e+06  3.76e-10 3.78e-10  2.15e-03     3s
  37  -8.49689355e+06 -8.49717869e+06  2.81e-10 2.58e-10  1.42e-03     3s
  38  -8.49692483e+06 -8.49715698e+06  1.76e-09 3.21e-10  1.16e-03     3s
  39  -8.49694551e+06 -8.49704426e+06  1.77e-09 2.91e-10  4.92e-04     3s
  40  -8.49695605e+06 -8.49703445e+06  1.85e-09 3.06e-10  3.91e-04     4s
  41  -8.49697714e+06 -8.49700451e+06  5.24e-09 6.04e-10  1.37e-04     4s
  42  -8.49698135e+06 -8.49699297e+06  4.00e-09 3.38e-10  5.80e-05     4s
  43  -8.49698915e+06 -8.49698977e+06  4.50e-09 4.59e-10  3.10e-06     4s
  44  -8.49698962e+06 -8.49698962e+06  2.38e-11 5.06e-10  8.77e-09     4s

Barrier solved model in 44 iterations and 3.61 seconds (5.37 work units)
Optimal objective -8.49698962e+06

Concurrent spin time: 0.00s

Solved with barrier

Root relaxation: objective -8.496990e+06, 8187 iterations, 2.09 seconds (2.10 work units)
Total elapsed time = 5.25s (DegenMoves)

    Nodes    |    Current Node    |     Objective Bounds      |     Work
 Expl Unexpl |  Obj  Depth IntInf | Incumbent    BestBd   Gap | It/Node Time

     0     0 -8496989.6    0  488    0.00000 -8496989.6      -     -    7s
H    0     0                    -4997908.411 -8496989.6  70.0%     -    8s
H    0     0                    -4998687.105 -8496901.5  70.0%     -    9s
     0     0 -8496901.5    0  812 -4998687.1 -8496901.5  70.0%     -   14s
H    0     0                    -5998083.466 -8496900.1  41.7%     -   15s
     0     0 -8496900.1    0  846 -5998083.5 -8496900.1  41.7%     -   16s
     0     0 -8496900.1    0  789 -5998083.5 -8496900.1  41.7%     -   20s
     0     0 -8496900.1    0  826 -5998083.5 -8496900.1  41.7%     -   23s
H    0     0                    -7996796.937 -8496900.1  6.25%     -   23s
     0     0 -8496885.8    0  829 -7996796.9 -8496885.8  6.25%     -   23s
     0     0 -7997813.9    0  909 -7996796.9 -7997813.9  0.01%     -   27s
     0     0 -7997813.9    0  879 -7996796.9 -7997813.9  0.01%     -   32s
     0     0 -7997813.9    0  879 -7996796.9 -7997813.9  0.01%     -   32s
     0     0 -7997518.1    0  997 -7996796.9 -7997518.1  0.01%     -   35s

Cutting planes:
  Cover: 1
  MIR: 16
  StrongCG: 3
  GUB cover: 5
  Zero half: 37
  RLT: 2
  Relax-and-lift: 43

Explored 1 nodes (49640 simplex iterations) in 35.63 seconds (44.77 work units)
Thread count was 16 (of 18 available processors)

Solution count 5: -7.9968e+06 -5.99808e+06 -4.99869e+06 ... 0

Optimal solution found (tolerance 1.00e-04)
Best objective -7.996796937170e+06, best bound -7.997518142038e+06, gap 0.0090%

---------------------------------------------------------------------------
Multi-objectives: solved in 35.80 seconds (44.77 work units), solution count 5

