
Gurobi 11.0.0 (win64) logging started Sun Dec 22 15:25:20 2024

Set parameter LogFile to value "C:\Users\Administrator\Desktop\OptRail_Railroad_Construction\Data\Solution\AnzahlAuftraege_NEW_20\a20_o236_m12_an106_ar24\3_Objectives\weighted\gurobi_a20_o236_m12_an106_ar24_weighted.log"
Gurobi Optimizer version 11.0.0 build v11.0.0rc2 (win64 - Windows Server 2022.0 (20348.2))

CPU model: AMD EPYC 7513 32-Core Processor, instruction set [SSE2|AVX|AVX2]
Thread count: 18 physical cores, 18 logical processors, using up to 16 threads

Optimize a model with 10080 rows, 1295900 columns and 6236021 nonzeros
Model fingerprint: 0x98c791d9
Variable types: 0 continuous, 1295900 integer (1295900 binary)
Coefficient statistics:
  Matrix range     [1e+00, 1e+01]
  Objective range  [1e+00, 2e+02]
  Bounds range     [1e+00, 1e+00]
  RHS range        [1e+00, 2e+02]

---------------------------------------------------------------------------
Multi-objectives: starting optimization with 3 objectives (1 combined) ...
---------------------------------------------------------------------------
---------------------------------------------------------------------------

Multi-objectives: optimize objective 1 (weighted) ...
---------------------------------------------------------------------------

Optimize a model with 10080 rows, 1295900 columns and 6236021 nonzeros
Model fingerprint: 0x401aea11
Variable types: 0 continuous, 1295900 integer (1295900 binary)
Coefficient statistics:
  Matrix range     [1e+00, 1e+01]
  Objective range  [8e-04, 7e-01]
  Bounds range     [1e+00, 1e+00]
  RHS range        [1e+00, 2e+02]
Found heuristic solution: objective 0.0000000
Presolve removed 412 rows and 675401 columns (presolve time = 5s) ...
Presolve added 1082 rows and 0 columns
Presolve removed 0 rows and 673907 columns
Presolve time: 8.44s
Presolved: 11162 rows, 621993 columns, 5911720 nonzeros
Variable types: 0 continuous, 621993 integer (620499 binary)
Deterministic concurrent LP optimizer: primal simplex, dual simplex, and barrier
Showing barrier log only...

Root barrier log...

Ordering time: 0.78s

Barrier statistics:
 AA' NZ     : 1.859e+06
 Factor NZ  : 6.311e+06 (roughly 300 MB of memory)
 Factor Ops : 5.893e+09 (less than 1 second per iteration)
 Threads    : 14

                  Objective                Residual
Iter       Primal          Dual         Primal    Dual     Compl     Time
   0   4.54692722e+04 -4.64508633e+05  6.74e+05 3.08e-02  1.44e+01    13s
   1   1.83909324e+04 -4.39872455e+05  2.72e+05 2.10e-01  5.90e+00    13s
   2   4.26909310e+03 -3.84732426e+05  6.29e+04 5.14e-02  1.53e+00    13s
   3   1.61637216e+03 -2.29017321e+05  2.39e+04 2.40e-03  5.68e-01    14s
   4   1.24767546e+03 -1.77443107e+05  1.85e+04 5.27e-04  4.23e-01    14s
   5   5.89879316e+02 -9.48027373e+04  8.77e+03 2.31e-14  1.95e-01    14s
   6   2.70225834e+02 -2.95212940e+04  4.05e+03 1.21e-13  7.34e-02    14s
   7   1.43188173e+02 -7.99769491e+03  2.17e+03 1.23e-13  3.22e-02    14s
   8   1.87253074e+01 -2.43295649e+03  3.15e+02 1.13e-15  5.65e-03    14s
   9   1.04785183e+01 -2.14247916e+03  1.87e+02 1.11e-15  3.90e-03    14s
  10   4.17700697e+00 -1.54617350e+03  9.62e+01 1.02e-15  2.34e-03    15s
  11  -4.48810485e-01 -9.35474122e+02  5.08e+01 1.33e-15  1.30e-03    15s
  12  -7.48781550e+00 -5.55139741e+02  1.20e+01 2.00e-15  5.68e-04    15s
  13  -9.26989735e+00 -2.86909037e+02  4.44e+00 3.33e-15  2.71e-04    15s
  14  -9.48110304e+00 -2.36236424e+02  3.66e+00 3.19e-15  2.21e-04    15s
  15  -9.77687861e+00 -2.08475590e+02  2.58e+00 3.75e-15  1.86e-04    15s
  16  -9.94308973e+00 -1.73940347e+02  9.43e-01 3.60e-15  1.42e-04    15s
  17  -1.00134349e+01 -8.54960479e+01  3.59e-02 2.33e-15  6.30e-05    16s
  18  -1.03626769e+01 -5.84829774e+01  1.16e-02 1.66e-15  3.91e-05    16s
  19  -1.05514340e+01 -4.64184007e+01  7.94e-03 1.20e-15  2.91e-05    16s
  20  -1.07570892e+01 -3.67333759e+01  6.09e-03 1.17e-15  2.10e-05    16s
  21  -1.08244524e+01 -3.34019225e+01  5.59e-03 9.36e-16  1.83e-05    16s
  22  -1.11690033e+01 -2.51953122e+01  3.53e-03 8.15e-16  1.13e-05    16s
  23  -1.16092934e+01 -2.12311972e+01  2.14e-03 5.40e-16  7.75e-06    17s
  24  -1.18714500e+01 -1.75881306e+01  1.01e-03 4.27e-16  4.59e-06    17s
  25  -1.19718206e+01 -1.70832682e+01  7.60e-04 4.19e-16  4.10e-06    17s
  26  -1.20397653e+01 -1.58173863e+01  6.12e-04 2.94e-16  3.03e-06    17s
  27  -1.20824386e+01 -1.47552923e+01  5.29e-04 2.09e-16  2.15e-06    17s
  28  -1.21389210e+01 -1.40652282e+01  4.28e-04 1.65e-16  1.55e-06    17s
  29  -1.22075032e+01 -1.37060708e+01  3.09e-04 2.12e-16  1.20e-06    17s
  30  -1.22625835e+01 -1.33025289e+01  2.23e-04 2.93e-16  8.34e-07    18s
  31  -1.23083818e+01 -1.31046294e+01  1.58e-04 2.50e-16  6.39e-07    18s
  32  -1.23548808e+01 -1.29244694e+01  1.00e-04 1.11e-16  4.57e-07    18s
  33  -1.23659816e+01 -1.27606595e+01  8.80e-05 2.74e-16  3.16e-07    18s
  34  -1.23931373e+01 -1.26846100e+01  6.06e-05 1.65e-16  2.34e-07    18s
  35  -1.24116119e+01 -1.26006662e+01  4.39e-05 2.85e-16  1.52e-07    19s
  36  -1.24225292e+01 -1.25452731e+01  3.42e-05 4.06e-16  9.84e-08    19s
  37  -1.24332681e+01 -1.25327727e+01  2.54e-05 2.16e-16  7.98e-08    19s
  38  -1.24428514e+01 -1.25165648e+01  1.75e-05 8.33e-17  5.91e-08    19s
  39  -1.24453981e+01 -1.24978321e+01  1.57e-05 1.11e-16  4.20e-08    19s
  40  -1.24530373e+01 -1.24902535e+01  1.00e-05 3.61e-16  2.98e-08    20s
  41  -1.24556333e+01 -1.24827256e+01  8.27e-06 4.26e-16  2.17e-08    20s
  42  -1.24572022e+01 -1.24810676e+01  7.13e-06 2.22e-16  1.91e-08    20s
  43  -1.24595008e+01 -1.24747687e+01  5.51e-06 1.15e-16  1.22e-08    20s
  44  -1.24614403e+01 -1.24725335e+01  4.14e-06 2.22e-16  8.89e-09    20s
  45  -1.24616661e+01 -1.24718825e+01  4.00e-06 3.34e-16  8.19e-09    21s
  46  -1.24642314e+01 -1.24694765e+01  2.15e-06 2.59e-16  4.21e-09    21s
  47  -1.24647514e+01 -1.24683985e+01  1.79e-06 2.36e-16  2.92e-09    21s
  48  -1.24658692e+01 -1.24676013e+01  9.96e-07 2.52e-16  1.39e-09    21s
  49  -1.24667778e+01 -1.24673737e+01  3.74e-07 3.27e-16  4.78e-10    21s
  50  -1.24670366e+01 -1.24673398e+01  1.92e-07 2.58e-16  2.43e-10    21s
  51  -1.24672443e+01 -1.24673318e+01  5.27e-08 2.54e-16  7.02e-11    22s
  52  -1.24673263e+01 -1.24673268e+01  5.71e-08 3.73e-16  3.92e-13    22s
  53  -1.24673265e+01 -1.24673268e+01  4.26e-07 4.14e-16  2.27e-13    22s
  54  -1.24673267e+01 -1.24673267e+01  5.81e-08 1.11e-16  2.35e-14    22s

Barrier solved model in 54 iterations and 22.14 seconds (44.18 work units)
Optimal objective -1.24673267e+01


Root crossover log...

    6650 DPushes remaining with DInf 0.0000000e+00                22s
       0 DPushes remaining with DInf 0.0000000e+00                23s

   77982 PPushes remaining with PInf 0.0000000e+00                23s
       0 PPushes remaining with PInf 0.0000000e+00                24s

  Push phase complete: Pinf 0.0000000e+00, Dinf 3.4640165e-14     24s


Root simplex log...

Iteration    Objective       Primal Inf.    Dual Inf.      Time
   84038   -1.2467327e+01   0.000000e+00   0.000000e+00     24s
Concurrent spin time: 2.16s (can be avoided by choosing Method=3)

Solved with barrier

Root relaxation: objective -1.246733e+01, 84038 iterations, 16.84 seconds (20.64 work units)
Total elapsed time = 52.97s (DegenMoves)
Total elapsed time = 61.63s (DegenMoves)
Total elapsed time = 76.45s (DegenMoves)
Total elapsed time = 93.21s (DegenMoves)

    Nodes    |    Current Node    |     Objective Bounds      |     Work
 Expl Unexpl |  Obj  Depth IntInf | Incumbent    BestBd   Gap | It/Node Time

     0     0  -12.46733    0 3214    0.00000  -12.46733      -     -  103s
H    0     0                      -4.4490637  -12.46733   180%     -  229s
     0     0  -12.46169    0 3728   -4.44906  -12.46169   180%     -  359s
H    0     0                      -5.9438024  -12.46152   110%     -  371s
     0     0  -12.46152    0 3725   -5.94380  -12.46152   110%     -  481s
     0     0  -12.45437    0 3732   -5.94380  -12.45437   110%     - 1358s
     0     0  -12.45406    0 3729   -5.94380  -12.45406   110%     - 1653s
     0     0  -12.43796    0 3859   -5.94380  -12.43796   109%     - 1854s
H    0     0                      -6.7039229  -12.43796  85.5%     - 1864s
     0     0  -12.43754    0 3789   -6.70392  -12.43754  85.5%     - 2018s
     0     0  -12.43111    0 3873   -6.70392  -12.43111  85.4%     - 2112s
H    0     0                      -8.8441244  -12.43111  40.6%     - 2291s
     0     0  -12.43111    0 3882   -8.84412  -12.43111  40.6%     - 2342s
     0     0  -12.42844    0 3970   -8.84412  -12.42844  40.5%     - 2480s
H    0     0                      -8.8925451  -12.42844  39.8%     - 2501s
     0     0  -12.42841    0 3945   -8.89255  -12.42841  39.8%     - 2533s
     0     0  -12.42753    0 4062   -8.89255  -12.42753  39.8%     - 3174s
     0     0  -12.42750    0 4042   -8.89255  -12.42750  39.8%     - 3248s
     0     0  -12.42642    0 4159   -8.89255  -12.42642  39.7%     - 3958s
H    0     0                      -8.9255654  -12.42642  39.2%     - 3982s
     0     0  -12.42637    0 4162   -8.92557  -12.42637  39.2%     - 4127s
     0     0  -12.42519    0 4300   -8.92557  -12.42519  39.2%     - 4847s
H    0     0                      -8.9748691  -12.42519  38.4%     - 4927s
     0     0  -12.42501    0 4298   -8.97487  -12.42501  38.4%     - 5115s
     0     0  -12.42305    0 4360   -8.97487  -12.42305  38.4%     - 5827s
H    0     0                      -9.0084537  -12.42305  37.9%     - 5848s
     0     0  -12.42297    0 4298   -9.00845  -12.42297  37.9%     - 5920s
     0     0  -12.42147    0 4454   -9.00845  -12.42147  37.9%     - 6728s
