
Gurobi 11.0.0 (win64) logging started Sat Dec 21 12:52:03 2024

Set parameter LogFile to value "C:\Users\Administrator\Desktop\OptRail_Railroad_Construction\Data\Solution\AnzahlAuftraege_NEW_15\a15_o170_m9_an80_ar18\3_Objectives\costs\gurobi_a15_o170_m9_an80_ar18_costs.log"
Gurobi Optimizer version 11.0.0 build v11.0.0rc2 (win64 - Windows Server 2022.0 (20348.2))

CPU model: AMD EPYC 7513 32-Core Processor, instruction set [SSE2|AVX|AVX2]
Thread count: 18 physical cores, 18 logical processors, using up to 16 threads

Optimize a model with 6275 rows, 542172 columns and 2491325 nonzeros
Model fingerprint: 0x0698c582
Variable types: 0 continuous, 542172 integer (542172 binary)
Coefficient statistics:
  Matrix range     [1e+00, 1e+01]
  Objective range  [1e+00, 2e+02]
  Bounds range     [1e+00, 1e+00]
  RHS range        [1e+00, 2e+02]

---------------------------------------------------------------------------
Multi-objectives: starting optimization with 3 objectives (1 combined) ...
---------------------------------------------------------------------------
---------------------------------------------------------------------------

Multi-objectives: optimize objective 1 (weighted) ...
---------------------------------------------------------------------------

Optimize a model with 6275 rows, 542172 columns and 2491325 nonzeros
Model fingerprint: 0xbe23516d
Variable types: 0 continuous, 542172 integer (542172 binary)
Coefficient statistics:
  Matrix range     [1e+00, 1e+01]
  Objective range  [5e+00, 1e+06]
  Bounds range     [1e+00, 1e+00]
  RHS range        [1e+00, 2e+02]
Found heuristic solution: objective 0.0000000
Presolve removed 274 rows and 283613 columns
Presolve time: 3.16s
Presolved: 6001 rows, 258559 columns, 2424497 nonzeros
Variable types: 0 continuous, 258559 integer (258559 binary)
Deterministic concurrent LP optimizer: primal simplex, dual simplex, and barrier
Showing barrier log only...

Root barrier log...

Ordering time: 0.42s

Barrier statistics:
 AA' NZ     : 9.314e+05
 Factor NZ  : 2.854e+06 (roughly 130 MB of memory)
 Factor Ops : 1.872e+09 (less than 1 second per iteration)
 Threads    : 14

                  Objective                Residual
Iter       Primal          Dual         Primal    Dual     Compl     Time
   0  -1.45371243e+08 -2.40644177e+11  3.21e+05 6.12e+04  1.72e+07     5s
   1  -9.43403777e+07 -2.29447313e+11  1.87e+05 2.99e+05  1.00e+07     5s
   2  -1.33265087e+07 -2.04749116e+11  3.73e+04 6.43e+04  2.23e+06     5s
   3  -1.70168091e+07 -1.32376945e+11  1.60e+04 1.10e+04  9.23e+05     5s
   4  -1.78924638e+07 -6.63584847e+10  9.63e+03 1.86e-08  4.76e+05     5s
   5  -1.80250863e+07 -5.85096422e+10  8.59e+03 1.40e-08  4.17e+05     5s
   6  -1.92694070e+07 -4.04120297e+10  6.66e+03 1.12e-08  3.01e+05     5s
   7  -1.87016320e+07 -1.15455826e+10  4.34e+03 6.52e-08  1.57e+05     6s
   8  -1.59674341e+07 -4.64303423e+09  1.15e+03 5.96e-08  4.39e+04     6s
   9  -1.51189030e+07 -2.17743359e+09  1.70e+02 2.10e-06  9.21e+03     6s
  10  -1.49675954e+07 -1.43563731e+09  2.80e+01 1.57e-06  3.54e+03     6s
  11  -1.49047967e+07 -7.65778428e+08  8.94e+00 1.01e-06  1.71e+03     6s
  12  -1.48399664e+07 -5.11858676e+08  3.85e+00 6.63e-07  1.08e+03     6s
  13  -1.40924322e+07 -4.28542107e+08  5.40e-02 5.46e-07  8.19e+02     6s
  14  -1.41272471e+07 -7.70544038e+07  2.32e-14 7.36e-08  1.21e+02     6s
  15  -1.44634401e+07 -3.57448360e+07  2.13e-14 1.96e-08  4.10e+01     6s
  16  -1.48613515e+07 -2.04061134e+07  5.58e-14 5.01e-09  1.07e+01     6s
  17  -1.49513842e+07 -1.60354911e+07  6.92e-13 8.15e-10  2.09e+00     6s
  18  -1.49814027e+07 -1.53100881e+07  1.50e-13 2.33e-10  6.33e-01     6s
  19  -1.49875012e+07 -1.51353990e+07  1.19e-12 1.16e-10  2.85e-01     6s
  20  -1.49895272e+07 -1.50707643e+07  6.85e-13 1.16e-10  1.56e-01     6s
  21  -1.49907166e+07 -1.50354624e+07  1.25e-12 1.16e-10  8.62e-02     6s
  22  -1.49914228e+07 -1.50138211e+07  6.79e-13 1.16e-10  4.31e-02     6s
  23  -1.49919950e+07 -1.50087945e+07  6.03e-13 2.33e-10  3.24e-02     7s
  24  -1.49921919e+07 -1.50056057e+07  5.76e-13 1.16e-10  2.58e-02     7s
  25  -1.49925481e+07 -1.50030975e+07  1.09e-12 1.16e-10  2.03e-02     7s
  26  -1.49926472e+07 -1.50015590e+07  9.03e-13 1.16e-10  1.72e-02     7s
  27  -1.49928719e+07 -1.50005012e+07  1.24e-12 1.16e-10  1.47e-02     7s
  28  -1.49929701e+07 -1.49997540e+07  1.07e-12 1.44e-12  1.31e-02     7s
  29  -1.49931627e+07 -1.49986579e+07  1.01e-12 1.16e-10  1.06e-02     7s
  30  -1.49933510e+07 -1.49972144e+07  1.38e-12 2.33e-10  7.44e-03     7s
  31  -1.49934471e+07 -1.49968896e+07  1.39e-12 1.16e-10  6.63e-03     7s
  32  -1.49935403e+07 -1.49963286e+07  1.52e-12 2.33e-10  5.37e-03     7s
  33  -1.49936209e+07 -1.49955210e+07  1.52e-12 1.16e-10  3.66e-03     7s
  34  -1.49937598e+07 -1.49948981e+07  2.13e-12 2.33e-10  2.19e-03     7s
  35  -1.49938305e+07 -1.49946631e+07  1.85e-12 2.33e-10  1.60e-03     7s
  36  -1.49938810e+07 -1.49944916e+07  1.66e-12 1.16e-10  1.18e-03     7s
  37  -1.49939118e+07 -1.49943455e+07  1.84e-12 1.16e-10  8.35e-04     8s
  38  -1.49939322e+07 -1.49943045e+07  1.88e-12 1.16e-10  7.17e-04     8s
  39  -1.49939624e+07 -1.49942372e+07  1.99e-12 1.16e-10  5.29e-04     8s
  40  -1.49939890e+07 -1.49942074e+07  2.54e-12 1.16e-10  4.21e-04     8s
  41  -1.49940068e+07 -1.49941733e+07  2.30e-12 1.16e-10  3.21e-04     8s
  42  -1.49940215e+07 -1.49941485e+07  2.42e-12 1.16e-10  2.45e-04     8s
  43  -1.49940363e+07 -1.49941229e+07  2.52e-12 1.16e-10  1.67e-04     8s
  44  -1.49940415e+07 -1.49941187e+07  2.12e-12 1.16e-10  1.49e-04     8s
  45  -1.49940540e+07 -1.49941112e+07  2.77e-12 1.16e-10  1.10e-04     8s
  46  -1.49940617e+07 -1.49940979e+07  2.61e-12 2.33e-10  6.97e-05     8s
  47  -1.49940686e+07 -1.49940910e+07  4.33e-12 2.33e-10  4.31e-05     8s
  48  -1.49940745e+07 -1.49940845e+07  4.00e-12 1.16e-10  1.93e-05     8s
  49  -1.49940756e+07 -1.49940838e+07  1.31e-11 1.16e-10  1.58e-05     8s
  50  -1.49940775e+07 -1.49940833e+07  2.47e-11 1.16e-10  1.10e-05     9s
  51  -1.49940791e+07 -1.49940826e+07  3.93e-11 1.16e-10  6.71e-06     9s
  52  -1.49940806e+07 -1.49940824e+07  2.04e-11 1.16e-10  3.48e-06     9s
  53  -1.49940815e+07 -1.49940819e+07  1.88e-11 1.16e-10  8.72e-07     9s
  54  -1.49940815e+07 -1.49940818e+07  2.58e-11 1.16e-10  4.74e-07     9s
  55  -1.49940816e+07 -1.49940818e+07  2.15e-11 2.33e-10  3.66e-07     9s
  56  -1.49940817e+07 -1.49940817e+07  5.55e-11 1.16e-10  1.30e-07     9s
  57  -1.49940817e+07 -1.49940817e+07  1.66e-10 1.16e-10  1.96e-08     9s
  58  -1.49940817e+07 -1.49940817e+07  9.49e-10 2.33e-10  1.16e-09     9s

Barrier solved model in 58 iterations and 9.00 seconds (16.09 work units)
Optimal objective -1.49940817e+07


Root crossover log...

    3467 DPushes remaining with DInf 0.0000000e+00                 9s
       0 DPushes remaining with DInf 0.0000000e+00                 9s

   17857 PPushes remaining with PInf 2.6399833e-04                 9s
       0 PPushes remaining with PInf 0.0000000e+00                 9s

  Push phase complete: Pinf 0.0000000e+00, Dinf 2.4910793e-11      9s


Root simplex log...

Iteration    Objective       Primal Inf.    Dual Inf.      Time
   21126   -1.4994082e+07   0.000000e+00   0.000000e+00      9s
Concurrent spin time: 0.66s (can be avoided by choosing Method=3)

Solved with barrier

Root relaxation: objective -1.499408e+07, 21126 iterations, 6.55 seconds (7.50 work units)
Total elapsed time = 15.41s (DegenMoves)
Total elapsed time = 21.81s (DegenMoves)

    Nodes    |    Current Node    |     Objective Bounds      |     Work
 Expl Unexpl |  Obj  Depth IntInf | Incumbent    BestBd   Gap | It/Node Time

     0     0 -1.499e+07    0 1493    0.00000 -1.499e+07      -     -   26s
H    0     0                    -9997145.974 -1.499e+07  50.0%     -   33s
     0     0 -1.499e+07    0 1671 -9997146.0 -1.499e+07  50.0%     -   62s
     0     0 -1.499e+07    0 1787 -9997146.0 -1.499e+07  50.0%     -   87s
     0     0 -1.499e+07    0 1762 -9997146.0 -1.499e+07  50.0%     -   94s
     0     0 -1.499e+07    0 1879 -9997146.0 -1.499e+07  50.0%     -  130s
H    0     0                    -1.09971e+07 -1.499e+07  36.3%     -  133s
     0     0 -1.499e+07    0 1847 -1.100e+07 -1.499e+07  36.3%     -  152s
     0     0 -1.499e+07    0 1788 -1.100e+07 -1.499e+07  36.3%     -  179s
H    0     0                    -1.09972e+07 -1.499e+07  36.3%     -  231s
     0     0 -1.499e+07    0 1802 -1.100e+07 -1.499e+07  36.3%     -  239s
     0     0 -1.499e+07    0 1914 -1.100e+07 -1.499e+07  36.3%     -  265s
H    0     0                    -1.19962e+07 -1.499e+07  25.0%     -  269s
     0     0 -1.499e+07    0 1926 -1.200e+07 -1.499e+07  25.0%     -  270s
     0     0 -1.499e+07    0 1884 -1.200e+07 -1.499e+07  25.0%     -  300s
     0     0 -1.499e+07    0 1887 -1.200e+07 -1.499e+07  25.0%     -  309s
     0     0 -1.499e+07    0 1951 -1.200e+07 -1.499e+07  25.0%     -  324s
     0     0 -1.499e+07    0 1714 -1.200e+07 -1.499e+07  25.0%     -  339s
     0     2 -1.499e+07    0 1714 -1.200e+07 -1.499e+07  25.0%     -  377s
     1     4 -1.499e+07    1 1825 -1.200e+07 -1.499e+07  25.0% 26919  416s
     3     8 -1.499e+07    2 1904 -1.200e+07 -1.499e+07  25.0% 14929  450s
     7    16 -1.499e+07    3 1911 -1.200e+07 -1.499e+07  25.0% 10627  506s
    15    32 -1.499e+07    4 1899 -1.200e+07 -1.499e+07  25.0%  8682  557s
    31    48 -1.499e+07    5 1902 -1.200e+07 -1.499e+07  25.0% 11848  634s
H   32    48                    -1.29956e+07 -1.499e+07  15.4% 11478  634s
H   33    48                    -1.29956e+07 -1.499e+07  15.4% 14163  634s
    47    64 -1.499e+07    5 1918 -1.300e+07 -1.499e+07  15.4% 41499  676s
    63    80 -1.499e+07    6 1911 -1.300e+07 -1.499e+07  15.4% 32064  721s
H   79    96                    -1.39948e+07 -1.499e+07  7.14% 26205 1767s
H   80    96                    -1.39948e+07 -1.499e+07  7.14% 26015 1767s
H   83    96                    -1.39951e+07 -1.499e+07  7.14% 25204 1767s
H   86    96                    -1.39952e+07 -1.499e+07  7.13% 24414 1767s
H   89    96                    -1.39952e+07 -1.499e+07  7.13% 23695 1767s
H   90    96                    -1.49917e+07 -1.499e+07  0.01% 23495 1767s
H   93    96                    -1.49920e+07 -1.499e+07  0.01% 22848 1767s
    95   115 -1.499e+07    7 1828 -1.499e+07 -1.499e+07  0.01% 22454 1873s
   114   135 -1.499e+07    7 1930 -1.499e+07 -1.499e+07  0.01% 25602 1912s
   134   185 -1.499e+07    9 1914 -1.499e+07 -1.499e+07  0.01% 22639 2037s
   184   406 -1.499e+07   11 1941 -1.499e+07 -1.499e+07  0.01% 18534 2357s
   405   867 -1.499e+07   25 1921 -1.499e+07 -1.499e+07  0.01% 10432 2948s
   866  1586 -1.499e+07   50 1878 -1.499e+07 -1.499e+07  0.01%  7045 4530s
  1585  2416 -1.499e+07   73 2027 -1.499e+07 -1.499e+07  0.01%  7734 6595s
  2420  2960 -1.499e+07  104 1945 -1.499e+07 -1.499e+07  0.01%  6728 9376s
H 2783  2960                    -1.49921e+07 -1.499e+07  0.01%  6290 9377s
  3066  4130 -1.499e+07  121 1798 -1.499e+07 -1.499e+07  0.01%  6053 10800s

Cutting planes:
  Cover: 9
  Clique: 47
  MIR: 61
  StrongCG: 1
  GUB cover: 6
  Zero half: 128
  RLT: 1

Explored 4374 nodes (23452714 simplex iterations) in 10801.51 seconds (21098.37 work units)
Thread count was 16 (of 18 available processors)

Solution count 10: -1.49921e+07 -1.4992e+07 -1.49917e+07 ... -1.29956e+07

Time limit reached
Best objective -1.499209471712e+07, best bound -1.499379487780e+07, gap 0.0113%

---------------------------------------------------------------------------
Multi-objectives: stopped in 10803.10 seconds (21098.37 work units), solution count 10
Time Limit reached

