
Gurobi 11.0.0 (win64) logging started Sat Dec 21 07:02:32 2024

Set parameter LogFile to value "C:\Users\Administrator\Desktop\OptRail_Railroad_Construction\Data\Solution\AnzahlAuftraege_NEW_10\a10_o144_m6_an53_ar12\3_Objectives\costs\gurobi_a10_o144_m6_an53_ar12_costs.log"
Gurobi Optimizer version 11.0.0 build v11.0.0rc2 (win64 - Windows Server 2022.0 (20348.2))

CPU model: AMD EPYC 7513 32-Core Processor, instruction set [SSE2|AVX|AVX2]
Thread count: 18 physical cores, 18 logical processors, using up to 16 threads

Optimize a model with 3522 rows, 253468 columns and 1171862 nonzeros
Model fingerprint: 0x57c8fb7d
Variable types: 0 continuous, 253468 integer (253468 binary)
Coefficient statistics:
  Matrix range     [1e+00, 1e+01]
  Objective range  [1e+00, 2e+02]
  Bounds range     [1e+00, 1e+00]
  RHS range        [1e+00, 2e+02]

---------------------------------------------------------------------------
Multi-objectives: starting optimization with 3 objectives (1 combined) ...
---------------------------------------------------------------------------
---------------------------------------------------------------------------

Multi-objectives: optimize objective 1 (weighted) ...
---------------------------------------------------------------------------

Optimize a model with 3522 rows, 253468 columns and 1171862 nonzeros
Model fingerprint: 0x3dc047fa
Variable types: 0 continuous, 253468 integer (253468 binary)
Coefficient statistics:
  Matrix range     [1e+00, 1e+01]
  Objective range  [8e+00, 1e+06]
  Bounds range     [1e+00, 1e+00]
  RHS range        [1e+00, 2e+02]
Found heuristic solution: objective 0.0000000
Presolve removed 8 rows and 131095 columns
Presolve time: 1.80s
Presolved: 3514 rows, 122373 columns, 1121047 nonzeros
Variable types: 0 continuous, 122373 integer (122154 binary)
Deterministic concurrent LP optimizer: primal simplex, dual simplex, and barrier
Showing barrier log only...

Root barrier log...

Ordering time: 0.19s

Barrier statistics:
 AA' NZ     : 4.073e+05
 Factor NZ  : 1.215e+06 (roughly 60 MB of memory)
 Factor Ops : 5.783e+08 (less than 1 second per iteration)
 Threads    : 14

                  Objective                Residual
Iter       Primal          Dual         Primal    Dual     Compl     Time
   0  -1.22557411e+08 -9.74936133e+10  2.29e+05 6.70e+04  1.48e+07     3s
   1  -6.24890915e+07 -9.27590518e+10  8.93e+04 2.43e+05  5.88e+06     3s
   2  -6.58521763e+06 -8.08834106e+10  1.33e+04 5.51e+04  1.11e+06     3s
   3  -8.70101044e+06 -7.64858837e+10  7.79e+03 4.85e+04  7.56e+05     3s
   4  -8.86033292e+06 -7.15890063e+10  7.23e+03 4.36e+04  6.93e+05     3s
   5  -7.37698150e+06 -5.70890291e+10  5.99e+03 2.96e+04  5.37e+05     3s
   6  -7.01344321e+06 -5.36111021e+10  3.62e+03 2.69e+04  3.98e+05     3s
   7  -7.71610030e+06 -3.96695754e+10  1.93e+03 1.83e+04  2.50e+05     3s
   8  -7.10998160e+06 -8.81523544e+09  3.00e+02 1.77e+03  4.69e+04     3s
   9  -7.09925102e+06 -1.44122037e+09  8.52e+01 1.91e+02  8.69e+03     3s
  10  -6.90495256e+06 -7.34858338e+08  1.58e+01 8.86e+01  3.47e+03     3s
  11  -6.81068357e+06 -4.06250796e+08  4.63e+00 4.72e+01  1.78e+03     3s
  12  -6.78822423e+06 -2.75989644e+08  1.92e+00 2.35e+01  1.17e+03     3s
  13  -6.73207962e+06 -2.61596114e+08  1.34e+00 2.21e+01  1.09e+03     3s
  14  -5.85867150e+06 -2.41888333e+08  3.35e-01 2.05e+01  9.80e+02     3s
  15  -5.42628806e+06 -2.00868230e+08  1.26e-02 1.56e+01  8.01e+02     3s
  16  -5.55200015e+06 -5.07028826e+07  1.07e-05 2.37e+00  1.84e+02     3s
  17  -6.15319023e+06 -2.72832720e+07  6.16e-07 3.41e-02  8.59e+01     3s
  18  -6.08847762e+06 -2.17458736e+07  5.74e-07 4.81e-02  6.37e+01     3s
  19  -6.35152788e+06 -1.80151753e+07  3.55e-07 6.16e-10  4.74e+01     3s
  20  -6.43892362e+06 -1.43796779e+07  3.18e-07 5.37e-10  3.23e+01     4s
  21  -6.44108683e+06 -7.51215700e+06  2.00e-10 4.91e-10  4.36e+00     4s
  22  -6.49100783e+06 -6.69986745e+06  3.86e-13 5.82e-10  8.49e-01     4s
  23  -6.49359382e+06 -6.61008581e+06  2.59e-13 3.49e-10  4.74e-01     4s
  24  -6.49471993e+06 -6.56437511e+06  2.27e-13 3.20e-10  2.83e-01     4s
  25  -6.49536532e+06 -6.53712371e+06  2.40e-13 3.49e-10  1.70e-01     4s
  26  -6.49570245e+06 -6.52047205e+06  1.97e-13 3.07e-10  1.01e-01     4s
  27  -6.49624183e+06 -6.50944357e+06  3.34e-13 2.88e-10  5.37e-02     4s
  28  -6.49645056e+06 -6.50614802e+06  2.89e-13 2.72e-10  3.94e-02     4s
  29  -6.49696251e+06 -6.50308950e+06  1.45e-12 3.00e-10  2.49e-02     4s
  30  -6.49705475e+06 -6.50166335e+06  1.26e-12 2.49e-10  1.87e-02     4s
  31  -6.49720554e+06 -6.50135013e+06  9.24e-13 2.24e-10  1.69e-02     4s
  32  -6.49736527e+06 -6.50035373e+06  9.10e-13 2.85e-10  1.22e-02     4s
  33  -6.49737285e+06 -6.49985577e+06  9.07e-13 2.23e-10  1.01e-02     4s
  34  -6.49750086e+06 -6.49964497e+06  7.90e-13 3.23e-10  8.72e-03     4s
  35  -6.49758769e+06 -6.49914175e+06  9.04e-13 2.28e-10  6.32e-03     4s
  36  -6.49765912e+06 -6.49871051e+06  5.87e-13 2.75e-10  4.28e-03     4s
  37  -6.49774933e+06 -6.49852701e+06  3.76e-12 2.19e-10  3.16e-03     4s
  38  -6.49780226e+06 -6.49834039e+06  4.01e-12 2.31e-10  2.19e-03     4s
  39  -6.49783689e+06 -6.49814745e+06  3.49e-12 2.84e-10  1.26e-03     4s
  40  -6.49788373e+06 -6.49801007e+06  1.30e-12 3.18e-10  5.14e-04     4s
  41  -6.49789610e+06 -6.49796599e+06  3.06e-12 3.17e-10  2.84e-04     4s
  42  -6.49791621e+06 -6.49795718e+06  4.73e-11 2.74e-10  1.67e-04     4s
  43  -6.49793110e+06 -6.49795083e+06  2.71e-11 2.74e-10  8.02e-05     4s
  44  -6.49793770e+06 -6.49794916e+06  1.62e-11 2.74e-10  4.66e-05     4s
  45  -6.49794108e+06 -6.49794579e+06  1.16e-11 2.57e-10  1.92e-05     4s
  46  -6.49794345e+06 -6.49794490e+06  1.02e-11 3.01e-10  5.92e-06     4s
  47  -6.49794418e+06 -6.49794444e+06  1.07e-11 3.11e-10  1.09e-06     4s
  48  -6.49794434e+06 -6.49794434e+06  3.95e-12 3.39e-10  7.03e-09     4s

Barrier solved model in 48 iterations and 4.34 seconds (7.24 work units)
Optimal objective -6.49794434e+06

Concurrent spin time: 0.00s

Solved with barrier

Root relaxation: objective -6.497944e+06, 5011 iterations, 2.34 seconds (2.63 work units)
Total elapsed time = 5.11s (DegenMoves)

    Nodes    |    Current Node    |     Objective Bounds      |     Work
 Expl Unexpl |  Obj  Depth IntInf | Incumbent    BestBd   Gap | It/Node Time

     0     0 -6497944.3    0  559    0.00000 -6497944.3      -     -    7s
H    0     0                    -999372.0787 -6497944.3   550%     -    7s
H    0     0                    -3997702.578 -6497944.3  62.5%     -    9s
     0     0 -6497918.0    0  766 -3997702.6 -6497918.0  62.5%     -   13s
H    0     0                    -5998051.500 -6497917.1  8.33%     -   15s
     0     0 -6497917.1    0  762 -5998051.5 -6497917.1  8.33%     -   15s
     0     0 -6497883.0    0  867 -5998051.5 -6497883.0  8.33%     -   20s
     0     0 -6497882.5    0  860 -5998051.5 -6497882.5  8.33%     -   21s
     0     0 -6497854.9    0 1335 -5998051.5 -6497854.9  8.33%     -   27s
     0     0 -6497854.4    0 1347 -5998051.5 -6497854.4  8.33%     -   28s
     0     0 -6497835.4    0 1233 -5998051.5 -6497835.4  8.33%     -   31s
     0     0 -6497833.7    0 1262 -5998051.5 -6497833.7  8.33%     -   32s
     0     0 -6497833.7    0 1260 -5998051.5 -6497833.7  8.33%     -   33s
     0     0 -6497817.9    0 1300 -5998051.5 -6497817.9  8.33%     -   36s
     0     0 -6497816.7    0 1300 -5998051.5 -6497816.7  8.33%     -   37s
     0     0 -6497816.7    0 1474 -5998051.5 -6497816.7  8.33%     -   39s
     0     0 -6497816.7    0 1330 -5998051.5 -6497816.7  8.33%     -   42s
     0     2 -6497815.4    0 1330 -5998051.5 -6497815.4  8.33%     -   51s
     3     6 -6497731.6    2  540 -5998051.5 -6497767.4  8.33%  6078   58s
     7     8 -6497450.3    3  710 -5998051.5 -6497681.5  8.33%  4889   61s
    13     4 -5998242.6    4  354 -5998051.5 -6497532.4  8.33%  3442   65s

Cutting planes:
  Cover: 2
  Implied bound: 2
  Clique: 1
  MIR: 33
  StrongCG: 1
  Inf proof: 1
  Zero half: 23
  RLT: 15
  Relax-and-lift: 362

Explored 21 nodes (143312 simplex iterations) in 66.19 seconds (112.75 work units)
Thread count was 16 (of 18 available processors)

Solution count 4: -5.99805e+06 -3.9977e+06 -999372 0 

Optimal solution found (tolerance 1.00e-04)
Best objective -5.998051500127e+06, best bound -5.998246354285e+06, gap 0.0032%

---------------------------------------------------------------------------
Multi-objectives: solved in 66.41 seconds (112.75 work units), solution count 4

