
Gurobi 11.0.0 (win64) logging started Mon Dec 23 00:27:07 2024

Set parameter LogFile to value "C:\Users\Administrator\Desktop\OptRail_Railroad_Construction\Data\Solution\AnzahlAuftraege_NEW_20\a20_o236_m12_an106_ar24\6_Objectives\costs\gurobi_a20_o236_m12_an106_ar24_costs.log"
Gurobi Optimizer version 11.0.0 build v11.0.0rc2 (win64 - Windows Server 2022.0 (20348.2))

CPU model: AMD EPYC 7513 32-Core Processor, instruction set [SSE2|AVX|AVX2]
Thread count: 18 physical cores, 18 logical processors, using up to 16 threads

Optimize a model with 10080 rows, 1295900 columns and 6236021 nonzeros
Model fingerprint: 0x9ab6671f
Variable types: 0 continuous, 1295900 integer (1295900 binary)
Coefficient statistics:
  Matrix range     [1e+00, 1e+01]
  Objective range  [1e+00, 2e+02]
  Bounds range     [1e+00, 1e+00]
  RHS range        [1e+00, 2e+02]

---------------------------------------------------------------------------
Multi-objectives: starting optimization with 6 objectives (1 combined) ...
---------------------------------------------------------------------------
---------------------------------------------------------------------------

Multi-objectives: optimize objective 1 (weighted) ...
---------------------------------------------------------------------------

Optimize a model with 10080 rows, 1295900 columns and 6236021 nonzeros
Model fingerprint: 0xceca498b
Variable types: 0 continuous, 1295900 integer (1295900 binary)
Coefficient statistics:
  Matrix range     [1e+00, 1e+01]
  Objective range  [5e+00, 1e+06]
  Bounds range     [1e+00, 1e+00]
  RHS range        [1e+00, 2e+02]
Found heuristic solution: objective 0.0000000
Presolve removed 412 rows and 675401 columns (presolve time = 5s) ...
Presolve added 1082 rows and 0 columns
Presolve removed 0 rows and 673907 columns
Presolve time: 8.41s
Presolved: 11162 rows, 621993 columns, 5911720 nonzeros
Variable types: 0 continuous, 621993 integer (620499 binary)
Deterministic concurrent LP optimizer: primal simplex, dual simplex, and barrier
Showing barrier log only...

Root barrier log...

Ordering time: 0.78s

Barrier statistics:
 AA' NZ     : 1.859e+06
 Factor NZ  : 6.311e+06 (roughly 300 MB of memory)
 Factor Ops : 5.893e+09 (less than 1 second per iteration)
 Threads    : 14

                  Objective                Residual
Iter       Primal          Dual         Primal    Dual     Compl     Time
   0   1.11230786e+09 -6.33405646e+11  6.74e+05 3.69e+04  1.96e+07    13s
   1   4.64978420e+08 -5.99784548e+11  2.70e+05 2.86e+05  8.01e+06    13s
   2   1.15562689e+08 -5.24032644e+11  6.18e+04 6.92e+04  2.06e+06    13s
   3   2.88466938e+07 -3.05169245e+11  2.37e+04 1.12e+03  7.62e+05    14s
   4   1.85492707e+07 -1.48713977e+11  1.98e+04 4.66e-09  4.98e+05    14s
   5  -2.89665363e+06 -8.02335109e+10  1.02e+04 2.14e-07  2.44e+05    14s
   6  -8.99648772e+06 -1.93712194e+10  7.18e+03 9.31e-08  1.34e+05    14s
   7  -1.44236236e+07 -8.37567450e+09  3.26e+03 3.17e-08  5.99e+04    14s
   8  -1.80310992e+07 -3.96484593e+09  3.12e+02 7.08e-08  8.24e+03    14s
   9  -1.73754488e+07 -3.38027986e+09  1.82e+02 5.91e-08  5.64e+03    14s
  10  -1.67376556e+07 -2.69263815e+09  1.19e+02 4.38e-08  4.04e+03    14s
  11  -1.62193721e+07 -1.81001225e+09  7.45e+01 2.75e-08  2.59e+03    15s
  12  -1.58519038e+07 -8.54103863e+08  3.63e+01 1.16e-08  1.20e+03    15s
  13  -1.59767260e+07 -4.51452611e+08  1.24e+01 5.01e-09  5.31e+02    15s
  14  -1.59666948e+07 -4.41147321e+08  1.22e+01 4.89e-09  5.20e+02    15s
  15  -1.59965717e+07 -3.55768306e+08  1.13e+01 5.21e-09  4.36e+02    15s
  16  -1.62630245e+07 -2.80728112e+08  5.39e+00 6.27e-09  2.89e+02    15s
  17  -1.63481902e+07 -2.73149607e+08  2.69e+00 8.39e-09  2.45e+02    16s
  18  -1.50346838e+07 -1.93104187e+08  8.19e-03 5.81e-09  1.44e+02    16s
  19  -1.55545381e+07 -4.83699867e+07  1.57e-03 3.76e-09  2.64e+01    16s
  20  -1.67183232e+07 -3.99893555e+07  2.57e-04 2.61e-09  1.87e+01    16s
  21  -1.72888608e+07 -2.84415704e+07  1.36e-04 1.19e-09  8.94e+00    16s
  22  -1.73503399e+07 -2.36689283e+07  5.85e-05 6.38e-10  5.07e+00    16s
  23  -1.74227394e+07 -2.14757447e+07  4.69e-05 4.00e-10  3.25e+00    16s
  24  -1.74303414e+07 -2.09141107e+07  4.48e-05 3.72e-10  2.79e+00    17s
  25  -1.74843344e+07 -2.00658756e+07  3.68e-05 2.70e-10  2.07e+00    17s
  26  -1.75910255e+07 -1.92293631e+07  1.92e-05 1.96e-10  1.31e+00    17s
  27  -1.76903631e+07 -1.83470596e+07  5.13e-06 4.42e-10  5.26e-01    17s
  28  -1.77030079e+07 -1.82844029e+07  2.61e-06 1.16e-10  4.66e-01    17s
  29  -1.77181649e+07 -1.81527188e+07  1.78e-06 4.15e-10  3.48e-01    17s
  30  -1.77457184e+07 -1.79834529e+07  8.23e-07 3.06e-10  1.91e-01    17s
  31  -1.77715038e+07 -1.79031198e+07  3.83e-07 3.49e-10  1.05e-01    18s
  32  -1.77824425e+07 -1.78640991e+07  1.97e-07 1.29e-10  6.55e-02    18s
  33  -1.77844966e+07 -1.78532184e+07  1.66e-07 1.97e-10  5.51e-02    18s
  34  -1.77908226e+07 -1.78493571e+07  7.91e-08 5.46e-10  4.69e-02    18s
  35  -1.77941324e+07 -1.78344753e+07  5.67e-08 2.33e-10  3.23e-02    18s
  36  -1.77956178e+07 -1.78320796e+07  4.59e-08 1.67e-10  2.92e-02    18s
  37  -1.77972618e+07 -1.78217902e+07  3.52e-08 2.33e-10  1.97e-02    19s
  38  -1.77988662e+07 -1.78171836e+07  2.53e-08 4.55e-10  1.47e-02    19s
  39  -1.78000227e+07 -1.78155612e+07  1.87e-08 2.91e-10  1.25e-02    19s
  40  -1.78007157e+07 -1.78148185e+07  1.50e-08 3.49e-10  1.13e-02    19s
  41  -1.78014992e+07 -1.78114357e+07  1.05e-08 2.33e-10  7.96e-03    19s
  42  -1.78020696e+07 -1.78102495e+07  7.54e-09 4.66e-10  6.56e-03    19s
  43  -1.78024399e+07 -1.78087039e+07  5.44e-09 2.28e-10  5.02e-03    20s
  44  -1.78026887e+07 -1.78075402e+07  4.11e-09 1.46e-10  3.89e-03    20s
  45  -1.78028625e+07 -1.78060695e+07  3.24e-09 2.91e-10  2.57e-03    20s
  46  -1.78030456e+07 -1.78057376e+07  2.39e-09 4.66e-10  2.16e-03    20s
  47  -1.78031944e+07 -1.78050369e+07  1.67e-09 2.33e-10  1.48e-03    20s
  48  -1.78032490e+07 -1.78048594e+07  1.42e-09 1.16e-10  1.29e-03    21s
  49  -1.78033318e+07 -1.78045083e+07  1.05e-09 6.06e-10  9.43e-04    21s
  50  -1.78034223e+07 -1.78042855e+07  6.67e-10 2.04e-10  6.92e-04    21s
  51  -1.78034687e+07 -1.78041985e+07  4.77e-10 2.02e-10  5.85e-04    21s
  52  -1.78035044e+07 -1.78040742e+07  3.44e-10 1.16e-10  4.57e-04    21s
  53  -1.78035259e+07 -1.78039821e+07  2.62e-10 4.07e-10  3.66e-04    22s
  54  -1.78035570e+07 -1.78038286e+07  1.51e-10 2.33e-10  2.18e-04    22s
  55  -1.78035788e+07 -1.78037711e+07  1.15e-10 1.89e-10  1.54e-04    22s
  56  -1.78035949e+07 -1.78037316e+07  7.90e-11 2.49e-10  1.10e-04    22s
  57  -1.78036018e+07 -1.78036907e+07  1.20e-10 2.33e-10  7.12e-05    22s
  58  -1.78036027e+07 -1.78036755e+07  1.22e-10 2.30e-10  5.84e-05    23s
  59  -1.78036049e+07 -1.78036588e+07  1.31e-10 1.16e-10  4.32e-05    23s
  60  -1.78036089e+07 -1.78036388e+07  1.77e-10 4.53e-10  2.40e-05    23s
  61  -1.78036097e+07 -1.78036292e+07  1.63e-10 2.33e-10  1.56e-05    23s
  62  -1.78036127e+07 -1.78036276e+07  1.22e-10 3.06e-10  1.19e-05    23s
  63  -1.78036140e+07 -1.78036183e+07  3.88e-09 2.04e-10  3.42e-06    23s
  64  -1.78036146e+07 -1.78036149e+07  1.65e-09 2.33e-10  2.72e-07    24s
  65  -1.78036147e+07 -1.78036147e+07  3.42e-08 3.51e-10  4.94e-08    24s
  66  -1.78036147e+07 -1.78036147e+07  2.60e-08 2.70e-10  2.36e-08    24s
  67  -1.78036147e+07 -1.78036147e+07  2.24e-08 4.44e-10  2.00e-08    24s

Barrier solved model in 67 iterations and 24.11 seconds (47.43 work units)
Optimal objective -1.78036147e+07


Root crossover log...

    5761 DPushes remaining with DInf 0.0000000e+00                24s
       0 DPushes remaining with DInf 0.0000000e+00                25s

    5161 PPushes remaining with PInf 1.4583180e-04                25s
       0 PPushes remaining with PInf 0.0000000e+00                25s

  Push phase complete: Pinf 0.0000000e+00, Dinf 9.4718237e-02     25s


Root simplex log...

Iteration    Objective       Primal Inf.    Dual Inf.      Time
   10521   -1.7803615e+07   0.000000e+00   9.471821e-02     25s
   10522   -1.7803615e+07   0.000000e+00   0.000000e+00     25s
Concurrent spin time: 2.17s (can be avoided by choosing Method=3)

Solved with barrier

Root relaxation: objective -1.780361e+07, 10522 iterations, 17.88 seconds (21.36 work units)
Total elapsed time = 30.52s (DegenMoves)

    Nodes    |    Current Node    |     Objective Bounds      |     Work
 Expl Unexpl |  Obj  Depth IntInf | Incumbent    BestBd   Gap | It/Node Time

     0     0 -1.780e+07    0 3904    0.00000 -1.780e+07      -     -   38s
H    0     0                    -8941769.538 -1.780e+07  99.1%     -   78s
     0     0 -1.780e+07    0 4236 -8941769.5 -1.780e+07  99.1%     -  182s
     0     0 -1.778e+07    0 4636 -8941769.5 -1.778e+07  98.9%     -  353s
     0     0 -1.778e+07    0 4636 -8941769.5 -1.778e+07  98.9%     -  354s
     0     0 -1.778e+07    0 4276 -8941769.5 -1.778e+07  98.9%     -  514s
     0     0 -1.778e+07    0 4383 -8941769.5 -1.778e+07  98.9%     -  606s
     0     0 -1.778e+07    0 4383 -8941769.5 -1.778e+07  98.9%     -  611s
     0     0 -1.778e+07    0 5011 -8941769.5 -1.778e+07  98.9%     -  849s
     0     0 -1.778e+07    0 4697 -8941769.5 -1.778e+07  98.9%     -  962s
     0     0 -1.778e+07    0 4837 -8941769.5 -1.778e+07  98.9%     - 1007s
     0     0 -1.778e+07    0 4280 -8941769.5 -1.778e+07  98.9%     - 1277s
H    0     0                    -1.29203e+07 -1.778e+07  37.6%     - 1328s
     0     0 -1.778e+07    0 4356 -1.292e+07 -1.778e+07  37.6%     - 1351s
     0     0 -1.778e+07    0 4446 -1.292e+07 -1.778e+07  37.6%     - 1556s
H    0     0                    -1.58883e+07 -1.778e+07  11.9%     - 2872s
     0     0 -1.778e+07    0 4844 -1.589e+07 -1.778e+07  11.9%     - 2920s
     0     0 -1.778e+07    0 4815 -1.589e+07 -1.778e+07  11.9%     - 3034s
     0     0 -1.778e+07    0 5103 -1.589e+07 -1.778e+07  11.9%     - 3071s
     0     0 -1.778e+07    0 5009 -1.589e+07 -1.778e+07  11.9%     - 3155s
     0     0 -1.778e+07    0 5009 -1.589e+07 -1.778e+07  11.9%     - 3162s
H    0     0                    -1.58883e+07 -1.778e+07  11.9%     - 3411s
     0     2 -1.778e+07    0 5009 -1.589e+07 -1.778e+07  11.9%     - 3432s
     1     4 -1.778e+07    1 4170 -1.589e+07 -1.778e+07  11.9% 63758 4191s
     3     8 -1.739e+07    2 3512 -1.589e+07 -1.778e+07  11.9% 148835 6486s
     7    16 -1.690e+07    3 2995 -1.589e+07 -1.776e+07  11.8% 130202 7926s
    15    32 -1.690e+07    4 3002 -1.589e+07 -1.772e+07  11.5% 111549 9435s
    31    44 -1.690e+07    5 3001 -1.589e+07 -1.768e+07  11.3% 102885 10800s

Cutting planes:
  Cover: 2
  Implied bound: 17
  MIR: 47
  Zero half: 41
  RLT: 110
  Relax-and-lift: 1180
  BQP: 2

Explored 43 nodes (9607826 simplex iterations) in 10800.96 seconds (22768.22 work units)
Thread count was 16 (of 18 available processors)

Solution count 5: -1.58883e+07 -1.58883e+07 -1.29203e+07 ... 0

Time limit reached
Best objective -1.588829384850e+07, best bound -1.768304877429e+07, gap 11.2961%

---------------------------------------------------------------------------
Multi-objectives: stopped in 10801.23 seconds (22768.22 work units), solution count 5
Time Limit reached

