
Gurobi 11.0.0 (win64) logging started Sat Dec 21 07:03:47 2024

Set parameter LogFile to value "C:\Users\Administrator\Desktop\OptRail_Railroad_Construction\Data\Solution\AnzahlAuftraege_NEW_10\a10_o144_m6_an53_ar12\3_Objectives\weighted\gurobi_a10_o144_m6_an53_ar12_weighted.log"
Gurobi Optimizer version 11.0.0 build v11.0.0rc2 (win64 - Windows Server 2022.0 (20348.2))

CPU model: AMD EPYC 7513 32-Core Processor, instruction set [SSE2|AVX|AVX2]
Thread count: 18 physical cores, 18 logical processors, using up to 16 threads

Optimize a model with 3522 rows, 253468 columns and 1171862 nonzeros
Model fingerprint: 0xe2e8d0df
Variable types: 0 continuous, 253468 integer (253468 binary)
Coefficient statistics:
  Matrix range     [1e+00, 1e+01]
  Objective range  [1e+00, 2e+02]
  Bounds range     [1e+00, 1e+00]
  RHS range        [1e+00, 2e+02]

---------------------------------------------------------------------------
Multi-objectives: starting optimization with 3 objectives (1 combined) ...
---------------------------------------------------------------------------
---------------------------------------------------------------------------

Multi-objectives: optimize objective 1 (weighted) ...
---------------------------------------------------------------------------

Optimize a model with 3522 rows, 253468 columns and 1171862 nonzeros
Model fingerprint: 0xa69cf154
Variable types: 0 continuous, 253468 integer (253468 binary)
Coefficient statistics:
  Matrix range     [1e+00, 1e+01]
  Objective range  [1e-03, 7e-01]
  Bounds range     [1e+00, 1e+00]
  RHS range        [1e+00, 2e+02]
Found heuristic solution: objective 0.0000000
Presolve removed 8 rows and 131095 columns
Presolve time: 1.84s
Presolved: 3514 rows, 122373 columns, 1121047 nonzeros
Variable types: 0 continuous, 122373 integer (122154 binary)
Deterministic concurrent LP optimizer: primal simplex, dual simplex, and barrier
Showing barrier log only...

Root barrier log...

Ordering time: 0.17s

Barrier statistics:
 AA' NZ     : 4.073e+05
 Factor NZ  : 1.215e+06 (roughly 60 MB of memory)
 Factor Ops : 5.783e+08 (less than 1 second per iteration)
 Threads    : 14

                  Objective                Residual
Iter       Primal          Dual         Primal    Dual     Compl     Time
   0   8.35856631e+03 -7.13703957e+04  2.29e+05 5.26e-02  1.08e+01     3s
   1   3.26687981e+03 -6.79025387e+04  8.89e+04 1.78e-01  4.29e+00     3s
   2   5.00470548e+02 -5.92325914e+04  1.35e+04 4.12e-02  8.19e-01     3s
   3   2.84126649e+02 -5.59689595e+04  7.69e+03 3.62e-02  5.49e-01     3s
   4   2.63343766e+02 -5.13970693e+04  7.13e+03 3.14e-02  4.97e-01     3s
   5   2.19647163e+02 -3.94412349e+04  5.93e+03 1.99e-02  3.77e-01     3s
   6   1.30794845e+02 -3.71267520e+04  3.52e+03 1.82e-02  2.77e-01     3s
   7   6.62665612e+01 -2.73958450e+04  1.79e+03 1.23e-02  1.71e-01     3s
   8   8.47634242e+00 -6.48997941e+03  2.23e+02 1.46e-03  3.25e-02     3s
   9   2.36127632e+00 -1.11319310e+03  5.94e+01 1.45e-04  5.99e-03     3s
  10  -5.82934483e-01 -5.09902065e+02  1.23e+01 5.06e-05  2.37e-03     3s
  11  -2.90148276e+00 -3.03423588e+02  3.11e+00 2.08e-05  1.31e-03     3s
  12  -3.45682180e+00 -2.85708412e+02  1.10e+00 1.92e-05  1.19e-03     3s
  13  -3.14485980e+00 -2.66626051e+02  4.26e-01 1.78e-05  1.09e-03     3s
  14  -2.94967396e+00 -1.73030523e+02  1.95e-02 8.16e-06  6.99e-04     3s
  15  -3.19796986e+00 -7.05633239e+01  4.76e-05 2.15e-06  2.74e-04     4s
  16  -3.58977763e+00 -4.13660367e+01  1.27e-05 9.76e-16  1.54e-04     4s
  17  -3.74410217e+00 -2.58153422e+01  8.91e-06 7.19e-16  8.98e-05     4s
  18  -3.89805388e+00 -2.15546646e+01  3.32e-06 5.69e-16  7.18e-05     4s
  19  -4.00431895e+00 -1.88626363e+01  2.50e-06 5.26e-16  6.04e-05     4s
  20  -4.13619172e+00 -1.43943813e+01  1.82e-06 5.10e-16  4.17e-05     4s
  21  -4.18357264e+00 -9.79426308e+00  1.08e-06 3.46e-16  2.28e-05     4s
  22  -4.25522294e+00 -7.20421593e+00  5.16e-07 2.50e-16  1.20e-05     4s
  23  -4.30168384e+00 -6.66808159e+00  3.35e-07 3.16e-16  9.62e-06     4s
  24  -4.33233098e+00 -5.59566031e+00  2.42e-07 2.76e-16  5.14e-06     4s
  25  -4.34837314e+00 -5.43840215e+00  2.11e-07 3.06e-16  4.43e-06     4s
  26  -4.36455942e+00 -5.22606830e+00  1.82e-07 2.75e-16  3.50e-06     4s
  27  -4.40149606e+00 -4.99540315e+00  1.13e-07 2.04e-16  2.42e-06     4s
  28  -4.41654781e+00 -4.82966333e+00  9.30e-08 2.26e-16  1.68e-06     4s
  29  -4.43269617e+00 -4.75609273e+00  7.27e-08 2.58e-16  1.32e-06     4s
  30  -4.44026171e+00 -4.70024506e+00  6.48e-08 2.19e-16  1.06e-06     4s
  31  -4.45792681e+00 -4.63727949e+00  4.56e-08 4.35e-16  7.29e-07     4s
  32  -4.46909747e+00 -4.59348539e+00  3.46e-08 2.06e-16  5.06e-07     4s
  33  -4.47793943e+00 -4.56609728e+00  2.56e-08 1.96e-16  3.58e-07     4s
  34  -4.48642243e+00 -4.55140526e+00  1.83e-08 2.32e-16  2.64e-07     4s
  35  -4.49256832e+00 -4.53650505e+00  1.32e-08 2.25e-16  1.79e-07     4s
  36  -4.49761954e+00 -4.52390568e+00  9.22e-09 2.48e-16  1.07e-07     4s
  37  -4.49986518e+00 -4.52021296e+00  7.43e-09 2.73e-16  8.27e-08     4s
  38  -4.50017272e+00 -4.51799701e+00  7.18e-09 2.61e-16  7.25e-08     4s
  39  -4.50161696e+00 -4.51512287e+00  6.06e-09 2.57e-16  5.49e-08     4s
  40  -4.50477102e+00 -4.51422648e+00  3.67e-09 2.30e-16  3.84e-08     4s
  41  -4.50547790e+00 -4.51282187e+00  3.10e-09 2.01e-16  2.99e-08     4s
  42  -4.50582952e+00 -4.51204177e+00  2.84e-09 2.87e-16  2.53e-08     4s
  43  -4.50797516e+00 -4.51035089e+00  1.17e-09 2.63e-16  9.66e-09     5s
  44  -4.50882205e+00 -4.50991488e+00  5.26e-10 3.51e-16  4.44e-09     5s
  45  -4.50933246e+00 -4.50960600e+00  1.51e-10 2.05e-16  1.11e-09     5s
  46  -4.50952806e+00 -4.50954829e+00  1.37e-11 2.50e-16  8.23e-11     5s
  47  -4.50954133e+00 -4.50954134e+00  1.30e-11 4.96e-16  4.32e-14     5s

Barrier solved model in 47 iterations and 4.63 seconds (7.36 work units)
Optimal objective -4.50954133e+00

Concurrent spin time: 0.02s

Solved with barrier

Root relaxation: objective -4.509541e+00, 5131 iterations, 2.59 seconds (2.77 work units)
Total elapsed time = 5.50s (DegenMoves)

    Nodes    |    Current Node    |     Objective Bounds      |     Work
 Expl Unexpl |  Obj  Depth IntInf | Incumbent    BestBd   Gap | It/Node Time

     0     0   -4.50954    0  567    0.00000   -4.50954      -     -    7s
H    0     0                      -2.1701096   -4.50954   108%     -    7s
H    0     0                      -2.8457285   -4.50954  58.5%     -   10s
     0     0   -4.49398    0  700   -2.84573   -4.49398  57.9%     -   16s
H    0     0                      -4.1131939   -4.49395  9.26%     -   19s
     0     0   -4.49383    0  718   -4.11319   -4.49383  9.25%     -   20s
     0     0   -4.48126    0  611   -4.11319   -4.48126  8.95%     -   25s
     0     0   -4.48121    0  709   -4.11319   -4.48121  8.95%     -   27s
     0     0   -4.47941    0  731   -4.11319   -4.47941  8.90%     -   34s
H    0     0                      -4.1157544   -4.47934  8.83%     -   36s
     0     0   -4.47934    0  730   -4.11575   -4.47934  8.83%     -   36s
     0     0   -4.47858    0  719   -4.11575   -4.47858  8.82%     -   39s
     0     0   -4.47858    0  731   -4.11575   -4.47858  8.82%     -   40s
     0     0   -4.47765    0  752   -4.11575   -4.47765  8.79%     -   43s
H    0     0                      -4.1206274   -4.47765  8.66%     -   49s
     0     0   -4.47729    0  783   -4.12063   -4.47729  8.66%     -   51s
     0     0   -4.47725    0  798   -4.12063   -4.47725  8.65%     -   56s
     0     0   -4.47631    0  925   -4.12063   -4.47631  8.63%     -   61s
     0     0   -4.47627    0  934   -4.12063   -4.47627  8.63%     -   62s
     0     0   -4.47596    0  803   -4.12063   -4.47596  8.62%     -   65s
     0     0   -4.47585    0  943   -4.12063   -4.47585  8.62%     -   67s
     0     0   -4.47585    0  944   -4.12063   -4.47585  8.62%     -   68s
     0     0   -4.47578    0  935   -4.12063   -4.47578  8.62%     -   69s
     0     0   -4.47564    0  915   -4.12063   -4.47564  8.62%     -   72s
     0     0   -4.47564    0  915   -4.12063   -4.47564  8.62%     -   79s
     0     0   -4.47501    0  950   -4.12063   -4.47501  8.60%     -   82s
     0     0   -4.47466    0  949   -4.12063   -4.47466  8.59%     -   86s
     0     0   -4.47424    0  950   -4.12063   -4.47424  8.58%     -   90s
     0     0   -4.47390    0  913   -4.12063   -4.47390  8.57%     -   93s
     0     0   -4.47381    0  973   -4.12063   -4.47381  8.57%     -   97s
     0     0   -4.47373    0  954   -4.12063   -4.47373  8.57%     -  105s
     0     0   -4.47373    0  967   -4.12063   -4.47373  8.57%     -  106s
     0     0   -4.47370    0  914   -4.12063   -4.47370  8.57%     -  108s
     0     0   -4.47370    0  836   -4.12063   -4.47370  8.57%     -  112s
     0     2   -4.47241    0  836   -4.12063   -4.47241  8.54%     -  129s
     1     4   -4.47100    1  804   -4.12063   -4.47241  8.54% 16273  133s
     3     7   -4.46688    2  647   -4.12063   -4.47116  8.51%  8904  138s
     7     8   -4.43309    3  748   -4.12063   -4.46656  8.40%  6565  143s
    14     5   -4.18205    4  334   -4.12063   -4.45665  8.15%  4452  147s
    27    16   -4.18195    6  347   -4.12063   -4.18205  1.49%  3252  150s
   136   117   -4.17928   14  402   -4.12063   -4.18107  1.47%   976  156s
   256   190 infeasible   18        -4.12063   -4.18107  1.47%   662  160s
   449   337   -4.15433   34  290   -4.12063   -4.18107  1.47%   504  165s
   493   345   -4.15415   38  281   -4.12063   -4.18107  1.47%   482  232s
   514   346   -4.15407   39  287   -4.12063   -4.18107  1.47%   482  249s
   531   346     cutoff   20        -4.12063   -4.18107  1.47%   476  250s
   667   456   -4.15383   54  311   -4.12063   -4.18107  1.47%   444  255s
   878   606   -4.15189   74  280   -4.12063   -4.18107  1.47%   406  260s
  1068   739   -4.15143   96  296   -4.12063   -4.18107  1.47%   370  265s
  1379   992   -4.15137  130  388   -4.12063   -4.18107  1.47%   333  272s
  1504  1155   -4.15131  141  341   -4.12063   -4.18107  1.47%   319  275s
  1827  1347   -4.14904  162  298   -4.12063   -4.18107  1.47%   287  281s
  2109  1560   -4.13933  189  202   -4.12063   -4.18069  1.46%   272  287s
  2251  1648   -4.15110   10  266   -4.12063   -4.18069  1.46%   268  290s
  2560  1768   -4.14198   12  836   -4.12063   -4.18069  1.46%   258  324s
  2562  1769   -4.15873   47  564   -4.12063   -4.18069  1.46%   258  337s
  2563  1770   -4.12823  130  834   -4.12063   -4.18069  1.46%   258  350s
  2565  1771   -4.14745   57  808   -4.12063   -4.18069  1.46%   258  359s
  2566  1772   -4.13213   28  859   -4.12063   -4.18069  1.46%   258  367s
  2567  1773   -4.13300   60  867   -4.12063   -4.18069  1.46%   258  372s
  2568  1773   -4.15063  152  862   -4.12063   -4.18069  1.46%   257  376s
  2570  1775   -4.13545   41  743   -4.12063   -4.18069  1.46%   257  390s
  2571  1778   -4.18069   14  563   -4.12063   -4.18069  1.46%   306  400s
  2577  1780   -4.18069   16  670   -4.12063   -4.18069  1.46%   314  409s
  2583  1776   -4.16457   17  264   -4.12063   -4.18069  1.46%   319  414s
  2591  1777   -4.16381   18  265   -4.12063   -4.18069  1.46%   326  415s
  2597  1783   -4.16187   19  264   -4.12063   -4.17909  1.42%   328  465s
  2654  1815   -4.16031   22  272   -4.12063   -4.17783  1.39%   334  471s
  2734  1832   -4.15610   25  256   -4.12063   -4.17783  1.39%   338  475s
  2874  1834     cutoff   29        -4.12063   -4.17783  1.39%   341  480s
  2992  1832   -4.12517   36  208   -4.12063   -4.17766  1.38%   344  486s
  3062  1846   -4.14911   24  195   -4.12063   -4.17766  1.38%   349  490s
  3188  1851   -4.14657   29  155   -4.12063   -4.17766  1.38%   355  495s
  3325  1860 infeasible   35        -4.12063   -4.17766  1.38%   364  502s
  3414  1868   -4.16549   24  215   -4.12063   -4.17751  1.38%   370  506s
  3514  1903   -4.13768   29  135   -4.12063   -4.17751  1.38%   374  511s
  3609  1909   -4.14935   22  182   -4.12063   -4.17105  1.22%   380  667s
  3652  1934   -4.14580   24  185   -4.12063   -4.17105  1.22%   383  670s
  3809  1963     cutoff   30        -4.12063   -4.17020  1.20%   386  675s
  3973  1971 infeasible   27        -4.12063   -4.15314  0.79%   390  681s
  4146  1958   -4.14883   27  228   -4.12063   -4.15305  0.79%   394  726s
  4266  2002   -4.14722   34  164   -4.12063   -4.15305  0.79%   396  733s
  4367  1981   -4.14253   38  183   -4.12063   -4.15305  0.79%   398  737s
  4479  1985   -4.14961   53  217   -4.12063   -4.15305  0.79%   401  741s
  4640  1952   -4.13444   63  191   -4.12063   -4.15148  0.75%   400  746s
  4762  1970   -4.13387   27  245   -4.12063   -4.15058  0.73%   405  750s
  4910  1937     cutoff   27        -4.12063   -4.15046  0.72%   406  787s
  5056  1936 infeasible   66        -4.12063   -4.15014  0.72%   407  791s
  5241  1866     cutoff   36        -4.12063   -4.15010  0.72%   408  795s
  5442  1816     cutoff   60        -4.12063   -4.14876  0.68%   409  800s
  5601  1825 infeasible   57        -4.12063   -4.14829  0.67%   414  805s
  5804  1783   -4.12588   45  296   -4.12063   -4.14828  0.67%   415  810s
  6011  1714     cutoff   49        -4.12063   -4.14769  0.66%   419  816s
  6260  1649   -4.14332   44  253   -4.12063   -4.14703  0.64%   422  821s
  6505  1589   -4.12503   36  253   -4.12063   -4.14666  0.63%   426  828s
  6788  1505     cutoff   46        -4.12063   -4.14626  0.62%   428  834s
  6841  1487     cutoff   29        -4.12063   -4.14613  0.62%   428  835s
  7128  1341   -4.13628   43  279   -4.12063   -4.14551  0.60%   427  841s
  7438  1224     cutoff   56        -4.12063   -4.14489  0.59%   430  900s
  7488  1182   -4.13218   47  180   -4.12063   -4.14469  0.58%   430  907s
  7809   989   -4.12861   27  113   -4.12063   -4.14376  0.56%   431  913s
  8142   885     cutoff   90        -4.12063   -4.14291  0.54%   431  920s
  8536   786   -4.12152   22  169   -4.12063   -4.14221  0.52%   430  928s
  8983   575     cutoff   36        -4.12063   -4.14094  0.49%   428  936s
  9519   266   -4.13066   56  199   -4.12063   -4.13683  0.39%   424  946s
 10271    15   -4.12596   30  256   -4.12063   -4.13382  0.32%   410  952s

Cutting planes:
  Gomory: 9
  Cover: 1
  MIR: 19
  Flow cover: 10
  Inf proof: 13
  Zero half: 28
  RLT: 2
  Relax-and-lift: 82

Explored 10657 nodes (4402169 simplex iterations) in 953.05 seconds (1084.38 work units)
Thread count was 16 (of 18 available processors)

Solution count 6: -4.12063 -4.11575 -4.11319 ... 0
No other solutions better than -4.12063

Optimal solution found (tolerance 1.00e-04)
Best objective -4.120627363166e+00, best bound -4.120627363166e+00, gap 0.0000%

---------------------------------------------------------------------------
Multi-objectives: solved in 953.55 seconds (1084.38 work units), solution count 6

