
Gurobi 11.0.0 (win64) logging started Tue Dec 24 18:47:25 2024

Set parameter LogFile to value "C:\Users\Administrator\Desktop\OptRail_Railroad_Construction\Data\Solution\AnzahlAuftraege_NEW_30\a30_o355_m18_an148_ar42\6_Objectives\costs\gurobi_a30_o355_m18_an148_ar42_costs.log"
Gurobi Optimizer version 11.0.0 build v11.0.0rc2 (win64 - Windows Server 2022.0 (20348.2))

CPU model: AMD EPYC 7513 32-Core Processor, instruction set [SSE2|AVX|AVX2]
Thread count: 18 physical cores, 18 logical processors, using up to 16 threads

Optimize a model with 24341 rows, 5101510 columns and 27520859 nonzeros
Model fingerprint: 0x82f50d2c
Variable types: 0 continuous, 5101510 integer (5101510 binary)
Coefficient statistics:
  Matrix range     [1e+00, 1e+01]
  Objective range  [1e+00, 2e+02]
  Bounds range     [1e+00, 1e+00]
  RHS range        [1e+00, 2e+02]

---------------------------------------------------------------------------
Multi-objectives: starting optimization with 6 objectives (1 combined) ...
---------------------------------------------------------------------------
---------------------------------------------------------------------------

Multi-objectives: optimize objective 1 (weighted) ...
---------------------------------------------------------------------------

Optimize a model with 24341 rows, 5101510 columns and 27520859 nonzeros
Model fingerprint: 0x05a85c1f
Variable types: 0 continuous, 5101510 integer (5101510 binary)
Coefficient statistics:
  Matrix range     [1e+00, 1e+01]
  Objective range  [2e+00, 1e+06]
  Bounds range     [1e+00, 1e+00]
  RHS range        [1e+00, 2e+02]
Found heuristic solution: objective 0.0000000
Presolve removed 80 rows and 2646040 columns (presolve time = 5s) ...
Presolve removed 80 rows and 2646040 columns (presolve time = 10s) ...
Presolve removed 104 rows and 2646040 columns (presolve time = 15s) ...
Presolve removed 104 rows and 2646057 columns (presolve time = 20s) ...
Presolve removed 104 rows and 2646057 columns (presolve time = 25s) ...
Presolve removed 104 rows and 2646057 columns (presolve time = 30s) ...
Presolve removed 104 rows and 2646057 columns (presolve time = 35s) ...
Presolve removed 104 rows and 2646057 columns
Presolve time: 36.42s
Presolved: 24237 rows, 2455453 columns, 27331403 nonzeros
Variable types: 0 continuous, 2455453 integer (2455453 binary)
Deterministic concurrent LP optimizer: primal simplex, dual simplex, and barrier
Showing barrier log only...

Root barrier log...

Ordering time: 3.00s

Barrier statistics:
 Dense cols : 1
 AA' NZ     : 8.254e+06
 Factor NZ  : 2.998e+07 (roughly 1.2 GB of memory)
 Factor Ops : 7.192e+10 (roughly 1 second per iteration)
 Threads    : 14

                  Objective                Residual
Iter       Primal          Dual         Primal    Dual     Compl     Time
   0   7.02570048e+09 -2.40863689e+12  2.61e+06 4.92e+04  3.27e+07    56s
   1   5.14341323e+09 -2.39721067e+12  1.92e+06 3.42e+05  2.44e+07    57s
   2   1.81523492e+09 -2.32386811e+12  6.61e+05 1.19e+05  8.66e+06    58s
   3   6.59829633e+08 -1.98810708e+12  2.31e+05 2.98e-08  3.13e+06    59s
   4   3.65896107e+08 -1.71765418e+12  1.36e+05 2.05e-08  1.87e+06    60s
   5   3.26431639e+08 -1.55271845e+12  1.24e+05 1.77e-08  1.66e+06    61s
   6   2.39656954e+08 -1.26023589e+12  9.64e+04 8.74e-07  1.24e+06    62s
   7   1.82376752e+08 -1.15799344e+12  7.64e+04 7.26e-07  9.99e+05    63s
   8   1.55139662e+08 -9.12184078e+11  6.77e+04 3.97e-07  8.19e+05    64s
   9   1.13104462e+08 -5.74120173e+11  5.34e+04 1.90e-07  5.85e+05    64s
  10   8.59146174e+07 -4.14084292e+11  4.40e+04 2.01e-07  4.52e+05    66s
  11   6.63430735e+07 -1.84070307e+11  3.73e+04 4.92e-07  3.31e+05    67s
  12   5.18304694e+05 -8.19560237e+10  1.05e+04 1.79e-07  9.75e+04    68s
  13  -2.87743463e+07 -3.25467001e+10  2.92e+02 7.23e-07  8.84e+03    69s
  14  -2.94472074e+07 -1.06419768e+10  4.58e+01 2.09e-06  2.50e+03    70s
  15  -2.95210399e+07 -3.24031026e+09  2.26e+01 1.03e-06  8.27e+02    71s
  16  -2.94905223e+07 -2.18360838e+09  2.39e+00 6.28e-07  4.63e+02    72s
  17  -2.90553310e+07 -1.97317600e+09  5.48e-02 5.63e-07  3.99e+02    73s
  18  -2.88287806e+07 -9.48973409e+08  5.09e-05 2.62e-07  1.87e+02    74s
  19  -2.87286507e+07 -7.26133246e+08  4.65e-05 1.98e-07  1.42e+02    74s
  20  -2.91140560e+07 -2.67454815e+08  3.02e-05 6.24e-08  4.85e+01    75s
  21  -2.91542370e+07 -1.00498741e+08  2.89e-05 1.70e-08  1.45e+01    76s
  22  -2.95492286e+07 -4.70775781e+07  7.11e-06 3.95e-08  3.56e+00    77s
  23  -2.96293216e+07 -3.79010180e+07  1.79e-07 1.72e-08  1.68e+00    78s
  24  -2.96575388e+07 -3.34417713e+07  3.89e-08 7.45e-09  7.69e-01    78s
  25  -2.96811814e+07 -3.11819937e+07  1.30e-08 2.33e-09  3.05e-01    79s
  26  -2.96902500e+07 -3.06224697e+07  6.75e-09 1.40e-09  1.90e-01    80s
  27  -2.96936387e+07 -3.04596625e+07  4.97e-09 9.31e-10  1.56e-01    81s
  28  -2.96980345e+07 -3.03553052e+07  3.28e-09 6.98e-10  1.34e-01    82s
  29  -2.96999794e+07 -3.03366201e+07  3.18e-09 8.15e-10  1.29e-01    82s
  30  -2.97134525e+07 -3.03007592e+07  2.46e-09 9.31e-10  1.19e-01    83s
  31  -2.97296804e+07 -3.00829790e+07  1.68e-09 1.63e-09  7.18e-02    85s
  32  -2.97375173e+07 -3.00007056e+07  1.31e-09 1.16e-09  5.35e-02    86s
  33  -2.97419165e+07 -2.99776511e+07  1.13e-09 1.05e-09  4.79e-02    87s
  34  -2.97450198e+07 -2.99570844e+07  1.03e-09 8.15e-10  4.31e-02    89s
  35  -2.97531813e+07 -2.99256138e+07  7.79e-10 9.31e-10  3.51e-02    90s
  36  -2.97610447e+07 -2.99119808e+07  5.41e-10 1.05e-09  3.07e-02    91s
  37  -2.97662282e+07 -2.98760321e+07  3.81e-10 6.98e-10  2.23e-02    93s
  38  -2.97682824e+07 -2.98643591e+07  3.21e-10 5.82e-10  1.95e-02    94s
  39  -2.97706173e+07 -2.98484553e+07  2.57e-10 3.49e-10  1.58e-02    95s
  40  -2.97718980e+07 -2.98389689e+07  2.23e-10 1.16e-10  1.36e-02    97s
  41  -2.97727357e+07 -2.98314927e+07  2.01e-10 2.33e-10  1.19e-02    98s
  42  -2.97744928e+07 -2.98250254e+07  1.58e-10 2.33e-10  1.03e-02    99s
  43  -2.97752949e+07 -2.98198787e+07  1.40e-10 1.16e-10  9.06e-03   101s
  44  -2.97760685e+07 -2.98144369e+07  1.23e-10 2.33e-10  7.80e-03   102s
  45  -2.97767790e+07 -2.98113600e+07  1.08e-10 2.33e-10  7.03e-03   103s
  46  -2.97777165e+07 -2.98079302e+07  8.98e-11 2.33e-10  6.14e-03   105s
  47  -2.97786903e+07 -2.98041761e+07  7.13e-11 2.33e-10  5.18e-03   106s
  48  -2.97790374e+07 -2.98016871e+07  6.51e-11 2.33e-10  4.60e-03   107s
  49  -2.97796507e+07 -2.97988403e+07  5.43e-11 1.16e-10  3.90e-03   109s
  50  -2.97801580e+07 -2.97967622e+07  4.56e-11 1.16e-10  3.38e-03   110s
  51  -2.97804750e+07 -2.97943661e+07  4.01e-11 2.33e-10  2.82e-03   112s
  52  -2.97808882e+07 -2.97931066e+07  3.36e-11 2.33e-10  2.48e-03   113s
  53  -2.97812705e+07 -2.97912347e+07  2.78e-11 2.33e-10  2.03e-03   114s
  54  -2.97817421e+07 -2.97904153e+07  2.11e-11 3.49e-10  1.76e-03   115s
  55  -2.97820243e+07 -2.97889640e+07  1.71e-11 2.33e-10  1.41e-03   117s
  56  -2.97823202e+07 -2.97878354e+07  1.31e-11 1.16e-10  1.12e-03   118s
  57  -2.97824991e+07 -2.97868181e+07  1.06e-11 4.66e-10  8.78e-04   120s
  58  -2.97826733e+07 -2.97860490e+07  8.52e-12 6.98e-10  6.86e-04   121s
  59  -2.97827533e+07 -2.97854636e+07  8.99e-12 1.16e-10  5.51e-04   122s
  60  -2.97828822e+07 -2.97851540e+07  1.15e-11 2.33e-10  4.62e-04   123s
  61  -2.97829948e+07 -2.97847965e+07  1.90e-11 2.33e-10  3.66e-04   125s
  62  -2.97830675e+07 -2.97844170e+07  1.57e-11 1.16e-10  2.74e-04   126s
  63  -2.97831500e+07 -2.97842406e+07  1.13e-11 1.16e-10  2.22e-04   128s
  64  -2.97831955e+07 -2.97840594e+07  1.51e-11 1.16e-10  1.76e-04   129s
  65  -2.97832464e+07 -2.97838413e+07  1.41e-11 1.16e-10  1.21e-04   130s
  66  -2.97832759e+07 -2.97837530e+07  1.08e-11 1.16e-10  9.70e-05   132s
  67  -2.97833111e+07 -2.97836656e+07  7.32e-12 1.16e-10  7.21e-05   133s
  68  -2.97833320e+07 -2.97835902e+07  7.22e-10 2.33e-10  5.25e-05   135s
  69  -2.97833495e+07 -2.97835340e+07  1.68e-09 2.33e-10  3.75e-05   138s
  70  -2.97833543e+07 -2.97835114e+07  1.42e-09 1.16e-10  3.19e-05   140s
  71  -2.97833602e+07 -2.97834943e+07  2.25e-08 2.33e-10  2.73e-05   142s
  72  -2.97833644e+07 -2.97834709e+07  5.48e-08 1.16e-10  2.17e-05   146s
  73  -2.97833732e+07 -2.97834400e+07  1.63e-07 1.16e-10  1.36e-05   149s
  74  -2.97833775e+07 -2.97834097e+07  2.07e-07 1.16e-10  6.54e-06   152s
  75  -2.97833799e+07 -2.97834074e+07  2.11e-07 2.33e-10  5.58e-06   155s
  76  -2.97833809e+07 -2.97833903e+07  2.19e-07 1.16e-10  1.93e-06   157s
  77  -2.97833819e+07 -2.97833877e+07  1.80e-07 2.33e-10  1.19e-06   158s
  78  -2.97833827e+07 -2.97833850e+07  1.36e-07 1.16e-10  4.78e-07   160s
  79  -2.97833833e+07 -2.97833843e+07  6.31e-08 3.49e-10  2.04e-07   161s
  80  -2.97833837e+07 -2.97833838e+07  1.74e-08 2.33e-10  2.72e-08   163s
  81  -2.97833837e+07 -2.97833837e+07  8.45e-09 1.86e-09  5.55e-09   164s

Barrier solved model in 81 iterations and 163.86 seconds (332.57 work units)
Optimal objective -2.97833837e+07


Root crossover log...

   14180 DPushes remaining with DInf 0.0000000e+00               164s
    3872 DPushes remaining with DInf 0.0000000e+00               165s
       0 DPushes remaining with DInf 0.0000000e+00               169s

    7666 PPushes remaining with PInf 3.3736036e-04               169s
       0 PPushes remaining with PInf 1.3016766e-04               170s

  Push phase complete: Pinf 1.3016766e-04, Dinf 6.2164942e-09    170s


Root simplex log...

Iteration    Objective       Primal Inf.    Dual Inf.      Time
   21284   -2.9783384e+07   1.301677e-04   0.000000e+00    170s
   21363   -2.9783384e+07   0.000000e+00   0.000000e+00    173s
Concurrent spin time: 79.16s (can be avoided by choosing Method=3)

Solved with barrier

Root relaxation: objective -2.978338e+07, 21363 iterations, 212.53 seconds (202.63 work units)
Total elapsed time = 266.68s (DegenMoves)
Total elapsed time = 273.13s (DegenMoves)
Total elapsed time = 275.77s (DegenMoves)

    Nodes    |    Current Node    |     Objective Bounds      |     Work
 Expl Unexpl |  Obj  Depth IntInf | Incumbent    BestBd   Gap | It/Node Time

     0     0 -2.978e+07    0 6940    0.00000 -2.978e+07      -     -  283s
H    0     0                    -9926174.960 -2.978e+07   200%     -  518s
     0     0 -2.978e+07    0 7334 -9926175.0 -2.978e+07   200%     - 1810s
H    0     0                    -1.29070e+07 -2.978e+07   131%     - 3340s
     0     0 -2.978e+07    0 7433 -1.291e+07 -2.978e+07   131%     - 3479s
     0     0 -2.978e+07    0 7652 -1.291e+07 -2.978e+07   131%     - 6646s
H    0     0                    -1.98752e+07 -2.978e+07  49.9%     - 7131s
     0     0 -2.978e+07    0 7604 -1.988e+07 -2.978e+07  49.9%     - 9991s
     0     0 -2.978e+07    0 7772 -1.988e+07 -2.978e+07  49.9%     - 10620s
     0     0          -    0      -1.988e+07 -2.978e+07  49.9%     - 10800s

Cutting planes:
  Cover: 1
  Implied bound: 68
  Clique: 34
  MIR: 40
  StrongCG: 1
  GUB cover: 1
  Zero half: 11

Explored 1 nodes (435546 simplex iterations) in 10800.43 seconds (20483.69 work units)
Thread count was 16 (of 18 available processors)

Solution count 4: -1.98752e+07 -1.2907e+07 -9.92617e+06 0 

Time limit reached
Best objective -1.987516635951e+07, best bound -2.978296221854e+07, gap 49.8501%

---------------------------------------------------------------------------
Multi-objectives: stopped in 10801.26 seconds (20483.69 work units), solution count 4
Time Limit reached

