
Gurobi 11.0.0 (win64) logging started Sat Dec 21 08:36:11 2024

Set parameter LogFile to value "C:\Users\Administrator\Desktop\OptRail_Railroad_Construction\Data\Solution\AnzahlAuftraege_NEW_10\a10_o144_m6_an53_ar12\6_Objectives\costs\gurobi_a10_o144_m6_an53_ar12_costs.log"
Gurobi Optimizer version 11.0.0 build v11.0.0rc2 (win64 - Windows Server 2022.0 (20348.2))

CPU model: AMD EPYC 7513 32-Core Processor, instruction set [SSE2|AVX|AVX2]
Thread count: 18 physical cores, 18 logical processors, using up to 16 threads

Optimize a model with 3522 rows, 253468 columns and 1171862 nonzeros
Model fingerprint: 0xdccb0769
Variable types: 0 continuous, 253468 integer (253468 binary)
Coefficient statistics:
  Matrix range     [1e+00, 1e+01]
  Objective range  [1e+00, 2e+02]
  Bounds range     [1e+00, 1e+00]
  RHS range        [1e+00, 2e+02]

---------------------------------------------------------------------------
Multi-objectives: starting optimization with 6 objectives (1 combined) ...
---------------------------------------------------------------------------
---------------------------------------------------------------------------

Multi-objectives: optimize objective 1 (weighted) ...
---------------------------------------------------------------------------

Optimize a model with 3522 rows, 253468 columns and 1171862 nonzeros
Model fingerprint: 0x3e323846
Variable types: 0 continuous, 253468 integer (253468 binary)
Coefficient statistics:
  Matrix range     [1e+00, 1e+01]
  Objective range  [8e+00, 1e+06]
  Bounds range     [1e+00, 1e+00]
  RHS range        [1e+00, 2e+02]
Found heuristic solution: objective 0.0000000
Presolve removed 8 rows and 131095 columns
Presolve time: 1.90s
Presolved: 3514 rows, 122373 columns, 1121047 nonzeros
Variable types: 0 continuous, 122373 integer (122154 binary)
Deterministic concurrent LP optimizer: primal simplex, dual simplex, and barrier
Showing barrier log only...

Root barrier log...

Ordering time: 0.17s

Barrier statistics:
 AA' NZ     : 4.073e+05
 Factor NZ  : 1.215e+06 (roughly 60 MB of memory)
 Factor Ops : 5.783e+08 (less than 1 second per iteration)
 Threads    : 14

                  Objective                Residual
Iter       Primal          Dual         Primal    Dual     Compl     Time
   0   1.68082760e+08 -9.74843302e+10  2.29e+05 6.69e+04  1.48e+07     3s
   1   5.08482749e+07 -9.27504832e+10  8.93e+04 2.43e+05  5.88e+06     3s
   2   1.03771970e+07 -8.08751383e+10  1.33e+04 5.51e+04  1.11e+06     3s
   3   1.28996627e+06 -7.64766958e+10  7.79e+03 4.85e+04  7.56e+05     3s
   4   4.16696605e+05 -7.15368533e+10  7.22e+03 4.35e+04  6.93e+05     3s
   5   3.28045863e+05 -5.69784327e+10  5.99e+03 2.95e+04  5.37e+05     3s
   6  -2.31588599e+06 -5.35118300e+10  3.62e+03 2.69e+04  3.98e+05     3s
   7  -5.15409245e+06 -3.95981837e+10  1.93e+03 1.82e+04  2.50e+05     3s
   8  -6.61628837e+06 -8.79530621e+09  3.01e+02 1.76e+03  4.69e+04     3s
   9  -6.88760829e+06 -1.41561068e+09  7.88e+01 1.88e+02  8.37e+03     3s
  10  -6.78068551e+06 -7.12341027e+08  1.54e+01 8.59e+01  3.37e+03     3s
  11  -6.70234996e+06 -4.10199798e+08  4.50e+00 4.78e+01  1.79e+03     3s
  12  -6.68207322e+06 -2.85337159e+08  2.20e+00 2.39e+01  1.22e+03     3s
  13  -6.57338906e+06 -2.66625562e+08  1.01e+00 2.17e+01  1.10e+03     3s
  14  -5.52946790e+06 -2.49654665e+08  1.92e-01 2.04e+01  1.01e+03     3s
  15  -5.33678020e+06 -1.45571291e+08  2.33e-03 8.94e+00  5.71e+02     3s
  16  -5.57098512e+06 -4.59911793e+07  2.06e-05 1.12e+00  1.64e+02     4s
  17  -5.96359494e+06 -3.09368841e+07  6.10e-06 1.08e-09  1.02e+02     4s
  18  -6.01810568e+06 -2.75544673e+07  5.04e-06 1.24e-09  8.76e+01     4s
  19  -6.01766918e+06 -2.39705632e+07  4.84e-06 9.99e-10  7.30e+01     4s
  20  -6.21262851e+06 -1.85746476e+07  3.36e-06 6.36e-10  5.03e+01     4s
  21  -6.30357998e+06 -1.43073495e+07  2.55e-06 5.48e-10  3.26e+01     4s
  22  -6.37132601e+06 -7.79779317e+06  9.60e-09 6.77e-10  5.80e+00     4s
  23  -6.38514109e+06 -7.03589490e+06  5.16e-09 5.12e-10  2.65e+00     4s
  24  -6.40285025e+06 -6.69928956e+06  1.18e-09 3.16e-10  1.21e+00     4s
  25  -6.40770187e+06 -6.62479797e+06  4.63e-10 2.98e-10  8.83e-01     4s
  26  -6.41637511e+06 -6.53762021e+06  1.70e-10 3.12e-10  4.93e-01     4s
  27  -6.42156138e+06 -6.48167690e+06  6.53e-11 2.78e-10  2.44e-01     4s
  28  -6.42355822e+06 -6.46997556e+06  3.23e-11 3.07e-10  1.89e-01     4s
  29  -6.42403417e+06 -6.45387860e+06  2.57e-11 2.67e-10  1.21e-01     4s
  30  -6.42504277e+06 -6.44253545e+06  1.51e-11 2.72e-10  7.11e-02     4s
  31  -6.42561973e+06 -6.43833972e+06  1.04e-11 2.66e-10  5.17e-02     4s
  32  -6.42595734e+06 -6.43692382e+06  8.17e-12 3.27e-10  4.46e-02     4s
  33  -6.42639843e+06 -6.43553369e+06  5.50e-12 3.00e-10  3.71e-02     4s
  34  -6.42672948e+06 -6.43542352e+06  3.86e-12 2.58e-10  3.54e-02     4s
  35  -6.42698831e+06 -6.43293413e+06  2.81e-12 3.70e-10  2.42e-02     4s
  36  -6.42722274e+06 -6.43198461e+06  2.13e-12 2.68e-10  1.94e-02     4s
  37  -6.42738104e+06 -6.43097942e+06  1.67e-12 2.25e-10  1.46e-02     4s
  38  -6.42749282e+06 -6.43004763e+06  1.38e-12 2.54e-10  1.04e-02     4s
  39  -6.42770967e+06 -6.42966483e+06  1.07e-12 2.28e-10  7.95e-03     4s
  40  -6.42783398e+06 -6.42927468e+06  7.84e-13 2.53e-10  5.86e-03     4s
  41  -6.42788612e+06 -6.42901887e+06  1.14e-12 2.48e-10  4.61e-03     4s
  42  -6.42795049e+06 -6.42880486e+06  2.01e-12 2.05e-10  3.47e-03     4s
  43  -6.42802173e+06 -6.42847650e+06  3.46e-12 2.38e-10  1.85e-03     4s
  44  -6.42805764e+06 -6.42833628e+06  1.94e-12 3.04e-10  1.13e-03     4s
  45  -6.42809182e+06 -6.42828271e+06  6.98e-13 1.97e-10  7.76e-04     4s
  46  -6.42814016e+06 -6.42821779e+06  6.69e-13 2.96e-10  3.16e-04     4s
  47  -6.42815594e+06 -6.42818631e+06  5.22e-13 2.65e-10  1.24e-04     4s
  48  -6.42816283e+06 -6.42816963e+06  8.05e-13 3.53e-10  2.77e-05     5s
  49  -6.42816465e+06 -6.42816635e+06  1.01e-11 3.26e-10  6.93e-06     5s
  50  -6.42816490e+06 -6.42816508e+06  3.61e-12 3.40e-10  7.05e-07     5s
  51  -6.42816493e+06 -6.42816495e+06  8.99e-11 3.19e-10  7.54e-08     5s
  52  -6.42816493e+06 -6.42816494e+06  8.07e-10 3.72e-10  4.03e-09     5s

Barrier solved model in 52 iterations and 4.63 seconds (7.42 work units)
Optimal objective -6.42816493e+06

Concurrent spin time: 0.00s

Solved with barrier

Root relaxation: objective -6.428165e+06, 3366 iterations, 2.53 seconds (2.83 work units)
Total elapsed time = 5.06s (DegenMoves)

    Nodes    |    Current Node    |     Objective Bounds      |     Work
 Expl Unexpl |  Obj  Depth IntInf | Incumbent    BestBd   Gap | It/Node Time

     0     0 -6428164.9    0  585    0.00000 -6428164.9      -     -    6s
H    0     0                    -3956581.617 -6428164.9  62.5%     -    8s
     0     0 -6428026.6    0  919 -3956581.6 -6428026.6  62.5%     -   15s
H    0     0                    -5937028.768 -6428025.8  8.27%     -   32s
     0     0 -6428025.8    0  927 -5937028.8 -6428025.8  8.27%     -   33s
     0     0 -6427983.9    0 1061 -5937028.8 -6427983.9  8.27%     -   38s
     0     0 -6427983.9    0  570 -5937028.8 -6427983.9  8.27%     -   46s
H    0     0                    -5937144.323 -6427981.8  8.27%     -   55s
     0     0 -6427981.8    0 1030 -5937144.3 -6427981.8  8.27%     -   55s
     0     0 -6427978.0    0 1076 -5937144.3 -6427978.0  8.27%     -   67s
     0     0 -6427975.5    0 1069 -5937144.3 -6427975.5  8.27%     -   67s
     0     0 -6427955.4    0 1542 -5937144.3 -6427955.4  8.27%     -   72s
     0     0 -6427954.7    0 1512 -5937144.3 -6427954.7  8.27%     -   73s
     0     0 -6427921.2    0 1622 -5937144.3 -6427921.2  8.27%     -   77s
     0     0 -6427845.1    0 1513 -5937144.3 -6427845.1  8.26%     -   78s
     0     0 -6427629.9    0 1469 -5937144.3 -6427629.9  8.26%     -   80s
     0     0 -6427629.9    0 1472 -5937144.3 -6427629.9  8.26%     -   81s
     0     0 -5937759.5    0  822 -5937144.3 -5937759.5  0.01%     -   84s
     0     0 -5937756.0    0  945 -5937144.3 -5937756.0  0.01%     -   86s
     0     0 -5937755.6    0 1401 -5937144.3 -5937755.6  0.01%     -   87s
     0     0 -5937755.6    0  563 -5937144.3 -5937755.6  0.01%     -   92s
     0     0 -5937755.6    0  841 -5937144.3 -5937755.6  0.01%     -   97s
     0     0 -5937749.3    0  922 -5937144.3 -5937749.3  0.01%     -  106s
     0     0 -5937744.3    0  973 -5937144.3 -5937744.3  0.01%     -  107s
     0     0 -5937744.1    0  974 -5937144.3 -5937744.1  0.01%     -  109s
     0     0 -5937739.5    0  949 -5937144.3 -5937739.5  0.01%     -  111s
     0     0 -5937739.2    0  960 -5937144.3 -5937739.2  0.01%     -  112s
     0     0 -5937738.8    0  957 -5937144.3 -5937738.8  0.01%     -  113s
     0     0 -5937738.8    0  940 -5937144.3 -5937738.8  0.01%     -  114s

Cutting planes:
  Implied bound: 1
  MIR: 25
  GUB cover: 1
  Inf proof: 1
  Zero half: 44
  RLT: 2
  Relax-and-lift: 51

Explored 1 nodes (88749 simplex iterations) in 123.88 seconds (159.51 work units)
Thread count was 16 (of 18 available processors)

Solution count 4: -5.93714e+06 -5.93703e+06 -3.95658e+06 0 

Optimal solution found (tolerance 1.00e-04)
Best objective -5.937144322816e+06, best bound -5.937711476922e+06, gap 0.0096%

---------------------------------------------------------------------------
Multi-objectives: solved in 124.14 seconds (159.51 work units), solution count 4

