
Gurobi 11.0.0 (win64) logging started Thu Dec 19 19:12:11 2024

Set parameter LogFile to value "C:\Users\Administrator\Desktop\OptRail_Railroad_Construction\Data\Solution\Reduced\a5_o96_m10_an10_ar10_reduced\3_Objectives\hierarchical\gurobi_a5_o96_m10_an10_ar10_reduced_hierarchical.log"
Gurobi Optimizer version 11.0.0 build v11.0.0rc2 (win64 - Windows Server 2022.0 (20348.2))

CPU model: AMD EPYC 7513 32-Core Processor, instruction set [SSE2|AVX|AVX2]
Thread count: 18 physical cores, 18 logical processors, using up to 16 threads

Optimize a model with 2105 rows, 103849 columns and 839154 nonzeros
Model fingerprint: 0xe5f851fd
Variable types: 0 continuous, 103849 integer (103849 binary)
Coefficient statistics:
  Matrix range     [1e+00, 1e+01]
  Objective range  [1e+00, 2e+02]
  Bounds range     [1e+00, 1e+00]
  RHS range        [1e+00, 2e+02]

---------------------------------------------------------------------------
Multi-objectives: starting optimization with 3 objectives ... 
---------------------------------------------------------------------------

Multi-objectives: applying initial presolve ...
---------------------------------------------------------------------------

Presolve removed 119 rows and 4 columns
Presolve time: 0.74s
Presolved: 1986 rows, 103845 columns, 744438 nonzeros
---------------------------------------------------------------------------

Multi-objectives: optimize objective 1 () ...
---------------------------------------------------------------------------

Found heuristic solution: objective 0.0000000
Presolve removed 346 rows and 55580 columns
Presolve time: 0.94s
Presolved: 1640 rows, 48265 columns, 713882 nonzeros
Variable types: 0 continuous, 48265 integer (48265 binary)
Deterministic concurrent LP optimizer: primal simplex, dual simplex, and barrier
Showing barrier log only...

Root barrier log...

Ordering time: 0.00s

Barrier statistics:
 AA' NZ     : 4.958e+04
 Factor NZ  : 7.463e+04 (roughly 7 MB of memory)
 Factor Ops : 1.068e+07 (less than 1 second per iteration)
 Threads    : 14

                  Objective                Residual
Iter       Primal          Dual         Primal    Dual     Compl     Time
   0  -2.03397956e+02 -1.28043974e+04  4.88e+04 1.31e-01  1.57e+01     2s
   1  -8.60007138e+01 -1.21588000e+04  1.86e+04 7.11e-01  6.15e+00     2s
   2  -1.57402702e+01 -1.02840514e+04  2.83e+03 1.21e-01  1.17e+00     2s
   3  -6.86205389e+00 -2.47815600e+03  3.26e+02 3.51e-03  1.58e-01     2s
   4  -6.38175395e+00 -4.07412461e+02  1.97e+02 1.79e-04  5.61e-02     2s
   5  -5.11169463e+00 -1.47549034e+02  3.80e+01 1.48e-05  1.25e-02     2s
   6  -4.95866163e+00 -7.27413918e+01  8.32e+00 7.60e-13  3.75e-03     2s
   7  -4.89490772e+00 -5.58912404e+01  1.92e+00 5.77e-13  1.99e-03     2s
   8  -4.88427414e+00 -2.62995225e+01  2.60e-03 1.95e-13  6.89e-04     2s
   9  -4.71559944e+00 -8.70827842e+00  7.11e-14 3.38e-14  1.26e-04     2s
  10  -4.78263074e+00 -5.49679820e+00  5.50e-14 6.22e-15  2.25e-05     2s
  11  -4.99714573e+00 -5.02419475e+00  1.14e-13 3.33e-16  8.54e-07     2s
  12  -5.00000000e+00 -5.00000024e+00  1.93e-13 4.44e-16  7.67e-12     2s
  13  -5.00000000e+00 -5.00000000e+00  9.33e-14 6.66e-16  9.85e-18     2s

Barrier solved model in 13 iterations and 2.12 seconds (4.99 work units)
Optimal objective -5.00000000e+00

Concurrent spin time: 0.13s (can be avoided by choosing Method=3)

Solved with dual simplex

Use crossover to convert LP symmetric solution to basic solution...

Root relaxation: objective -5.000000e+00, 1709 iterations, 0.49 seconds (0.54 work units)
Total elapsed time = 6.27s (DegenMoves)

    Nodes    |    Current Node    |     Objective Bounds      |     Work
 Expl Unexpl |  Obj  Depth IntInf | Incumbent    BestBd   Gap | It/Node Time

*    0     0               0      -5.0000000   -5.00000  0.00%     -    7s

Explored 1 nodes (41999 simplex iterations) in 7.25 seconds (12.51 work units)
Thread count was 16 (of 18 available processors)

Solution count 2: -5 0 
No other solutions better than -5

Optimal solution found (tolerance 1.00e-04)
Best objective -5.000000000000e+00, best bound -5.000000000000e+00, gap 0.0000%
---------------------------------------------------------------------------

Multi-objectives: optimize objective 2 () ...
---------------------------------------------------------------------------


Loaded user MIP start with objective 96

Presolve removed 4 rows and 54232 columns
Presolve time: 0.77s
Presolved: 1983 rows, 49613 columns, 744177 nonzeros
Variable types: 0 continuous, 49613 integer (49613 binary)
Found heuristic solution: objective 77.0000000
Deterministic concurrent LP optimizer: primal simplex, dual simplex, and barrier
Showing barrier log only...

Root barrier log...

Ordering time: 0.03s

Barrier statistics:
 AA' NZ     : 1.912e+05
 Factor NZ  : 3.436e+05 (roughly 23 MB of memory)
 Factor Ops : 6.887e+07 (less than 1 second per iteration)
 Threads    : 14

                  Objective                Residual
Iter       Primal          Dual         Primal    Dual     Compl     Time
   0   6.72534225e+02 -4.35625161e+03  2.64e+04 0.00e+00  2.52e+00     8s
   1   1.49422835e+02 -3.69893735e+03  3.73e+03 1.04e-01  3.80e-01     8s
   2   4.19122170e+01 -1.31974787e+03  2.98e+02 2.67e-03  3.91e-02     8s
   3   1.23222616e+01 -2.32955970e+02  7.60e+01 1.45e-04  8.63e-03     9s
   4   4.98541735e+00 -9.78662559e+01  1.98e+01 2.47e-05  2.61e-03     9s
   5   2.85075313e+00 -5.16866012e+01  5.15e+00 8.58e-06  9.56e-04     9s
   6   1.68744152e+00 -2.45960785e+01  1.98e+00 2.11e-07  4.01e-04     9s
   7   9.75506232e-01 -1.43742070e+01  6.29e-01 1.03e-15  1.95e-04     9s
   8   6.33378156e-01 -5.15329291e+00  1.27e-01 7.05e-16  6.69e-05     9s
   9   4.25906348e-01 -8.97553628e-01  1.36e-02 9.80e-16  1.46e-05     9s
  10   2.69865046e-01  1.70914594e-01  4.65e-04 1.05e-15  1.03e-06     9s
  11   2.50036995e-01  2.49963727e-01  8.87e-07 1.36e-15  8.03e-10     9s
  12   2.50000043e-01  2.49999964e-01  3.01e-10 6.66e-16  8.03e-13     9s
  13   2.50000000e-01  2.50000000e-01  5.94e-13 6.66e-16  7.03e-18     9s

Barrier solved model in 13 iterations and 8.64 seconds (15.10 work units)
Optimal objective 2.50000000e-01


Root crossover log...

     537 DPushes remaining with DInf 0.0000000e+00                 9s
       0 DPushes remaining with DInf 0.0000000e+00                 9s

     154 PPushes remaining with PInf 0.0000000e+00                 9s
       0 PPushes remaining with PInf 0.0000000e+00                 9s

  Push phase complete: Pinf 0.0000000e+00, Dinf 0.0000000e+00      9s


Root simplex log...

Iteration    Objective       Primal Inf.    Dual Inf.      Time
     332    2.5000000e-01   0.000000e+00   0.000000e+00      9s

Solved with barrier

Root relaxation: objective 2.500000e-01, 332 iterations, 1.06 seconds (1.10 work units)
Total elapsed time = 10.76s (DegenMoves)

    Nodes    |    Current Node    |     Objective Bounds      |     Work
 Expl Unexpl |  Obj  Depth IntInf | Incumbent    BestBd   Gap | It/Node Time

     0     0    0.25000    0  144   77.00000    0.25000   100%     -   15s
H    0     0                      56.0000000    0.25000   100%     -   15s
     0     0    0.25000    0  241   56.00000    0.25000   100%     -   17s
H    0     0                       4.0000000    0.25000  93.8%     -   21s
     0     0    0.25000    0  116    4.00000    0.25000  93.8%     -   25s
     0     0    0.25000    0   96    4.00000    0.25000  93.8%     -   29s
     0     0    0.25000    0  145    4.00000    0.25000  93.8%     -   29s
     0     0    0.25000    0   64    4.00000    0.25000  93.8%     -   31s
H    0     0                       3.0000000    0.25000  91.7%     -   32s
H    0     0                       2.0000000    0.25000  87.5%     -   33s
     0     2    1.00000    0   64    2.00000    1.00000  50.0%     -   37s
     3     8    1.00000    2  812    2.00000    1.00000  50.0%  8384   41s
    15    28    1.00000    4  718    2.00000    1.00000  50.0%  4323   51s
    31    44    1.00000    5  784    2.00000    1.00000  50.0%  5323   55s
    63    76    1.00000    7  747    2.00000    1.00000  50.0%  3729   62s
    79    92    1.00000    7  720    2.00000    1.00000  50.0%  3353   77s
H   80    92                       1.0000000    1.00000  0.00%  3311   77s

Cutting planes:
  MIR: 10
  Zero half: 9

Explored 95 nodes (412500 simplex iterations) in 77.30 seconds (154.04 work units)
Thread count was 16 (of 18 available processors)

Solution count 7: 1 2 3 ... 96

Optimal solution found (tolerance 1.00e-04)
Best objective 1.000000000000e+00, best bound 1.000000000000e+00, gap 0.0000%
---------------------------------------------------------------------------

Multi-objectives: optimize objective 3 () ...
---------------------------------------------------------------------------


Loaded user MIP start with objective 7835.29

Presolve removed 4 rows and 54192 columns
Presolve time: 0.81s
Presolved: 1984 rows, 49653 columns, 744313 nonzeros
Variable types: 0 continuous, 49653 integer (49653 binary)
Deterministic concurrent LP optimizer: primal simplex, dual simplex, and barrier
Showing barrier log only...

Root barrier log...

Ordering time: 0.02s

Barrier statistics:
 AA' NZ     : 1.914e+05
 Factor NZ  : 3.415e+05 (roughly 23 MB of memory)
 Factor Ops : 6.768e+07 (less than 1 second per iteration)
 Threads    : 14

                  Objective                Residual
Iter       Primal          Dual         Primal    Dual     Compl     Time
   0   2.52756571e+07 -6.76674622e+05  2.62e+04 1.17e+00  6.15e+00    79s
   1   4.84355845e+06 -6.11689733e+05  5.11e+03 5.95e-01  1.25e+00    79s
   2   4.93861098e+05 -2.51106802e+05  5.15e+02 8.76e-02  1.51e-01    79s
   3   2.35482892e+05 -9.09460174e+04  2.42e+02 1.68e-02  6.57e-02    79s
   4   9.22774833e+04 -2.54527049e+04  9.11e+01 3.32e-03  2.35e-02    79s
   5   3.07276345e+04 -1.13870484e+04  2.53e+01 1.49e-03  7.92e-03    79s
   6   1.66299560e+04 -3.35747581e+03  1.03e+01 8.65e-04  3.61e-03    79s
   7   1.15099047e+04  4.15077756e+02  5.50e+00 3.86e-04  1.94e-03    79s
   8   7.81416474e+03  2.09211210e+03  1.93e+00 5.37e-04  9.57e-04    79s
   9   7.17696035e+03  3.00120856e+03  1.39e+00 2.16e-04  6.90e-04    79s
  10   6.39714084e+03  3.97046050e+03  7.28e-01 1.04e-04  3.92e-04    79s
  11   5.90797133e+03  4.51993801e+03  3.26e-01 6.11e-05  2.19e-04    79s
  12   5.65170508e+03  4.82572720e+03  1.80e-01 3.82e-05  1.29e-04    79s
  13   5.48955930e+03  5.03689677e+03  9.18e-02 2.02e-05  7.02e-05    79s
  14   5.43267470e+03  5.13235302e+03  6.35e-02 1.36e-05  4.62e-05    79s
  15   5.33964713e+03  5.24760036e+03  1.90e-02 3.60e-06  1.41e-05    79s
  16   5.31409990e+03  5.27531446e+03  1.11e-02 9.75e-07  5.91e-06    79s
  17   5.29722437e+03  5.28446478e+03  3.13e-03 2.59e-07  1.94e-06    79s
  18   5.28821636e+03  5.28775441e+03  1.10e-04 3.19e-09  7.04e-08    79s
  19   5.28784786e+03  5.28784782e+03  9.97e-09 1.15e-13  5.83e-12    79s

Barrier solved model in 19 iterations and 78.85 seconds (156.74 work units)
Optimal objective 5.28784786e+03


Root crossover log...

     817 DPushes remaining with DInf 0.0000000e+00                79s
       0 DPushes remaining with DInf 0.0000000e+00                79s

    6079 PPushes remaining with PInf 0.0000000e+00                79s
       0 PPushes remaining with PInf 0.0000000e+00                79s

  Push phase complete: Pinf 0.0000000e+00, Dinf 3.0574154e-13     79s


Root simplex log...

Iteration    Objective       Primal Inf.    Dual Inf.      Time
    6891    5.2878478e+03   0.000000e+00   0.000000e+00     79s

Solved with barrier

Root relaxation: objective 5.287848e+03, 6891 iterations, 0.73 seconds (0.75 work units)
Total elapsed time = 80.10s (DegenMoves)

    Nodes    |    Current Node    |     Objective Bounds      |     Work
 Expl Unexpl |  Obj  Depth IntInf | Incumbent    BestBd   Gap | It/Node Time

     0     0 5287.84783    0  390 7835.29120 5287.84783  32.5%     -   80s
H    0     0                    7724.5656085 5287.84783  31.5%     -   81s
H    0     0                    7709.5314775 5414.61062  29.8%     -   82s
     0     0 5414.61062    0  474 7709.53148 5414.61062  29.8%     -   82s
H    0     0                    6900.8149064 5414.61062  21.5%     -   83s
H    0     0                    6847.8001799 5414.61062  20.9%     -   84s
     0     0 5429.38749    0  467 6847.80018 5429.38749  20.7%     -   84s
     0     0 5681.01406    0  580 6847.80018 5681.01406  17.0%     -   85s
     0     0 5703.18744    0  574 6847.80018 5703.18744  16.7%     -   85s
     0     0 5709.07837    0  582 6847.80018 5709.07837  16.6%     -   86s
     0     0 5711.13746    0  588 6847.80018 5711.13746  16.6%     -   86s
     0     0 5711.70905    0  583 6847.80018 5711.70905  16.6%     -   86s
     0     0 5711.70905    0  585 6847.80018 5711.70905  16.6%     -   86s
     0     0 5861.01522    0  509 6847.80018 5861.01522  14.4%     -   88s
     0     0 5861.01522    0  509 6847.80018 5861.01522  14.4%     -   88s
     0     0 5955.04856    0  416 6847.80018 5955.04856  13.0%     -   89s
H    0     0                    6692.5468677 5955.04856  11.0%     -   89s
     0     0 5955.04856    0  468 6692.54687 5955.04856  11.0%     -   89s
     0     0 6049.66605    0  434 6692.54687 6049.66605  9.61%     -   90s
H    0     0                    6551.6729551 6049.66605  7.66%     -   91s
     0     0 6049.66605    0  438 6551.67296 6049.66605  7.66%     -   91s
     0     0 6099.77573    0  434 6551.67296 6099.77573  6.90%     -   92s
H    0     0                    6544.7703047 6099.77573  6.80%     -   92s
H    0     0                    6543.8677288 6099.77573  6.79%     -   92s
     0     0 6099.77573    0  267 6543.86773 6099.77573  6.79%     -   93s
H    0     0                    6243.0712558 6099.77573  2.30%     -   95s
     0     0 6099.99005    0  407 6243.07126 6099.99005  2.29%     -   99s
     0     0 6099.99005    0  625 6243.07126 6099.99005  2.29%     -   99s
     0     0 6099.99005    0  691 6243.07126 6099.99005  2.29%     -  100s
     0     0 6099.99005    0  701 6243.07126 6099.99005  2.29%     -  101s
     0     0 6099.99005    0  737 6243.07126 6099.99005  2.29%     -  103s
     0     0 6099.99005    0  759 6243.07126 6099.99005  2.29%     -  104s
     0     0 6099.99005    0  727 6243.07126 6099.99005  2.29%     -  105s
     0     0 6099.99005    0  715 6243.07126 6099.99005  2.29%     -  106s
     0     0 6099.99005    0  694 6243.07126 6099.99005  2.29%     -  106s
     0     0 6099.99005    0  770 6243.07126 6099.99005  2.29%     -  107s
     0     0 6099.99005    0  747 6243.07126 6099.99005  2.29%     -  108s
     0     0 6099.99005    0  599 6243.07126 6099.99005  2.29%     -  111s
     0     0 6099.99005    0  604 6243.07126 6099.99005  2.29%     -  111s
     0     0 6099.99005    0  614 6243.07126 6099.99005  2.29%     -  112s
     0     0 6099.99005    0  595 6243.07126 6099.99005  2.29%     -  112s
     0     0 6099.99005    0  602 6243.07126 6099.99005  2.29%     -  112s
     0     0 6099.99005    0  618 6243.07126 6099.99005  2.29%     -  112s
     0     0 6099.99005    0  646 6243.07126 6099.99005  2.29%     -  112s
     0     0 6099.99005    0  638 6243.07126 6099.99005  2.29%     -  112s
     0     0 6099.99005    0  646 6243.07126 6099.99005  2.29%     -  112s
     0     0 6099.99005    0  654 6243.07126 6099.99005  2.29%     -  112s
     0     0 6099.99005    0  664 6243.07126 6099.99005  2.29%     -  112s
     0     0 6099.99005    0  535 6243.07126 6099.99005  2.29%     -  113s
     0     0 6099.99005    0  541 6243.07126 6099.99005  2.29%     -  113s
     0     0 6099.99005    0  560 6243.07126 6099.99005  2.29%     -  114s
     0     0 6099.99005    0  631 6243.07126 6099.99005  2.29%     -  116s
     0     0 6099.99005    0  636 6243.07126 6099.99005  2.29%     -  116s
     0     0 6099.99005    0  626 6243.07126 6099.99005  2.29%     -  116s
     0     0 6099.99005    0  669 6243.07126 6099.99005  2.29%     -  117s
     0     0 6099.99005    0  640 6243.07126 6099.99005  2.29%     -  117s
     0     0 6099.99005    0  625 6243.07126 6099.99005  2.29%     -  118s
     0     0 6099.99005    0  604 6243.07126 6099.99005  2.29%     -  118s
     0     0 6099.99005    0  606 6243.07126 6099.99005  2.29%     -  118s
     0     0 6099.99005    0  635 6243.07126 6099.99005  2.29%     -  118s
     0     0 6099.99005    0  635 6243.07126 6099.99005  2.29%     -  119s
     0     0 6099.99005    0  571 6243.07126 6099.99005  2.29%     -  119s
     0     0 6099.99005    0  678 6243.07126 6099.99005  2.29%     -  120s
     0     0 6099.99005    0  661 6243.07126 6099.99005  2.29%     -  120s
     0     0 6099.99005    0  669 6243.07126 6099.99005  2.29%     -  120s
     0     0 6099.99005    0  693 6243.07126 6099.99005  2.29%     -  121s
     0     0 6099.99005    0  614 6243.07126 6099.99005  2.29%     -  121s
     0     0 6099.99005    0  705 6243.07126 6099.99005  2.29%     -  121s
     0     0 6099.99005    0  690 6243.07126 6099.99005  2.29%     -  121s
     0     0 6099.99005    0  671 6243.07126 6099.99005  2.29%     -  121s
     0     0 6099.99005    0  704 6243.07126 6099.99005  2.29%     -  121s
     0     0 6099.99005    0  669 6243.07126 6099.99005  2.29%     -  121s
     0     0 6099.99005    0  616 6243.07126 6099.99005  2.29%     -  121s
     0     0 6099.99005    0  630 6243.07126 6099.99005  2.29%     -  122s
     0     0 6099.99005    0  592 6243.07126 6099.99005  2.29%     -  122s
     0     0 6099.99005    0  612 6243.07126 6099.99005  2.29%     -  122s
     0     0 6099.99005    0  563 6243.07126 6099.99005  2.29%     -  122s
     0     0 6099.99005    0  574 6243.07126 6099.99005  2.29%     -  123s
     0     0 6099.99005    0  561 6243.07126 6099.99005  2.29%     -  123s
     0     0 6099.99005    0  451 6243.07126 6099.99005  2.29%     -  123s
     0     0 6099.99005    0  528 6243.07126 6099.99005  2.29%     -  123s
     0     0 6099.99005    0  499 6243.07126 6099.99005  2.29%     -  123s
     0     0 6099.99005    0  556 6243.07126 6099.99005  2.29%     -  123s
     0     0 6099.99005    0  573 6243.07126 6099.99005  2.29%     -  123s
     0     0 6099.99005    0  583 6243.07126 6099.99005  2.29%     -  124s
     0     0 6099.99005    0  581 6243.07126 6099.99005  2.29%     -  124s
     0     0 6099.99005    0  577 6243.07126 6099.99005  2.29%     -  124s
     0     0 6099.99005    0  612 6243.07126 6099.99005  2.29%     -  124s
     0     0 6099.99005    0  605 6243.07126 6099.99005  2.29%     -  125s
     0     0 6099.99005    0  616 6243.07126 6099.99005  2.29%     -  125s
     0     0 6099.99005    0  151 6243.07126 6099.99005  2.29%     -  126s
     0     0 6099.99005    0  194 6243.07126 6099.99005  2.29%     -  126s
     0     0 6099.99005    0  112 6243.07126 6099.99005  2.29%     -  126s
     0     0 6099.99005    0   93 6243.07126 6099.99005  2.29%     -  127s
     0     0 6099.99005    0   93 6243.07126 6099.99005  2.29%     -  127s
     0     0 6099.99005    0   93 6243.07126 6099.99005  2.29%     -  128s
     0     2 6099.99005    0   93 6243.07126 6099.99005  2.29%     -  129s
     6     3 6101.36714    3  117 6243.07126 6101.36714  2.27%  1192  130s
*   25     8               7    6150.1892393 6102.95856  0.77%   419  130s
H   33     6                    6109.3242319 6102.95856  0.10%   355  131s

Cutting planes:
  Clique: 1
  MIR: 13
  GUB cover: 1
  Zero half: 60

Explored 39 nodes (212683 simplex iterations) in 131.67 seconds (235.76 work units)
Thread count was 16 (of 18 available processors)

Solution count 10: 6109.32 6150.19 6243.07 ... 7709.53

Optimal solution found (tolerance 1.00e-04)
Best objective 6.109324231855e+03, best bound 6.109324231855e+03, gap 0.0000%

---------------------------------------------------------------------------
Multi-objectives: solved in 131.79 seconds (235.76 work units), solution count 10

