
Gurobi 11.0.0 (win64) logging started Mon Dec 23 06:28:39 2024

Set parameter LogFile to value "C:\Users\Administrator\Desktop\OptRail_Railroad_Construction\Data\Solution\AnzahlAuftraege_NEW_20\a20_o236_m12_an106_ar24\6_Objectives\hierarchical\gurobi_a20_o236_m12_an106_ar24_hierarchical.log"
Gurobi Optimizer version 11.0.0 build v11.0.0rc2 (win64 - Windows Server 2022.0 (20348.2))

CPU model: AMD EPYC 7513 32-Core Processor, instruction set [SSE2|AVX|AVX2]
Thread count: 18 physical cores, 18 logical processors, using up to 16 threads

Optimize a model with 10080 rows, 1295900 columns and 6236021 nonzeros
Model fingerprint: 0xf251a904
Variable types: 0 continuous, 1295900 integer (1295900 binary)
Coefficient statistics:
  Matrix range     [1e+00, 1e+01]
  Objective range  [1e+00, 2e+02]
  Bounds range     [1e+00, 1e+00]
  RHS range        [1e+00, 2e+02]

---------------------------------------------------------------------------
Multi-objectives: starting optimization with 6 objectives ... 
---------------------------------------------------------------------------

Multi-objectives: applying initial presolve ...
---------------------------------------------------------------------------

Presolve removed 412 rows and 0 columns (presolve time = 5s) ...
Presolve added 1082 rows and 1494 columns
Presolve time: 5.88s
Presolved: 11162 rows, 1297394 columns, 5911768 nonzeros
---------------------------------------------------------------------------

Multi-objectives: optimize objective 1 () ...
---------------------------------------------------------------------------

Found heuristic solution: objective 0.0000000
Presolve removed 824 rows and 676657 columns (presolve time = 5s) ...
Presolve removed 1658 rows and 676660 columns (presolve time = 10s) ...
Presolve removed 1657 rows and 676659 columns
Presolve time: 10.95s
Presolved: 9505 rows, 620735 columns, 5644660 nonzeros
Variable types: 0 continuous, 620735 integer (620403 binary)
Deterministic concurrent LP optimizer: primal simplex, dual simplex, and barrier
Showing barrier log only...

Root barrier log...

Ordering time: 0.41s

Barrier statistics:
 AA' NZ     : 1.109e+06
 Factor NZ  : 3.247e+06 (roughly 180 MB of memory)
 Factor Ops : 2.429e+09 (less than 1 second per iteration)
 Threads    : 14

                  Objective                Residual
Iter       Primal          Dual         Primal    Dual     Compl     Time
   0  -6.04839889e+02 -1.01611472e+06  6.48e+05 4.56e-01  6.06e+01    22s
   1  -2.76846788e+02 -9.80312235e+05  3.31e+05 1.25e+00  3.14e+01    22s
   2  -5.03916508e+01 -8.72857168e+05  5.57e+04 2.74e-01  6.07e+00    22s
   3  -2.85999740e+01 -5.55642417e+05  1.25e+04 3.05e-02  1.69e+00    22s
   4  -2.77438999e+01 -4.07476552e+05  8.74e+03 1.84e-02  1.16e+00    22s
   5  -2.93276177e+01 -3.43138061e+05  6.53e+03 1.30e-02  8.99e-01    22s
   6  -2.91107536e+01 -2.34982277e+05  5.68e+03 9.08e-03  6.77e-01    22s
   7  -2.33574305e+01 -1.62849687e+05  2.72e+03 4.52e-03  3.83e-01    22s
   8  -2.02083872e+01 -6.73699626e+04  5.26e+02 1.95e-03  1.19e-01    22s
   9  -1.83548785e+01 -5.40090014e+04  2.70e+02 1.27e-03  8.68e-02    22s
  10  -1.69339111e+01 -4.02134019e+04  1.70e+02 5.37e-04  6.28e-02    23s
  11  -1.64613577e+01 -3.09927094e+04  1.28e+02 1.98e-04  4.82e-02    23s
  12  -1.58348358e+01 -1.86791929e+04  6.64e+01 1.84e-05  2.84e-02    23s
  13  -1.57210133e+01 -1.26652628e+04  2.47e+01 1.82e-14  1.81e-02    23s
  14  -1.58082944e+01 -6.61704371e+03  1.47e+01 8.44e-15  9.60e-03    23s
  15  -1.58104223e+01 -6.42621654e+03  6.77e+00 9.31e-15  8.87e-03    23s
  16  -1.54199508e+01 -4.69468575e+03  2.08e+00 9.05e-05  6.30e-03    23s
  17  -1.50134031e+01 -3.30856062e+03  4.48e-02 2.89e-05  4.36e-03    23s
  18  -1.50153154e+01 -2.67724197e+03  2.30e-03 6.27e-05  3.52e-03    23s
  19  -1.53048497e+01 -5.68843030e+02  1.15e-13 1.15e-05  7.31e-04    23s
  20  -1.56334056e+01 -2.87615074e+02  6.24e-14 9.04e-06  3.59e-04    23s
  21  -1.63546323e+01 -1.06914357e+02  2.00e-13 9.06e-07  1.20e-04    23s
  22  -1.67681747e+01 -6.57148044e+01  1.56e-13 1.22e-15  6.46e-05    24s
  23  -1.73059870e+01 -4.24146992e+01  1.79e-13 8.09e-16  3.31e-05    24s
  24  -1.74239230e+01 -3.34075578e+01  1.63e-13 5.75e-16  2.11e-05    24s
  25  -1.74707800e+01 -3.02117381e+01  1.31e-13 5.99e-16  1.68e-05    24s
  26  -1.76014079e+01 -2.66693918e+01  6.12e-13 5.26e-16  1.20e-05    24s
  27  -1.77318050e+01 -2.12730280e+01  5.24e-13 8.88e-16  4.68e-06    24s
  28  -1.77927017e+01 -1.90919650e+01  1.24e-12 4.44e-16  1.72e-06    24s
  29  -1.78760697e+01 -1.82261018e+01  1.45e-12 8.88e-16  4.62e-07    24s
  30  -1.78738225e+01 -1.80494934e+01  9.76e-12 8.88e-16  2.32e-07    24s
  31  -1.79100968e+01 -1.79448063e+01  1.63e-11 8.88e-16  4.58e-08    24s
  32  -1.79173944e+01 -1.79218086e+01  2.81e-11 4.44e-16  5.83e-09    25s
  33  -1.79204386e+01 -1.79204758e+01  1.82e-11 8.88e-16  4.91e-11    25s
  34  -1.79204545e+01 -1.79204545e+01  2.48e-11 2.42e-16  8.34e-17    25s

Barrier solved model in 34 iterations and 24.67 seconds (62.41 work units)
Optimal objective -1.79204545e+01


Root crossover log...

    1645 DPushes remaining with DInf 0.0000000e+00                28s
       0 DPushes remaining with DInf 0.0000000e+00                28s

     994 PPushes remaining with PInf 0.0000000e+00                28s
       0 PPushes remaining with PInf 0.0000000e+00                29s

  Push phase complete: Pinf 0.0000000e+00, Dinf 4.2080896e-12     29s


Root simplex log...

Iteration    Objective       Primal Inf.    Dual Inf.      Time
    1779   -1.7920455e+01   0.000000e+00   0.000000e+00     29s
Concurrent spin time: 1.08s (can be avoided by choosing Method=3)

Solved with barrier
    1779   -1.7920455e+01   0.000000e+00   0.000000e+00     30s

Use crossover to convert LP symmetric solution to basic solution...

Root crossover log...

    2343 DPushes remaining with DInf 0.0000000e+00                30s
       0 DPushes remaining with DInf 0.0000000e+00                30s

    2194 PPushes remaining with PInf 0.0000000e+00                30s
    1262 PPushes remaining with PInf 0.0000000e+00                30s
       0 PPushes remaining with PInf 0.0000000e+00                30s

  Push phase complete: Pinf 0.0000000e+00, Dinf 3.7731338e-11     30s


Root simplex log...

Iteration    Objective       Primal Inf.    Dual Inf.      Time
    4817   -1.7920455e+01   0.000000e+00   0.000000e+00     30s
    4817   -1.7920455e+01   0.000000e+00   0.000000e+00     30s

Root relaxation: objective -1.792045e+01, 4817 iterations, 12.83 seconds (14.80 work units)

    Nodes    |    Current Node    |     Objective Bounds      |     Work
 Expl Unexpl |  Obj  Depth IntInf | Incumbent    BestBd   Gap | It/Node Time

     0     0  -17.92045    0 4083    0.00000  -17.92045      -     -   84s
H    0     0                     -11.0000000  -17.92045  62.9%     -   90s
     0     0  -17.92045    0 3817  -11.00000  -17.92045  62.9%     -  218s
     0     0  -17.90000    0 3673  -11.00000  -17.90000  62.7%     -  437s
     0     0  -17.90000    0 3632  -11.00000  -17.90000  62.7%     -  647s
H    0     0                     -13.0000000  -17.90000  37.7%     -  654s
     0     0  -17.90000    0 3520  -13.00000  -17.90000  37.7%     -  693s
     0     0  -17.90000    0 3483  -13.00000  -17.90000  37.7%     -  827s
     0     0  -17.90000    0 3332  -13.00000  -17.90000  37.7%     -  873s
     0     0  -17.90000    0 3305  -13.00000  -17.90000  37.7%     -  906s
H    0     0                     -14.0000000  -17.90000  27.9%     -  912s
     0     0  -17.90000    0 2894  -14.00000  -17.90000  27.9%     -  950s
     0     0  -17.79545    0 2879  -14.00000  -17.79545  27.1%     - 1029s
     0     0  -17.77273    0 2867  -14.00000  -17.77273  26.9%     - 1048s
     0     0  -17.77273    0 2848  -14.00000  -17.77273  26.9%     - 1063s
     0     0  -17.75000    0 2791  -14.00000  -17.75000  26.8%     - 1080s
     0     0  -17.75000    0 2743  -14.00000  -17.75000  26.8%     - 1084s
     0     0  -17.75000    0 2715  -14.00000  -17.75000  26.8%     - 1087s
     0     0  -17.75000    0 2691  -14.00000  -17.75000  26.8%     - 1131s
     0     0  -17.75000    0 2650  -14.00000  -17.75000  26.8%     - 1137s
     0     0  -17.75000    0 2602  -14.00000  -17.75000  26.8%     - 1223s
     0     0  -17.75000    0 2593  -14.00000  -17.75000  26.8%     - 1226s
     0     0  -17.75000    0 2567  -14.00000  -17.75000  26.8%     - 1288s
     0     0  -17.75000    0 2567  -14.00000  -17.75000  26.8%     - 1350s
H    0     0                     -16.0000000  -17.75000  10.9%     - 1506s
     0     2  -17.75000    0 2567  -16.00000  -17.75000  10.9%     - 1634s
     1     4  -17.66667    1 2916  -16.00000  -17.75000  10.9% 188539 2448s
     3     8  -17.50000    2 2086  -16.00000  -17.75000  10.9% 103881 2998s
     7    14     cutoff    3       -16.00000  -17.70000  10.6% 78474 3600s
    15    28  -17.66667    4 2080  -16.00000  -17.66667  10.4% 67439 3730s
    29    40  -17.50000    5 2099  -16.00000  -17.50000  9.38% 92191 6000s
H   30    40                     -17.0000000  -17.50000  2.94% 89118 6000s

Cutting planes:
  Cover: 8
  Implied bound: 1
  MIR: 4
  GUB cover: 8
  Zero half: 1
  Relax-and-lift: 35

Explored 45 nodes (3319951 simplex iterations) in 6001.40 seconds (12569.23 work units)
Thread count was 16 (of 18 available processors)

Solution count 6: -17 -16 -14 ... 0
No other solutions better than -17

Optimal solution found (tolerance 1.00e-04)
Best objective -1.700000000000e+01, best bound -1.700000000000e+01, gap 0.0000%
---------------------------------------------------------------------------

Multi-objectives: optimize objective 2 () ...
---------------------------------------------------------------------------


Loaded user MIP start with objective 164

Presolve removed 0 rows and 675423 columns (presolve time = 5s) ...
Presolve removed 0 rows and 675423 columns
Presolve time: 6.22s
Presolved: 11163 rows, 621971 columns, 5723648 nonzeros
Variable types: 0 continuous, 621971 integer (621639 binary)
Found heuristic solution: objective 125.0000000
Deterministic concurrent LP optimizer: primal simplex, dual simplex, and barrier
Showing barrier log only...

Root barrier log...

Ordering time: 0.78s

Barrier statistics:
 AA' NZ     : 1.669e+06
 Factor NZ  : 6.242e+06 (roughly 300 MB of memory)
 Factor Ops : 5.660e+09 (less than 1 second per iteration)
 Threads    : 14

                  Objective                Residual
Iter       Primal          Dual         Primal    Dual     Compl     Time
   0   4.15423824e+03 -2.75179113e+05  6.15e+05 2.34e-02  7.99e+00  6012s
   1   2.80936557e+03 -2.61438155e+05  2.28e+05 1.29e-01  3.03e+00  6012s
   2   1.17686807e+03 -2.10723242e+05  8.09e+04 1.24e-02  1.09e+00  6013s
   3   6.52554243e+02 -1.57513184e+05  3.67e+04 2.39e-03  5.04e-01  6013s
   4   4.30826507e+02 -6.66268617e+04  1.87e+04 2.89e-15  2.11e-01  6013s
   5   3.18518926e+02 -4.32213126e+04  1.07e+04 3.11e-15  1.20e-01  6013s
   6   2.62013399e+02 -3.27605401e+04  8.10e+03 2.66e-15  8.94e-02  6013s
   7   2.31517238e+02 -2.18723258e+04  7.01e+03 1.78e-15  7.04e-02  6013s
   8   4.96432224e+01 -8.50115609e+03  1.45e+03 2.04e-14  1.73e-02  6013s
   9   1.31637445e+01 -6.96088397e+03  3.45e+02 6.22e-14  8.07e-03  6014s
  10   9.74533456e+00 -5.25432097e+03  2.27e+02 1.71e-14  5.87e-03  6014s
  11   9.20203395e+00 -4.01101171e+03  2.13e+02 1.24e-14  4.77e-03  6014s
  12   4.93922030e+00 -3.15445008e+03  9.57e+01 1.11e-14  3.22e-03  6014s
  13   2.40479784e+00 -1.51898834e+03  4.37e+01 1.15e-14  1.54e-03  6014s
  14   1.84908309e+00 -1.22945563e+03  3.36e+01 1.87e-14  1.23e-03  6014s
  15   8.22474422e-01 -8.64533115e+02  1.67e+01 7.11e-15  8.17e-04  6015s
  16   5.96698282e-01 -5.35948885e+02  1.24e+01 1.11e-15  5.28e-04  6015s
  17   2.92858014e-01 -4.05284849e+02  7.65e+00 1.78e-15  3.86e-04  6015s
  18   7.80528451e-02 -2.76633886e+02  3.94e+00 1.33e-15  2.53e-04  6015s
  19   2.44910053e-02 -2.14483403e+02  2.52e+00 1.33e-15  1.91e-04  6015s
  20   1.92712173e-02 -1.08170304e+02  5.31e-01 1.11e-15  9.01e-05  6015s
  21   3.68507197e-03 -2.04929582e+01  2.66e-02 9.34e-16  1.65e-05  6015s
  22   1.81754989e-04 -6.57358638e-02  9.88e-06 8.74e-16  5.30e-08  6016s
  23   1.92423836e-10 -7.16695093e-08  1.03e-11 8.19e-16  5.77e-14  6016s
  24   2.65095306e-13 -7.16695093e-11  6.84e-13 7.41e-16  5.77e-17  6016s

Barrier solved model in 24 iterations and 6015.81 seconds (12596.75 work units)
Optimal objective 2.65095306e-13

  Building initial crossover basis                              6020s
  Building initial crossover basis                              6025s

Root crossover log...

    3041 DPushes remaining with DInf 0.0000000e+00              6026s
       0 DPushes remaining with DInf 0.0000000e+00              6026s

    1702 PPushes remaining with PInf 0.0000000e+00              6026s
       0 PPushes remaining with PInf 0.0000000e+00              6026s

  Push phase complete: Pinf 0.0000000e+00, Dinf 0.0000000e+00   6026s


Root simplex log...

Iteration    Objective       Primal Inf.    Dual Inf.      Time
    1924    0.0000000e+00   0.000000e+00   0.000000e+00   6026s

Solved with barrier
    1924    0.0000000e+00   0.000000e+00   0.000000e+00   6030s

Root relaxation: objective 0.000000e+00, 1924 iterations, 21.45 seconds (22.97 work units)

    Nodes    |    Current Node    |     Objective Bounds      |     Work
 Expl Unexpl |  Obj  Depth IntInf | Incumbent    BestBd   Gap | It/Node Time

     0     0    0.00000    0 5290  125.00000    0.00000   100%     - 6120s
H    0     0                     104.0000000    0.00000   100%     - 6130s
     0     0    0.00000    0 5120  104.00000    0.00000   100%     - 6369s
     0     0    0.00000    0 5070  104.00000    0.00000   100%     - 6722s
     0     0    0.00000    0 5059  104.00000    0.00000   100%     - 7014s
H    0     0                      84.0000000    0.00000   100%     - 7066s
     0     0    0.00000    0 5069   84.00000    0.00000   100%     - 7124s
     0     0    0.00000    0 5043   84.00000    0.00000   100%     - 7447s
     0     0    0.00000    0 5072   84.00000    0.00000   100%     - 7499s
     0     0    0.00000    0 5442   84.00000    0.00000   100%     - 8251s
H    0     0                      78.0000000    0.00000   100%     - 8296s
     0     0    0.00000    0 5602   78.00000    0.00000   100%     - 8861s
     0     0    0.00000    0 5602   78.00000    0.00000   100%     - 8954s
H    0     2                      76.0000000    0.00000   100%     - 10559s
     0     2    0.00000    0 5602   76.00000    0.00000   100%     - 10559s

Cutting planes:
  Cover: 3
  MIR: 7
  GUB cover: 2
  RLT: 21
  Relax-and-lift: 175
  BQP: 1

Explored 1 nodes (548898 simplex iterations) in 10800.22 seconds (22235.19 work units)
Thread count was 16 (of 18 available processors)

Solution count 6: 76 78 84 ... 164

Time limit reached
Best objective 7.600000000000e+01, best bound 0.000000000000e+00, gap 100.0000%

---------------------------------------------------------------------------
Multi-objectives: stopped in 10800.58 seconds (22235.19 work units), solution count 10
Time Limit reached

