
Gurobi 11.0.0 (win64) logging started Thu Dec 19 17:39:47 2024

Set parameter LogFile to value "C:\Users\Administrator\Desktop\OptRail_Railroad_Construction\Data\Solution\Reduced\a3_o80_m10_an10_ar9_reduced\6_Objectives\costs\gurobi_a3_o80_m10_an10_ar9_reduced_costs.log"
Gurobi Optimizer version 11.0.0 build v11.0.0rc2 (win64 - Windows Server 2022.0 (20348.2))

CPU model: AMD EPYC 7513 32-Core Processor, instruction set [SSE2|AVX|AVX2]
Thread count: 18 physical cores, 18 logical processors, using up to 16 threads

Optimize a model with 1625 rows, 72262 columns and 549291 nonzeros
Model fingerprint: 0x4cfb4218
Variable types: 0 continuous, 72262 integer (72262 binary)
Coefficient statistics:
  Matrix range     [1e+00, 1e+01]
  Objective range  [1e+00, 2e+02]
  Bounds range     [1e+00, 1e+00]
  RHS range        [1e+00, 2e+02]

---------------------------------------------------------------------------
Multi-objectives: starting optimization with 6 objectives (1 combined) ...
---------------------------------------------------------------------------
---------------------------------------------------------------------------

Multi-objectives: optimize objective 1 (weighted) ...
---------------------------------------------------------------------------

Optimize a model with 1625 rows, 72262 columns and 549291 nonzeros
Model fingerprint: 0xd992a0e9
Variable types: 0 continuous, 72262 integer (72262 binary)
Coefficient statistics:
  Matrix range     [1e+00, 1e+01]
  Objective range  [8e+00, 1e+06]
  Bounds range     [1e+00, 1e+00]
  RHS range        [1e+00, 2e+02]
Found heuristic solution: objective 0.0000000
Presolve removed 148 rows and 37351 columns
Presolve time: 0.59s
Presolved: 1477 rows, 34911 columns, 416347 nonzeros
Variable types: 0 continuous, 34911 integer (34911 binary)
Deterministic concurrent LP optimizer: primal and dual simplex
Showing primal log only...

Concurrent spin time: 1.06s (can be avoided by choosing Method=3)

Solved with dual simplex

Root relaxation: objective -2.959285e+06, 9587 iterations, 3.25 seconds (4.05 work units)

    Nodes    |    Current Node    |     Objective Bounds      |     Work
 Expl Unexpl |  Obj  Depth IntInf | Incumbent    BestBd   Gap | It/Node Time

     0     0 -2959285.2    0  448    0.00000 -2959285.2      -     -    4s
H    0     0                    -976153.0365 -2959285.2   203%     -    4s
     0     0 -2958250.2    0  557 -976153.04 -2958250.2   203%     -    6s
     0     0 -2956210.5    0  555 -976153.04 -2956210.5   203%     -    7s
     0     0 -2953548.5    0  614 -976153.04 -2953548.5   203%     -    9s
     0     0 -2952390.8    0  589 -976153.04 -2952390.8   202%     -   11s
     0     0 -2950693.6    0  581 -976153.04 -2950693.6   202%     -   12s
H    0     0                    -2948418.589 -2950678.8  0.08%     -   13s
     0     0 -2950678.8    0  636 -2948418.6 -2950678.8  0.08%     -   13s
H    0     0                    -2948456.421 -2950678.8  0.08%     -   22s
H    0     0                    -2948471.714 -2950672.3  0.07%     -   23s
     0     0 -2950672.3    0  633 -2948471.7 -2950672.3  0.07%     -   23s
     0     0 -2950672.3    0  633 -2948471.7 -2950672.3  0.07%     -   23s
     0     0 -2950661.7    0  510 -2948471.7 -2950661.7  0.07%     -   24s
     0     0 -2950661.5    0  455 -2948471.7 -2950661.5  0.07%     -   30s
     0     0 -2950661.5    0  635 -2948471.7 -2950661.5  0.07%     -   32s
     0     0 -2950661.5    0  633 -2948471.7 -2950661.5  0.07%     -   33s
     0     0 -2950661.5    0  626 -2948471.7 -2950661.5  0.07%     -   35s
     0     0 -2950661.5    0  647 -2948471.7 -2950661.5  0.07%     -   35s
     0     0 -2950661.5    0  606 -2948471.7 -2950661.5  0.07%     -   37s
     0     0 -2950654.9    0  590 -2948471.7 -2950654.9  0.07%     -   37s
     0     0 -2950653.6    0  598 -2948471.7 -2950653.6  0.07%     -   38s
     0     0 -2950648.5    0  567 -2948471.7 -2950648.5  0.07%     -   39s
     0     0 -2950647.4    0  573 -2948471.7 -2950647.4  0.07%     -   39s
H    0     0                    -2948482.702 -2950634.7  0.07%     -   40s
     0     0 -2950634.7    0  615 -2948482.7 -2950634.7  0.07%     -   40s
H    0     0                    -2948495.828 -2950633.0  0.07%     -   47s
H    0     0                    -2948496.361 -2950633.0  0.07%     -   47s
     0     0 -2950633.0    0  607 -2948496.4 -2950633.0  0.07%     -   47s
     0     0 -2950633.0    0  613 -2948496.4 -2950633.0  0.07%     -   47s
     0     0 -2950631.1    0  540 -2948496.4 -2950631.1  0.07%     -   48s
     0     2 -2950625.4    0  515 -2948496.4 -2950625.4  0.07%     -   54s
     1     4 -2950603.2    1  536 -2948496.4 -2950625.4  0.07%  6155   55s
    79    96 -2950510.4    6  535 -2948496.4 -2950544.9  0.07%   757   60s
H  143   164                    -2948783.312 -2950543.6  0.06%   664   71s
   222   376 -2950160.9   11  456 -2948783.3 -2950543.6  0.06%   574   75s
   375   654 -2950503.0   16  442 -2948783.3 -2950543.6  0.06%   513   91s
   653  1442 -2950466.0   26  461 -2948783.3 -2950543.6  0.06%   483  125s
H 1230  1442                    -2948805.637 -2950543.6  0.06%   440  125s
  1502  2894 -2950152.4   67  394 -2948805.6 -2950543.6  0.06%   452  140s
  3291  3866     cutoff  158      -2948805.6 -2950542.9  0.06%   366  152s
H 3395  3862                    -2948837.890 -2950541.0  0.06%   362  152s
  4603  4855 -2949754.1   25  372 -2948837.9 -2950537.9  0.06%   332  163s
  5964  4856 -2949466.6   44  510 -2948837.9 -2950515.5  0.06%   319  169s
  5966  4857 -2950231.3   13  452 -2948837.9 -2950515.5  0.06%   318  172s
  5968  4859 -2948990.0   36  549 -2948837.9 -2950515.5  0.06%   318  176s
  5971  4861 -2949481.1  115  645 -2948837.9 -2950515.5  0.06%   318  181s
  5976  4864 -2949757.2   78  496 -2948837.9 -2950515.5  0.06%   318  186s
  5978  4865 -2949942.4   40  559 -2948837.9 -2950515.5  0.06%   318  191s
  5984  4869 -2949245.6  231  416 -2948837.9 -2950513.9  0.06%   318  196s
  5985  4870 -2950370.0   13  416 -2948837.9 -2950513.9  0.06%   317  233s
  5986  4874 -2950478.4   12  529 -2948837.9 -2950513.9  0.06%   326  236s
  6000  4897 -2950453.3   15  616 -2948837.9 -2950453.6  0.05%   327  241s
  6016  4908 -2950437.2   16  470 -2948837.9 -2950453.3  0.05%   328  252s
  6064  4940 -2950436.6   17  558 -2948837.9 -2950449.0  0.05%   331  255s
  6130  4986 -2950265.7   19  424 -2948837.9 -2950449.0  0.05%   334  261s
  6207  5076 -2950245.6   22  459 -2948837.9 -2950449.0  0.05%   340  265s
  6366  5188 -2950207.1   26  407 -2948837.9 -2950449.0  0.05%   346  320s
H 6373  4942                    -2948849.266 -2950449.0  0.05%   346  320s
  6444  4957 -2950052.4   29  346 -2948849.3 -2950449.0  0.05%   347  386s
  6483  5119 -2950180.6   30  388 -2948849.3 -2950449.0  0.05%   347  392s
  6695  5274 -2950134.9   35  372 -2948849.3 -2950449.0  0.05%   349  397s
  6955  5398 -2950115.8   44  367 -2948849.3 -2950449.0  0.05%   347  402s
  7235  5501 -2950081.6   52  303 -2948849.3 -2950449.0  0.05%   346  406s
  7534  5552 -2950038.9   62  208 -2948849.3 -2950449.0  0.05%   343  411s
  7790  5638 -2949970.0   73  249 -2948849.3 -2950449.0  0.05%   343  416s
  8058  5739 -2949860.0   83  236 -2948849.3 -2950448.7  0.05%   344  421s
  8347  5898 -2950294.7   21  422 -2948849.3 -2950448.7  0.05%   345  427s
  8689  6039 -2949861.1   33  327 -2948849.3 -2950448.7  0.05%   343  433s
  9105  6157 -2949174.4   50  443 -2948849.3 -2950441.1  0.05%   341  440s
  9500  6339 -2950357.1   21  507 -2948849.3 -2950440.0  0.05%   342  448s
 10037  6589 -2949963.5   35  432 -2948849.3 -2950440.0  0.05%   339  456s
 10731  6939 -2949658.0   66  201 -2948849.3 -2950435.3  0.05%   333  481s
 11597  7092 -2950259.1   19  578 -2948849.3 -2950434.5  0.05%   330  489s
 12248  7505 -2949950.8   30  400 -2948849.3 -2950434.5  0.05%   328  499s
 13201  7744     cutoff   51      -2948849.3 -2950408.9  0.05%   328  508s
 14100  8405 -2950286.1   20  576 -2948849.3 -2950406.4  0.05%   324  521s
 15426  9379 -2949391.4   87  238 -2948849.3 -2950396.6  0.05%   317  534s
 17213 10286 -2950118.7   28  491 -2948849.3 -2950376.9  0.05%   305  549s
 18955 11252 -2949755.3  108  352 -2948849.3 -2950375.5  0.05%   301  564s
 20775 11033 -2949573.1   81  331 -2948849.3 -2950373.6  0.05%   297  710s
H20855 11033                    -2948849.267 -2950373.6  0.05%   297  710s
 20889 16529 -2949572.6   85  330 -2948849.3 -2950355.9  0.05%   297  796s
 27721 17904 -2949221.0   62  344 -2948849.3 -2950334.0  0.05%   287  815s
 29948 19389 -2949543.6   74  285 -2948849.3 -2950324.7  0.05%   285  832s
 31848 21239 -2949843.0   34  339 -2948849.3 -2950313.5  0.05%   285  849s
 32359 21239 -2949979.0   38  464 -2948849.3 -2950313.5  0.05%   285  850s
 33973 23284 -2949628.0  104  309 -2948849.3 -2950305.5  0.05%   283  868s
 36414 23944 -2950113.0   36  500 -2948849.3 -2950303.2  0.05%   280  884s
 37309 24777 -2949864.8   85  380 -2948849.3 -2950303.2  0.05%   280  933s
 38343 27214 -2949465.1  139  288 -2948849.3 -2950298.5  0.05%   281  957s
 41476 27215 -2949458.2  110  510 -2948849.3 -2950292.4  0.05%   279 1223s
 41478 27216 -2949426.2  124  456 -2948849.3 -2950292.4  0.05%   279 1227s
 41481 27218 -2950119.6   36  613 -2948849.3 -2950292.4  0.05%   279 1230s
 41484 27220 -2948998.4   24  607 -2948849.3 -2950292.4  0.05%   279 1237s
 41488 27223 -2949074.5   47  656 -2948849.3 -2950292.4  0.05%   279 1240s
 41492 27226 -2949038.3  124  638 -2948849.3 -2950292.4  0.05%   279 1249s
 41493 27226 -2949391.0   91  654 -2948849.3 -2950292.4  0.05%   279 1265s
 41495 27228 -2950163.8   27  659 -2948849.3 -2950292.4  0.05%   279 1272s
 41498 27230 -2949513.1   71  665 -2948849.3 -2950292.4  0.05%   279 1279s
 41499 27230 -2948871.6  146  657 -2948849.3 -2950292.4  0.05%   279 1280s
 41500 27231 -2949526.8  137  661 -2948849.3 -2950292.4  0.05%   279 1285s
 41502 27232 -2949094.1  160  671 -2948849.3 -2950292.4  0.05%   279 1292s
 41503 27233 -2949641.7   93  588 -2948849.3 -2950292.4  0.05%   279 1298s
 41504 27234 -2950148.4   22  588 -2948849.3 -2950292.4  0.05%   279 1311s
 41505 27237 -2950292.4   26  592 -2948849.3 -2950292.4  0.05%   280 1319s
 41507 27241 -2950292.4   27  648 -2948849.3 -2950292.4  0.05%   280 1320s
 41535 27271 -2950292.4   30  641 -2948849.3 -2950292.4  0.05%   281 1326s
 41583 27303 -2950292.4   31  641 -2948849.3 -2950292.4  0.05%   281 1330s
 41633 27337 -2950192.3   33  498 -2948849.3 -2950292.4  0.05%   282 1335s
 41721 27384 -2950092.5   35  495 -2948849.3 -2950292.4  0.05%   283 1340s
 41808 27384 -2949925.7   37  459 -2948849.3 -2950292.4  0.05%   284 1345s
 41920 27399 -2949957.0   39  454 -2948849.3 -2950292.4  0.05%   286 1353s
 41983 27420 -2949955.3   41  439 -2948849.3 -2950292.4  0.05%   286 1355s
 42037 27499 -2949955.3   43  430 -2948849.3 -2950292.4  0.05%   287 1360s
 42157 27614 -2949950.5   48  435 -2948849.3 -2950292.4  0.05%   287 1367s
 42361 27674 -2949796.4   55  340 -2948849.3 -2950292.4  0.05%   288 1381s
H42483 26270                    -2948849.269 -2950292.4  0.05%   288 1381s
 42530 26510     cutoff   58      -2948849.3 -2950292.4  0.05%   288 1388s
 42864 26597     cutoff   69      -2948849.3 -2950292.4  0.05%   288 1396s
 43137 26743 -2949409.6   79  239 -2948849.3 -2950292.4  0.05%   288 1404s
 43495 26788 -2950292.4   34  663 -2948849.3 -2950292.4  0.05%   288 1412s
 43781 26817 -2950123.4   41  560 -2948849.3 -2950292.4  0.05%   289 1422s
 44009 26896 -2949984.2   44  578 -2948849.3 -2950292.4  0.05%   289 1430s
 44277 27005 -2949974.0   55  478 -2948849.3 -2950292.4  0.05%   290 1440s
 44638 27088 -2949939.0   71  368 -2948849.3 -2950292.4  0.05%   291 1462s
 44936 27192 -2949937.8   72  378 -2948849.3 -2950292.4  0.05%   291 1475s
 45317 27365 -2949795.5   91  272 -2948849.3 -2950292.4  0.05%   292 1485s
 45804 27620 -2950132.9   36  594 -2948849.3 -2950292.4  0.05%   292 1498s
 46424 27795 -2950039.4   65  582 -2948849.3 -2950292.4  0.05%   293 1515s
 47078 28037 -2949389.0   98  328 -2948849.3 -2950292.4  0.05%   294 1531s
 47890 28300 -2949024.6  158  262 -2948849.3 -2950292.4  0.05%   295 1557s
 48747 28877 -2950020.5   63  368 -2948849.3 -2950292.4  0.05%   296 1579s
 49934 29288 -2949566.4  147  236 -2948849.3 -2950291.5  0.05%   296 1602s
 51048 29559     cutoff   42      -2948849.3 -2950291.5  0.05%   297 1656s
 52036 30121 -2949161.9  108  265 -2948849.3 -2950288.1  0.05%   298 1695s
 53246 31035 -2949448.1   79  348 -2948849.3 -2950279.6  0.05%   297 1728s
 55079 32517 -2949979.2   56  553 -2948849.3 -2950256.1  0.05%   298 1762s
 57509 32206 -2950044.3   56  200 -2948849.3 -2950256.1  0.05%   297 1816s
 58174 33045 -2949657.4  104  234 -2948849.3 -2950250.2  0.05%   297 1859s
 59869 33853 -2949440.2  114  461 -2948849.3 -2950234.1  0.05%   301 1895s
 62263 34301     cutoff  103      -2948849.3 -2950227.2  0.05%   304 1928s
 64527 34638 -2948920.6   42  393 -2948849.3 -2950201.2  0.05%   310 1951s
 66279 35329 -2949520.2   82  406 -2948849.3 -2950190.1  0.05%   314 1975s
 68282 36017 -2949637.1   86  491 -2948849.3 -2950188.5  0.05%   316 1998s
 70380 36770 -2949784.4   70  610 -2948849.3 -2950177.8  0.05%   318 2022s
 72655 37436 -2949551.9   83  507 -2948849.3 -2950174.0  0.04%   320 2046s
 74940 37636 -2949460.2   85  400 -2948849.3 -2950161.0  0.04%   323 2071s
 76454 38597 -2948886.2   48  547 -2948849.3 -2950160.2  0.04%   324 2096s
 78755 37600     cutoff  115      -2948849.3 -2950148.9  0.04%   327 2120s
 79698 36928     cutoff   58      -2948849.3 -2950115.4  0.04%   336 2147s
 80315 36338     cutoff   66      -2948849.3 -2950068.2  0.04%   347 2175s
 81095 35769 -2948876.7   45  525 -2948849.3 -2950038.6  0.04%   360 2207s
 82246 34863 -2948876.2   43  543 -2948849.3 -2950002.0  0.04%   372 2241s
 83284 33855     cutoff   44      -2948849.3 -2949967.5  0.04%   385 2276s
 84122 32844     cutoff   78      -2948849.3 -2949932.1  0.04%   400 2314s
 84826 32609     cutoff   48      -2948849.3 -2949929.3  0.04%   412 2315s
 84985 31681     cutoff   63      -2948849.3 -2949898.8  0.04%   415 2365s
 85918 30398     cutoff   47      -2948849.3 -2949873.9  0.03%   430 2413s
 86968 28975     cutoff   85      -2948849.3 -2949846.5  0.03%   447 2466s
 88189 27379     cutoff   50      -2948849.3 -2949809.9  0.03%   464 2522s
 89407 25669     cutoff   74      -2948849.3 -2949766.1  0.03%   483 2574s
 90711 23801     cutoff   92      -2948849.3 -2949709.3  0.03%   502 2630s
 92144 21750     cutoff  105      -2948849.3 -2949649.7  0.03%   521 2693s
 93718 19495     cutoff  107      -2948849.3 -2949586.6  0.03%   542 2754s
 95448 17016     cutoff   86      -2948849.3 -2949513.2  0.02%   562 2818s
 97350 14292     cutoff  119      -2948849.3 -2949427.8  0.02%   581 2873s
 99440 11298     cutoff  183      -2948849.3 -2949314.4  0.02%   595 2919s
 100160 11058     cutoff  141      -2948849.3 -2949314.3  0.02%   598 2920s
 101738  9383     cutoff  108      -2948849.3 -2949159.8  0.01%   604 3077s

Cutting planes:
  Gomory: 43
  Cover: 6
  Implied bound: 82
  MIR: 44
  Flow cover: 93
  Inf proof: 4
  Zero half: 90

Explored 105132 nodes (64197873 simplex iterations) in 3079.62 seconds (8062.90 work units)
Thread count was 16 (of 18 available processors)

Solution count 10: -2.94885e+06 -2.94885e+06 -2.94884e+06 ... -2.94846e+06

Optimal solution found (tolerance 1.00e-04)
Best objective -2.948849265856e+06, best bound -2.949110549741e+06, gap 0.0089%

---------------------------------------------------------------------------
Multi-objectives: solved in 3080.73 seconds (8062.90 work units), solution count 10


Gurobi 10.0.3 (mac64[arm]) logging started Sun Dec 29 18:41:40 2024

Set parameter LogFile to value "/Users/niklas/Desktop/Diplomarbeit/OptRail_Railroad_Construction/Data/Solution/Reduced/a3_o80_m10_an10_ar9_reduced/6_Objectives/costs/gurobi_a3_o80_m10_an10_ar9_reduced_costs.log"
Gurobi Optimizer version 10.0.3 build v10.0.3rc0 (mac64[arm])

CPU model: Apple M1 Pro
Thread count: 8 physical cores, 8 logical processors, using up to 16 threads

Warning: Thread count (16) is larger than processor count (8)
         Reduce the value of the Threads parameter to improve performance


Optimize a model with 1625 rows, 72262 columns and 549291 nonzeros
Model fingerprint: 0x4cfb4218
Variable types: 0 continuous, 72262 integer (72262 binary)
Coefficient statistics:
  Matrix range     [1e+00, 1e+01]
  Objective range  [1e+00, 2e+02]
  Bounds range     [1e+00, 1e+00]
  RHS range        [1e+00, 2e+02]

---------------------------------------------------------------------------
Multi-objectives: starting optimization with 6 objectives (1 combined) ...
---------------------------------------------------------------------------
---------------------------------------------------------------------------

Multi-objectives: optimize objective 1 (weighted) ...
---------------------------------------------------------------------------

Optimize a model with 1625 rows, 72262 columns and 549291 nonzeros
Model fingerprint: 0xd992a0e9
Variable types: 0 continuous, 72262 integer (72262 binary)
Coefficient statistics:
  Matrix range     [1e+00, 1e+01]
  Objective range  [8e+00, 1e+06]
  Bounds range     [1e+00, 1e+00]
  RHS range        [1e+00, 2e+02]
Found heuristic solution: objective 0.0000000
Presolve removed 148 rows and 37351 columns
Presolve time: 0.36s
Presolved: 1477 rows, 34911 columns, 416347 nonzeros
Variable types: 0 continuous, 34911 integer (34911 binary)
Deterministic concurrent LP optimizer: primal and dual simplex
Showing first log only...

Concurrent spin time: 0.00s

Solved with dual simplex

Root relaxation: objective -2.959285e+06, 9447 iterations, 1.48 seconds (3.38 work units)

    Nodes    |    Current Node    |     Objective Bounds      |     Work
 Expl Unexpl |  Obj  Depth IntInf | Incumbent    BestBd   Gap | It/Node Time

     0     0 -2959285.2    0  450    0.00000 -2959285.2      -     -    2s
H    0     0                    -976153.0365 -2956512.7   203%     -    3s
     0     0 -2956512.7    0  575 -976153.04 -2956512.7   203%     -    3s
     0     0 -2955315.1    0  591 -976153.04 -2955315.1   203%     -    4s
     0     0 -2953794.1    0  591 -976153.04 -2953794.1   203%     -    4s
     0     0 -2953578.4    0  651 -976153.04 -2953578.4   203%     -    5s
     0     0 -2953548.5    0  618 -976153.04 -2953548.5   203%     -    6s
     0     0 -2952364.5    0  630 -976153.04 -2952364.5   202%     -    7s
     0     0 -2950685.2    0  613 -976153.04 -2950685.2   202%     -    8s
     0     0 -2950683.2    0  614 -976153.04 -2950683.2   202%     -    8s
     0     0 -2950649.4    0  490 -976153.04 -2950649.4   202%     -    9s
H    0     0                    -1964439.759 -2950649.4  50.2%     -   10s
     0     0 -2950639.6    0  631 -1964439.8 -2950639.6  50.2%     -   10s
     0     0 -2950639.6    0  629 -1964439.8 -2950639.6  50.2%     -   10s
     0     0 -2950639.6    0  637 -1964439.8 -2950639.6  50.2%     -   10s
     0     0 -2950639.6    0  624 -1964439.8 -2950639.6  50.2%     -   10s
     0     0 -2950639.6    0  632 -1964439.8 -2950639.6  50.2%     -   11s
     0     0 -2950639.6    0  511 -1964439.8 -2950639.6  50.2%     -   11s
