
Gurobi 11.0.0 (win64) logging started Fri Dec 20 20:39:37 2024

Set parameter LogFile to value "C:\Users\Administrator\Desktop\OptRail_Railroad_Construction\Data\Solution\AnzahlAuftraege_NEW_10\a10_o128_m6_an51_ar13\6_Objectives\costs\gurobi_a10_o128_m6_an51_ar13_costs.log"
Gurobi Optimizer version 11.0.0 build v11.0.0rc2 (win64 - Windows Server 2022.0 (20348.2))

CPU model: AMD EPYC 7513 32-Core Processor, instruction set [SSE2|AVX|AVX2]
Thread count: 18 physical cores, 18 logical processors, using up to 16 threads

Optimize a model with 3373 rows, 205717 columns and 1025257 nonzeros
Model fingerprint: 0x230678a3
Variable types: 0 continuous, 205717 integer (205717 binary)
Coefficient statistics:
  Matrix range     [1e+00, 1e+01]
  Objective range  [1e+00, 2e+02]
  Bounds range     [1e+00, 1e+00]
  RHS range        [1e+00, 2e+02]

---------------------------------------------------------------------------
Multi-objectives: starting optimization with 6 objectives (1 combined) ...
---------------------------------------------------------------------------
---------------------------------------------------------------------------

Multi-objectives: optimize objective 1 (weighted) ...
---------------------------------------------------------------------------

Optimize a model with 3373 rows, 205717 columns and 1025257 nonzeros
Model fingerprint: 0xbc7e0766
Variable types: 0 continuous, 205717 integer (205717 binary)
Coefficient statistics:
  Matrix range     [1e+00, 1e+01]
  Objective range  [6e+00, 1e+06]
  Bounds range     [1e+00, 1e+00]
  RHS range        [1e+00, 2e+02]
Found heuristic solution: objective 0.0000000
Presolve removed 114 rows and 105988 columns
Presolve time: 1.44s
Presolved: 3259 rows, 99729 columns, 907363 nonzeros
Variable types: 0 continuous, 99729 integer (99522 binary)
Deterministic concurrent LP optimizer: primal simplex, dual simplex, and barrier
Showing barrier log only...

Root barrier log...

Ordering time: 0.19s

Barrier statistics:
 AA' NZ     : 3.439e+05
 Factor NZ  : 1.062e+06 (roughly 50 MB of memory)
 Factor Ops : 4.847e+08 (less than 1 second per iteration)
 Threads    : 14

                  Objective                Residual
Iter       Primal          Dual         Primal    Dual     Compl     Time
   0   1.27671491e+08 -9.79157703e+10  1.66e+05 3.92e+04  1.73e+07     2s
   1   4.15072680e+07 -9.17001547e+10  5.01e+04 2.56e+05  5.41e+06     2s
   2   4.01470344e+05 -7.00568743e+10  5.61e+03 2.98e+04  8.52e+05     2s
   3  -3.74354992e+06 -5.25386860e+10  3.92e+03 1.77e+04  5.77e+05     3s
   4  -6.38975319e+06 -3.41240653e+10  1.14e+03 9.35e+03  2.52e+05     3s
   5  -7.98182275e+06 -2.18926745e+10  3.50e+02 6.05e+03  1.33e+05     3s
   6  -8.60264570e+06 -6.21407224e+09  4.95e+01 1.20e+03  3.39e+04     3s
   7  -8.56119485e+06 -3.55096884e+09  1.87e+01 6.70e+02  1.87e+04     3s
   8  -8.46215003e+06 -2.60593885e+09  7.12e+00 4.60e+02  1.34e+04     3s
   9  -8.30770221e+06 -1.53960171e+09  1.74e+00 2.67e+02  7.78e+03     3s
  10  -7.74328519e+06 -1.20416571e+09  3.68e-02 2.04e+02  6.00e+03     3s
  11  -6.37108430e+06 -3.15412712e+08  1.49e-04 4.74e+01  1.54e+03     3s
  12  -6.70354510e+06 -1.36077388e+08  9.94e-05 1.68e+01  6.45e+02     3s
  13  -6.76780191e+06 -1.21854291e+08  9.20e-05 1.50e+01  5.74e+02     3s
  14  -7.34176239e+06 -4.41779790e+07  3.25e-05 1.57e+00  1.84e+02     3s
  15  -7.48906444e+06 -2.81675653e+07  2.56e-05 5.98e-01  1.03e+02     3s
  16  -7.88422084e+06 -2.09851040e+07  1.48e-05 2.43e-01  6.54e+01     3s
  17  -7.88492134e+06 -1.97719295e+07  1.46e-05 2.20e-01  5.93e+01     3s
  18  -7.95364824e+06 -1.72461215e+07  1.32e-05 1.28e-01  4.64e+01     3s
  19  -8.16581720e+06 -1.30198796e+07  9.46e-06 6.99e-10  2.42e+01     3s
  20  -8.10364163e+06 -1.08144635e+07  7.98e-06 6.18e-10  1.35e+01     3s
  21  -8.21285507e+06 -9.62963970e+06  4.63e-06 6.59e-10  7.07e+00     3s
  22  -8.32152492e+06 -8.90258355e+06  1.72e-06 6.37e-10  2.90e+00     3s
  23  -8.34052022e+06 -8.73365936e+06  1.32e-06 4.17e-10  1.96e+00     3s
  24  -8.35688908e+06 -8.62666755e+06  9.87e-07 4.76e-10  1.35e+00     3s
  25  -8.37379545e+06 -8.57885526e+06  6.46e-07 3.69e-10  1.02e+00     3s
  26  -8.38181447e+06 -8.57896921e+06  5.09e-07 3.15e-10  9.83e-01     3s
  27  -8.41028690e+06 -8.47561961e+06  9.53e-08 3.49e-10  3.26e-01     3s
  28  -8.41568568e+06 -8.45445208e+06  4.83e-08 6.92e-10  1.93e-01     3s
  29  -8.42096592e+06 -8.44132286e+06  1.09e-08 3.65e-10  1.02e-01     3s
  30  -8.42150184e+06 -8.44057114e+06  8.65e-09 3.26e-10  9.51e-02     3s
  31  -8.42204461e+06 -8.43572524e+06  6.45e-09 2.63e-10  6.82e-02     3s
  32  -8.42264417e+06 -8.43265884e+06  4.32e-09 3.86e-10  4.99e-02     3s
  33  -8.42298448e+06 -8.43223326e+06  3.29e-09 5.81e-10  4.61e-02     3s
  34  -8.42313350e+06 -8.43131310e+06  2.88e-09 3.08e-10  4.08e-02     3s
  35  -8.42341666e+06 -8.42987941e+06  2.13e-09 2.99e-10  3.22e-02     3s
  36  -8.42359941e+06 -8.42879341e+06  1.73e-09 5.51e-10  2.59e-02     3s
  37  -8.42382223e+06 -8.42812536e+06  1.29e-09 2.72e-10  2.15e-02     3s
  38  -8.42400077e+06 -8.42695773e+06  9.44e-10 2.85e-10  1.47e-02     3s
  39  -8.42413152e+06 -8.42636956e+06  7.04e-10 2.45e-10  1.12e-02     3s
  40  -8.42422783e+06 -8.42586776e+06  5.38e-10 3.13e-10  8.18e-03     3s
  41  -8.42430755e+06 -8.42549175e+06  4.04e-10 2.84e-10  5.91e-03     4s
  42  -8.42441537e+06 -8.42506949e+06  2.43e-10 2.39e-10  3.26e-03     4s
  43  -8.42445273e+06 -8.42494164e+06  1.91e-10 3.35e-10  2.44e-03     4s
  44  -8.42447707e+06 -8.42485163e+06  1.58e-10 3.64e-10  1.87e-03     4s
  45  -8.42452530e+06 -8.42478643e+06  2.08e-10 3.08e-10  1.30e-03     4s
  46  -8.42455063e+06 -8.42475266e+06  2.13e-10 2.47e-10  1.01e-03     4s
  47  -8.42456881e+06 -8.42469410e+06  7.60e-10 3.08e-10  6.25e-04     4s
  48  -8.42458568e+06 -8.42462932e+06  3.33e-10 2.76e-10  2.18e-04     4s
  49  -8.42459119e+06 -8.42461293e+06  2.68e-10 3.73e-10  1.08e-04     4s
  50  -8.42460097e+06 -8.42461041e+06  7.92e-10 2.96e-10  4.71e-05     4s
  51  -8.42460285e+06 -8.42460712e+06  3.19e-10 5.15e-10  2.13e-05     4s
  52  -8.42460351e+06 -8.42460465e+06  5.43e-10 3.27e-10  5.72e-06     4s
  53  -8.42460410e+06 -8.42460412e+06  4.70e-10 3.20e-10  1.42e-07     4s
  54  -8.42460410e+06 -8.42460410e+06  6.74e-12 3.49e-10  1.93e-11     4s

Barrier solved model in 54 iterations and 3.84 seconds (5.69 work units)
Optimal objective -8.42460410e+06

Concurrent spin time: 0.00s

Solved with barrier

Root relaxation: objective -8.424604e+06, 3736 iterations, 2.30 seconds (2.40 work units)
Total elapsed time = 5.14s (DegenMoves)

    Nodes    |    Current Node    |     Objective Bounds      |     Work
 Expl Unexpl |  Obj  Depth IntInf | Incumbent    BestBd   Gap | It/Node Time

     0     0 -8424604.1    0 1189    0.00000 -8424604.1      -     -    8s
H    0     0                    -3956826.810 -8424604.1   113%     -   10s
H    0     0                    -4951366.086 -8424604.1  70.1%     -   12s
     0     0 -8422280.4    0 1250 -4951366.1 -8422280.4  70.1%     -   20s
H    0     0                    -5937437.639 -8422278.3  41.9%     -   35s
H    0     0                    -5937513.568 -8422278.3  41.8%     -   40s
     0     0 -8422278.3    0 1290 -5937513.6 -8422278.3  41.8%     -   40s
     0     0 -8421432.1    0 1327 -5937513.6 -8421432.1  41.8%     -   45s
     0     0 -8415783.5    0 1510 -5937513.6 -8415783.5  41.7%     -   55s
     0     0 -8415783.5    0 1446 -5937513.6 -8415783.5  41.7%     -   59s
     0     0 -8415783.5    0 1463 -5937513.6 -8415783.5  41.7%     -   60s
     0     0 -7936619.7    0 1457 -5937513.6 -7936619.7  33.7%     -   71s
     0     0 -7936619.7    0 1545 -5937513.6 -7936619.7  33.7%     -   75s
     0     0 -7936619.7    0 1531 -5937513.6 -7936619.7  33.7%     -   75s
     0     0 -7935877.6    0 1485 -5937513.6 -7935877.6  33.7%     -   81s
     0     0 -7935877.6    0 1443 -5937513.6 -7935877.6  33.7%     -   83s
H    0     2                    -6922108.643 -7935877.6  14.6%     -   99s
     0     2 -7935877.6    0 1443 -6922108.6 -7935877.6  14.6%     -   99s
     1     4 -7935877.6    1 1681 -6922108.6 -7935877.6  14.6% 41441  136s
     3     8 -7935791.5    2 1163 -6922108.6 -7935791.5  14.6% 37053  169s
     7    16 -7935777.8    3 1177 -6922108.6 -7935791.5  14.6% 18319  173s
    15    32 -7935750.1    4 1238 -6922108.6 -7935777.7  14.6%  9955  178s
H   31    48                    -6922183.221 -7935750.1  14.6%  6121  272s
H   31    48                    -7911471.368 -7935750.1  0.31%  6121  272s
H   36    48                    -7930136.265 -7935749.9  0.07%  8354  272s
H   43    48                    -7930152.744 -7935749.9  0.07% 10810  272s
    47    56 -7935711.1    5 1203 -7930152.7 -7935749.1  0.07% 12685  278s
    63    64 -7935711.4    6 1213 -7930152.7 -7935747.4  0.07% 10113  282s
    79    72 -7935728.2    6 1235 -7930152.7 -7935746.7  0.07%  8272  288s
    95    94 -7935727.7    7 1239 -7930152.7 -7935745.1  0.07%  7250  294s
   117   120 -7935723.9    9 1237 -7930152.7 -7935744.5  0.07%  6370  369s
   143   143 -7935723.9   10 1237 -7930152.7 -7935744.5  0.07%  5458  374s
   166   175 -7935716.8   12 1217 -7930152.7 -7935744.5  0.07%  5138  379s
   198   247 -7935695.3   14 1197 -7930152.7 -7935744.5  0.07%  4586  461s
   270   392 -7935682.3   16 1219 -7930152.7 -7935744.5  0.07%  3806  474s
   415   630 -7935661.2   20 1268 -7930152.7 -7935744.5  0.07%  3053  492s
   653   925 -7935615.5   30 1260 -7930152.7 -7935744.5  0.07%  2506  513s
   960  1343 -7935467.7   40 1200 -7930152.7 -7935744.5  0.07%  2229  537s
  1397  2017 -7935326.8   66 1164 -7930152.7 -7935744.5  0.07%  1934  566s
  2071  3071 -7935185.4   84 1101 -7930152.7 -7935744.5  0.07%  1603  603s
  3161  3760 -7934918.3  112  946 -7930152.7 -7935744.5  0.07%  1323  641s
  3952  5065 -7934536.1  132  864 -7930152.7 -7935744.5  0.07%  1269  689s
  5119  5065 -7930699.3  110  936 -7930152.7 -7935744.5  0.07%  1157  690s
  5364  6982 -7933452.2  249  588 -7930152.7 -7935727.2  0.07%  1158  741s
  7565  6983 -7931224.3  123 1443 -7930152.7 -7935712.9  0.07%   972  794s
  7567  6984 -7934384.5   92 1117 -7930152.7 -7935712.9  0.07%   972  810s
  7568  6985 -7931292.3   48 1321 -7930152.7 -7935712.9  0.07%   972  830s
  7569  6986 -7930671.8  114 1433 -7930152.7 -7935712.9  0.07%   972  843s
  7570  6986 -7934883.4  120 1535 -7930152.7 -7935712.9  0.07%   972  854s
  7571  6987 -7933766.5  109 1573 -7930152.7 -7935712.9  0.07%   972  865s
  7572  6988 -7930250.9  330 1519 -7930152.7 -7935712.9  0.07%   972  872s
  7574  6989 -7931452.8   13 1485 -7930152.7 -7935712.9  0.07%   971  884s
  7575  6992 -7935712.9   16 1617 -7930152.7 -7935712.9  0.07%   984  926s
  7577  6994 -7935679.1   17 1226 -7930152.7 -7935679.1  0.07%   991  946s
  7580  6999 -7935677.7   18 1249 -7930152.7 -7935679.1  0.07%   991  963s
  7586  7009 -7935671.0   19 1249 -7930152.7 -7935677.7  0.07%   997  977s
  7598  7021 -7935671.0   20 1247 -7930152.7 -7935671.0  0.07%  1017  990s
  7614  7032 -7935665.9   21 1183 -7930152.7 -7935671.0  0.07%  1024 1044s
H 7615  6681                    -7930167.388 -7935671.0  0.07%  1024 1044s
H 7615  6349                    -7930169.422 -7935671.0  0.07%  1024 1044s
H 7622  6031                    -7930182.019 -7935671.0  0.07%  1037 1044s
  7630  6044 -7934940.7   21 1263 -7930182.0 -7935665.9  0.07%  1046 1062s
  7646  6055 -7934947.4   22 1304 -7930182.0 -7935665.9  0.07%  1068 1075s
  7662  6067 -7932937.9   22 1359 -7930182.0 -7934947.4  0.06%  1074 1096s
  7679  6085 -7934947.1   23 1298 -7930182.0 -7934947.1  0.06%  1099 1103s
  7703  6101 -7934927.0   24 1325 -7930182.0 -7934940.7  0.06%  1135 1113s
  7727  6112 -7934913.1   25 1346 -7930182.0 -7934940.7  0.06%  1178 1120s
  7746  6134 -7934760.5   25 1215 -7930182.0 -7934940.7  0.06%  1185 1127s
  7774  6156 -7934904.0   26 1323 -7930182.0 -7934940.7  0.06%  1220 1133s
  7806  6178 -7934761.6   27 1142 -7930182.0 -7934940.7  0.06%  1262 1138s
  7838  6229 -7934804.4   27 1264 -7930182.0 -7934940.7  0.06%  1296 1150s
  7900  6257 -7934592.3   29 1060 -7930182.0 -7934940.7  0.06%  1374 1166s
  7949  6330 -7934599.9   29 1089 -7930182.0 -7934940.7  0.06%  1450 1181s
  8038  6450 -7934460.2   32  877 -7930182.0 -7934940.7  0.06%  1582 1197s
  8188  6526 -7934310.8   36  719 -7930182.0 -7934940.7  0.06%  1733 1269s
  8316  6713 -7934437.0   39  860 -7930182.0 -7934940.7  0.06%  1836 1300s
  8545  6930 -7934373.1   44  816 -7930182.0 -7934940.7  0.06%  2023 1324s
  8841  7050 -7934041.7   50  877 -7930182.0 -7934940.7  0.06%  2227 1411s
H 8869  6741                    -7930195.973 -7934940.7  0.06%  2251 1411s
  9061  7086 -7932015.5   56  753 -7930196.0 -7934940.7  0.06%  2390 1450s
  9479  7386 -7931947.6   66  732 -7930196.0 -7934940.7  0.06%  2590 1484s
  9962  7528 -7933369.5   78  734 -7930196.0 -7934940.7  0.06%  2820 1524s
 10334  7695 -7933207.4   92  666 -7930196.0 -7934940.7  0.06%  3032 1561s
 10699  7994 -7932929.2  108  640 -7930196.0 -7934940.7  0.06%  3219 1604s
 11144  8375 -7932790.3  127  636 -7930196.0 -7934940.7  0.06%  3399 1661s
 11754  8846 -7932674.4  147  592 -7930196.0 -7934940.7  0.06%  3619 1721s
 12540  9244 -7932157.1  178  560 -7930196.0 -7934940.7  0.06%  3828 1785s
 13293  9744 -7931532.4  217  424 -7930196.0 -7934940.7  0.06%  4016 1853s
 14134 10261 -7930454.8  259  353 -7930196.0 -7934933.9  0.06%  4212 1933s
 14983 10698 -7930473.2   58  889 -7930196.0 -7934913.4  0.06%  4431 2016s
 15887 11117 -7932767.7   29 1205 -7930196.0 -7934899.3  0.06%  4616 2102s
 16710 11640 -7932362.6   67 1235 -7930196.0 -7934899.3  0.06%  4841 2198s
 17566 12087 -7932165.2  104 1200 -7930196.0 -7934899.3  0.06%  5053 2308s
 18380 12879 -7931668.1  139 1231 -7930196.0 -7934899.3  0.06%  5286 2417s
 19496 13506 -7931407.6  181 1141 -7930196.0 -7934899.3  0.06%  5462 2524s
 20617 14202 -7931180.8  204  993 -7930196.0 -7934899.3  0.06%  5650 2653s
 21987 14861     cutoff  207      -7930196.0 -7934899.3  0.06%  5850 2770s
 23180 14564 -7930568.3  249  770 -7930196.0 -7934899.3  0.06%  5960 3563s
H23183 14156                    -7930230.019 -7934899.3  0.06%  5960 3563s
H23230 13944                    -7930230.599 -7934899.3  0.06%  5965 3563s
 23295 14905 -7930593.1  255  698 -7930230.6 -7934899.3  0.06%  5971 3757s
H24344 14875                    -7930237.889 -7934899.3  0.06%  6033 3757s
 24415 15319     cutoff  266      -7930237.9 -7934899.3  0.06%  6044 4132s
H24418 15283                    -7930243.722 -7934899.3  0.06%  6045 4132s
H24637 14814                    -7930307.728 -7934899.3  0.06%  6088 4132s
 25047 15772     cutoff  266      -7930307.7 -7934880.0  0.06%  6179 4309s
 26079 17105 -7932689.8  136 1136 -7930307.7 -7934869.9  0.06%  6444 4524s
 27531 18700 -7934633.4   32 1173 -7930307.7 -7934869.0  0.06%  6696 4740s
 29334 20412 -7930733.5  212 1126 -7930307.7 -7934841.8  0.06%  6899 4963s
 31350 22365 -7930458.9   47 1074 -7930307.7 -7934838.3  0.06%  7051 5188s
 33728 24486     cutoff   55      -7930307.7 -7934822.0  0.06%  7124 5423s
 36141 26771 -7931562.2  111 1200 -7930307.7 -7934771.6  0.06%  7181 5646s
 38797 29077 -7932121.8   66 1184 -7930307.7 -7934762.4  0.06%  7146 5870s
 41423 31914 -7932030.9   73 1101 -7930307.7 -7934750.4  0.06%  7141 6114s
 44541 33777 -7930577.3  196  531 -7930307.7 -7934750.0  0.06%  7131 6291s
 46619 35449 -7930846.0   48 1229 -7930307.7 -7934748.7  0.06%  7156 6472s
 48483 37151 -7932378.8   64 1298 -7930307.7 -7934748.7  0.06%  7220 6668s
 50277 39235 -7931833.8   94 1192 -7930307.7 -7934748.7  0.06%  7313 6876s
 52720 41201 -7931372.2  129 1117 -7930307.7 -7934746.0  0.06%  7360 7085s
 55064 43332 -7930650.5   57 1171 -7930307.7 -7934723.6  0.06%  7405 7292s
 57526 46144 -7931671.7  101 1264 -7930307.7 -7934710.9  0.06%  7411 7501s
 60452 48886 -7930788.5  221 1041 -7930307.7 -7934710.7  0.06%  7371 7701s
 63545 50929 -7931833.0   71 1144 -7930307.7 -7934703.8  0.06%  7315 9533s
 65841 52005 -7931836.6   69 1249 -7930307.7 -7934703.8  0.06%  7322 9986s
 66966 54915 -7931592.9  101 1231 -7930307.7 -7934703.8  0.06%  7322 10337s
 70262 57323 -7930661.2  194 1149 -7930307.7 -7934689.1  0.06%  7299 10606s
 73034 59560 -7931733.0   80 1220 -7930307.7 -7934675.2  0.06%  7313 10800s

Cutting planes:
  Gomory: 7
  Cover: 1
  Implied bound: 7
  MIR: 40
  Flow cover: 141
  Zero half: 104
  RLT: 1
  Relax-and-lift: 5
  BQP: 3

Explored 75576 nodes (550825263 simplex iterations) in 10802.80 seconds (18272.32 work units)
Thread count was 16 (of 18 available processors)

Solution count 10: -7.93031e+06 -7.93024e+06 -7.93024e+06 ... -7.93015e+06

Time limit reached
Best objective -7.930307728254e+06, best bound -7.934675172845e+06, gap 0.0551%

---------------------------------------------------------------------------
Multi-objectives: stopped in 10837.95 seconds (18272.32 work units), solution count 10
Time Limit reached

