
Gurobi 11.0.0 (win64) logging started Thu Dec 19 19:11:01 2024

Set parameter LogFile to value "C:\Users\Administrator\Desktop\OptRail_Railroad_Construction\Data\Solution\Reduced\a5_o96_m10_an10_ar10_reduced\3_Objectives\costs\gurobi_a5_o96_m10_an10_ar10_reduced_costs.log"
Gurobi Optimizer version 11.0.0 build v11.0.0rc2 (win64 - Windows Server 2022.0 (20348.2))

CPU model: AMD EPYC 7513 32-Core Processor, instruction set [SSE2|AVX|AVX2]
Thread count: 18 physical cores, 18 logical processors, using up to 16 threads

Optimize a model with 2105 rows, 103849 columns and 839154 nonzeros
Model fingerprint: 0xf474c2bb
Variable types: 0 continuous, 103849 integer (103849 binary)
Coefficient statistics:
  Matrix range     [1e+00, 1e+01]
  Objective range  [1e+00, 2e+02]
  Bounds range     [1e+00, 1e+00]
  RHS range        [1e+00, 2e+02]

---------------------------------------------------------------------------
Multi-objectives: starting optimization with 3 objectives (1 combined) ...
---------------------------------------------------------------------------
---------------------------------------------------------------------------

Multi-objectives: optimize objective 1 (weighted) ...
---------------------------------------------------------------------------

Optimize a model with 2105 rows, 103849 columns and 839154 nonzeros
Model fingerprint: 0x63a41a27
Variable types: 0 continuous, 103849 integer (103849 binary)
Coefficient statistics:
  Matrix range     [1e+00, 1e+01]
  Objective range  [4e+00, 1e+06]
  Bounds range     [1e+00, 1e+00]
  RHS range        [1e+00, 2e+02]
Found heuristic solution: objective 0.0000000
Presolve removed 121 rows and 54190 columns
Presolve time: 0.94s
Presolved: 1984 rows, 49659 columns, 744416 nonzeros
Variable types: 0 continuous, 49659 integer (49659 binary)
Deterministic concurrent LP optimizer: primal simplex, dual simplex, and barrier
Showing barrier log only...

Root barrier log...

Ordering time: 0.02s

Barrier statistics:
 AA' NZ     : 1.965e+05
 Factor NZ  : 3.529e+05 (roughly 24 MB of memory)
 Factor Ops : 7.183e+07 (less than 1 second per iteration)
 Threads    : 14

                  Objective                Residual
Iter       Primal          Dual         Primal    Dual     Compl     Time
   0  -4.64102417e+07 -2.21033495e+10  4.97e+04 9.57e+00  2.84e+03     1s
   1  -6.79701203e+06 -2.01472908e+10  9.44e+03 3.91e+01  5.96e+02     1s
   2  -7.12471293e+06 -1.13138724e+10  3.12e+03 1.76e-11  1.86e+02     1s
   3  -6.37236709e+06 -3.44328758e+09  1.15e+03 1.93e-12  5.46e+01     1s
   4  -5.25043334e+06 -9.15520096e+08  3.04e+02 3.18e-12  1.35e+01     1s
   5  -4.96962645e+06 -2.39259321e+08  3.73e+01 2.50e-11  2.26e+00     1s
   6  -4.93450669e+06 -9.28147355e+07  2.99e+00 2.38e-11  6.10e-01     1s
   7  -4.89581524e+06 -3.42038093e+07  1.98e-01 3.10e-12  1.64e-01     2s
   8  -4.80469204e+06 -9.08485790e+06  1.90e-13 3.22e-13  2.09e-02     2s
   9  -4.81545426e+06 -6.30152384e+06  1.94e-13 1.50e-13  7.26e-03     2s
  10  -4.98856084e+06 -5.44169519e+06  3.84e-13 1.19e-13  2.21e-03     2s
  11  -4.99434045e+06 -5.05922521e+06  4.31e-13 1.71e-13  3.17e-04     2s
  12  -4.99536371e+06 -5.01775860e+06  7.14e-13 1.63e-13  1.09e-04     2s
  13  -4.99590086e+06 -5.00978623e+06  9.93e-13 1.92e-13  6.79e-05     2s
  14  -4.99616860e+06 -5.00276513e+06  5.76e-12 1.14e-13  3.22e-05     2s
  15  -4.99630363e+06 -5.00085056e+06  4.40e-12 1.53e-13  2.22e-05     2s
  16  -4.99654404e+06 -4.99983211e+06  8.94e-12 1.47e-13  1.61e-05     2s
  17  -4.99670709e+06 -4.99920428e+06  6.65e-12 1.30e-13  1.22e-05     2s
  18  -4.99677008e+06 -4.99909593e+06  5.75e-12 1.26e-13  1.14e-05     2s
  19  -4.99689128e+06 -4.99854877e+06  4.26e-12 1.95e-13  8.10e-06     2s
  20  -4.99697031e+06 -4.99824011e+06  6.56e-12 1.12e-13  6.20e-06     2s
  21  -4.99708482e+06 -4.99789088e+06  9.99e-12 1.12e-13  3.94e-06     2s
  22  -4.99719244e+06 -4.99768163e+06  9.01e-12 9.72e-14  2.39e-06     2s
  23  -4.99723353e+06 -4.99767544e+06  7.04e-12 1.10e-13  2.16e-06     2s
  24  -4.99728485e+06 -4.99754456e+06  7.03e-12 1.50e-13  1.27e-06     2s
  25  -4.99731073e+06 -4.99751955e+06  5.45e-12 1.30e-13  1.02e-06     2s
  26  -4.99734352e+06 -4.99748656e+06  6.06e-12 1.54e-13  6.99e-07     2s
  27  -4.99736768e+06 -4.99743920e+06  4.23e-12 1.76e-13  3.49e-07     2s
  28  -4.99737696e+06 -4.99742373e+06  3.68e-12 1.37e-13  2.29e-07     2s
  29  -4.99738325e+06 -4.99741514e+06  1.73e-11 1.57e-13  1.56e-07     2s
  30  -4.99739105e+06 -4.99741045e+06  3.54e-11 1.52e-13  9.48e-08     2s
  31  -4.99739801e+06 -4.99740864e+06  1.96e-11 1.47e-13  5.20e-08     2s
  32  -4.99740429e+06 -4.99740675e+06  4.91e-11 2.40e-13  1.20e-08     2s
  33  -4.99740651e+06 -4.99740652e+06  7.44e-13 2.27e-13  7.00e-11     2s

Barrier solved model in 33 iterations and 1.91 seconds (3.62 work units)
Optimal objective -4.99740651e+06

Concurrent spin time: 0.00s

Solved with barrier

Root relaxation: objective -4.997407e+06, 6710 iterations, 1.00 seconds (1.14 work units)

    Nodes    |    Current Node    |     Objective Bounds      |     Work
 Expl Unexpl |  Obj  Depth IntInf | Incumbent    BestBd   Gap | It/Node Time

     0     0 -4997406.5    0  366    0.00000 -4997406.5      -     -    3s
H    0     0                    -999683.7889 -4997406.5   400%     -    4s
H    0     0                    -2998772.285 -4997312.5  66.6%     -    7s
H    0     0                    -3997656.205 -4997312.5  25.0%     -    7s
     0     0 -4997312.5    0  498 -3997656.2 -4997312.5  25.0%     -    7s
     0     0 -4997312.5    0  496 -3997656.2 -4997312.5  25.0%     -    8s
     0     0 -4997192.0    0  529 -3997656.2 -4997192.0  25.0%     -   11s
     0     0 -4997184.9    0  576 -3997656.2 -4997184.9  25.0%     -   12s
     0     0 -4997184.3    0  591 -3997656.2 -4997184.3  25.0%     -   13s
H    0     0                    -4996754.008 -4997083.1  0.01%     -   15s
     0     0 -4997083.1    0  602 -4996754.0 -4997083.1  0.01%     -   15s

Cutting planes:
  MIR: 34
  Zero half: 159

Explored 1 nodes (38297 simplex iterations) in 16.00 seconds (22.92 work units)
Thread count was 16 (of 18 available processors)

Solution count 5: -4.99675e+06 -3.99766e+06 -2.99877e+06 ... 0

Optimal solution found (tolerance 1.00e-04)
Best objective -4.996754008098e+06, best bound -4.997083105151e+06, gap 0.0066%

---------------------------------------------------------------------------
Multi-objectives: solved in 16.06 seconds (22.92 work units), solution count 5

