
Gurobi 11.0.0 (win64) logging started Sun Dec 29 01:55:03 2024

Set parameter LogFile to value "C:\Users\Administrator\Desktop\OptRail_Railroad_Construction\Data\Solution\AnzahlAuftraege_NEW_40\a40_o476_m22_an215_ar51\3_Objectives\hierarchical_tolerance\gurobi_a40_o476_m22_an215_ar51_hierarchical_tolerance.log"
Gurobi Optimizer version 11.0.0 build v11.0.0rc2 (win64 - Windows Server 2022.0 (20348.2))

CPU model: AMD EPYC 7513 32-Core Processor, instruction set [SSE2|AVX|AVX2]
Thread count: 18 physical cores, 18 logical processors, using up to 16 threads

Optimize a model with 38347 rows, 9908773 columns and 49324588 nonzeros
Model fingerprint: 0xa8f732e2
Variable types: 0 continuous, 9908773 integer (9908773 binary)
Coefficient statistics:
  Matrix range     [1e+00, 1e+01]
  Objective range  [1e+00, 1e+00]
  Bounds range     [1e+00, 1e+00]
  RHS range        [1e+00, 2e+02]

---------------------------------------------------------------------------
Multi-objectives: starting optimization with 1 objectives ... 
---------------------------------------------------------------------------
---------------------------------------------------------------------------

Multi-objectives: optimize objective 1 () ...
---------------------------------------------------------------------------

Optimize a model with 38347 rows, 9908773 columns and 49324588 nonzeros
Model fingerprint: 0x7a2c7034
Variable types: 0 continuous, 9908773 integer (9908773 binary)
Coefficient statistics:
  Matrix range     [1e+00, 1e+01]
  Objective range  [1e+00, 1e+00]
  Bounds range     [1e+00, 1e+00]
  RHS range        [1e+00, 2e+02]
Found heuristic solution: objective 0.0000000
Presolve removed 486 rows and 5340049 columns (presolve time = 5s) ...
Presolve removed 486 rows and 5340049 columns (presolve time = 10s) ...
Presolve removed 487 rows and 5340050 columns (presolve time = 16s) ...
Presolve removed 487 rows and 5340050 columns (presolve time = 20s) ...
Presolve removed 9093 rows and 5340050 columns (presolve time = 25s) ...
Presolve removed 9093 rows and 5340050 columns (presolve time = 30s) ...
Presolve removed 9110 rows and 5340174 columns (presolve time = 36s) ...
Presolve removed 9111 rows and 5340175 columns (presolve time = 40s) ...
Presolve removed 9111 rows and 5340175 columns (presolve time = 45s) ...
Presolve removed 9111 rows and 5340175 columns (presolve time = 51s) ...
Presolve removed 10146 rows and 5340175 columns (presolve time = 55s) ...
Presolve removed 10146 rows and 5340175 columns (presolve time = 60s) ...
Presolve removed 10146 rows and 5340175 columns (presolve time = 65s) ...
Presolve removed 9111 rows and 5339140 columns
Presolve time: 69.20s
Presolved: 29236 rows, 4569633 columns, 42240719 nonzeros
Variable types: 0 continuous, 4569633 integer (4569633 binary)
Deterministic concurrent LP optimizer: primal simplex, dual simplex, and barrier
Showing barrier log only...

Root barrier log...

Ordering time: 0.13s

Barrier statistics:
 AA' NZ     : 1.023e+06
 Factor NZ  : 2.412e+06 (roughly 200 MB of memory)
 Factor Ops : 2.030e+09 (less than 1 second per iteration)
 Threads    : 14

                  Objective                Residual
Iter       Primal          Dual         Primal    Dual     Compl     Time
   0  -6.15435356e+03 -3.25990122e+03  1.28e+06 1.66e+00  4.06e+01    97s
   1  -2.20080122e+03 -5.19487673e+03  4.39e+05 2.04e-14  1.38e+01    98s
   2  -3.03221792e+02 -4.60181426e+03  4.86e+04 2.93e-14  1.55e+00    98s
   3  -1.36036234e+02 -3.28200289e+03  1.65e+04 4.41e-13  5.28e-01    98s
   4  -1.12302137e+02 -2.56572368e+03  1.18e+04 3.30e-13  3.82e-01    98s
   5  -9.89014519e+01 -2.43386935e+03  9.06e+03 3.30e-13  2.93e-01    98s
   6  -9.05911719e+01 -1.66631819e+03  7.19e+03 1.09e-12  2.39e-01    98s
   7  -7.87239188e+01 -1.49183905e+03  4.45e+03 5.76e-13  1.48e-01    98s
   8  -5.62990147e+01 -1.41209400e+03  1.95e+03 3.45e-12  6.56e-02    98s
   9  -4.08265417e+01 -9.12104230e+02  4.06e+02 6.76e-12  1.45e-02    98s
  10  -3.88679144e+01 -6.03317383e+02  1.35e+02 3.97e-12  5.19e-03    98s
  11  -3.83079668e+01 -4.28941268e+02  6.07e+01 2.15e-12  2.42e-03    98s
  12  -3.80864083e+01 -3.35108187e+02  3.40e+01 1.41e-12  1.43e-03    98s
  13  -3.79180351e+01 -2.51831921e+02  1.66e+01 9.40e-13  7.82e-04    99s
  14  -3.76341552e+01 -1.52835351e+02  3.53e+00 4.92e-13  2.89e-04    99s
  15  -3.72873988e+01 -1.12347568e+02  2.20e-01 2.66e-13  1.45e-04    99s
  16  -3.69296827e+01 -7.75913243e+01  2.11e-03 9.95e-14  4.56e-05    99s
  17  -3.75149682e+01 -5.41900835e+01  1.07e-03 3.46e-14  1.81e-05    99s
  18  -3.79531087e+01 -3.91495519e+01  4.07e-05 5.33e-15  1.22e-06    99s
  19  -3.79999883e+01 -3.80014562e+01  1.19e-07 3.55e-15  1.50e-09    99s
  20  -3.80000000e+01 -3.80000015e+01  1.87e-12 2.66e-15  1.50e-12    99s
  21  -3.80000000e+01 -3.80000000e+01  1.79e-12 1.78e-15  1.50e-18    99s

Barrier solved model in 21 iterations and 99.11 seconds (291.62 work units)
Optimal objective -3.80000000e+01

  Building initial crossover basis                               100s

Root crossover log...

    1796 DPushes remaining with DInf 0.0000000e+00               103s

       6 PPushes remaining with PInf 4.7628236e+00               103s
       0 PPushes remaining with PInf 4.3531975e+00               103s

  Push phase complete: Pinf 4.3531975e+00, Dinf 0.0000000e+00    103s


Root simplex log...

Iteration    Objective       Primal Inf.    Dual Inf.      Time
       9   -3.8000000e+01   4.353197e+00   0.000000e+00    103s
     106   -3.8000000e+01   0.000000e+00   0.000000e+00    104s
Concurrent spin time: 0.00s

Solved with barrier
     106   -3.8000000e+01   0.000000e+00   0.000000e+00    104s

Use crossover to convert LP symmetric solution to basic solution...

Root crossover log...

   21440 variables added to crossover basis                      105s

    7730 DPushes remaining with DInf 0.0000000e+00               105s

    7561 PPushes remaining with PInf 0.0000000e+00               105s
       0 PPushes remaining with PInf 0.0000000e+00               106s

  Push phase complete: Pinf 0.0000000e+00, Dinf 0.0000000e+00    106s


Root simplex log...

Iteration    Objective       Primal Inf.    Dual Inf.      Time
    7670   -3.8000000e+01   0.000000e+00   0.000000e+00    106s
    7670   -3.8000000e+01   0.000000e+00   0.000000e+00    107s

Root relaxation: objective -3.800000e+01, 7670 iterations, 29.14 seconds (33.57 work units)

    Nodes    |    Current Node    |     Objective Bounds      |     Work
 Expl Unexpl |  Obj  Depth IntInf | Incumbent    BestBd   Gap | It/Node Time

     0     0  -38.00000    0 6789    0.00000  -38.00000      -     -  261s
H    0     0                      -2.0000000  -38.00000  1800%     -  264s
H    0     0                     -22.0000000  -38.00000  72.7%     -  329s
     0     0  -38.00000    0 7061  -22.00000  -38.00000  72.7%     - 1654s
     0     0  -38.00000    0 7036  -22.00000  -38.00000  72.7%     - 3576s
     0     0  -38.00000    0 7090  -22.00000  -38.00000  72.7%     - 4547s
H    0     0                     -29.0000000  -38.00000  31.0%     - 4673s
     0     0  -38.00000    0 7028  -29.00000  -38.00000  31.0%     - 4760s
     0     0  -38.00000    0 6962  -29.00000  -38.00000  31.0%     - 5589s
     0     0  -38.00000    0 6962  -29.00000  -38.00000  31.0%     - 5771s
     0     2  -38.00000    0 6962  -29.00000  -38.00000  31.0%     - 7074s
     1     4  -37.00000    1 5668  -29.00000  -38.00000  31.0% 79173 9724s
     3     5 infeasible    2       -29.00000  -38.00000  31.0% 33788 10800s

Cutting planes:
  MIR: 3
  Zero half: 1

Explored 6 nodes (221276 simplex iterations) in 10804.53 seconds (23778.97 work units)
Thread count was 16 (of 18 available processors)

Solution count 4: -29 -22 -2 0 

Time limit reached
Best objective -2.900000000000e+01, best bound -3.800000000000e+01, gap 31.0345%

---------------------------------------------------------------------------
Multi-objectives: stopped in 10805.79 seconds (23778.97 work units), solution count 4
Time Limit reached

