
Gurobi 11.0.0 (win64) logging started Thu Dec 19 23:02:31 2024

Set parameter LogFile to value "C:\Users\Administrator\Desktop\OptRail_Railroad_Construction\Data\Solution\AnzahlAuftraege_NEW_10\a10_o107_m5_an57_ar12\3_Objectives\hierarchical_tolerance\gurobi_a10_o107_m5_an57_ar12_hierarchical_tolerance_round_2.log"
Gurobi Optimizer version 11.0.0 build v11.0.0rc2 (win64 - Windows Server 2022.0 (20348.2))

CPU model: AMD EPYC 7513 32-Core Processor, instruction set [SSE2|AVX|AVX2]
Thread count: 18 physical cores, 18 logical processors, using up to 16 threads

Optimize a model with 2604 rows, 130587 columns and 642062 nonzeros
Model fingerprint: 0x146a21c4
Variable types: 0 continuous, 130587 integer (130587 binary)
Coefficient statistics:
  Matrix range     [1e+00, 1e+01]
  Objective range  [1e+00, 2e+02]
  Bounds range     [1e+00, 1e+00]
  RHS range        [1e+00, 2e+02]

---------------------------------------------------------------------------
Multi-objectives: starting optimization with 3 objectives ... 
---------------------------------------------------------------------------

Multi-objectives: applying initial presolve ...
---------------------------------------------------------------------------

Presolve added 0 rows and 2 columns
Presolve removed 338 rows and 0 columns
Presolve time: 0.66s
Presolved: 2266 rows, 130589 columns, 552040 nonzeros
---------------------------------------------------------------------------

Multi-objectives: optimize objective 1 () ...
---------------------------------------------------------------------------

Presolve removed 14 rows and 68034 columns
Presolve time: 0.80s
Presolved: 2252 rows, 62555 columns, 527226 nonzeros
Variable types: 0 continuous, 62555 integer (62553 binary)
Deterministic concurrent LP optimizer: primal simplex, dual simplex, and barrier
Showing barrier log only...

Root barrier log...

Ordering time: 0.03s

Barrier statistics:
 AA' NZ     : 1.609e+05
 Factor NZ  : 4.416e+05 (roughly 22 MB of memory)
 Factor Ops : 1.567e+08 (less than 1 second per iteration)
 Threads    : 13

                  Objective                Residual
Iter       Primal          Dual         Primal    Dual     Compl     Time
   0   1.43371534e+03 -1.97768771e+04  8.93e+04 2.15e-01  7.33e+00     2s
   1   7.21492947e+02 -1.79559361e+04  2.78e+04 1.55e-01  2.35e+00     2s
   2   2.08976696e+02 -1.19611334e+04  5.15e+03 3.11e-15  4.84e-01     2s
   3   1.18297900e+02 -6.67870667e+03  2.09e+03 4.00e-15  1.98e-01     2s
   4   8.71672168e+01 -3.72739974e+03  1.30e+03 2.22e-15  1.13e-01     2s
   5   3.64153771e+01 -2.15335628e+03  5.08e+02 3.55e-15  5.02e-02     2s
   6   9.77221424e+00 -8.77363214e+02  1.49e+02 9.55e-15  1.70e-02     2s
   7   2.88884937e+00 -5.21504587e+02  5.25e+01 9.99e-15  8.18e-03     2s
   8   1.51410464e+00 -3.59143241e+02  1.94e+01 7.61e-15  4.83e-03     2s
   9   8.07810346e-01 -2.61484802e+02  9.89e+00 5.32e-15  3.33e-03     2s
  10   2.06685407e-01 -1.59055238e+02  6.82e+00 3.26e-15  2.10e-03     2s
  11   1.70801127e-01 -1.25061286e+02  4.60e+00 2.71e-15  1.64e-03     2s
  12   1.58172181e-01 -1.19976982e+02  3.66e+00 2.38e-15  1.55e-03     2s
  13   1.28790071e-01 -6.19995436e+01  1.87e+00 1.22e-15  8.45e-04     2s
  14   1.77994394e-02 -1.71845239e+01  1.30e-02 1.62e-15  1.94e-04     2s
  15   7.13451817e-03 -2.05735366e+00  8.53e-04 9.91e-16  2.26e-05     2s
  16   3.15095492e-05 -1.22886467e-02  7.16e-06 3.79e-16  1.34e-07     2s
  17   1.57047090e-10 -2.06686301e-08  7.57e-12 2.29e-16  2.27e-13     3s
  18   1.57047105e-16 -2.06700183e-14  1.09e-12 3.33e-16  2.27e-19     3s

Barrier solved model in 18 iterations and 2.51 seconds (3.99 work units)
Optimal objective 1.57047105e-16

Concurrent spin time: 0.00s

Solved with barrier

Use crossover to convert LP symmetric solution to basic solution...

Root relaxation: objective 0.000000e+00, 824 iterations, 1.46 seconds (1.18 work units)
Total elapsed time = 12.06s (DegenMoves)
Total elapsed time = 20.45s (DegenMoves)
Total elapsed time = 25.24s (DegenMoves)

    Nodes    |    Current Node    |     Objective Bounds      |     Work
 Expl Unexpl |  Obj  Depth IntInf | Incumbent    BestBd   Gap | It/Node Time

     0     0    0.00000    0  162          -    0.00000      -     -   28s
     0     0    0.00000    0 1036          -    0.00000      -     -   36s
     0     0    0.00000    0 1086          -    0.00000      -     -   37s
H    0     0                       7.0000000    0.00000   100%     -   51s
H    0     0                       5.0000000    0.00000   100%     -   51s
     0     0    0.00000    0  134    5.00000    0.00000   100%     -   51s
     0     0    0.00000    0  322    5.00000    0.00000   100%     -   55s
     0     0    0.00000    0   84    5.00000    0.00000   100%     -   68s
H    0     0                       3.0000000    0.00000   100%     -   68s
     0     0    0.00000    0  106    3.00000    0.00000   100%     -   74s
     0     0    0.00000    0  115    3.00000    0.00000   100%     -   80s
     0     0    0.00000    0  126    3.00000    0.00000   100%     -   82s
     0     0    0.00000    0   99    3.00000    0.00000   100%     -   91s
H    0     0                       2.0000000    0.00000   100%     -   91s
     0     0    0.00000    0  163    2.00000    0.00000   100%     -   97s
     0     0    0.00000    0  119    2.00000    0.00000   100%     -  106s
     0     0    0.00000    0  249    2.00000    0.00000   100%     -  112s
     0     0    0.00000    0  110    2.00000    0.00000   100%     -  123s
     0     0    0.00000    0  110    2.00000    0.00000   100%     -  126s
     0     2    0.00000    0  110    2.00000    0.00000   100%     -  140s
     3     8    0.00000    2 1071    2.00000    0.00000   100% 14920  156s
     7    16    0.00000    3  750    2.00000    0.00000   100% 10578  172s
    15    28    0.00000    4  731    2.00000    0.00000   100%  8635  192s
    31    44    0.00000    5  773    2.00000    0.00000   100%  8215  197s
    47    58    0.00000    6  775    2.00000    0.00000   100%  6972  204s
    63    72    0.00000    7  732    2.00000    0.00000   100%  6194  220s
    79    87    0.00000    8  756    2.00000    0.00000   100%  5909  245s
    95   113    0.00000    9  725    2.00000    0.00000   100%  5987  254s
   125   140    0.00000   11  105    2.00000    0.00000   100%  5789  259s
   154   162    0.00000   13   89    2.00000    0.00000   100%  5414  268s
   180   199    0.00000   13   49    2.00000    0.00000   100%  5775  275s
   221   285    0.00000   14   76    2.00000    0.00000   100%  5289  285s
   309   389    0.00000   15  113    2.00000    0.00000   100%  4447  292s
   415   415    0.16667   17   64    2.00000    0.00000   100%  3811  364s
   443   614    0.00000   17   68    2.00000    0.00000   100%  3890  377s
   654   842    0.00000   20   78    2.00000    0.00000   100%  3231  391s
   934   916    0.00000   22  112    2.00000    0.00000   100%  2760  520s
  1016  1238    0.00000   23  103    2.00000    0.00000   100%  2695  533s
  1359  1499    0.25000   26  107    2.00000    0.00000   100%  2454  547s
  1658  1771 infeasible   37         2.00000    0.00000   100%  2457  561s
  1983  1931    1.00000   47   79    2.00000    0.00000   100%  2416  574s
  2205  2123 infeasible   54         2.00000    0.00000   100%  2487  589s
  2491  2124    1.00000   67  110    2.00000    0.00000   100%  2538  608s
  2493  2125    1.00000  132   88    2.00000    0.00000   100%  2536  631s
  2494  2126    1.00000  122   92    2.00000    0.00000   100%  2535  641s
  2495  2127    1.00000  254  156    2.00000    0.00000   100%  2534  645s
  2496  2127    1.00000  309  208    2.00000    0.16667  91.7%  2533  672s

Cutting planes:
  Gomory: 9
  Lift-and-project: 9
  Cover: 1
  MIR: 4
  Flow cover: 6
  Inf proof: 2
  Zero half: 56

Explored 2496 nodes (7059381 simplex iterations) in 684.56 seconds (1137.69 work units)
Thread count was 16 (of 18 available processors)

Solution count 4: 2 3 5 7 

Optimal solution found (tolerance 1.00e-04)
Best objective 2.000000000000e+00, best bound 2.000000000000e+00, gap 0.0000%
---------------------------------------------------------------------------

Multi-objectives: optimize objective 2 () ...
---------------------------------------------------------------------------


Loaded user MIP start with objective 6609.92

Presolve removed 14 rows and 68022 columns
Presolve time: 0.72s
Presolved: 2253 rows, 62567 columns, 527345 nonzeros
Variable types: 0 continuous, 62567 integer (62565 binary)
Deterministic concurrent LP optimizer: primal simplex, dual simplex, and barrier
Showing barrier log only...

Root barrier log...

Ordering time: 0.11s

Barrier statistics:
 AA' NZ     : 2.227e+05
 Factor NZ  : 6.372e+05 (roughly 30 MB of memory)
 Factor Ops : 2.420e+08 (less than 1 second per iteration)
 Threads    : 14

                  Objective                Residual
Iter       Primal          Dual         Primal    Dual     Compl     Time
   0   4.36950714e+07 -1.24748108e+07  8.87e+04 2.84e-14  3.07e+03   686s
   1   1.20054296e+07 -1.20195348e+07  2.44e+04 1.08e+02  9.13e+02   686s
   2   2.30414079e+06 -9.05207465e+06  4.67e+03 1.12e+01  2.15e+02   686s
   3   2.68763910e+05 -5.82227260e+06  5.28e+02 4.66e+00  6.06e+01   686s
   4   1.88977279e+05 -3.45145616e+06  3.64e+02 2.55e+00  3.64e+01   686s
   5   6.96051798e+04 -1.40374348e+06  1.21e+02 8.43e-01  1.39e+01   686s
   6   4.19116776e+04 -9.09450658e+05  6.46e+01 5.51e-01  8.67e+00   686s
   7   2.56079257e+04 -7.06892282e+05  3.22e+01 4.28e-01  6.36e+00   686s
   8   1.55634507e+04 -5.44758249e+05  1.38e+01 3.13e-01  4.70e+00   686s
   9   1.38439641e+04 -3.81689174e+05  1.07e+01 2.05e-01  3.36e+00   686s
  10   1.13796138e+04 -3.23111649e+05  6.61e+00 1.74e-01  2.80e+00   686s
  11   1.03372699e+04 -2.06319270e+05  5.06e+00 1.01e-01  1.85e+00   686s
  12   8.40871929e+03 -1.14173560e+05  2.80e+00 4.02e-02  1.06e+00   686s
  13   6.94415214e+03 -7.70251775e+04  1.54e+00 2.45e-02  7.16e-01   686s
  14   6.37834488e+03 -4.14791698e+04  1.12e+00 7.94e-03  4.13e-01   686s
  15   5.32788723e+03 -2.59762330e+04  5.80e-01 2.67e-03  2.63e-01   686s
  16   4.80720488e+03 -2.23957918e+04  3.84e-01 2.01e-03  2.25e-01   686s
  17   4.26323125e+03 -7.71517044e+03  1.52e-01 9.09e-13  9.72e-02   686s
  18   3.96069781e+03 -3.87205779e+03  6.96e-02 4.80e-13  6.30e-02   686s
  19   3.85618686e+03 -1.58880293e+03  5.23e-02 2.78e-13  4.37e-02   686s
  20   3.72271211e+03  4.48282407e+02  2.64e-02 5.12e-13  2.63e-02   686s
  21   3.58783261e+03  1.73491467e+03  1.64e-02 3.21e-13  1.48e-02   686s
  22   3.40716299e+03  2.74213863e+03  4.81e-03 2.75e-13  5.31e-03   686s
  23   3.30580552e+03  3.15832910e+03  8.70e-04 3.41e-13  1.18e-03   686s
  24   3.27002813e+03  3.25712506e+03  2.02e-05 3.44e-13  1.03e-04   686s
  25   3.26695135e+03  3.26653148e+03  2.07e-06 4.49e-13  3.34e-06   686s
  26   3.26662036e+03  3.26662036e+03  8.37e-12 4.31e-13  2.25e-11   686s

Barrier solved model in 26 iterations and 686.34 seconds (1140.19 work units)
Optimal objective 3.26662036e+03


Root crossover log...

     988 DPushes remaining with DInf 0.0000000e+00               686s
       0 DPushes remaining with DInf 0.0000000e+00               686s

   11090 PPushes remaining with PInf 0.0000000e+00               686s
       0 PPushes remaining with PInf 0.0000000e+00               686s

  Push phase complete: Pinf 0.0000000e+00, Dinf 5.1194604e-12    686s


Root simplex log...

Iteration    Objective       Primal Inf.    Dual Inf.      Time
   12075    3.2666204e+03   0.000000e+00   0.000000e+00    686s

Solved with barrier

Root relaxation: objective 3.266620e+03, 12075 iterations, 1.00 seconds (0.90 work units)

    Nodes    |    Current Node    |     Objective Bounds      |     Work
 Expl Unexpl |  Obj  Depth IntInf | Incumbent    BestBd   Gap | It/Node Time

     0     0 3266.62036    0  387 6609.91951 3266.62036  50.6%     -  689s
H    0     0                    5992.6314801 3266.62036  45.5%     -  690s
H    0     0                    5746.2612327 3266.62036  43.2%     -  690s
     0     0 3266.62036    0  519 5746.26123 3266.62036  43.2%     -  691s
H    0     0                    5468.6917318 3266.62036  40.3%     -  692s
     0     0 3266.62036    0  509 5468.69173 3266.62036  40.3%     -  693s
     0     0 3271.60829    0  375 5468.69173 3271.60829  40.2%     -  697s
     0     0 3273.26760    0  461 5468.69173 3273.26760  40.1%     -  699s
     0     0 3280.33882    0  362 5468.69173 3280.33882  40.0%     -  702s
     0     0 3280.33882    0  507 5468.69173 3280.33882  40.0%     -  703s
     0     0 3281.22422    0  412 5468.69173 3281.22422  40.0%     -  705s
H    0     0                    5222.6120869 3281.22422  37.2%     -  706s
     0     0 3281.22422    0  444 5222.61209 3281.22422  37.2%     -  706s
     0     0 3281.25633    0  393 5222.61209 3281.25633  37.2%     -  709s
     0     0 3281.25633    0  393 5222.61209 3281.25633  37.2%     -  710s
H    0     0                    5218.4343744 3281.25633  37.1%     -  712s
H    0     0                    5006.0656896 3281.55759  34.4%     -  716s
H    0     2                    4805.4511919 3281.55759  31.7%     -  719s
     0     2 3281.55759    0  393 4805.45119 3281.55759  31.7%     -  719s
     1     4 3281.55759    1  545 4805.45119 3281.55759  31.7%  7538  721s
    15    32 3310.86854    4  561 4805.45119 3307.28038  31.2%  1816  729s
H   31    48                    4665.3630668 3308.23569  29.1%  2423  735s
H   31    48                    4634.5617036 3308.23569  28.6%  2423  735s
H   32    48                    4465.6299308 3308.23569  25.9%  2381  735s
H   79    95                    4294.0967897 3308.23569  23.0%  1499  809s
H   80    95                    4132.8367735 3308.23569  20.0%  1484  809s
H   81    95                    4084.8863474 3310.86854  18.9%  1483  809s
H   91    95                    3928.1787445 3310.86854  15.7%  1453  809s
    95   117 3329.02482    8  392 3928.17874 3310.86854  15.7%  1436  812s
   149   149 3354.34388    6  393 3928.17874 3310.86854  15.7%  1128  817s
   151   150 3351.34798   10  389 3928.17874 3310.86854  15.7%  1114  821s
   155   153 3413.41111    8  707 3928.17874 3310.86854  15.7%  1085  825s
   162   158 3329.02482   10  651 3928.17874 3328.60324  15.3%  1038  830s
   171   164 3371.12115    9  592 3928.17874 3371.12115  14.2%   983  839s
   172   167 3374.16147   11  636 3928.17874 3371.12115  14.2%  1198  840s
   202   201 3402.11625   15  609 3928.17874 3391.77417  13.7%  1137  849s
H  203   192                    3915.4691762 3391.77417  13.4%  1132  849s
   234   214 3411.30360   16  540 3915.46918 3397.48994  13.2%  1061  850s
   266   238 3412.36582   17  489 3915.46918 3398.61592  13.2%  1002  855s
H  269   229                    3899.8364192 3398.61592  12.9%   992  855s
   438   341 3470.57640   23  291 3899.83642 3398.61592  12.9%   760  860s
   712   535 3624.09586   33  277 3899.83642 3398.61592  12.9%   585  865s
   940   748 3661.91538   41  389 3899.83642 3398.61592  12.9%   511  870s
  1174   949 infeasible   49      3899.83642 3398.61592  12.9%   462  875s
  1444  1118     cutoff   59      3899.83642 3398.61592  12.9%   437  881s
  1682  1254 3831.71196   40  386 3899.83642 3398.61592  12.9%   420  886s
  1772  1313 3879.67711   46  354 3899.83642 3402.65020  12.7%   414  890s
  2059  1512 3551.97551   23  510 3899.83642 3402.65020  12.7%   399  896s
  2161  1581 3609.24414   29  480 3899.83642 3402.65020  12.7%   394  900s
  2423  1812 3754.03268   41  527 3899.83642 3402.65020  12.7%   391  905s
  2661  1951 3582.99548   19  450 3899.83642 3408.30619  12.6%   386  911s
  2726  2036 3587.83931   20  419 3899.83642 3408.30619  12.6%   384  921s
  3004  2266 3784.71998   33  427 3899.83642 3408.30619  12.6%   377  927s
  3331  2509 3563.93586   17  519 3899.83642 3413.50806  12.5%   369  931s
  3747  2809 3756.40091   29  339 3899.83642 3413.50806  12.5%   361  936s
  4248  3097 3791.60889   33  279 3899.83642 3413.50806  12.5%   351  942s
  4627  3258 3642.85921   25  449 3899.83642 3431.98544  12.0%   351  956s
  4700  3404 3760.57388   34  330 3899.83642 3431.98544  12.0%   351  960s
H 4904  3388                    3890.0807483 3431.98544  11.8%   350  968s
  4922  3432 3860.40864   45  222 3890.08075 3431.98544  11.8%   350  977s
  4981  3530 3864.48269   48  218 3890.08075 3435.69462  11.7%   350  984s
  5174  3728 3591.59336   22  390 3890.08075 3439.96383  11.6%   347  989s
  5482  3902 3570.33777   21  373 3890.08075 3441.52204  11.5%   343  992s
  5773  4150 3748.50177   32  239 3890.08075 3442.65196  11.5%   341  996s
  6177  4345 3645.22612   22  379 3890.08075 3447.44276  11.4%   337 1000s
  6813  4731 3741.85589   32  359 3890.08075 3454.27800  11.2%   334 1007s
  7191  4891 3714.20106   21  373 3890.08075 3459.34373  11.1%   333 1010s
  7916  5300 3654.93936   17  395 3890.08075 3465.71066  10.9%   334 1018s
  8322  5476 3883.34016   38  286 3890.08075 3465.95126  10.9%   335 1022s
  8762  5694 3745.06696   29  324 3890.08075 3478.12486  10.6%   335 1026s
  9242  5898     cutoff   29      3890.08075 3490.89883  10.3%   335 1030s
  9728  6106 3738.41713   30  351 3890.08075 3499.81097  10.0%   335 1035s
 10578  6458 3814.48796   24  259 3890.08075 3515.93694  9.62%   337 1047s
 10933  6734 3602.45989   21  578 3890.08075 3515.93694  9.62%   336 1053s
 11423  7136 3770.23512   43  303 3890.08075 3523.12082  9.43%   335 1059s
 12115  7446 3819.31392   39  293 3890.08075 3530.20068  9.25%   332 1065s
 12661  7778 3757.06056   42  299 3890.08075 3534.79712  9.13%   330 1070s
 13365  7827 3663.53952   30  398 3890.08075 3540.38227  8.99%   330 1078s
 13448  8149 3708.08769   31  384 3890.08075 3540.63163  8.98%   330 1084s
 13989  8481 3694.44677   27  368 3890.08075 3540.63163  8.98%   331 1090s
 14698  8842     cutoff   30      3890.08075 3550.01245  8.74%   330 1097s
 15436  9175 3749.14211   31  405 3890.08075 3555.73849  8.59%   330 1105s
 16217  9536 3747.32261   24  320 3890.08075 3558.55431  8.52%   330 1111s
 16992  9827     cutoff   27      3890.08075 3566.51416  8.32%   330 1118s
 17749 10248 3886.16956   28  378 3890.08075 3573.06857  8.15%   332 1126s
 18678 10583 3676.78051   23  384 3890.08075 3578.11910  8.02%   332 1137s
 19320 10605 3843.43174   30  398 3890.08075 3580.90642  7.95%   332 1151s
 19353 10972 3848.64962   32  363 3890.08075 3581.35976  7.94%   332 1160s
 20407 11415 3825.54699   27  455 3890.08075 3587.83931  7.77%   331 1170s
 21375 11935 3810.03401   28  477 3890.08075 3592.33821  7.65%   330 1179s
 22456 12237 3802.32623   25  343 3890.08075 3595.11168  7.58%   330 1186s
 23291 12496     cutoff   33      3890.08075 3598.29101  7.50%   331 1195s
 24354 12820     cutoff   30      3890.08075 3602.67839  7.39%   331 1203s
 25432 13273 3859.29509   37  280 3890.08075 3608.73719  7.23%   331 1212s
 26596 13575 3823.06132   27  444 3890.08075 3613.92823  7.10%   330 1222s
 27810 14015 3869.39741   31  201 3890.08075 3619.33565  6.96%   330 1230s
 29101 14435     cutoff   28      3890.08075 3624.75404  6.82%   329 1239s
 30396 14742 3809.63483   27  351 3890.08075 3628.00794  6.74%   328 1252s
 31533 15122 3816.01123   27  337 3890.08075 3634.17384  6.58%   327 1260s
 32871 15538 3864.36134   28  317 3890.08075 3638.26313  6.47%   327 1270s
 34126 15901 3763.83406   30  425 3890.08075 3644.49074  6.31%   327 1281s
 35623 16308 3877.09613   22  368 3890.08075 3649.96433  6.17%   326 1292s
 37216 16636 3878.85212   31  246 3890.08075 3654.17365  6.06%   326 1303s
 38911 17081 3858.58722   26  183 3890.08075 3659.24064  5.93%   325 1314s
 40610 17466 3885.27130   24  390 3890.08075 3664.47944  5.80%   325 1324s

Cutting planes:
  Gomory: 22
  MIR: 20
  Flow cover: 63
  Inf proof: 38
  Zero half: 23
  RLT: 1

Explored 42249 nodes (13884399 simplex iterations) in 1437.95 seconds (2292.88 work units)
Thread count was 16 (of 18 available processors)

Solution count 10: 3890.08 3899.84 3915.47 ... 4665.36

Optimal solution found (tolerance 1.00e-04)
Best objective 3.890080748327e+03, best bound 3.890080748327e+03, gap 0.0000%
---------------------------------------------------------------------------

Multi-objectives: optimize objective 3  ...
---------------------------------------------------------------------------


Loaded user MIP start with objective 0


Explored 0 nodes (0 simplex iterations) in 1438.23 seconds (2292.88 work units)
Thread count was 1 (of 18 available processors)

Solution count 1: 0 

Optimal solution found (tolerance 1.00e-04)
Best objective 0.000000000000e+00, best bound 0.000000000000e+00, gap 0.0000%

---------------------------------------------------------------------------
Multi-objectives: solved in 1438.26 seconds (2292.88 work units), solution count 10

