
Gurobi 11.0.0 (win64) logging started Thu Dec 19 19:22:00 2024

Set parameter LogFile to value "C:\Users\Administrator\Desktop\OptRail_Railroad_Construction\Data\Solution\Reduced\a5_o96_m10_an10_ar10_reduced\6_Objectives\hierarchical\gurobi_a5_o96_m10_an10_ar10_reduced_hierarchical.log"
Gurobi Optimizer version 11.0.0 build v11.0.0rc2 (win64 - Windows Server 2022.0 (20348.2))

CPU model: AMD EPYC 7513 32-Core Processor, instruction set [SSE2|AVX|AVX2]
Thread count: 18 physical cores, 18 logical processors, using up to 16 threads

Optimize a model with 2105 rows, 103849 columns and 839154 nonzeros
Model fingerprint: 0xe19c3bbd
Variable types: 0 continuous, 103849 integer (103849 binary)
Coefficient statistics:
  Matrix range     [1e+00, 1e+01]
  Objective range  [1e+00, 2e+02]
  Bounds range     [1e+00, 1e+00]
  RHS range        [1e+00, 2e+02]

---------------------------------------------------------------------------
Multi-objectives: starting optimization with 6 objectives ... 
---------------------------------------------------------------------------

Multi-objectives: applying initial presolve ...
---------------------------------------------------------------------------

Presolve removed 119 rows and 4 columns
Presolve time: 0.73s
Presolved: 1986 rows, 103845 columns, 744438 nonzeros
---------------------------------------------------------------------------

Multi-objectives: optimize objective 1 () ...
---------------------------------------------------------------------------

Found heuristic solution: objective 0.0000000
Presolve removed 346 rows and 55580 columns
Presolve time: 0.94s
Presolved: 1640 rows, 48265 columns, 713882 nonzeros
Variable types: 0 continuous, 48265 integer (48265 binary)
Deterministic concurrent LP optimizer: primal simplex, dual simplex, and barrier
Showing barrier log only...

Root barrier log...

Ordering time: 0.01s

Barrier statistics:
 AA' NZ     : 4.958e+04
 Factor NZ  : 7.463e+04 (roughly 7 MB of memory)
 Factor Ops : 1.068e+07 (less than 1 second per iteration)
 Threads    : 14

                  Objective                Residual
Iter       Primal          Dual         Primal    Dual     Compl     Time
   0  -2.03397956e+02 -1.28043974e+04  4.88e+04 1.31e-01  1.57e+01     2s
   1  -8.60007138e+01 -1.21588000e+04  1.86e+04 7.11e-01  6.15e+00     2s
   2  -1.57402702e+01 -1.02840514e+04  2.83e+03 1.21e-01  1.17e+00     2s
   3  -6.86205389e+00 -2.47815600e+03  3.26e+02 3.51e-03  1.58e-01     2s
   4  -6.38175395e+00 -4.07412461e+02  1.97e+02 1.79e-04  5.61e-02     2s
   5  -5.11169463e+00 -1.47549034e+02  3.80e+01 1.48e-05  1.25e-02     2s
   6  -4.95866163e+00 -7.27413918e+01  8.32e+00 7.60e-13  3.75e-03     2s
   7  -4.89490772e+00 -5.58912404e+01  1.92e+00 5.77e-13  1.99e-03     2s
   8  -4.88427414e+00 -2.62995225e+01  2.60e-03 1.95e-13  6.89e-04     2s
   9  -4.71559944e+00 -8.70827842e+00  7.11e-14 3.38e-14  1.26e-04     2s
  10  -4.78263074e+00 -5.49679820e+00  5.50e-14 6.22e-15  2.25e-05     2s
  11  -4.99714573e+00 -5.02419475e+00  1.14e-13 3.33e-16  8.54e-07     2s
  12  -5.00000000e+00 -5.00000024e+00  1.93e-13 4.44e-16  7.67e-12     2s
  13  -5.00000000e+00 -5.00000000e+00  9.33e-14 6.66e-16  9.85e-18     2s

Barrier solved model in 13 iterations and 2.17 seconds (4.99 work units)
Optimal objective -5.00000000e+00

Concurrent spin time: 0.15s (can be avoided by choosing Method=3)

Solved with dual simplex

Use crossover to convert LP symmetric solution to basic solution...

Root relaxation: objective -5.000000e+00, 1709 iterations, 0.51 seconds (0.54 work units)
Total elapsed time = 6.34s (DegenMoves)

    Nodes    |    Current Node    |     Objective Bounds      |     Work
 Expl Unexpl |  Obj  Depth IntInf | Incumbent    BestBd   Gap | It/Node Time

*    0     0               0      -5.0000000   -5.00000  0.00%     -    7s

Explored 1 nodes (41999 simplex iterations) in 7.36 seconds (12.51 work units)
Thread count was 16 (of 18 available processors)

Solution count 2: -5 0 
No other solutions better than -5

Optimal solution found (tolerance 1.00e-04)
Best objective -5.000000000000e+00, best bound -5.000000000000e+00, gap 0.0000%
---------------------------------------------------------------------------

Multi-objectives: optimize objective 2 () ...
---------------------------------------------------------------------------


Loaded user MIP start with objective 96

Presolve removed 4 rows and 54232 columns
Presolve time: 0.78s
Presolved: 1983 rows, 49613 columns, 744177 nonzeros
Variable types: 0 continuous, 49613 integer (49613 binary)
Found heuristic solution: objective 77.0000000
Deterministic concurrent LP optimizer: primal simplex, dual simplex, and barrier
Showing barrier log only...

Root barrier log...

Ordering time: 0.03s

Barrier statistics:
 AA' NZ     : 1.912e+05
 Factor NZ  : 3.436e+05 (roughly 23 MB of memory)
 Factor Ops : 6.887e+07 (less than 1 second per iteration)
 Threads    : 14

                  Objective                Residual
Iter       Primal          Dual         Primal    Dual     Compl     Time
   0   6.72534225e+02 -4.35625161e+03  2.64e+04 0.00e+00  2.52e+00     9s
   1   1.49422835e+02 -3.69893735e+03  3.73e+03 1.04e-01  3.80e-01     9s
   2   4.19122170e+01 -1.31974787e+03  2.98e+02 2.67e-03  3.91e-02     9s
   3   1.23222616e+01 -2.32955970e+02  7.60e+01 1.45e-04  8.63e-03     9s
   4   4.98541735e+00 -9.78662559e+01  1.98e+01 2.47e-05  2.61e-03     9s
   5   2.85075313e+00 -5.16866012e+01  5.15e+00 8.58e-06  9.56e-04     9s
   6   1.68744152e+00 -2.45960785e+01  1.98e+00 2.11e-07  4.01e-04     9s
   7   9.75506232e-01 -1.43742070e+01  6.29e-01 1.03e-15  1.95e-04     9s
   8   6.33378156e-01 -5.15329291e+00  1.27e-01 7.05e-16  6.69e-05     9s
   9   4.25906348e-01 -8.97553628e-01  1.36e-02 9.80e-16  1.46e-05     9s
  10   2.69865046e-01  1.70914594e-01  4.65e-04 1.05e-15  1.03e-06     9s
  11   2.50036995e-01  2.49963727e-01  8.87e-07 1.36e-15  8.03e-10     9s
  12   2.50000043e-01  2.49999964e-01  3.01e-10 6.66e-16  8.03e-13     9s
  13   2.50000000e-01  2.50000000e-01  5.94e-13 6.66e-16  7.03e-18     9s

Barrier solved model in 13 iterations and 8.80 seconds (15.10 work units)
Optimal objective 2.50000000e-01


Root crossover log...

     537 DPushes remaining with DInf 0.0000000e+00                 9s
       0 DPushes remaining with DInf 0.0000000e+00                 9s

     154 PPushes remaining with PInf 0.0000000e+00                 9s
       0 PPushes remaining with PInf 0.0000000e+00                 9s

  Push phase complete: Pinf 0.0000000e+00, Dinf 0.0000000e+00      9s


Root simplex log...

Iteration    Objective       Primal Inf.    Dual Inf.      Time
     332    2.5000000e-01   0.000000e+00   0.000000e+00      9s

Solved with barrier

Root relaxation: objective 2.500000e-01, 332 iterations, 1.11 seconds (1.10 work units)
Total elapsed time = 10.90s (DegenMoves)

    Nodes    |    Current Node    |     Objective Bounds      |     Work
 Expl Unexpl |  Obj  Depth IntInf | Incumbent    BestBd   Gap | It/Node Time

     0     0    0.25000    0  144   77.00000    0.25000   100%     -   15s
H    0     0                      56.0000000    0.25000   100%     -   15s
     0     0    0.25000    0  241   56.00000    0.25000   100%     -   17s
H    0     0                       4.0000000    0.25000  93.8%     -   21s
     0     0    0.25000    0  116    4.00000    0.25000  93.8%     -   25s
     0     0    0.25000    0   96    4.00000    0.25000  93.8%     -   28s
     0     0    0.25000    0  145    4.00000    0.25000  93.8%     -   29s
     0     0    0.25000    0   64    4.00000    0.25000  93.8%     -   31s
H    0     0                       3.0000000    0.25000  91.7%     -   32s
H    0     0                       2.0000000    0.25000  87.5%     -   32s
     0     2    1.00000    0   64    2.00000    1.00000  50.0%     -   37s
     3     8    1.00000    2  812    2.00000    1.00000  50.0%  8384   41s
    15    28    1.00000    4  718    2.00000    1.00000  50.0%  4323   50s
    47    60    1.00000    6  746    2.00000    1.00000  50.0%  4285   57s
    63    76    1.00000    7  747    2.00000    1.00000  50.0%  3729   62s
    79    92    1.00000    7  720    2.00000    1.00000  50.0%  3353   75s
H   80    92                       1.0000000    1.00000  0.00%  3311   75s

Cutting planes:
  MIR: 10
  Zero half: 9

Explored 95 nodes (412500 simplex iterations) in 76.30 seconds (154.04 work units)
Thread count was 16 (of 18 available processors)

Solution count 7: 1 2 3 ... 96

Optimal solution found (tolerance 1.00e-04)
Best objective 1.000000000000e+00, best bound 1.000000000000e+00, gap 0.0000%
---------------------------------------------------------------------------

Multi-objectives: optimize objective 3 () ...
---------------------------------------------------------------------------


Loaded user MIP start with objective 7835.29

Presolve removed 4 rows and 54192 columns
Presolve time: 0.77s
Presolved: 1984 rows, 49653 columns, 744313 nonzeros
Variable types: 0 continuous, 49653 integer (49653 binary)
Deterministic concurrent LP optimizer: primal simplex, dual simplex, and barrier
Showing barrier log only...

Root barrier log...

Ordering time: 0.03s

Barrier statistics:
 AA' NZ     : 1.914e+05
 Factor NZ  : 3.415e+05 (roughly 23 MB of memory)
 Factor Ops : 6.768e+07 (less than 1 second per iteration)
 Threads    : 14

                  Objective                Residual
Iter       Primal          Dual         Primal    Dual     Compl     Time
   0   2.52756571e+07 -6.76674622e+05  2.62e+04 1.17e+00  6.15e+00    78s
   1   4.84355845e+06 -6.11689733e+05  5.11e+03 5.95e-01  1.25e+00    78s
   2   4.93861098e+05 -2.51106802e+05  5.15e+02 8.76e-02  1.51e-01    78s
   3   2.35482892e+05 -9.09460174e+04  2.42e+02 1.68e-02  6.57e-02    78s
   4   9.22774833e+04 -2.54527049e+04  9.11e+01 3.32e-03  2.35e-02    78s
   5   3.07276345e+04 -1.13870484e+04  2.53e+01 1.49e-03  7.92e-03    78s
   6   1.66299560e+04 -3.35747581e+03  1.03e+01 8.65e-04  3.61e-03    78s
   7   1.15099047e+04  4.15077756e+02  5.50e+00 3.86e-04  1.94e-03    78s
   8   7.81416474e+03  2.09211210e+03  1.93e+00 5.37e-04  9.57e-04    78s
   9   7.17696035e+03  3.00120856e+03  1.39e+00 2.16e-04  6.90e-04    78s
  10   6.39714084e+03  3.97046050e+03  7.28e-01 1.04e-04  3.92e-04    78s
  11   5.90797133e+03  4.51993801e+03  3.26e-01 6.11e-05  2.19e-04    78s
  12   5.65170508e+03  4.82572720e+03  1.80e-01 3.82e-05  1.29e-04    78s
  13   5.48955930e+03  5.03689677e+03  9.18e-02 2.02e-05  7.02e-05    78s
  14   5.43267470e+03  5.13235302e+03  6.35e-02 1.36e-05  4.62e-05    78s
  15   5.33964713e+03  5.24760036e+03  1.90e-02 3.60e-06  1.41e-05    78s
  16   5.31409990e+03  5.27531446e+03  1.11e-02 9.75e-07  5.91e-06    78s
  17   5.29722437e+03  5.28446478e+03  3.13e-03 2.59e-07  1.94e-06    78s
  18   5.28821636e+03  5.28775441e+03  1.10e-04 3.19e-09  7.04e-08    78s
  19   5.28784786e+03  5.28784782e+03  9.97e-09 1.15e-13  5.83e-12    78s

Barrier solved model in 19 iterations and 77.82 seconds (156.74 work units)
Optimal objective 5.28784786e+03


Root crossover log...

     817 DPushes remaining with DInf 0.0000000e+00                78s
       0 DPushes remaining with DInf 0.0000000e+00                78s

    6079 PPushes remaining with PInf 0.0000000e+00                78s
       0 PPushes remaining with PInf 0.0000000e+00                78s

  Push phase complete: Pinf 0.0000000e+00, Dinf 3.0574154e-13     78s


Root simplex log...

Iteration    Objective       Primal Inf.    Dual Inf.      Time
    6891    5.2878478e+03   0.000000e+00   0.000000e+00     78s

Solved with barrier

Root relaxation: objective 5.287848e+03, 6891 iterations, 0.73 seconds (0.75 work units)

    Nodes    |    Current Node    |     Objective Bounds      |     Work
 Expl Unexpl |  Obj  Depth IntInf | Incumbent    BestBd   Gap | It/Node Time

     0     0 5287.84783    0  390 7835.29120 5287.84783  32.5%     -   79s
H    0     0                    7724.5656085 5287.84783  31.5%     -   80s
H    0     0                    7709.5314775 5414.61062  29.8%     -   81s
     0     0 5414.61062    0  474 7709.53148 5414.61062  29.8%     -   81s
H    0     0                    6900.8149064 5414.61062  21.5%     -   82s
H    0     0                    6847.8001799 5414.61062  20.9%     -   83s
     0     0 5429.38749    0  467 6847.80018 5429.38749  20.7%     -   83s
     0     0 5681.01406    0  580 6847.80018 5681.01406  17.0%     -   84s
     0     0 5703.18744    0  574 6847.80018 5703.18744  16.7%     -   84s
     0     0 5709.07837    0  582 6847.80018 5709.07837  16.6%     -   85s
     0     0 5711.13746    0  588 6847.80018 5711.13746  16.6%     -   85s
     0     0 5711.70905    0  583 6847.80018 5711.70905  16.6%     -   85s
     0     0 5711.70905    0  585 6847.80018 5711.70905  16.6%     -   85s
     0     0 5861.01522    0  509 6847.80018 5861.01522  14.4%     -   86s
     0     0 5861.01522    0  509 6847.80018 5861.01522  14.4%     -   87s
     0     0 5955.04856    0  416 6847.80018 5955.04856  13.0%     -   87s
H    0     0                    6692.5468677 5955.04856  11.0%     -   88s
     0     0 5955.04856    0  468 6692.54687 5955.04856  11.0%     -   88s
     0     0 6049.66605    0  434 6692.54687 6049.66605  9.61%     -   88s
H    0     0                    6551.6729551 6049.66605  7.66%     -   90s
     0     0 6049.66605    0  438 6551.67296 6049.66605  7.66%     -   90s
     0     0 6099.77573    0  434 6551.67296 6099.77573  6.90%     -   90s
H    0     0                    6544.7703047 6099.77573  6.80%     -   91s
H    0     0                    6543.8677288 6099.77573  6.79%     -   91s
     0     0 6099.77573    0  267 6543.86773 6099.77573  6.79%     -   92s
H    0     0                    6243.0712558 6099.77573  2.30%     -   93s
     0     0 6099.99005    0  407 6243.07126 6099.99005  2.29%     -   97s
     0     0 6099.99005    0  625 6243.07126 6099.99005  2.29%     -   98s
     0     0 6099.99005    0  691 6243.07126 6099.99005  2.29%     -   98s
     0     0 6099.99005    0  701 6243.07126 6099.99005  2.29%     -   99s
     0     0 6099.99005    0  737 6243.07126 6099.99005  2.29%     -  101s
     0     0 6099.99005    0  759 6243.07126 6099.99005  2.29%     -  103s
     0     0 6099.99005    0  727 6243.07126 6099.99005  2.29%     -  103s
     0     0 6099.99005    0  715 6243.07126 6099.99005  2.29%     -  104s
     0     0 6099.99005    0  694 6243.07126 6099.99005  2.29%     -  105s
     0     0 6099.99005    0  770 6243.07126 6099.99005  2.29%     -  106s
     0     0 6099.99005    0  747 6243.07126 6099.99005  2.29%     -  106s
     0     0 6099.99005    0  599 6243.07126 6099.99005  2.29%     -  110s
     0     0 6099.99005    0  604 6243.07126 6099.99005  2.29%     -  110s
     0     0 6099.99005    0  614 6243.07126 6099.99005  2.29%     -  110s
     0     0 6099.99005    0  595 6243.07126 6099.99005  2.29%     -  110s
     0     0 6099.99005    0  602 6243.07126 6099.99005  2.29%     -  110s
     0     0 6099.99005    0  618 6243.07126 6099.99005  2.29%     -  110s
     0     0 6099.99005    0  646 6243.07126 6099.99005  2.29%     -  110s
     0     0 6099.99005    0  638 6243.07126 6099.99005  2.29%     -  110s
     0     0 6099.99005    0  646 6243.07126 6099.99005  2.29%     -  110s
     0     0 6099.99005    0  654 6243.07126 6099.99005  2.29%     -  111s
     0     0 6099.99005    0  664 6243.07126 6099.99005  2.29%     -  111s
     0     0 6099.99005    0  535 6243.07126 6099.99005  2.29%     -  111s
     0     0 6099.99005    0  541 6243.07126 6099.99005  2.29%     -  111s
     0     0 6099.99005    0  560 6243.07126 6099.99005  2.29%     -  112s
     0     0 6099.99005    0  631 6243.07126 6099.99005  2.29%     -  114s
     0     0 6099.99005    0  636 6243.07126 6099.99005  2.29%     -  114s
     0     0 6099.99005    0  626 6243.07126 6099.99005  2.29%     -  115s
     0     0 6099.99005    0  669 6243.07126 6099.99005  2.29%     -  115s
     0     0 6099.99005    0  640 6243.07126 6099.99005  2.29%     -  115s
     0     0 6099.99005    0  625 6243.07126 6099.99005  2.29%     -  116s
     0     0 6099.99005    0  604 6243.07126 6099.99005  2.29%     -  116s
     0     0 6099.99005    0  606 6243.07126 6099.99005  2.29%     -  116s
     0     0 6099.99005    0  635 6243.07126 6099.99005  2.29%     -  116s
     0     0 6099.99005    0  635 6243.07126 6099.99005  2.29%     -  117s
     0     0 6099.99005    0  571 6243.07126 6099.99005  2.29%     -  117s
     0     0 6099.99005    0  678 6243.07126 6099.99005  2.29%     -  118s
     0     0 6099.99005    0  661 6243.07126 6099.99005  2.29%     -  118s
     0     0 6099.99005    0  669 6243.07126 6099.99005  2.29%     -  118s
     0     0 6099.99005    0  693 6243.07126 6099.99005  2.29%     -  118s
     0     0 6099.99005    0  614 6243.07126 6099.99005  2.29%     -  119s
     0     0 6099.99005    0  705 6243.07126 6099.99005  2.29%     -  119s
     0     0 6099.99005    0  690 6243.07126 6099.99005  2.29%     -  119s
     0     0 6099.99005    0  671 6243.07126 6099.99005  2.29%     -  119s
     0     0 6099.99005    0  704 6243.07126 6099.99005  2.29%     -  119s
     0     0 6099.99005    0  669 6243.07126 6099.99005  2.29%     -  119s
     0     0 6099.99005    0  616 6243.07126 6099.99005  2.29%     -  119s
     0     0 6099.99005    0  630 6243.07126 6099.99005  2.29%     -  120s
     0     0 6099.99005    0  592 6243.07126 6099.99005  2.29%     -  120s
     0     0 6099.99005    0  612 6243.07126 6099.99005  2.29%     -  120s
     0     0 6099.99005    0  563 6243.07126 6099.99005  2.29%     -  120s
     0     0 6099.99005    0  574 6243.07126 6099.99005  2.29%     -  120s
     0     0 6099.99005    0  561 6243.07126 6099.99005  2.29%     -  120s
     0     0 6099.99005    0  451 6243.07126 6099.99005  2.29%     -  121s
     0     0 6099.99005    0  528 6243.07126 6099.99005  2.29%     -  121s
     0     0 6099.99005    0  499 6243.07126 6099.99005  2.29%     -  121s
     0     0 6099.99005    0  556 6243.07126 6099.99005  2.29%     -  121s
     0     0 6099.99005    0  573 6243.07126 6099.99005  2.29%     -  121s
     0     0 6099.99005    0  583 6243.07126 6099.99005  2.29%     -  121s
     0     0 6099.99005    0  581 6243.07126 6099.99005  2.29%     -  122s
     0     0 6099.99005    0  577 6243.07126 6099.99005  2.29%     -  122s
     0     0 6099.99005    0  612 6243.07126 6099.99005  2.29%     -  122s
     0     0 6099.99005    0  605 6243.07126 6099.99005  2.29%     -  122s
     0     0 6099.99005    0  616 6243.07126 6099.99005  2.29%     -  123s
     0     0 6099.99005    0  151 6243.07126 6099.99005  2.29%     -  123s
     0     0 6099.99005    0  194 6243.07126 6099.99005  2.29%     -  123s
     0     0 6099.99005    0  112 6243.07126 6099.99005  2.29%     -  124s
     0     0 6099.99005    0   93 6243.07126 6099.99005  2.29%     -  124s
     0     0 6099.99005    0   93 6243.07126 6099.99005  2.29%     -  125s
     0     0 6099.99005    0   93 6243.07126 6099.99005  2.29%     -  125s
     0     2 6099.99005    0   93 6243.07126 6099.99005  2.29%     -  127s
*   25     8               7    6150.1892393 6102.95856  0.77%   419  128s
H   33     6                    6109.3242319 6102.95856  0.10%   355  129s

Cutting planes:
  Clique: 1
  MIR: 13
  GUB cover: 1
  Zero half: 60

Explored 39 nodes (212683 simplex iterations) in 129.16 seconds (235.76 work units)
Thread count was 16 (of 18 available processors)

Solution count 10: 6109.32 6150.19 6243.07 ... 7709.53

Optimal solution found (tolerance 1.00e-04)
Best objective 6.109324231855e+03, best bound 6.109324231855e+03, gap 0.0000%
---------------------------------------------------------------------------

Multi-objectives: optimize objective 4 () ...
---------------------------------------------------------------------------


Loaded user MIP start with objective 191.726

Presolve removed 4 rows and 54232 columns
Presolve time: 0.94s
Presolved: 1985 rows, 49613 columns, 780318 nonzeros
Variable types: 0 continuous, 49613 integer (49613 binary)
Deterministic concurrent LP optimizer: primal simplex, dual simplex, and barrier
Showing barrier log only...

Root barrier log...

Ordering time: 0.02s

Barrier statistics:
 AA' NZ     : 1.931e+05
 Factor NZ  : 3.459e+05 (roughly 23 MB of memory)
 Factor Ops : 6.981e+07 (less than 1 second per iteration)
 Threads    : 14

                  Objective                Residual
Iter       Primal          Dual         Primal    Dual     Compl     Time
   0   1.71328567e+06 -2.98779661e+05  4.43e+05 0.00e+00  5.22e+02   131s
   1   5.31678899e+05 -3.15779429e+05  1.42e+05 1.37e+01  1.70e+02   131s
   2   4.76213151e+04 -2.42270348e+05  1.30e+04 2.56e-13  1.73e+01   131s
   3   5.61933742e+03 -8.20638411e+04  1.49e+03 1.71e-13  2.44e+00   131s
   4   2.22609587e+03 -5.43093547e+04  5.61e+02 9.24e-14  1.14e+00   131s
   5   1.29546858e+03 -2.81224577e+04  3.12e+02 8.08e-14  5.91e-01   131s
   6   8.65024766e+02 -1.96034250e+04  1.98e+02 6.57e-14  3.87e-01   131s
   7   7.18668867e+02 -1.23120982e+04  1.60e+02 1.32e-13  2.74e-01   131s
   8   5.86775588e+02 -1.03069183e+04  1.27e+02 1.10e-13  2.23e-01   131s
   9   3.50548742e+02 -7.03776253e+03  6.75e+01 8.53e-14  1.33e-01   131s
  10   1.93767059e+02 -4.83384568e+03  3.05e+01 1.26e-13  7.58e-02   131s
  11   1.57662288e+02 -3.31737800e+03  2.39e+01 1.71e-13  5.34e-02   131s
  12   1.15319162e+02 -2.23126519e+03  1.71e+01 1.42e-13  3.57e-02   131s
  13   5.66659456e+01 -1.72548244e+03  7.68e+00 2.19e-13  2.29e-02   131s
  14   3.83026974e+01 -1.07364491e+03  5.19e+00 1.36e-13  1.38e-02   131s
  15   1.68746302e+01 -6.30410747e+02  2.07e+00 1.14e-13  7.21e-03   131s
  16   5.73407124e+00 -3.68098181e+02  6.47e-01 5.49e-14  3.88e-03   131s
  17   3.37908099e+00 -2.43756317e+02  4.19e-01 4.26e-14  2.54e-03   131s
  18   2.09510547e+00 -1.26413129e+02  3.16e-01 3.22e-14  1.31e-03   131s
  19   9.13194192e-02 -7.18822082e+00  2.58e-03 4.26e-14  7.29e-05   131s
  20   5.72004515e-04 -6.96620588e-03  4.77e-07 2.84e-14  7.56e-08   131s
  21   1.28470209e-08 -6.96618672e-06  1.04e-11 2.84e-14  6.99e-11   131s
  22   2.46296404e-14 -1.33369631e-11  2.68e-12 4.26e-14  1.34e-16   131s

Barrier solved model in 22 iterations and 130.98 seconds (239.10 work units)
Optimal objective 2.46296404e-14


Root crossover log...

     534 DPushes remaining with DInf 0.0000000e+00               132s
       0 DPushes remaining with DInf 0.0000000e+00               132s

     235 PPushes remaining with PInf 0.0000000e+00               132s
       0 PPushes remaining with PInf 0.0000000e+00               132s

  Push phase complete: Pinf 0.0000000e+00, Dinf 2.1316282e-14    132s


Root simplex log...

Iteration    Objective       Primal Inf.    Dual Inf.      Time
     253    0.0000000e+00   0.000000e+00   0.000000e+00    132s

Solved with barrier

Root relaxation: objective 0.000000e+00, 253 iterations, 1.61 seconds (1.68 work units)
Total elapsed time = 135.63s (DegenMoves)
Total elapsed time = 141.38s (DegenMoves)

    Nodes    |    Current Node    |     Objective Bounds      |     Work
 Expl Unexpl |  Obj  Depth IntInf | Incumbent    BestBd   Gap | It/Node Time

     0     0    0.00000    0  515  191.72596    0.00000   100%     -  146s
     0     0    0.00000    0  843  191.72596    0.00000   100%     -  149s
     0     0    0.00000    0  828  191.72596    0.00000   100%     -  150s
     0     0    0.00000    0  555  191.72596    0.00000   100%     -  168s
     0     0    0.00000    0  608  191.72596    0.00000   100%     -  168s
     0     0    0.00000    0  448  191.72596    0.00000   100%     -  177s
     0     0    0.00000    0  618  191.72596    0.00000   100%     -  178s
     0     0    0.00000    0  506  191.72596    0.00000   100%     -  187s
     0     0    0.00000    0  537  191.72596    0.00000   100%     -  189s
     0     0    1.82245    0  558  191.72596    1.82245  99.0%     -  191s
     0     0    2.38770    0  599  191.72596    2.38770  98.8%     -  192s
     0     0    3.89251    0  599  191.72596    3.89251  98.0%     -  193s
     0     0   11.68016    0  561  191.72596   11.68016  93.9%     -  194s
     0     0   11.68016    0  540  191.72596   11.68016  93.9%     -  195s
     0     2   26.40076    0  540  191.72596   26.40076  86.2%     -  199s
     3     6   29.07503    2  462  191.72596   26.40076  86.2%  2626  200s
    35    27 infeasible    6       191.72596   36.08998  81.2%  1089  208s
    67    44  104.49971    7  478  191.72596   53.49908  72.1%  1035  210s
   154    87  122.26374   13  484  191.72596   53.49908  72.1%   617  215s
   272   130  122.26374   15  486  191.72596   53.49908  72.1%   537  220s
   453   198 infeasible   17       191.72596   53.49908  72.1%   482  225s
   509   201 infeasible   17       191.72596   77.18054  59.7%   458  235s
   715   262 infeasible    9       191.72596   82.77243  56.8%   421  240s
   936   308  122.26374   10  186  191.72596   89.02694  53.6%   418  245s
  1170   384  122.26374   27  153  191.72596   89.02694  53.6%   427  250s
  1512   467  122.26374   12  374  191.72596  105.12062  45.2%   418  256s
  1757   337 infeasible   22       191.72596  122.26374  36.2%   431  260s
  1962   112 infeasible   16       191.72596  122.26374  36.2%   491  266s

Cutting planes:
  Cover: 10
  MIR: 27
  Inf proof: 7
  Zero half: 25

Explored 2249 nodes (1401529 simplex iterations) in 268.41 seconds (494.56 work units)
Thread count was 16 (of 18 available processors)

Solution count 1: 191.726 

Optimal solution found (tolerance 1.00e-04)
Best objective 1.917259550243e+02, best bound 1.917259550243e+02, gap 0.0000%
---------------------------------------------------------------------------

Multi-objectives: optimize objective 5 () ...
---------------------------------------------------------------------------


Loaded user MIP start with objective 7

Presolve removed 4 rows and 54232 columns
Presolve time: 0.98s
Presolved: 1986 rows, 49613 columns, 781658 nonzeros
Variable types: 0 continuous, 49613 integer (49613 binary)
Deterministic concurrent LP optimizer: primal simplex, dual simplex, and barrier
Showing barrier log only...

Root barrier log...

Ordering time: 0.02s

Barrier statistics:
 AA' NZ     : 1.933e+05
 Factor NZ  : 3.441e+05 (roughly 23 MB of memory)
 Factor Ops : 6.862e+07 (less than 1 second per iteration)
 Threads    : 14

                  Objective                Residual
Iter       Primal          Dual         Primal    Dual     Compl     Time
   0   8.52967757e+03 -5.40940352e+03  8.41e+05 0.00e+00  1.38e+01   270s
   1   2.67010229e+03 -5.46486828e+03  2.74e+05 1.87e-01  4.57e+00   270s
   2   2.36165739e+02 -4.16703024e+03  2.58e+04 4.88e-15  4.61e-01   270s
   3   4.82939741e+01 -2.84088725e+03  4.26e+03 2.66e-15  9.55e-02   270s
   4   1.98309582e+01 -1.56837367e+03  1.28e+03 2.00e-15  3.49e-02   270s
   5   1.45196018e+01 -7.99697946e+02  7.52e+02 1.11e-15  1.86e-02   270s
   6   1.19056501e+01 -5.08927330e+02  4.86e+02 1.08e-15  1.17e-02   270s
   7   1.00233232e+01 -3.14464073e+02  2.97e+02 8.88e-16  7.01e-03   270s
   8   8.55521436e+00 -2.52055582e+02  1.53e+02 1.57e-15  4.50e-03   270s
   9   8.07772935e+00 -1.72395182e+02  1.06e+02 1.33e-15  3.11e-03   270s
  10   7.49683985e+00 -1.01755633e+02  4.98e+01 1.77e-15  1.70e-03   270s
  11   7.29648146e+00 -7.32956569e+01  3.13e+01 1.41e-15  1.17e-03   270s
  12   6.75311409e+00 -5.59247011e+01  1.99e+01 1.78e-15  8.47e-04   270s
  13   6.14652922e+00 -3.46892402e+01  1.02e+01 1.79e-15  5.16e-04   270s
  14   5.76401089e+00 -2.21706901e+01  7.13e+00 2.19e-15  3.44e-04   270s
  15   5.41272131e+00 -1.08147842e+01  4.89e+00 1.97e-15  1.95e-04   270s
  16   5.00858186e+00 -7.01413034e+00  2.87e+00 1.42e-15  1.37e-04   270s
  17   4.70417522e+00 -4.52561377e+00  1.72e+00 1.68e-15  1.01e-04   270s
  18   4.57803761e+00 -1.06485335e+00  1.25e+00 6.66e-16  6.06e-05   270s
  19   4.45863523e+00  5.11835340e-01  9.30e-01 7.77e-16  4.19e-05   270s
  20   4.39574391e+00  1.36607166e+00  7.93e-01 7.87e-16  3.20e-05   270s
  21   4.29740236e+00  1.98257776e+00  6.02e-01 8.88e-16  2.43e-05   270s
  22   4.19700061e+00  2.21321041e+00  4.32e-01 8.88e-16  2.06e-05   270s
  23   4.12141601e+00  2.59473349e+00  3.05e-01 6.24e-16  1.57e-05   270s
  24   4.04910002e+00  3.52448171e+00  1.37e-01 4.46e-16  5.36e-06   270s
  25   4.00680750e+00  3.96524469e+00  1.50e-02 4.44e-16  4.23e-07   270s
  26   4.00005787e+00  3.99992118e+00  2.23e-06 1.33e-15  1.42e-09   270s
  27   4.00000000e+00  4.00000000e+00  1.44e-11 4.44e-16  5.81e-15   270s

Barrier solved model in 27 iterations and 270.41 seconds (498.01 work units)
Optimal objective 4.00000000e+00


Root crossover log...

     586 DPushes remaining with DInf 0.0000000e+00               271s
       0 DPushes remaining with DInf 0.0000000e+00               271s

     145 PPushes remaining with PInf 0.0000000e+00               271s
       0 PPushes remaining with PInf 0.0000000e+00               271s

  Push phase complete: Pinf 0.0000000e+00, Dinf 0.0000000e+00    271s


Root simplex log...

Iteration    Objective       Primal Inf.    Dual Inf.      Time
     230    4.0000000e+00   0.000000e+00   0.000000e+00    271s

Solved with barrier

Root relaxation: objective 4.000000e+00, 230 iterations, 1.64 seconds (1.64 work units)
Total elapsed time = 279.26s (DegenMoves)
Total elapsed time = 281.30s (DegenMoves)

    Nodes    |    Current Node    |     Objective Bounds      |     Work
 Expl Unexpl |  Obj  Depth IntInf | Incumbent    BestBd   Gap | It/Node Time

     0     0    4.00000    0  572    7.00000    4.00000  42.9%     -  285s
H    0     0                       6.0000000    4.00000  33.3%     -  286s
     0     0    4.00000    0  795    6.00000    4.00000  33.3%     -  287s
     0     0    4.00000    0  789    6.00000    4.00000  33.3%     -  288s
     0     0    4.00000    0  534    6.00000    4.00000  33.3%     -  304s
     0     0    4.00000    0  742    6.00000    4.00000  33.3%     -  305s
     0     0    4.00000    0  562    6.00000    4.00000  33.3%     -  316s
     0     0    4.00000    0  552    6.00000    4.00000  33.3%     -  317s
     0     0    4.00000    0  569    6.00000    4.00000  33.3%     -  322s
     0     0    4.00000    0  740    6.00000    4.00000  33.3%     -  323s
     0     0    4.00000    0  570    6.00000    4.00000  33.3%     -  328s
     0     0    4.00000    0  558    6.00000    4.00000  33.3%     -  334s
     0     2    4.00000    0  536    6.00000    4.00000  33.3%     -  349s
     1     4    4.00000    1  808    6.00000    4.00000  33.3% 12281  350s
     7    16    4.00000    3  792    6.00000    4.00000  33.3%  3840  355s
    15    32    4.00000    4  784    6.00000    4.00000  33.3%  3336  363s
    31    46    4.00000    5  772    6.00000    4.00000  33.3%  6359  373s
    47    62    4.00000    5  772    6.00000    4.00000  33.3%  5916  377s
    63    78    4.00000    6  769    6.00000    4.00000  33.3%  5117  381s
    79    94    4.00000    7  756    6.00000    4.00000  33.3%  5584  392s
    95   115    4.00000    8  724    6.00000    4.00000  33.3%  5136  404s
   118   133    4.30298    9  518    6.00000    4.00000  33.3%  5520  408s
   136   149    4.28478    9  749    6.00000    4.00000  33.3%  5232  487s
   152   273    4.28830   10  757    6.00000    4.00000  33.3%  4861  502s
   287   312    5.00000   20  671    6.00000    4.00000  33.3%  3560  517s
   357   391 infeasible   23         6.00000    4.00000  33.3%  3215  530s
   527   444    4.50000    8  686    6.00000    4.00000  33.3%  2755  615s
   597   546 infeasible   11         6.00000    4.00000  33.3%  2589  630s
   789   666    4.29574   20  535    6.00000    4.00000  33.3%  2348  642s
   957   786    4.38030   45  695    6.00000    4.00000  33.3%  2194  652s
  1134   954    4.43731   72  745    6.00000    4.00000  33.3%  2024  664s
  1352  1001 infeasible  102         6.00000    4.00000  33.3%  1862  673s
  1461  1125    4.49542   10  619    6.00000    4.00000  33.3%  1871  684s
  1657  1265    4.54683   19  606    6.00000    4.00000  33.3%  1797  693s
  1854  1396    4.64703   33  620    6.00000    4.00000  33.3%  1727  706s
  2070  1444    4.93208   71  448    6.00000    4.00000  33.3%  1664  717s
  2195  1500    5.00000   18  644    6.00000    4.00000  33.3%  1686  728s
  2318  1598    4.81576   20  759    6.00000    4.00000  33.3%  1711  740s
  2501  1710    4.49092   20  570    6.00000    4.00000  33.3%  1698  753s
  2710  1814    4.79461   40  598    6.00000    4.00000  33.3%  1671  764s
  2931  1835    4.93118   63  633    6.00000    4.00000  33.3%  1645  849s
  2965  1836    4.42212    9  558    6.00000    4.00000  33.3%  1647  860s
  2967  1837    4.18906   12  538    6.00000    4.00000  33.3%  1646  880s
  2968  1838    5.00000   28  537    6.00000    4.00000  33.3%  1646  893s
  2969  1839    5.00000   10  553    6.00000    4.00000  33.3%  1645  896s
  2970  1839    5.00000   17  523    6.00000    4.00000  33.3%  1645  909s
  2971  1840    4.42160   13  745    6.00000    4.00000  33.3%  1644  913s
  2972  1841    4.52084   41  584    6.00000    4.17411  30.4%  1643  917s
  2976  1845    4.49225   21  558    6.00000    4.47726  25.4%  1687  920s
  2978  1846    4.63311   77  623    6.00000    4.47726  25.4%  1686  931s
  2981  1850    4.56047   40  558    6.00000    4.47726  25.4%  1700  936s
  2983  1851    4.56750   20  481    6.00000    4.47726  25.4%  1699  943s
  2984  1852    4.47726   30  481    6.00000    4.47726  25.4%  1699  945s

Cutting planes:
  Gomory: 9
  MIR: 5
  Flow cover: 11
  Zero half: 43

Explored 2985 nodes (5332306 simplex iterations) in 947.82 seconds (1883.03 work units)
Thread count was 16 (of 18 available processors)

Solution count 2: 6 7 

Optimal solution found (tolerance 1.00e-04)
Best objective 6.000000000000e+00, best bound 6.000000000000e+00, gap 0.0000%
---------------------------------------------------------------------------

Multi-objectives: optimize objective 6 () ...
---------------------------------------------------------------------------


Loaded user MIP start with objective 9

Presolve removed 4 rows and 54232 columns
Presolve time: 0.94s
Presolved: 1987 rows, 49613 columns, 781889 nonzeros
Variable types: 0 continuous, 49613 integer (49613 binary)
Deterministic concurrent LP optimizer: primal simplex, dual simplex, and barrier
Showing barrier log only...

Root barrier log...

Ordering time: 0.02s

Barrier statistics:
 AA' NZ     : 1.936e+05
 Factor NZ  : 3.450e+05 (roughly 23 MB of memory)
 Factor Ops : 6.891e+07 (less than 1 second per iteration)
 Threads    : 14

                  Objective                Residual
Iter       Primal          Dual         Primal    Dual     Compl     Time
   0   3.38805815e+04 -4.79900000e+02  8.40e+05 0.00e+00  1.69e+00   949s
   1   1.09476383e+04 -4.94498105e+02  2.74e+05 1.94e-02  5.61e-01   949s
   2   9.19728696e+02 -3.76571217e+02  2.31e+04 5.00e-16  5.02e-02   949s
   3   1.54617165e+02 -2.39331993e+02  3.74e+03 4.44e-16  9.80e-03   949s
   4   7.09304007e+01 -1.06860883e+02  1.64e+03 4.44e-16  4.22e-03   950s
   5   3.38023569e+01 -5.66522842e+01  7.13e+02 3.33e-16  1.92e-03   950s
   6   2.08620578e+01 -3.84265081e+01  3.93e+02 4.44e-16  1.13e-03   950s
   7   1.70204399e+01 -2.34366596e+01  2.98e+02 2.22e-16  8.02e-04   950s
   8   1.25969893e+01 -1.48837416e+01  1.91e+02 2.22e-16  5.27e-04   950s
   9   1.02311013e+01 -1.30161446e+01  1.34e+02 2.22e-16  4.09e-04   950s
  10   7.29346368e+00 -6.12821484e+00  6.48e+01 3.33e-16  2.26e-04   950s
  11   5.86355480e+00 -2.94821371e+00  3.21e+01 2.22e-16  1.37e-04   950s
  12   5.62472485e+00 -8.38853807e-01  2.69e+01 3.89e-16  1.12e-04   950s
  13   5.21075939e+00  6.27322041e-01  1.69e+01 4.01e-16  8.17e-05   950s
  14   5.16855811e+00  1.94101921e+00  1.42e+01 5.55e-16  6.98e-05   950s
  15   5.37560835e+00  2.44476336e+00  1.14e+01 5.06e-16  6.04e-05   950s
  16   6.31172795e+00  3.33156801e+00  8.02e+00 5.55e-16  5.23e-05   950s
  17   6.54191707e+00  4.98735380e+00  6.94e+00 7.94e-16  3.69e-05   950s
  18   7.36530193e+00  6.11664865e+00  3.07e+00 4.44e-16  2.22e-05   950s
  19   7.64805378e+00  6.96783326e+00  1.70e+00 9.12e-16  1.23e-05   950s
  20   7.89211227e+00  7.45679921e+00  5.38e-01 7.15e-16  6.08e-06   950s
  21   7.99841094e+00  7.77625769e+00  1.46e-02 7.97e-16  2.28e-06   950s
  22   8.00000776e+00  7.99985808e+00  5.50e-07 1.11e-15  1.60e-09   950s
  23   8.00000001e+00  7.99999986e+00  5.06e-10 1.15e-15  1.59e-12   950s
  24   8.00000000e+00  8.00000000e+00  3.50e-13 6.66e-16  3.61e-18   950s

Barrier solved model in 24 iterations and 949.86 seconds (1886.41 work units)
Optimal objective 8.00000000e+00

  Building initial crossover basis                               950s

Root crossover log...

     571 DPushes remaining with DInf 0.0000000e+00               950s
       0 DPushes remaining with DInf 0.0000000e+00               950s

     196 PPushes remaining with PInf 0.0000000e+00               950s
       0 PPushes remaining with PInf 0.0000000e+00               950s

  Push phase complete: Pinf 0.0000000e+00, Dinf 0.0000000e+00    950s


Root simplex log...

Iteration    Objective       Primal Inf.    Dual Inf.      Time
     385    8.0000000e+00   0.000000e+00   0.000000e+00    950s

Solved with barrier

Root relaxation: objective 8.000000e+00, 385 iterations, 1.38 seconds (1.37 work units)
Total elapsed time = 957.03s (DegenMoves)
Total elapsed time = 961.71s (DegenMoves)

    Nodes    |    Current Node    |     Objective Bounds      |     Work
 Expl Unexpl |  Obj  Depth IntInf | Incumbent    BestBd   Gap | It/Node Time

     0     0    8.00000    0  513    9.00000    8.00000  11.1%     -  963s
     0     0    8.00000    0  891    9.00000    8.00000  11.1%     -  965s
     0     0    8.00000    0  668    9.00000    8.00000  11.1%     -  981s
     0     0    8.00000    0  752    9.00000    8.00000  11.1%     -  983s
     0     0    8.00000    0  775    9.00000    8.00000  11.1%     -  984s
     0     0    8.00000    0  342    9.00000    8.00000  11.1%     -  996s
     0     0    8.00000    0  684    9.00000    8.00000  11.1%     -  997s
     0     0    8.00000    0  582    9.00000    8.00000  11.1%     - 1004s
     0     0    8.00000    0  710    9.00000    8.00000  11.1%     - 1006s
     0     0    8.00000    0  543    9.00000    8.00000  11.1%     - 1010s
     0     0    8.00000    0  633    9.00000    8.00000  11.1%     - 1011s
     0     0    8.00000    0  546    9.00000    8.00000  11.1%     - 1015s
     0     0    8.00000    0  614    9.00000    8.00000  11.1%     - 1016s
     0     0    8.00000    0  496    9.00000    8.00000  11.1%     - 1022s
     0     0    8.00000    0  496    9.00000    8.00000  11.1%     - 1024s
     0     2    8.00000    0  496    9.00000    8.00000  11.1%     - 1033s
     3     8    8.00000    2  689    9.00000    8.00000  11.1%  5714 1036s
    15    32    8.00000    4  702    9.00000    8.00000  11.1%  2907 1041s
    31    48    8.00000    5  699    9.00000    8.00000  11.1%  4927 1046s
    63    80    8.00000    7  652    9.00000    8.00000  11.1%  3639 1053s
    79    96    8.00000    8  671    9.00000    8.00000  11.1%  3617 1058s
    95   110    8.00000    8  616    9.00000    8.00000  11.1%  3375 1061s
   111   133    8.00000    9  622    9.00000    8.00000  11.1%  3308 1070s
   134   149    8.00000   10  666    9.00000    8.00000  11.1%  3661 1086s
   171   197    8.00000   12  650    9.00000    8.00000  11.1%  3278 1092s
   222   238    8.00000   13  645    9.00000    8.00000  11.1%  2922 1110s
   313   293    8.00000   15  653    9.00000    8.00000  11.1%  2830 1139s
   529   286    8.00000   24  647    9.00000    8.00000  11.1%  2634 1165s
   722   250    8.00000    7  686    9.00000    8.00000  11.1%  2751 1204s
   826    76    8.00000    9  672    9.00000    8.00000  11.1%  2911 1226s
  1010     8    8.00000    7  702    9.00000    8.00000  11.1%  3209 1237s
  1086     0 infeasible   11         9.00000    8.00000  11.1%  3310 1241s

Cutting planes:
  Cover: 3
  Implied bound: 23
  MIR: 21
  Inf proof: 3
  Zero half: 25

Explored 1094 nodes (3970266 simplex iterations) in 1241.85 seconds (2571.86 work units)
Thread count was 16 (of 18 available processors)

Solution count 1: 9 

Optimal solution found (tolerance 1.00e-04)
Best objective 9.000000000000e+00, best bound 9.000000000000e+00, gap 0.0000%

---------------------------------------------------------------------------
Multi-objectives: solved in 1242.01 seconds (2571.86 work units), solution count 10

