
Gurobi 11.0.0 (win64) logging started Thu Dec 19 19:11:21 2024

Set parameter LogFile to value "C:\Users\Administrator\Desktop\OptRail_Railroad_Construction\Data\Solution\Reduced\a5_o96_m10_an10_ar10_reduced\3_Objectives\weighted\gurobi_a5_o96_m10_an10_ar10_reduced_weighted.log"
Gurobi Optimizer version 11.0.0 build v11.0.0rc2 (win64 - Windows Server 2022.0 (20348.2))

CPU model: AMD EPYC 7513 32-Core Processor, instruction set [SSE2|AVX|AVX2]
Thread count: 18 physical cores, 18 logical processors, using up to 16 threads

Optimize a model with 2105 rows, 103849 columns and 839154 nonzeros
Model fingerprint: 0x1a4199a0
Variable types: 0 continuous, 103849 integer (103849 binary)
Coefficient statistics:
  Matrix range     [1e+00, 1e+01]
  Objective range  [1e+00, 2e+02]
  Bounds range     [1e+00, 1e+00]
  RHS range        [1e+00, 2e+02]

---------------------------------------------------------------------------
Multi-objectives: starting optimization with 3 objectives (1 combined) ...
---------------------------------------------------------------------------
---------------------------------------------------------------------------

Multi-objectives: optimize objective 1 (weighted) ...
---------------------------------------------------------------------------

Optimize a model with 2105 rows, 103849 columns and 839154 nonzeros
Model fingerprint: 0xc0429e0f
Variable types: 0 continuous, 103849 integer (103849 binary)
Coefficient statistics:
  Matrix range     [1e+00, 1e+01]
  Objective range  [5e-04, 7e-01]
  Bounds range     [1e+00, 1e+00]
  RHS range        [1e+00, 2e+02]
Found heuristic solution: objective 0.0000000
Presolve removed 121 rows and 54190 columns
Presolve time: 0.95s
Presolved: 1984 rows, 49659 columns, 744416 nonzeros
Variable types: 0 continuous, 49659 integer (49659 binary)
Deterministic concurrent LP optimizer: primal simplex, dual simplex, and barrier
Showing barrier log only...

Root barrier log...

Ordering time: 0.02s

Barrier statistics:
 AA' NZ     : 1.965e+05
 Factor NZ  : 3.529e+05 (roughly 24 MB of memory)
 Factor Ops : 7.183e+07 (less than 1 second per iteration)
 Threads    : 14

                  Objective                Residual
Iter       Primal          Dual         Primal    Dual     Compl     Time
   0   2.90294409e+03 -1.60213443e+04  4.97e+04 5.08e-01  1.35e+02     1s
   1   5.52658404e+02 -1.46040251e+04  9.36e+03 1.87e+00  2.81e+01     1s
   2   1.80902885e+02 -8.13738206e+03  3.09e+03 2.66e-14  8.73e+00     1s
   3   6.41145208e+01 -2.45901093e+03  1.12e+03 9.41e-14  2.53e+00     1s
   4   9.16500788e+00 -7.02088265e+02  1.71e+02 4.55e-13  4.68e-01     2s
   5   8.28937698e-01 -3.89258088e+02  3.16e+01 5.68e-14  1.71e-01     2s
   6  -1.17411751e+00 -1.62183561e+02  2.63e+00 5.68e-14  5.96e-02     2s
   7  -2.16706541e+00 -6.52998381e+01  3.34e-01 4.26e-14  2.20e-02     2s
   8  -2.57054287e+00 -2.04122979e+01  1.09e-02 2.66e-14  5.75e-03     2s
   9  -2.88823450e+00 -1.33340806e+01  2.29e-03 1.42e-14  3.35e-03     2s
  10  -3.01421066e+00 -7.93723888e+00  1.37e-03 6.47e-15  1.58e-03     2s
  11  -3.08803743e+00 -5.31883684e+00  8.85e-04 5.82e-15  7.15e-04     2s
  12  -3.15300833e+00 -4.49843732e+00  5.37e-04 7.44e-15  4.31e-04     2s
  13  -3.19576331e+00 -3.97175347e+00  3.65e-04 5.76e-15  2.49e-04     2s
  14  -3.22005721e+00 -3.88462569e+00  2.81e-04 8.34e-15  2.13e-04     2s
  15  -3.23015702e+00 -3.86135355e+00  2.50e-04 8.21e-15  2.02e-04     2s
  16  -3.24191791e+00 -3.83272997e+00  2.20e-04 8.82e-15  1.89e-04     2s
  17  -3.25425819e+00 -3.63600332e+00  1.87e-04 1.02e-14  1.22e-04     2s
  18  -3.27848698e+00 -3.54394121e+00  1.35e-04 7.11e-15  8.50e-05     2s
  19  -3.29664764e+00 -3.51960453e+00  9.58e-05 1.10e-14  7.14e-05     2s
  20  -3.30908909e+00 -3.45885426e+00  6.93e-05 9.73e-15  4.80e-05     2s
  21  -3.32255559e+00 -3.44555940e+00  4.43e-05 7.59e-15  3.94e-05     2s
  22  -3.32837994e+00 -3.40480144e+00  3.44e-05 6.61e-15  2.45e-05     2s
  23  -3.33144030e+00 -3.39607577e+00  2.96e-05 7.62e-15  2.07e-05     2s
  24  -3.33889352e+00 -3.37835158e+00  1.82e-05 9.85e-15  1.26e-05     2s
  25  -3.34225543e+00 -3.36668618e+00  1.28e-05 6.93e-15  7.82e-06     2s
  26  -3.34843652e+00 -3.35778550e+00  4.21e-06 9.50e-15  2.99e-06     2s
  27  -3.35079637e+00 -3.35280914e+00  1.27e-06 9.13e-15  6.45e-07     2s
  28  -3.35189957e+00 -3.35198301e+00  6.72e-08 1.14e-14  2.67e-08     2s
  29  -3.35196718e+00 -3.35196719e+00  1.11e-11 7.25e-15  5.25e-12     2s

Barrier solved model in 29 iterations and 1.90 seconds (3.46 work units)
Optimal objective -3.35196718e+00

Concurrent spin time: 0.00s

Solved with barrier

Root relaxation: objective -3.351967e+00, 6957 iterations, 0.95 seconds (0.97 work units)

    Nodes    |    Current Node    |     Objective Bounds      |     Work
 Expl Unexpl |  Obj  Depth IntInf | Incumbent    BestBd   Gap | It/Node Time

     0     0   -3.35197    0  352    0.00000   -3.35197      -     -    3s
H    0     0                      -2.0340545   -3.35197  64.8%     -    4s
     0     0   -3.33651    0  458   -2.03405   -3.33651  64.0%     -    5s
     0     0   -3.33651    0  467   -2.03405   -3.33651  64.0%     -    6s
     0     0   -3.32015    0  469   -2.03405   -3.32015  63.2%     -    7s
     0     0   -3.32015    0  501   -2.03405   -3.32015  63.2%     -    7s
     0     0   -3.30576    0  529   -2.03405   -3.30576  62.5%     -    9s
     0     0   -3.30576    0  527   -2.03405   -3.30576  62.5%     -   10s
     0     0   -3.30576    0  527   -2.03405   -3.30576  62.5%     -   10s
H    0     0                      -2.0379942   -3.30576  62.2%     -   10s
     0     0   -3.30483    0  150   -2.03799   -3.30483  62.2%     -   11s
     0     0   -3.30483    0  184   -2.03799   -3.30483  62.2%     -   11s
     0     0   -3.29462    0  205   -2.03799   -3.29462  61.7%     -   12s
H    0     0                      -3.2445332   -3.29462  1.54%     -   12s
     0     0   -3.29462    0  113   -3.24453   -3.29462  1.54%     -   13s
H    0     0                      -3.2911743   -3.29462  0.10%     -   14s
     0     0   -3.29461    0  368   -3.29117   -3.29461  0.10%     -   17s
     0     0   -3.29461    0  552   -3.29117   -3.29461  0.10%     -   17s
     0     0   -3.29461    0  562   -3.29117   -3.29461  0.10%     -   17s
     0     0   -3.29461    0  558   -3.29117   -3.29461  0.10%     -   17s
     0     0   -3.29461    0  617   -3.29117   -3.29461  0.10%     -   17s
     0     0   -3.29461    0  597   -3.29117   -3.29461  0.10%     -   18s
     0     0   -3.29461    0  595   -3.29117   -3.29461  0.10%     -   18s
     0     0   -3.29461    0  620   -3.29117   -3.29461  0.10%     -   18s
     0     0   -3.29461    0  623   -3.29117   -3.29461  0.10%     -   18s
     0     0   -3.29461    0  630   -3.29117   -3.29461  0.10%     -   19s
     0     0   -3.29461    0  624   -3.29117   -3.29461  0.10%     -   19s
     0     0   -3.29461    0  539   -3.29117   -3.29461  0.10%     -   20s
     0     0   -3.29461    0  556   -3.29117   -3.29461  0.10%     -   20s
     0     0   -3.29461    0  515   -3.29117   -3.29461  0.10%     -   20s
     0     0   -3.29461    0  538   -3.29117   -3.29461  0.10%     -   20s
     0     0   -3.29461    0  549   -3.29117   -3.29461  0.10%     -   20s
     0     0   -3.29461    0  563   -3.29117   -3.29461  0.10%     -   20s
     0     0   -3.29461    0  472   -3.29117   -3.29461  0.10%     -   21s
     0     0   -3.29461    0  533   -3.29117   -3.29461  0.10%     -   21s
     0     0   -3.29461    0  537   -3.29117   -3.29461  0.10%     -   21s
     0     0   -3.29461    0  553   -3.29117   -3.29461  0.10%     -   21s
     0     0   -3.29461    0  539   -3.29117   -3.29461  0.10%     -   22s
     0     0   -3.29461    0  491   -3.29117   -3.29461  0.10%     -   22s
     0     0   -3.29461    0  444   -3.29117   -3.29461  0.10%     -   22s
     0     0   -3.29461    0  405   -3.29117   -3.29461  0.10%     -   22s
     0     0   -3.29461    0  484   -3.29117   -3.29461  0.10%     -   22s
     0     0   -3.29461    0  422   -3.29117   -3.29461  0.10%     -   22s
     0     0   -3.29461    0  399   -3.29117   -3.29461  0.10%     -   23s
     0     0   -3.29461    0  518   -3.29117   -3.29461  0.10%     -   23s
     0     0   -3.29461    0  440   -3.29117   -3.29461  0.10%     -   23s
     0     0   -3.29461    0  476   -3.29117   -3.29461  0.10%     -   23s
     0     0   -3.29461    0  530   -3.29117   -3.29461  0.10%     -   23s
     0     0   -3.29461    0  519   -3.29117   -3.29461  0.10%     -   23s
     0     0   -3.29461    0  462   -3.29117   -3.29461  0.10%     -   24s
     0     0   -3.29461    0  466   -3.29117   -3.29461  0.10%     -   24s
     0     0   -3.29461    0  511   -3.29117   -3.29461  0.10%     -   24s
     0     0   -3.29461    0  469   -3.29117   -3.29461  0.10%     -   24s
     0     0   -3.29461    0  496   -3.29117   -3.29461  0.10%     -   26s
     0     0   -3.29461    0  607   -3.29117   -3.29461  0.10%     -   26s
     0     0   -3.29461    0  571   -3.29117   -3.29461  0.10%     -   26s
     0     0   -3.29461    0  581   -3.29117   -3.29461  0.10%     -   26s
     0     0   -3.29461    0  517   -3.29117   -3.29461  0.10%     -   27s
     0     0   -3.29461    0  499   -3.29117   -3.29461  0.10%     -   27s
     0     0   -3.29461    0  612   -3.29117   -3.29461  0.10%     -   27s
     0     0   -3.29461    0  661   -3.29117   -3.29461  0.10%     -   27s
     0     0   -3.29461    0  537   -3.29117   -3.29461  0.10%     -   27s
     0     0   -3.29461    0  626   -3.29117   -3.29461  0.10%     -   28s
     0     0   -3.29461    0  501   -3.29117   -3.29461  0.10%     -   28s
H    0     0                      -3.2915438   -3.29461  0.09%     -   28s
     0     0   -3.29461    0  621   -3.29154   -3.29461  0.09%     -   28s
     0     0   -3.29461    0  623   -3.29154   -3.29461  0.09%     -   28s
     0     0   -3.29461    0  608   -3.29154   -3.29461  0.09%     -   29s
     0     0   -3.29461    0  613   -3.29154   -3.29461  0.09%     -   29s
     0     0   -3.29461    0  615   -3.29154   -3.29461  0.09%     -   29s
     0     0   -3.29461    0  622   -3.29154   -3.29461  0.09%     -   29s
     0     0   -3.29461    0  481   -3.29154   -3.29461  0.09%     -   29s
     0     0   -3.29461    0  598   -3.29154   -3.29461  0.09%     -   29s
     0     0   -3.29461    0  595   -3.29154   -3.29461  0.09%     -   29s
     0     0   -3.29461    0  562   -3.29154   -3.29461  0.09%     -   29s
     0     0   -3.29461    0  556   -3.29154   -3.29461  0.09%     -   29s
     0     0   -3.29461    0  570   -3.29154   -3.29461  0.09%     -   30s
     0     0   -3.29461    0  501   -3.29154   -3.29461  0.09%     -   30s
     0     0   -3.29461    0  524   -3.29154   -3.29461  0.09%     -   30s
     0     0   -3.29461    0  539   -3.29154   -3.29461  0.09%     -   30s
     0     0   -3.29461    0  555   -3.29154   -3.29461  0.09%     -   30s
     0     0   -3.29461    0  529   -3.29154   -3.29461  0.09%     -   30s
     0     0   -3.29461    0  571   -3.29154   -3.29461  0.09%     -   30s
     0     0   -3.29461    0  574   -3.29154   -3.29461  0.09%     -   31s
     0     0   -3.29461    0  542   -3.29154   -3.29461  0.09%     -   31s
     0     0   -3.29461    0  539   -3.29154   -3.29461  0.09%     -   31s
     0     0   -3.29461    0  577   -3.29154   -3.29461  0.09%     -   31s
     0     0   -3.29461    0  473   -3.29154   -3.29461  0.09%     -   31s
     0     0   -3.29461    0  462   -3.29154   -3.29461  0.09%     -   31s
     0     0   -3.29461    0  511   -3.29154   -3.29461  0.09%     -   32s
     0     0   -3.29461    0  510   -3.29154   -3.29461  0.09%     -   32s
     0     0   -3.29461    0  210   -3.29154   -3.29461  0.09%     -   32s
     0     0   -3.29461    0  539   -3.29154   -3.29461  0.09%     -   34s
     0     0   -3.29461    0  510   -3.29154   -3.29461  0.09%     -   34s
     0     0   -3.29461    0  563   -3.29154   -3.29461  0.09%     -   34s
     0     0   -3.29461    0  552   -3.29154   -3.29461  0.09%     -   34s
     0     0   -3.29461    0  585   -3.29154   -3.29461  0.09%     -   34s
     0     0   -3.29461    0  599   -3.29154   -3.29461  0.09%     -   34s
     0     0   -3.29461    0  579   -3.29154   -3.29461  0.09%     -   34s
     0     0   -3.29461    0  586   -3.29154   -3.29461  0.09%     -   34s
     0     0   -3.29461    0  603   -3.29154   -3.29461  0.09%     -   34s
     0     0   -3.29461    0  584   -3.29154   -3.29461  0.09%     -   34s
     0     0   -3.29461    0  575   -3.29154   -3.29461  0.09%     -   34s
     0     0   -3.29461    0  489   -3.29154   -3.29461  0.09%     -   35s
     0     0   -3.29461    0  548   -3.29154   -3.29461  0.09%     -   35s
     0     0   -3.29461    0  484   -3.29154   -3.29461  0.09%     -   35s
     0     0   -3.29461    0  465   -3.29154   -3.29461  0.09%     -   35s
     0     0   -3.29461    0  477   -3.29154   -3.29461  0.09%     -   35s
     0     0   -3.29461    0  496   -3.29154   -3.29461  0.09%     -   35s
     0     0   -3.29461    0  494   -3.29154   -3.29461  0.09%     -   35s
     0     0   -3.29461    0  482   -3.29154   -3.29461  0.09%     -   36s
     0     0   -3.29461    0  503   -3.29154   -3.29461  0.09%     -   36s
     0     0   -3.29461    0  532   -3.29154   -3.29461  0.09%     -   36s
     0     0   -3.29461    0  552   -3.29154   -3.29461  0.09%     -   36s
     0     0   -3.29461    0  501   -3.29154   -3.29461  0.09%     -   36s
     0     0   -3.29461    0  528   -3.29154   -3.29461  0.09%     -   36s
     0     0   -3.29461    0  542   -3.29154   -3.29461  0.09%     -   36s
     0     0   -3.29461    0  503   -3.29154   -3.29461  0.09%     -   36s
     0     0   -3.29461    0  510   -3.29154   -3.29461  0.09%     -   36s
     0     0   -3.29461    0  507   -3.29154   -3.29461  0.09%     -   36s
     0     0   -3.29461    0  500   -3.29154   -3.29461  0.09%     -   36s
     0     0   -3.29461    0  479   -3.29154   -3.29461  0.09%     -   36s
     0     0   -3.29461    0  451   -3.29154   -3.29461  0.09%     -   36s
     0     0   -3.29461    0  463   -3.29154   -3.29461  0.09%     -   36s
     0     0   -3.29461    0  502   -3.29154   -3.29461  0.09%     -   37s
     0     0   -3.29461    0  414   -3.29154   -3.29461  0.09%     -   37s
     0     0   -3.29461    0  421   -3.29154   -3.29461  0.09%     -   37s
     0     0   -3.29461    0  426   -3.29154   -3.29461  0.09%     -   38s
     0     0   -3.29461    0  449   -3.29154   -3.29461  0.09%     -   38s
     0     0   -3.29461    0  181   -3.29154   -3.29461  0.09%     -   39s
     0     0   -3.29461    0  221   -3.29154   -3.29461  0.09%     -   39s
     0     0   -3.29461    0  116   -3.29154   -3.29461  0.09%     -   39s
     0     0   -3.29461    0   78   -3.29154   -3.29461  0.09%     -   39s
     0     0   -3.29461    0   78   -3.29154   -3.29461  0.09%     -   39s
     0     0   -3.29435    0   78   -3.29154   -3.29435  0.09%     -   40s
     0     0   -3.29435    0  395   -3.29154   -3.29435  0.09%     -   41s
     0     0   -3.29435    0  513   -3.29154   -3.29435  0.09%     -   41s
     0     0   -3.29435    0  518   -3.29154   -3.29435  0.09%     -   41s
     0     0   -3.29435    0  518   -3.29154   -3.29435  0.09%     -   41s
     0     0   -3.29435    0  515   -3.29154   -3.29435  0.09%     -   41s
     0     0   -3.29435    0  476   -3.29154   -3.29435  0.09%     -   41s
     0     0   -3.29435    0  507   -3.29154   -3.29435  0.09%     -   41s
     0     0   -3.29435    0  527   -3.29154   -3.29435  0.09%     -   41s
     0     0   -3.29435    0  563   -3.29154   -3.29435  0.09%     -   41s
     0     0   -3.29435    0  578   -3.29154   -3.29435  0.09%     -   41s
     0     0   -3.29435    0  574   -3.29154   -3.29435  0.09%     -   41s
     0     0   -3.29435    0  488   -3.29154   -3.29435  0.09%     -   42s
     0     0   -3.29435    0  488   -3.29154   -3.29435  0.09%     -   42s
     0     0   -3.29435    0  480   -3.29154   -3.29435  0.09%     -   42s
     0     0   -3.29435    0  501   -3.29154   -3.29435  0.09%     -   42s
     0     0   -3.29435    0  506   -3.29154   -3.29435  0.09%     -   42s
     0     0   -3.29435    0  454   -3.29154   -3.29435  0.09%     -   42s
     0     0   -3.29435    0  384   -3.29154   -3.29435  0.09%     -   42s
     0     0   -3.29435    0  460   -3.29154   -3.29435  0.09%     -   42s
     0     0   -3.29435    0  459   -3.29154   -3.29435  0.09%     -   42s
     0     0   -3.29435    0  455   -3.29154   -3.29435  0.09%     -   42s
     0     0   -3.29435    0  441   -3.29154   -3.29435  0.09%     -   42s
     0     0   -3.29435    0  470   -3.29154   -3.29435  0.09%     -   43s
     0     0   -3.29435    0  456   -3.29154   -3.29435  0.09%     -   43s
     0     0   -3.29435    0  454   -3.29154   -3.29435  0.09%     -   43s
     0     0   -3.29435    0  469   -3.29154   -3.29435  0.09%     -   43s
     0     0   -3.29435    0  460   -3.29154   -3.29435  0.09%     -   43s
     0     0   -3.29435    0  454   -3.29154   -3.29435  0.09%     -   43s
     0     0   -3.29435    0  489   -3.29154   -3.29435  0.09%     -   43s
     0     0   -3.29435    0  496   -3.29154   -3.29435  0.09%     -   43s
     0     0   -3.29435    0  402   -3.29154   -3.29435  0.09%     -   43s
     0     0   -3.29435    0  439   -3.29154   -3.29435  0.09%     -   43s
     0     0   -3.29435    0  460   -3.29154   -3.29435  0.09%     -   43s
     0     0   -3.29435    0  444   -3.29154   -3.29435  0.09%     -   43s
     0     0   -3.29435    0  445   -3.29154   -3.29435  0.09%     -   44s
     0     0   -3.29435    0  210   -3.29154   -3.29435  0.09%     -   44s
     0     0   -3.29435    0  246   -3.29154   -3.29435  0.09%     -   44s
     0     0   -3.29435    0  149   -3.29154   -3.29435  0.09%     -   45s
     0     0   -3.29435    0  149   -3.29154   -3.29435  0.09%     -   45s
     0     0   -3.29435    0  163   -3.29154   -3.29435  0.09%     -   45s
     0     0   -3.29435    0  251   -3.29154   -3.29435  0.09%     -   45s
H    0     0                      -3.2940361   -3.29435  0.01%     -   45s

Cutting planes:
  Gomory: 12
  MIR: 10
  Zero half: 91

Explored 1 nodes (221128 simplex iterations) in 45.74 seconds (61.09 work units)
Thread count was 16 (of 18 available processors)

Solution count 7: -3.29404 -3.29154 -3.29117 ... 0

Optimal solution found (tolerance 1.00e-04)
Best objective -3.294036078817e+00, best bound -3.294346566156e+00, gap 0.0094%

---------------------------------------------------------------------------
Multi-objectives: solved in 45.85 seconds (61.09 work units), solution count 7

