
Gurobi 11.0.0 (win64) logging started Fri Dec 20 16:14:06 2024

Set parameter LogFile to value "C:\Users\Administrator\Desktop\OptRail_Railroad_Construction\Data\Solution\AnzahlAuftraege_NEW_10\a10_o114_m6_an57_ar11\6_Objectives\hierarchical_tolerance\gurobi_a10_o114_m6_an57_ar11_hierarchical_tolerance_round_2.log"
Gurobi Optimizer version 11.0.0 build v11.0.0rc2 (win64 - Windows Server 2022.0 (20348.2))

CPU model: AMD EPYC 7513 32-Core Processor, instruction set [SSE2|AVX|AVX2]
Thread count: 18 physical cores, 18 logical processors, using up to 16 threads

Optimize a model with 2854 rows, 159429 columns and 723445 nonzeros
Model fingerprint: 0xa2da1711
Variable types: 0 continuous, 159429 integer (159429 binary)
Coefficient statistics:
  Matrix range     [1e+00, 1e+01]
  Objective range  [1e+00, 2e+02]
  Bounds range     [1e+00, 1e+00]
  RHS range        [1e+00, 2e+02]

---------------------------------------------------------------------------
Multi-objectives: starting optimization with 6 objectives ... 
---------------------------------------------------------------------------

Multi-objectives: applying initial presolve ...
---------------------------------------------------------------------------

Presolve added 0 rows and 159 columns
Presolve removed 108 rows and 0 columns
Presolve time: 0.70s
Presolved: 2746 rows, 159588 columns, 648292 nonzeros
---------------------------------------------------------------------------

Multi-objectives: optimize objective 1 () ...
---------------------------------------------------------------------------

Presolve removed 0 rows and 82489 columns
Presolve time: 0.73s
Presolved: 2746 rows, 77099 columns, 638961 nonzeros
Variable types: 0 continuous, 77099 integer (77043 binary)
Deterministic concurrent LP optimizer: primal simplex, dual simplex, and barrier
Showing barrier log only...

Root barrier log...

Ordering time: 0.14s

Barrier statistics:
 AA' NZ     : 2.500e+05
 Factor NZ  : 7.882e+05 (roughly 40 MB of memory)
 Factor Ops : 2.958e+08 (less than 1 second per iteration)
 Threads    : 13

                  Objective                Residual
Iter       Primal          Dual         Primal    Dual     Compl     Time
   0   1.59431029e+03 -6.04736570e+04  1.12e+05 1.34e-01  1.13e+01     2s
   1   7.95529424e+02 -5.58130666e+04  3.07e+04 2.41e-01  3.25e+00     2s
   2   2.98631039e+02 -3.80946579e+04  9.24e+03 1.38e-02  1.00e+00     2s
   3   2.09064286e+02 -3.19507077e+04  5.37e+03 8.63e-03  6.20e-01     2s
   4   1.78039304e+02 -2.91161971e+04  4.06e+03 5.23e-03  4.93e-01     2s
   5   1.32720428e+02 -1.45095842e+04  2.32e+03 1.48e-14  2.43e-01     2s
   6   7.24279644e+01 -6.35397152e+03  8.07e+02 4.97e-15  8.83e-02     2s
   7   2.98482307e+01 -4.15463806e+03  2.71e+02 2.97e-15  4.22e-02     3s
   8   1.61089536e+01 -1.53262719e+03  1.33e+02 2.66e-15  1.69e-02     3s
   9   7.17207223e+00 -6.72447586e+02  3.95e+01 8.10e-16  6.33e-03     3s
  10   7.10067597e+00 -5.93401689e+02  3.87e+01 7.48e-16  5.76e-03     3s
  11   5.28148047e+00 -3.94357175e+02  2.21e+01 8.48e-16  3.65e-03     3s
  12   4.14802799e+00 -1.86737188e+02  1.34e+01 1.06e-15  1.89e-03     3s
  13   2.39592053e+00 -1.19091597e+02  5.03e+00 1.78e-15  1.03e-03     3s
  14   1.10031622e+00 -7.79062648e+01  2.10e+00 1.20e-15  6.11e-04     3s
  15   5.10285825e-01 -5.33952677e+01  8.68e-01 1.32e-15  3.88e-04     3s
  16   4.06344125e-01 -2.26622566e+01  6.30e-01 3.55e-15  1.75e-04     3s
  17   1.44027398e-01 -5.46316801e+00  1.39e-01 3.33e-15  4.21e-05     3s
  18   3.07830329e-02 -6.14934244e-01  1.27e-03 5.33e-15  4.71e-06     3s
  19   1.95848638e-03 -9.12524605e-03  6.43e-05 4.00e-15  9.90e-08     3s
  20   6.55563785e-08 -9.12591247e-06  2.17e-09 2.60e-15  6.02e-11     3s
  21   1.12541081e-11 -2.17248441e-11  3.72e-12 5.33e-15  3.70e-16     3s

Barrier solved model in 21 iterations and 2.80 seconds (4.62 work units)
Optimal objective 1.12541081e-11

Concurrent spin time: 0.00s

Solved with barrier

Root relaxation: objective 0.000000e+00, 36796 iterations, 1.89 seconds (1.87 work units)
Total elapsed time = 10.02s (DegenMoves)
Total elapsed time = 15.48s (DegenMoves)

    Nodes    |    Current Node    |     Objective Bounds      |     Work
 Expl Unexpl |  Obj  Depth IntInf | Incumbent    BestBd   Gap | It/Node Time

     0     0    0.00000    0  138          -    0.00000      -     -   18s
     0     0    0.00000    0  368          -    0.00000      -     -   25s
     0     0    0.50000    0  145          -    0.50000      -     -   40s
     0     0    0.50000    0  954          -    0.50000      -     -   53s
     0     0    0.50000    0 1132          -    0.50000      -     -   56s
     0     0    0.50000    0  259          -    0.50000      -     -   81s
     0     0    0.50000    0  374          -    0.50000      -     -   91s
     0     0    0.52419    0  432          -    0.52419      -     -  105s
     0     0    0.54583    0  537          -    0.54583      -     -  107s
     0     0    0.54861    0  666          -    0.54861      -     -  111s
H    0     0                       6.0000000    0.56944  90.5%     -  115s
     0     0    0.56944    0  735    6.00000    0.56944  90.5%     -  115s
     0     0    0.56944    0  857    6.00000    0.56944  90.5%     -  119s
     0     0    0.56944    0  528    6.00000    0.56944  90.5%     -  130s
     0     0    0.56944    0  411    6.00000    0.56944  90.5%     -  142s
     0     0    0.65278    0  402    6.00000    0.65278  89.1%     -  151s
     0     0    0.65278    0  415    6.00000    0.65278  89.1%     -  153s
H    0     0                       5.0000000    0.65278  86.9%     -  159s
     0     0    0.65278    0  708    5.00000    0.65278  86.9%     -  159s
     0     0    0.73611    0  399    5.00000    0.73611  85.3%     -  166s
     0     0    0.73611    0  399    5.00000    0.73611  85.3%     -  170s
     0     2    1.00000    0  399    5.00000    1.00000  80.0%     -  185s
     1     4    1.00000    1  298    5.00000    1.00000  80.0% 19686  190s
     7    16    1.00000    3  411    5.00000    1.00000  80.0%  5003  197s
    15    32    1.00000    4  668    5.00000    1.00000  80.0%  3812  206s
    31    48    1.00000    5  676    5.00000    1.00000  80.0%  5091  259s
    47    64    1.00000    6  738    5.00000    1.00000  80.0%  3855  264s
    63    80    1.00000    7  735    5.00000    1.00000  80.0%  3275  271s
    79    96    1.00000    8  787    5.00000    1.00000  80.0%  2943  321s
    95   117    1.00000    9  756    5.00000    1.00000  80.0%  2769  327s
   116   141    1.00000   10  890    5.00000    1.00000  80.0%  2668  331s
   163   187    1.00000   14  925    5.00000    1.00000  80.0%  2241  340s
   188   206    1.00000   16  954    5.00000    1.00000  80.0%  2154  353s
   207   230    1.00000   18  935    5.00000    1.00000  80.0%  2141  359s
   232   255    1.00000   20 1020    5.00000    1.00000  80.0%  2100  365s
   259   286    1.27083   20 1046    5.00000    1.00000  80.0%  2015  370s
   291   312    1.00000   21  878    5.00000    1.00000  80.0%  1941  375s
   317   338    1.00000   23  866    5.00000    1.00000  80.0%  1945  381s
   343   372    1.00000   24  903    5.00000    1.00000  80.0%  1926  388s
   377   406    1.00000   26  910    5.00000    1.00000  80.0%  1889  392s
   411   438    1.00000   29  887    5.00000    1.00000  80.0%  1830  398s
   443   470    1.06667   31  862    5.00000    1.00000  80.0%  1815  403s
   475   504    1.14167   33  957    5.00000    1.00000  80.0%  1800  408s
   511   549    1.50000   36  898    5.00000    1.00000  80.0%  1777  415s
   556   600    1.20833   37  830    5.00000    1.00000  80.0%  1725  423s
   607   672    1.33333   40  979    5.00000    1.00000  80.0%  1663  428s
   679   726 infeasible   46         5.00000    1.00000  80.0%  1544  434s
   749   755    1.41667   53  963    5.00000    1.00000  80.0%  1468  445s
   805   794    2.91667   58  975    5.00000    1.00000  80.0%  1464  456s
   857   869    2.91667   63  973    5.00000    1.00000  80.0%  1474  463s
   933   957    2.91667   69  975    5.00000    1.00000  80.0%  1427  475s
  1024  1037 infeasible   77         5.00000    1.00000  80.0%  1364  483s
  1115  1134    3.00000   85  956    5.00000    1.00000  80.0%  1321  490s
  1219  1231    3.00000   91  937    5.00000    1.00000  80.0%  1266  497s
  1331  1307     cutoff   98         5.00000    1.00000  80.0%  1217  505s
  1444  1396    3.16667  108  939    5.00000    1.00000  80.0%  1183  516s
  1567  1484    3.16667  117  855    5.00000    1.00000  80.0%  1153  524s
  1696  1574    3.16667  127  878    5.00000    1.00000  80.0%  1119  533s
  1827  1647    3.16667  139  890    5.00000    1.00000  80.0%  1092  541s
  1967  1713    1.86667    6  793    5.00000    1.00000  80.0%  1070  636s
  2066  1823    3.66667   10  940    5.00000    1.00000  80.0%  1064  647s
  2206  1943    3.83333   20  943    5.00000    1.00000  80.0%  1049  657s
  2387  2060    3.83333   35  898    5.00000    1.00000  80.0%  1025  667s
  2601  2206    3.83333   55  881    5.00000    1.00000  80.0%   989  677s
  2828  2207    1.92500   46  399    5.00000    1.00000  80.0%   955  716s
  2830  2208    3.33333  125  179    5.00000    1.00000  80.0%   954  741s
  2831  2209    3.81481   16  561    5.00000    1.00000  80.0%   954  764s
  2832  2210    2.91667   73 1048    5.00000    1.00000  80.0%   953  775s
  2833  2210    1.96667   20  568    5.00000    1.00000  80.0%   953  797s
  2834  2211    2.26667   38 1024    5.00000    1.00000  80.0%   953  803s
  2835  2212    2.37778   45 1082    5.00000    1.00000  80.0%   952  808s
  2836  2212    1.16667   13  712    5.00000    1.10897  77.8%   952  826s
  2838  2214    2.81481   35  764    5.00000    1.17739  76.5%   951  844s
  2839  2214    4.00000   33 1028    5.00000    1.19670  76.1%   951  850s
  2840  2215    1.89583   37  765    5.00000    1.27058  74.6%   951  881s
  2842  2216    1.50000   13 1017    5.00000    1.27429  74.5%   950  886s
  2843  2217    1.50000   10  712    5.00000    1.27855  74.4%   950  895s
  2845  2218    2.66667    9  671    5.00000    1.34212  73.2%   949  908s
  2846  2219    2.34286   13  701    5.00000    1.34212  73.2%   949  911s
  2847  2220    3.00000   82  655    5.00000    1.36402  72.7%   948  918s
  2848  2220    4.00000  195  663    5.00000    1.36402  72.7%   948  920s
  2849  2221    3.33333   26  658    5.00000    1.39259  72.1%   948  928s
  2850  2222    1.70833   20  676    5.00000    1.39521  72.1%   947  934s
  2851  2222    2.66667   14  734    5.00000    1.39521  72.1%   947  936s
  2852  2223    3.89286   86  635    5.00000    1.40234  72.0%   947  942s
  2853  2224    2.16667   48  635    5.00000    1.40554  71.9%   946  945s
  2854  2224    4.00000   38  635    5.00000    1.41166  71.8%   946 1162s
  2855  2228    1.59114   15  943    5.00000    1.57699  68.5%  1137 1175s
  2857  2231    1.59114   16  939    5.00000    1.59114  68.2%  1138 1181s
  2861  2238    1.64780   17  887    5.00000    1.59114  68.2%  1140 1191s
  2869  2251    1.69403   18  683    5.00000    1.64780  67.0%  1154 1199s
  2885  2262    1.69570   19  944    5.00000    1.69570  66.1%  1157 1328s
  2901  2271    2.51190   19  847    5.00000    1.69916  66.0%  1158 1334s
  2917  2275    1.73298   20 1009    5.00000    1.70700  65.9%  1159 1339s
  2933  2280    2.38936   20  810    5.00000    1.74190  65.2%  1162 1378s
  2949  2282    1.78308   21  993    5.00000    1.75927  64.8%  1163 1383s
  2970  2291    2.55505   21 1016    5.00000    1.78308  64.3%  1162 1389s
  2990  2302    1.79698   22  968    5.00000    1.79698  64.1%  1166 1394s
  3010  2316    1.86840   23 1009    5.00000    1.86840  62.6%  1169 1441s
  3031  2333    2.36840   23  838    5.00000    1.86840  62.6%  1174 1448s
  3056  2349    2.68487   24  948    5.00000    1.87338  62.5%  1177 1453s
  3082  2364    1.87338   25 1000    5.00000    1.87338  62.5%  1176 1480s
  3109  2378    1.97917   26 1010    5.00000    1.91474  61.7%  1178 1489s
  3140  2393    2.68487   26 1026    5.00000    1.97917  60.4%  1180 1495s
  3174  2405    2.64583   27 1018    5.00000    1.97917  60.4%  1180 1500s
  3205  2420    1.97917   27  981    5.00000    1.97917  60.4%  1182 1507s
  3241  2442    2.64583   28  968    5.00000    2.06190  58.8%  1182 1516s
  3277  2472    3.11905   30  981    5.00000    2.06190  58.8%  1180 1523s
  3325  2498    3.11905   31 1001    5.00000    2.06190  58.8%  1178 1528s
  3377  2509    3.78571   32  943    5.00000    2.06190  58.8%  1175 1534s
  3428  2530    3.78571   33  876    5.00000    2.06190  58.8%  1174 1541s
  3482  2558    3.78571   34  922    5.00000    2.06190  58.8%  1171 1547s
  3542  2578    3.28571   36  935    5.00000    2.06190  58.8%  1166 1559s
  3609  2584    3.28571   37  807    5.00000    2.06190  58.8%  1161 1565s
  3666  2600    3.78571   38  944    5.00000    2.06190  58.8%  1159 1573s
  3736  2626 infeasible   40         5.00000    2.06190  58.8%  1156 1579s
  3806  2659    4.00000   42  777    5.00000    2.06190  58.8%  1154 1585s
  3898  2662    4.00000   45  767    5.00000    2.06190  58.8%  1144 1592s
  3992  2687     cutoff   47         5.00000    2.06190  58.8%  1135 1599s
  4071  2718    4.00000   51  751    5.00000    2.06190  58.8%  1129 1606s
  4167  2736    4.00000   55  670    5.00000    2.06190  58.8%  1122 1613s
  4258  2759    4.00000   58  651    5.00000    2.06190  58.8%  1117 1620s
  4363  2794    4.00000   62  641    5.00000    2.06190  58.8%  1107 1629s
  4469  2840    4.00000   66  658    5.00000    2.06190  58.8%  1098 1638s
  4602  2870     cutoff   71         5.00000    2.06190  58.8%  1084 1665s
  4742  2940    4.00000   77  573    5.00000    2.06190  58.8%  1073 1673s
  4896  2981    4.00000   83  579    5.00000    2.06190  58.8%  1055 1686s
  5043  3035     cutoff   97         5.00000    2.06190  58.8%  1042 1695s
  5206  3105    3.21190   21 1131    5.00000    2.06190  58.8%  1025 1706s
  5368  3173    3.38030   24 1115    5.00000    2.06190  58.8%  1010 1715s
  5555  3260    3.82083   26 1034    5.00000    2.42024  51.6%   992 1725s
  5743  3354    2.52024   21 1125    5.00000    2.42857  51.4%   977 1735s
  5951  3434    2.71364   24 1196    5.00000    2.42857  51.4%   962 1746s
  6183  3372    2.86667   28 1210    5.00000    2.42857  51.4%   943 1758s
  6322  3368    3.32778   31 1264    5.00000    2.42857  51.4%   946 1768s
  6444  3403    3.34242   34 1224    5.00000    2.42857  51.4%   951 1781s
  6585  3426    3.76667   39 1225    5.00000    2.42857  51.4%   952 1794s
  6737  3457    3.47745   41 1204    5.00000    2.42857  51.4%   955 1808s
  6886  3448     cutoff   46         5.00000    2.42857  51.4%   958 1884s
  6962  3496     cutoff   49         5.00000    2.63333  47.3%   960 1897s
  7123  3547    3.09524   21  836    5.00000    2.63333  47.3%   963 1912s
  7323  3572    3.90000   25  813    5.00000    2.63333  47.3%   963 1928s
  7516  3613    4.00000   40  748    5.00000    2.63333  47.3%   963 1943s
  7685  3683    4.00000   60  747    5.00000    2.63333  47.3%   964 1958s
  7901  3755    4.00000   79  752    5.00000    2.63333  47.3%   961 1973s
  8141  3893    4.00000   99  782    5.00000    2.63333  47.3%   955 1991s
  8433  3768    4.00000  119  732    5.00000    2.91667  41.7%   943 2007s
  8631  3732     cutoff   22         5.00000    3.09524  38.1%   953 2024s
  8895  3646     cutoff   27         5.00000    3.11607  37.7%   957 2041s
  9116  3567    4.00000   34  775    5.00000    3.14048  37.2%   966 2060s
  9368  3457     cutoff   34         5.00000    3.17857  36.4%   975 2080s
  9656  3297 infeasible   35         5.00000    3.27222  34.6%   981 2102s
  9839  3226    3.96875   33  780    5.00000    3.33333  33.3%   999 2122s
 10064  3109     cutoff   53         5.00000    3.38030  32.4%  1011 2146s
 10333  3008     cutoff   36         5.00000    3.45556  30.9%  1022 2168s
 10765  2885    3.96875   26  838    5.00000    3.65357  26.9%  1019 2190s
 11226  2805 infeasible   37         5.00000    3.83333  23.3%  1018 2219s
 11848  2632    4.00000   38  736    5.00000    3.83333  23.3%  1012 2249s
 12403  2439    4.00000   34  788    5.00000    3.93214  21.4%  1007 2282s
 12955  2156 infeasible   73         5.00000    3.96875  20.6%  1006 2386s
 13261  1330     cutoff   35         5.00000    4.00000  20.0%  1010 2444s
 14329   434     cutoff   38         5.00000    4.00000  20.0%  1009 2490s
 15255     0     cutoff  107         5.00000    4.00000  20.0%  1026 2511s

Cutting planes:
  Gomory: 1
  Cover: 10
  Projected implied bound: 1
  MIR: 14
  StrongCG: 1
  Flow cover: 84
  GUB cover: 7
  Inf proof: 16
  Zero half: 36
  RLT: 27
  Relax-and-lift: 9

Explored 15689 nodes (16632742 simplex iterations) in 2511.95 seconds (5018.63 work units)
Thread count was 16 (of 18 available processors)

Solution count 2: 5 6 

Optimal solution found (tolerance 1.00e-04)
Best objective 5.000000000000e+00, best bound 5.000000000000e+00, gap 0.0000%
---------------------------------------------------------------------------

Multi-objectives: optimize objective 2 () ...
---------------------------------------------------------------------------


Loaded user MIP start with objective 8988.91

Presolve removed 0 rows and 82477 columns
Presolve time: 0.77s
Presolved: 2747 rows, 77111 columns, 639087 nonzeros
Variable types: 0 continuous, 77111 integer (77055 binary)
Found heuristic solution: objective 8905.0723131
Deterministic concurrent LP optimizer: primal simplex, dual simplex, and barrier
Showing barrier log only...

Root barrier log...

Ordering time: 0.14s

Barrier statistics:
 AA' NZ     : 2.506e+05
 Factor NZ  : 7.894e+05 (roughly 40 MB of memory)
 Factor Ops : 2.967e+08 (less than 1 second per iteration)
 Threads    : 14

                  Objective                Residual
Iter       Primal          Dual         Primal    Dual     Compl     Time
   0   4.63524289e+07 -1.99263865e+07  1.12e+05 1.08e+02  3.72e+03  2514s
   1   1.73889220e+07 -1.92649126e+07  4.20e+04 1.31e+02  1.47e+03  2514s
   2   5.62908873e+06 -1.60301113e+07  1.36e+04 4.54e+01  5.12e+02  2514s
   3   9.17521300e+05 -9.87955193e+06  2.20e+03 2.01e+00  1.20e+02  2514s
   4   4.67507598e+05 -5.91201597e+06  1.11e+03 5.71e-01  6.28e+01  2514s
   5   2.67666289e+05 -2.06799490e+06  6.27e+02 1.59e-12  2.54e+01  2514s
   6   1.90415616e+05 -1.81255539e+06  4.41e+02 1.25e-12  2.01e+01  2514s
   7   5.31857513e+04 -6.99452722e+05  1.09e+02 5.64e-02  6.53e+00  2514s
   8   2.56248074e+04 -3.04570794e+05  4.30e+01 5.68e-13  2.74e+00  2514s
   9   1.14389761e+04 -1.87862123e+05  9.57e+00 8.07e-12  1.42e+00  2514s
  10   9.55009464e+03 -1.65705922e+05  5.53e+00 6.71e-12  1.21e+00  2514s
  11   7.08621593e+03 -9.71619121e+04  1.28e+00 1.07e-11  6.96e-01  2514s
  12   6.15475933e+03 -8.09649490e+04  3.57e-01 8.64e-12  5.69e-01  2514s
  13   5.78309954e+03 -3.75814923e+04  1.35e-01 7.28e-12  2.83e-01  2514s
  14   5.52742023e+03 -1.74374731e+04  7.21e-02 3.64e-12  1.51e-01  2514s
  15   5.47486203e+03 -1.21230023e+04  6.22e-02 2.08e-12  1.16e-01  2514s
  16   5.38463805e+03 -4.32761987e+03  5.06e-02 2.73e-12  6.48e-02  2514s
  17   5.12998672e+03 -6.35882898e+02  2.31e-02 2.61e-12  3.82e-02  2514s
  18   5.02265553e+03  2.06300718e+03  1.36e-02 4.55e-12  1.98e-02  2514s
  19   4.98140574e+03  2.22623852e+03  1.04e-02 4.55e-12  1.83e-02  2514s
  20   4.96720281e+03  3.29041344e+03  9.24e-03 5.46e-12  1.13e-02  2514s
  21   4.91782464e+03  3.96904737e+03  4.92e-03 5.46e-12  6.39e-03  2514s
  22   4.89029824e+03  4.19957349e+03  2.84e-03 4.55e-12  4.62e-03  2514s
  23   4.88062316e+03  4.56432364e+03  1.87e-03 4.07e-12  2.16e-03  2514s
  24   4.86065994e+03  4.82504076e+03  3.99e-04 4.29e-12  2.57e-04  2514s
  25   4.85489692e+03  4.85429404e+03  1.47e-06 4.55e-12  3.99e-06  2514s
  26   4.85486545e+03  4.85468629e+03  1.87e-07 6.37e-12  1.18e-06  2514s
  27   4.85486311e+03  4.85485968e+03  9.16e-08 5.07e-12  3.27e-08  2514s
  28   4.85486062e+03  4.85486062e+03  1.98e-12 3.22e-12  4.97e-13  2514s

Barrier solved model in 28 iterations and 2514.13 seconds (5021.37 work units)
Optimal objective 4.85486062e+03


Root crossover log...

     754 DPushes remaining with DInf 0.0000000e+00              2515s
       0 DPushes remaining with DInf 0.0000000e+00              2515s

     383 PPushes remaining with PInf 0.0000000e+00              2515s
       0 PPushes remaining with PInf 0.0000000e+00              2515s

  Push phase complete: Pinf 0.0000000e+00, Dinf 1.8188710e-11   2515s


Root simplex log...

Iteration    Objective       Primal Inf.    Dual Inf.      Time
    1108    4.8548606e+03   0.000000e+00   0.000000e+00   2515s

Solved with barrier
    1108    4.8548606e+03   0.000000e+00   0.000000e+00   2515s

Root relaxation: objective 4.854861e+03, 1108 iterations, 1.91 seconds (1.73 work units)
Total elapsed time = 2516.50s (DegenMoves)

    Nodes    |    Current Node    |     Objective Bounds      |     Work
 Expl Unexpl |  Obj  Depth IntInf | Incumbent    BestBd   Gap | It/Node Time

     0     0 4854.86062    0  748 8905.07231 4854.86062  45.5%     - 2521s
H    0     0                    8136.6013141 4854.86062  40.3%     - 2522s
H    0     0                    7899.0471656 4854.86062  38.5%     - 2523s
     0     0 4892.65302    0 1008 7899.04717 4892.65302  38.1%     - 2527s
H    0     0                    7890.0345509 4935.29407  37.4%     - 2529s
     0     0 4935.29407    0 1154 7890.03455 4935.29407  37.4%     - 2530s
     0     0 4936.35395    0 1063 7890.03455 4936.35395  37.4%     - 2532s
     0     0 4936.35395    0  479 7890.03455 4936.35395  37.4%     - 2544s
H    0     0                    7699.8616270 4936.35395  35.9%     - 2545s
     0     0 4936.35395    0  501 7699.86163 4936.35395  35.9%     - 2545s
     0     0 4936.35395    0  908 7699.86163 4936.35395  35.9%     - 2549s
     0     0 4936.35395    0 1056 7699.86163 4936.35395  35.9%     - 2551s
     0     0 4936.35395    0  530 7699.86163 4936.35395  35.9%     - 2557s
H    0     0                    7693.3173528 4936.35395  35.8%     - 2558s
     0     0 4997.20876    0  787 7693.31735 4997.20876  35.0%     - 2560s
H    0     0                    7479.8853317 4997.20876  33.2%     - 2567s
     0     0 4997.20876    0  533 7479.88533 4997.20876  33.2%     - 2567s
     0     0 4997.20876    0  533 7479.88533 4997.20876  33.2%     - 2569s
     0     2 4997.20876    0  464 7479.88533 4997.20876  33.2%     - 2581s
     1     4 5726.40676    1  623 7479.88533 4997.20876  33.2% 18412 2586s
     7    16 5729.24453    3  719 7479.88533 4997.20876  33.2%  4059 2591s
    15    32 5730.74663    4  718 7479.88533 4997.20876  33.2%  2470 2600s
H   31    48                    7411.6639978 4997.20876  32.6%  3272 2614s
H   31    48                    7264.2805471 4997.20876  31.2%  3272 2614s
H   35    48                    7021.4582013 4997.20876  28.8%  2975 2614s
    47    64 5733.38162    6  708 7021.45820 4997.20876  28.8%  2429 2616s
H   79    96                    6770.1270102 4997.20876  26.2%  1731 2664s
H   81    96                    6449.3596543 4997.20876  22.5%  1692 2664s
H   93    96                    6417.6745540 4997.20876  22.1%  1536 2664s
    95   116 5734.59235    9  647 6417.67455 4997.20876  22.1%  1525 2667s
   139   164 5734.59235   12  580 6417.67455 4997.20876  22.1%  1257 2671s
   163   241 5734.59235   14  558 6417.67455 4997.20876  22.1%  1154 2675s
   240   324 5734.59235   20  534 6417.67455 4997.20876  22.1%   928 2680s
H  418   437                    6378.2024991 4997.20876  21.7%   704 2701s
   436   559 5734.59235   32  408 6378.20250 4997.20876  21.7%   698 2706s
   558   658 5734.59235   37  364 6378.20250 4997.20876  21.7%   649 2713s
   657   751 5734.59235   44  334 6378.20250 4997.20876  21.7%   627 2721s
   750   970 5735.21056   55  575 6378.20250 4997.20876  21.7%   621 2728s
   969  1373 5840.58115   76  460 6378.20250 4997.20876  21.7%   599 2740s
  1415  1607 infeasible  116      6378.20250 4997.20876  21.7%   534 2751s
H 1684  1837                    6312.6854823 4997.20876  20.8%   543 2765s
  1940  2179 5061.63228   23  799 6312.68548 4997.20876  20.8%   561 2779s
  2313  2476 5075.22943   52  531 6312.68548 4997.20876  20.8%   574 2795s
  2695  2781 5193.92095   81  391 6312.68548 4997.20876  20.8%   599 2811s
  3102  3126 5928.09810  111  486 6312.68548 4997.20876  20.8%   623 2828s
  3545  3127 5999.01199  120  533 6312.68548 4997.20876  20.8%   644 2850s
  3547  3128 5067.62265   35  596 6312.68548 4997.20876  20.8%   643 2866s
  3548  3129 5728.33933   42  548 6312.68548 4997.20876  20.8%   643 2880s
  3550  3130 5473.13298   94  745 6312.68548 4997.20876  20.8%   643 2887s
H 3550  2973                    6304.7264264 4997.20876  20.7%   643 2901s
  3552  2975 4998.23798   10  899 6304.72643 4997.20876  20.7%   642 2908s
  3553  2975 5233.05674   61  548 6304.72643 4997.20876  20.7%   642 2917s
  3555  2977 5478.25184   84  559 6304.72643 4997.20876  20.7%   642 2925s
H 3556  2828                    6303.3049688 4997.20876  20.7%   642 2932s
  3560  2832 5736.19835   39  646 6303.30497 4997.20876  20.7%   693 2958s
  3561  2833 4997.20876   39  557 6303.30497 4997.20876  20.7%   693 2966s
  3563  2834 5570.01645   93  805 6303.30497 4997.20876  20.7%   693 2974s
  3564  2835 5340.20104   57  795 6303.30497 4997.20876  20.7%   693 2976s
  3565  2836 6191.05732   73  621 6303.30497 4997.20876  20.7%   692 2987s
  3566  2836 5807.87783   62  769 6303.30497 4997.20876  20.7%   692 2990s
H 3566  2694                    6287.8599481 4997.20876  20.5%   692 2998s
  3568  2696 5127.58684   38  914 6287.85995 4997.20876  20.5%   692 3000s
  3569  2696 5948.76140  101  763 6287.85995 4997.20876  20.5%   692 3006s
