
Gurobi 11.0.0 (win64) logging started Fri Dec 20 05:57:10 2024

Set parameter LogFile to value "C:\Users\Administrator\Desktop\OptRail_Railroad_Construction\Data\Solution\AnzahlAuftraege_NEW_10\a10_o114_m6_an57_ar11\3_Objectives\weighted\gurobi_a10_o114_m6_an57_ar11_weighted.log"
Gurobi Optimizer version 11.0.0 build v11.0.0rc2 (win64 - Windows Server 2022.0 (20348.2))

CPU model: AMD EPYC 7513 32-Core Processor, instruction set [SSE2|AVX|AVX2]
Thread count: 18 physical cores, 18 logical processors, using up to 16 threads

Optimize a model with 2853 rows, 159429 columns and 723435 nonzeros
Model fingerprint: 0xeeee9220
Variable types: 0 continuous, 159429 integer (159429 binary)
Coefficient statistics:
  Matrix range     [1e+00, 1e+01]
  Objective range  [1e+00, 2e+02]
  Bounds range     [1e+00, 1e+00]
  RHS range        [1e+00, 2e+02]

---------------------------------------------------------------------------
Multi-objectives: starting optimization with 3 objectives (1 combined) ...
---------------------------------------------------------------------------
---------------------------------------------------------------------------

Multi-objectives: optimize objective 1 (weighted) ...
---------------------------------------------------------------------------

Optimize a model with 2853 rows, 159429 columns and 723435 nonzeros
Model fingerprint: 0x27a5d810
Variable types: 0 continuous, 159429 integer (159429 binary)
Coefficient statistics:
  Matrix range     [1e+00, 1e+01]
  Objective range  [5e-04, 7e-01]
  Bounds range     [1e+00, 1e+00]
  RHS range        [1e+00, 2e+02]
Found heuristic solution: objective 0.0000000
Presolve removed 108 rows and 82318 columns
Presolve time: 1.02s
Presolved: 2745 rows, 77111 columns, 648259 nonzeros
Variable types: 0 continuous, 77111 integer (76943 binary)
Deterministic concurrent LP optimizer: primal simplex, dual simplex, and barrier
Showing barrier log only...

Root barrier log...

Ordering time: 0.05s

Barrier statistics:
 AA' NZ     : 2.588e+05
 Factor NZ  : 7.620e+05 (roughly 40 MB of memory)
 Factor Ops : 2.952e+08 (less than 1 second per iteration)
 Threads    : 14

                  Objective                Residual
Iter       Primal          Dual         Primal    Dual     Compl     Time
   0   4.09379801e+03 -5.39523949e+04  1.14e+05 4.10e-02  1.02e+01     2s
   1   1.16780109e+03 -4.97031442e+04  3.21e+04 2.12e-01  2.99e+00     2s
   2   2.80216533e+02 -3.45771145e+04  7.67e+03 2.08e-02  7.79e-01     2s
   3   1.69542684e+02 -2.80439058e+04  4.69e+03 1.30e-02  4.97e-01     2s
   4   1.08404829e+02 -1.92640836e+04  2.99e+03 2.36e-03  3.06e-01     2s
   5   6.17718331e+01 -1.28387858e+04  1.73e+03 9.77e-15  1.79e-01     2s
   6   2.62011659e+01 -7.56218118e+03  7.43e+02 5.00e-15  8.68e-02     2s
   7   1.11404689e+01 -6.06174665e+03  3.38e+02 3.89e-15  5.60e-02     2s
   8   1.44820384e+00 -2.23340459e+03  7.13e+01 1.33e-15  1.77e-02     2s
   9  -6.62253811e-01 -8.99716918e+02  1.42e+01 4.77e-15  6.39e-03     2s
  10  -1.59690445e+00 -6.66636646e+02  5.06e+00 3.33e-15  4.51e-03     2s
  11  -2.33460499e+00 -4.18249617e+02  2.47e+00 2.37e-15  2.82e-03     2s
  12  -3.89370206e+00 -3.62760644e+02  1.22e-01 3.32e-15  2.33e-03     2s
  13  -4.45109485e+00 -1.17712089e+02  6.15e-03 9.81e-06  7.32e-04     2s
  14  -4.74117657e+00 -4.51536333e+01  3.51e-03 1.32e-15  2.61e-04     2s
  15  -4.97439321e+00 -2.75684992e+01  2.46e-03 1.19e-15  1.46e-04     2s
  16  -5.15831583e+00 -1.97185994e+01  1.79e-03 7.16e-16  9.41e-05     2s
  17  -5.38976333e+00 -1.49451910e+01  1.15e-03 5.14e-16  6.17e-05     2s
  18  -5.68284839e+00 -1.10767533e+01  4.61e-04 4.31e-16  3.48e-05     2s
  19  -5.83814342e+00 -9.05838803e+00  2.66e-04 3.25e-16  2.08e-05     2s
  20  -5.95101714e+00 -7.53903314e+00  1.58e-04 3.82e-16  1.02e-05     2s
  21  -5.98839206e+00 -7.39533445e+00  1.29e-04 4.80e-16  9.08e-06     2s
  22  -6.01940955e+00 -7.20756738e+00  1.04e-04 4.75e-16  7.67e-06     2s
  23  -6.04234404e+00 -6.86603645e+00  8.93e-05 3.02e-16  5.32e-06     2s
  24  -6.07930393e+00 -6.68093110e+00  6.73e-05 3.80e-16  3.88e-06     2s
  25  -6.11058533e+00 -6.49255689e+00  4.84e-05 4.69e-16  2.47e-06     2s
  26  -6.12532043e+00 -6.43087818e+00  4.00e-05 4.37e-16  1.97e-06     2s
  27  -6.12973312e+00 -6.38489029e+00  3.70e-05 4.38e-16  1.65e-06     2s
  28  -6.14203065e+00 -6.29730643e+00  2.97e-05 4.19e-16  1.00e-06     2s
  29  -6.16971461e+00 -6.25556683e+00  1.42e-05 4.14e-16  5.54e-07     2s
  30  -6.18107817e+00 -6.22197115e+00  8.49e-06 4.19e-16  2.64e-07     2s
  31  -6.18937034e+00 -6.20997306e+00  4.30e-06 3.58e-16  1.33e-07     2s
  32  -6.19101771e+00 -6.20867147e+00  3.52e-06 4.89e-16  1.14e-07     2s
  33  -6.19304534e+00 -6.20189445e+00  2.53e-06 5.07e-16  5.72e-08     2s
  34  -6.19719920e+00 -6.20008129e+00  5.69e-07 4.02e-16  1.86e-08     2s
  35  -6.19832656e+00 -6.19863330e+00  5.01e-08 3.87e-16  1.98e-09     2s
  36  -6.19849487e+00 -6.19849842e+00  7.87e-10 4.67e-16  2.29e-11     2s
  37  -6.19849790e+00 -6.19849791e+00  6.28e-10 4.62e-16  4.14e-14     2s

Barrier solved model in 37 iterations and 2.42 seconds (3.70 work units)
Optimal objective -6.19849790e+00

Concurrent spin time: 0.00s

Solved with barrier

Root relaxation: objective -6.198498e+00, 8579 iterations, 1.34 seconds (1.26 work units)

    Nodes    |    Current Node    |     Objective Bounds      |     Work
 Expl Unexpl |  Obj  Depth IntInf | Incumbent    BestBd   Gap | It/Node Time

     0     0   -6.19850    0  633    0.00000   -6.19850      -     -    6s
H    0     0                      -2.7869781   -6.19850   122%     -    7s
H    0     0                      -4.2083624   -6.19850  47.3%     -    8s
     0     0   -6.16008    0  838   -4.20836   -6.16008  46.4%     -   11s
     0     0   -6.15431    0  839   -4.20836   -6.15431  46.2%     -   12s
     0     0   -6.13744    0  948   -4.20836   -6.13744  45.8%     -   18s
     0     0   -6.13713    0  876   -4.20836   -6.13713  45.8%     -   18s
     0     0   -6.11210    0  828   -4.20836   -6.11210  45.2%     -   23s
     0     0   -6.11003    0  988   -4.20836   -6.11003  45.2%     -   25s
     0     0   -6.10531    0 1067   -4.20836   -6.10531  45.1%     -   27s
H    0     0                      -4.2088691   -6.10531  45.1%     -   28s
H    0     0                      -4.2101857   -6.09878  44.9%     -   30s
     0     0   -6.09878    0 1148   -4.21019   -6.09878  44.9%     -   30s
     0     0   -6.09825    0 1183   -4.21019   -6.09825  44.8%     -   33s
H    0     0                      -4.7707238   -6.09458  27.7%     -   37s
     0     0   -6.09458    0 1145   -4.77072   -6.09458  27.7%     -   37s
H    0     0                      -4.8793216   -6.09457  24.9%     -   41s
H    0     0                      -5.6175876   -6.09448  8.49%     -   42s
H    0     0                      -5.6215387   -6.09448  8.41%     -   42s
     0     0   -6.09448    0 1166   -5.62154   -6.09448  8.41%     -   42s
H    0     0                      -5.6296290   -6.09176  8.21%     -   45s
     0     0   -6.09176    0  933   -5.62963   -6.09176  8.21%     -   45s
     0     0   -6.09175    0  943   -5.62963   -6.09175  8.21%     -   46s
     0     0   -6.09161    0  964   -5.62963   -6.09161  8.21%     -   47s
     0     0   -6.09101    0 1117   -5.62963   -6.09101  8.20%     -   50s
     0     0   -6.09101    0 1132   -5.62963   -6.09101  8.20%     -   52s
     0     0   -6.09035    0 1153   -5.62963   -6.09035  8.18%     -   54s
     0     0   -6.08920    0 1183   -5.62963   -6.08920  8.16%     -   56s
H    0     0                      -5.6314495   -6.08920  8.13%     -   59s
     0     0   -6.08920    0 1186   -5.63145   -6.08920  8.13%     -   60s
     0     0   -6.08769    0 1127   -5.63145   -6.08769  8.10%     -   62s
     0     0   -6.08767    0 1171   -5.63145   -6.08767  8.10%     -   64s
     0     0   -6.08643    0 1181   -5.63145   -6.08643  8.08%     -   66s
H    0     0                      -5.6356725   -6.08643  8.00%     -   69s
     0     0   -6.08643    0 1184   -5.63567   -6.08643  8.00%     -   69s
     0     0   -6.08516    0 1112   -5.63567   -6.08516  7.98%     -   72s
     0     0   -6.08510    0 1094   -5.63567   -6.08510  7.97%     -   74s
     0     0   -6.08426    0 1161   -5.63567   -6.08426  7.96%     -   76s
     0     0   -6.08425    0 1152   -5.63567   -6.08425  7.96%     -   77s
     0     0   -6.08353    0 1138   -5.63567   -6.08353  7.95%     -   80s
     0     0   -6.08348    0 1121   -5.63567   -6.08348  7.95%     -   82s
     0     0   -6.08182    0  969   -5.63567   -6.08182  7.92%     -   85s
H    0     0                      -5.6669804   -6.08182  7.32%     -   94s
     0     0   -6.08182    0  974   -5.66698   -6.08182  7.32%     -   94s
     0     0   -6.08141    0 1054   -5.66698   -6.08141  7.31%     -   96s
     0     0   -6.08141    0  897   -5.66698   -6.08141  7.31%     -   99s
H    0     0                      -5.6711233   -6.08141  7.23%     -  107s
     0     2   -6.08136    0  882   -5.67112   -6.08136  7.23%     -  110s
     1     4   -6.05719    1  728   -5.67112   -6.08135  7.23% 12775  115s
     7    16   -6.05650    3  743   -5.67112   -6.06059  6.87%  4547  121s
    15    32   -6.05626    4  786   -5.67112   -6.05996  6.86%  2683  126s
    63    80   -6.05607    7  707   -5.67112   -6.05988  6.86%  1514  132s
    95   116   -6.05601    8  745   -5.67112   -6.05988  6.86%  1230  135s
   154   175   -6.05262   10  747   -5.67112   -6.05988  6.86%  1100  144s
   174   191   -6.05241   11  749   -5.67112   -6.05988  6.86%  1131  148s
H  175   191                      -5.7120052   -6.05988  6.09%  1124  148s
   190   213   -6.05107   12  763   -5.71201   -6.05988  6.09%  1115  150s
   265   298   -6.04957   14  738   -5.71201   -6.05988  6.09%  1035  157s
   297   333   -6.04742   16  848   -5.71201   -6.05988  6.09%   996  172s
H  303   333                      -5.7143057   -6.05988  6.05%   990  172s
H  332   349                      -5.7256476   -6.05988  5.84%   945  201s
H  335   349                      -5.7676213   -6.05988  5.07%   940  201s
   388   421   -6.04717   22  824   -5.76762   -6.05988  5.07%   912  205s
   461   506   -6.04709   24  834   -5.76762   -6.05988  5.07%   895  211s
   556   594   -6.04154   28  785   -5.76762   -6.05988  5.07%   869  217s
   649   697   -6.04032   32  846   -5.76762   -6.05988  5.07%   856  222s
H  701   729                      -5.7721023   -6.05988  4.99%   843  243s
H  702   729                      -5.8026723   -6.05988  4.43%   843  243s
H  728   729                      -5.8037671   -6.05988  4.41%   839  243s
   733   780   -6.03969   39  811   -5.80377   -6.05988  4.41%   837  246s
   784   856   -6.03799   42  796   -5.80377   -6.05988  4.41%   842  252s
   862   918   -6.03688   45  742   -5.80377   -6.05988  4.41%   830  255s
  1012  1074   -6.02862   49  693   -5.80377   -6.05988  4.41%   812  261s
  1189  1275   -6.02142   57  809   -5.80377   -6.05988  4.41%   788  268s
  1300  1377   -6.01629   63  623   -5.80377   -6.05988  4.41%   765  272s
  1403  1476   -6.01446   68  626   -5.80377   -6.05988  4.41%   757  276s
  1506  1619   -6.01316   85  549   -5.80377   -6.05988  4.41%   749  280s
  1775  1852   -6.00009  123  426   -5.80377   -6.05988  4.41%   712  289s
  1891  2017   -6.00611  132  566   -5.80377   -6.05988  4.41%   696  292s
  2066  2175   -6.00031  154  560   -5.80377   -6.05988  4.41%   669  297s
  2236  2309   -5.99492  160  678   -5.80377   -6.05988  4.41%   650  301s
  2398  2405 infeasible  172        -5.80377   -6.05988  4.41%   639  305s
  2602  2535   -5.93063  198  182   -5.80377   -6.05979  4.41%   648  315s
  2776  2679   -6.00880   12  891   -5.80377   -6.05979  4.41%   666  324s
  2849  2753   -6.00526   14  947   -5.80377   -6.05979  4.41%   677  330s
  2928  2850   -5.99065   19 1122   -5.80377   -6.05979  4.41%   690  335s
  3045  2963   -5.97101   26  857   -5.80377   -6.05979  4.41%   691  341s
  3212  3034   -5.89773   43  718   -5.80377   -6.05979  4.41%   684  347s
  3307  3035   -6.04382   31  897   -5.80377   -6.05979  4.41%   696  364s
  3309  3036   -6.04430   14  819   -5.80377   -6.05979  4.41%   696  373s
  3310  3037   -5.92721   30  668   -5.80377   -6.05979  4.41%   696  380s
H 3311  2886                      -5.8046264   -6.05979  4.40%   696  383s
  3313  2887   -5.92672  106  904   -5.80463   -6.05979  4.40%   695  385s
H 3314  2743                      -5.8084172   -6.03614  3.92%   695  395s
  3316  2744   -6.00539   37  974   -5.80842   -6.03366  3.88%   695  402s
  3319  2746   -6.01994   14  924   -5.80842   -6.01994  3.64%   694  415s
  3322  2748   -6.00516   27  722   -5.80842   -6.00516  3.39%   693  427s
  3323  2749   -5.93035   50  910   -5.80842   -6.00511  3.39%   693  435s
  3324  2749   -5.99729  117  850   -5.80842   -5.99729  3.25%   693  440s
  3327  2751   -5.98752   23  947   -5.80842   -5.98752  3.08%   692  447s
  3330  2753   -5.90233   47  910   -5.80842   -5.98388  3.02%   692  455s
  3332  2755   -5.98069   44  866   -5.80842   -5.98069  2.97%   691  461s
H 3333  2617                      -5.8089151   -5.97680  2.89%   691  467s
  3334  2618   -5.97665   63  883   -5.80892   -5.97665  2.89%   691  470s
H 3335  2487                      -5.8092979   -5.96706  2.72%   691  478s
  3337  2488   -5.96597   28  977   -5.80930   -5.96597  2.70%   690  480s
  3339  2489   -5.96013   60  909   -5.80930   -5.96013  2.60%   690  487s
  3342  2491   -5.95804   48  967   -5.80930   -5.95804  2.56%   689  490s
  3343  2492   -5.82816   34  866   -5.80930   -5.95166  2.45%   689  495s
  3347  2495   -5.92463  167  901   -5.80930   -5.94908  2.41%   688  501s
  3350  2497   -5.94755   14  873   -5.80930   -5.94755  2.38%   687  508s
  3352  2498   -5.94430   15  990   -5.80930   -5.94430  2.32%   687  510s
  3354  2499   -5.93819   17  828   -5.80930   -5.93819  2.22%   687  516s
  3358  2502   -5.89484   48  883   -5.80930   -5.93412  2.15%   686  523s
  3360  2503   -5.93393   24  921   -5.80930   -5.93393  2.15%   685  525s
  3362  2505   -5.92696   33  827   -5.80930   -5.92696  2.03%   685  530s
  3365  2507   -5.92669   13  865   -5.80930   -5.92669  2.02%   684  535s
  3366  2507   -5.92504   71  697   -5.80930   -5.92504  1.99%   684  542s
  3368  2509   -5.91586  104  668   -5.80930   -5.91586  1.83%   684  550s
  3370  2510   -5.91570   70  700   -5.80930   -5.91570  1.83%   683  556s
  3372  2511   -5.91545    8  666   -5.80930   -5.91545  1.83%   683  560s
  3377  2516   -5.91545   49  762   -5.80930   -5.91545  1.83%   845  574s
  3378  2517   -5.82614  191  777   -5.80930   -5.91535  1.83%   845  586s
  3379  2518   -5.91535   30  900   -5.80930   -5.91535  1.83%   845  592s
  3380  2518   -5.90748  170  908   -5.80930   -5.90748  1.69%   844  595s
  3381  2519   -5.90748   12  970   -5.80930   -5.90748  1.69%   844  600s
  3384  2521   -5.90748   39  957   -5.80930   -5.90748  1.69%   843  606s
  3385  2522   -5.90748  128  816   -5.80930   -5.90748  1.69%   843  613s
  3386  2522   -5.90748  108  840   -5.80930   -5.90748  1.69%   843  615s
  3387  2523   -5.90748  104  812   -5.80930   -5.90748  1.69%   843  620s
  3389  2524   -5.82734  137  803   -5.80930   -5.90743  1.69%   842  628s
H 3390  2398                      -5.8122916   -5.90743  1.64%   842  633s
  3391  2399   -5.90743   55  789   -5.81229   -5.90743  1.64%   842  636s
H 3392  2279                      -5.8149520   -5.90743  1.59%   841  661s
  3394  2284   -5.90743   27  666   -5.81495   -5.90743  1.59%   904  668s
  3396  2287   -5.90275   28  646   -5.81495   -5.90743  1.59%   906  672s
  3400  2294   -5.90225   29  741   -5.81495   -5.90247  1.50%   910  676s
  3408  2307   -5.90225   30  674   -5.81495   -5.90225  1.50%   914  682s
H 3424  2203                      -5.8149521   -5.90225  1.50%   914  688s
H 3429  2093                      -5.8181733   -5.90225  1.45%   917  688s
  3440  2100   -5.89822   31  639   -5.81817   -5.90223  1.44%   924  692s
  3472  2116   -5.89663   32  544   -5.81817   -5.89962  1.40%   931  730s
H 3476  2011                      -5.8191750   -5.89962  1.38%   932  730s
H 3477  1913                      -5.8208337   -5.89962  1.35%   932  730s
  3524  1932   -5.89933   34  599   -5.82083   -5.89939  1.35%   933  807s
  3565  1955   -5.87382   35  344   -5.82083   -5.89939  1.35%   934  810s
  3643  1984   -5.87129   37  499   -5.82083   -5.89939  1.35%   934  817s
  3707  2003   -5.89408   39  662   -5.82083   -5.89939  1.35%   934  821s
  3778  1998   -5.85460   40  530   -5.82083   -5.89939  1.35%   933  827s
  3817  1998   -5.89179   41  665   -5.82083   -5.89939  1.35%   933  830s
  3900  1995   -5.86033   42  464   -5.82083   -5.89939  1.35%   933  836s
  4006  1989   -5.88024   44  530   -5.82083   -5.89939  1.35%   929  842s
  4053  1986   -5.85611   45  573   -5.82083   -5.89939  1.35%   928  845s
  4158  1978   -5.83213   46  487   -5.82083   -5.89939  1.35%   924  851s
  4225  1966     cutoff   48        -5.82083   -5.89939  1.35%   918  855s
  4375  1936   -5.88334   34  590   -5.82083   -5.89922  1.35%   905  862s
  4447  1927   -5.86541   37  377   -5.82083   -5.89922  1.35%   901  865s
  4573  1901   -5.84952   37  368   -5.82083   -5.89922  1.35%   892  873s
  4664  1891   -5.82692   42  511   -5.82083   -5.89068  1.20%   884  877s
  4751  1871   -5.83461   36  517   -5.82083   -5.89068  1.20%   880  881s
  4848  1846     cutoff   37        -5.82083   -5.88775  1.15%   871  886s
  5029  1814   -5.83350   45  398   -5.82083   -5.88775  1.15%   858  893s
  5144  1793   -5.83247   51  459   -5.82083   -5.88747  1.14%   848  898s
  5255  1779     cutoff   42        -5.82083   -5.88625  1.12%   841  902s
  5375  1750   -5.83396   43  142   -5.82083   -5.88625  1.12%   833  906s
  5496  1728   -5.82414   48  453   -5.82083   -5.88387  1.08%   826  911s
  5632  1696   -5.84883   38  405   -5.82083   -5.88025  1.02%   819  916s
  5788  1654   -5.83860   35  173   -5.82083   -5.87799  0.98%   808  921s
  5946  1604   -5.83647   39  498   -5.82083   -5.87713  0.97%   801  984s
H 5963  1505                      -5.8208337   -5.87713  0.97%   800  984s
  6004  1509   -5.85738   40  486   -5.82083   -5.87713  0.97%   798  990s
  6166  1473   -5.84389   42  322   -5.82083   -5.87713  0.97%   792  995s
  6356  1402     cutoff   47        -5.82083   -5.87185  0.88%   784 1001s
  6572  1333   -5.82551   39  135   -5.82083   -5.86922  0.83%   777 1009s
  6813  1237     cutoff   36        -5.82083   -5.86828  0.82%   768 1016s
  7065  1137     cutoff   47        -5.82083   -5.86217  0.71%   760 1023s
  7287  1049   -5.82928   41  641   -5.82083   -5.85931  0.66%   751 1033s
  7559   877     cutoff   44        -5.82083   -5.85343  0.56%   743 1040s
  7771   702     cutoff   36        -5.82083   -5.85154  0.53%   746 1047s
  8028   510   -5.82363   40  469   -5.82083   -5.84881  0.48%   746 1056s
  8293   251     cutoff   38        -5.82083   -5.84352  0.39%   744 1063s
  8611    24   -5.82674   38  643   -5.82083   -5.83770  0.29%   737 1069s

Cutting planes:
  Gomory: 32
  Cover: 11
  Clique: 1
  MIR: 26
  StrongCG: 2
  Flow cover: 136
  GUB cover: 5
  Inf proof: 10
  Zero half: 70
  RLT: 32
  Relax-and-lift: 15

Explored 8759 nodes (6545734 simplex iterations) in 1070.33 seconds (1866.32 work units)
Thread count was 16 (of 18 available processors)

Solution count 10: -5.82083 -5.82083 -5.81918 ... -5.80842
No other solutions better than -5.82083

Optimal solution found (tolerance 1.00e-04)
Best objective -5.820833719965e+00, best bound -5.820833719965e+00, gap 0.0000%

---------------------------------------------------------------------------
Multi-objectives: solved in 1070.68 seconds (1866.32 work units), solution count 10

