
Gurobi 11.0.0 (win64) logging started Fri Dec 20 20:05:06 2024

Set parameter LogFile to value "C:\Users\Administrator\Desktop\OptRail_Railroad_Construction\Data\Solution\AnzahlAuftraege_NEW_10\a10_o128_m6_an51_ar13\3_Objectives\hierarchical_tolerance\gurobi_a10_o128_m6_an51_ar13_hierarchical_tolerance_round_2.log"
Gurobi Optimizer version 11.0.0 build v11.0.0rc2 (win64 - Windows Server 2022.0 (20348.2))

CPU model: AMD EPYC 7513 32-Core Processor, instruction set [SSE2|AVX|AVX2]
Thread count: 18 physical cores, 18 logical processors, using up to 16 threads

Optimize a model with 3374 rows, 205717 columns and 1025267 nonzeros
Model fingerprint: 0xe3a4cf5c
Variable types: 0 continuous, 205717 integer (205717 binary)
Coefficient statistics:
  Matrix range     [1e+00, 1e+01]
  Objective range  [1e+00, 2e+02]
  Bounds range     [1e+00, 1e+00]
  RHS range        [1e+00, 2e+02]

---------------------------------------------------------------------------
Multi-objectives: starting optimization with 3 objectives ... 
---------------------------------------------------------------------------

Multi-objectives: applying initial presolve ...
---------------------------------------------------------------------------

Presolve added 0 rows and 207 columns
Presolve removed 114 rows and 0 columns
Presolve time: 0.98s
Presolved: 3260 rows, 205924 columns, 907404 nonzeros
---------------------------------------------------------------------------

Multi-objectives: optimize objective 1 () ...
---------------------------------------------------------------------------

Presolve removed 72 rows and 106371 columns
Presolve time: 1.55s
Presolved: 3188 rows, 99553 columns, 885913 nonzeros
Variable types: 0 continuous, 99553 integer (99484 binary)
Deterministic concurrent LP optimizer: primal simplex, dual simplex, and barrier
Showing barrier log only...

Root barrier log...

Ordering time: 0.20s

Barrier statistics:
 AA' NZ     : 3.313e+05
 Factor NZ  : 1.010e+06 (roughly 50 MB of memory)
 Factor Ops : 4.253e+08 (less than 1 second per iteration)
 Threads    : 13

                  Objective                Residual
Iter       Primal          Dual         Primal    Dual     Compl     Time
   0   2.20486347e+03 -5.47599840e+04  1.65e+05 7.54e-02  9.71e+00     4s
   1   1.25016545e+03 -5.17073835e+04  5.36e+04 1.84e-01  3.27e+00     4s
   2   4.94503809e+02 -3.94076537e+04  1.72e+04 7.54e-03  1.07e+00     4s
   3   2.70711941e+02 -2.61698755e+04  7.44e+03 9.85e-04  4.59e-01     4s
   4   1.63649636e+02 -1.22252295e+04  3.28e+03 1.92e-04  1.84e-01     4s
   5   5.80768929e+01 -6.44486709e+03  7.78e+02 5.65e-05  5.95e-02     4s
   6   7.43904567e+00 -3.09652053e+03  1.09e+02 1.76e-06  1.91e-02     4s
   7   2.82124351e+00 -9.92625564e+02  3.28e+01 6.75e-14  5.94e-03     4s
   8   1.88034542e+00 -9.03607501e+02  1.89e+01 6.75e-14  5.08e-03     4s
   9   5.49070579e-01 -4.63803128e+02  4.84e+00 1.24e-14  2.46e-03     4s
  10   1.29612215e-01 -3.35069042e+02  1.94e+00 8.88e-15  1.74e-03     4s
  11   1.13921525e-01 -2.52763154e+02  1.31e+00 6.22e-15  1.31e-03     4s
  12   8.26683953e-02 -1.63126912e+02  4.87e-01 4.44e-15  8.37e-04     4s
  13   9.04120018e-02 -1.17454421e+02  2.54e-01 2.66e-15  6.05e-04     4s
  14   9.07218359e-02 -5.36702625e+01  1.26e-02 1.38e-15  2.73e-04     4s
  15   5.67842748e-02 -2.06389109e+01  6.44e-03 1.41e-15  1.05e-04     4s
  16   5.29995550e-02 -1.01056080e+01  5.17e-03 8.88e-16  5.13e-05     4s
  17   3.49891072e-02 -8.85645594e+00  3.87e-03 7.13e-16  4.48e-05     4s
  18   3.16905783e-02 -5.48110528e+00  3.65e-03 4.52e-16  2.78e-05     4s
  19   1.52539119e-02 -4.33071949e+00  2.88e-03 4.44e-16  2.19e-05     4s
  20   1.11627071e-02 -3.12055823e+00  2.65e-03 3.63e-16  1.58e-05     4s
  21   4.29834497e-03 -2.08125161e-01  1.65e-05 2.79e-16  1.06e-06     4s
  22   2.71544460e-05 -1.77415313e-03  6.09e-12 3.14e-16  8.99e-09     4s
  23   3.80550237e-11 -3.94574909e-09  3.27e-12 2.78e-16  1.99e-14     4s

Barrier solved model in 23 iterations and 4.17 seconds (7.55 work units)
Optimal objective 3.80550237e-11

  Building initial crossover basis                                 5s

Root crossover log...

     580 DPushes remaining with DInf 0.0000000e+00                 6s
       0 DPushes remaining with DInf 0.0000000e+00                 6s

     469 PPushes remaining with PInf 1.0825512e-06                 6s
       0 PPushes remaining with PInf 0.0000000e+00                 6s

  Push phase complete: Pinf 0.0000000e+00, Dinf 0.0000000e+00      6s


Root simplex log...

Iteration    Objective       Primal Inf.    Dual Inf.      Time
     699    0.0000000e+00   0.000000e+00   0.000000e+00      6s
Concurrent spin time: 0.05s

Solved with barrier

Root relaxation: objective 0.000000e+00, 699 iterations, 2.73 seconds (2.86 work units)

    Nodes    |    Current Node    |     Objective Bounds      |     Work
 Expl Unexpl |  Obj  Depth IntInf | Incumbent    BestBd   Gap | It/Node Time

     0     0    0.00000    0 1891          -    0.00000      -     -   24s
     0     0    0.00000    0 1816          -    0.00000      -     -   47s
     0     0    0.00000    0 1757          -    0.00000      -     -   48s
     0     0    0.00000    0 1749          -    0.00000      -     -   90s
     0     0    0.00000    0 1701          -    0.00000      -     -  126s
     0     0    0.00000    0 1669          -    0.00000      -     -  127s
     0     0    0.00000    0 1674          -    0.00000      -     -  143s
     0     0    0.00000    0 1674          -    0.00000      -     -  157s
     0     2    0.00000    0 1674          -    0.00000      -     -  227s
     1     4    0.00000    1 1424          -    0.00000      - 39615  249s
     3     8    0.00000    2 1159          -    0.00000      - 25244  275s
     7    16    0.00000    3 1130          -    0.00000      - 15959  287s
    15    31    0.00000    4 1119          -    0.00000      -  9616  316s
    31    46    0.00000    5 1141          -    0.00000      -  9302  320s
    63    78    0.00000    7 1023          -    0.00000      -  6684  328s
    79    93    0.00000    8 1050          -    0.00000      -  6333  331s
    95   117    0.00000    9 1039          -    0.00000      -  6041  335s
   119   186    0.00000   10 1032          -    0.00000      -  5462  347s
   189   327    0.00000   15  759          -    0.00000      -  4741  362s
   331   576    0.00000   23  679          -    0.00000      -  4306  381s
   580  1048    0.00000   41  660          -    0.00000      -  3909  409s
  1056  1749    1.00000   65  690          -    0.00000      -  3676  458s
* 1402  1568              91       1.0000000    0.00000   100%  3356  458s
  1778  1202    0.00000  361 1674    1.00000    0.00000   100%  3830  496s
  1780  1203    0.00000    7 1612    1.00000    0.00000   100%  3826  526s
  1781  1204    0.00000  244 1557    1.00000    0.00000   100%  3823  597s
  1782  1205    0.00000   49 1519    1.00000    0.00000   100%  3821  614s
  1783  1205    0.00000  309 1475    1.00000    0.00000   100%  3819  620s
  1784  1206    0.00000  217 1442    1.00000    0.00000   100%  3817  634s
  1785  1207    0.00000   78 1397    1.00000    0.00000   100%  3815  636s
  1786  1207    0.00000  245 1397    1.00000    0.00000   100%  3813  650s
  1787  1208    0.00000   34 1397    1.00000    0.00000   100%  3811  670s
  1788  1210    0.00000   21 1674    1.00000    0.00000   100%  92.5  677s
  1790  1211    0.00000    7   30    1.00000    0.00000   100%  92.4  694s
H 1790  1150                       0.0000000    0.00000  0.00%  92.4  696s

Cutting planes:
  Gomory: 2
  Cover: 1
  MIR: 2
  StrongCG: 2
  Flow cover: 1
  GUB cover: 1
  Zero half: 8
  RLT: 1

Explored 1790 nodes (7208669 simplex iterations) in 696.89 seconds (1079.90 work units)
Thread count was 16 (of 18 available processors)

Solution count 2: 0 1 

Optimal solution found (tolerance 1.00e-04)
Best objective 0.000000000000e+00, best bound 0.000000000000e+00, gap 0.0000%
---------------------------------------------------------------------------

Multi-objectives: optimize objective 2 () ...
---------------------------------------------------------------------------


Loaded user MIP start with objective 9666.57

Presolve removed 72 rows and 106333 columns
Presolve time: 1.56s
Presolved: 3189 rows, 99591 columns, 886079 nonzeros
Variable types: 0 continuous, 99591 integer (99522 binary)
Deterministic concurrent LP optimizer: primal simplex, dual simplex, and barrier
Showing barrier log only...

Root barrier log...

Ordering time: 0.24s

Barrier statistics:
 AA' NZ     : 3.320e+05
 Factor NZ  : 1.010e+06 (roughly 50 MB of memory)
 Factor Ops : 4.251e+08 (less than 1 second per iteration)
 Threads    : 14

                  Objective                Residual
Iter       Primal          Dual         Primal    Dual     Compl     Time
   0   9.64548985e+07 -2.00400759e+07  1.66e+05 2.84e-14  4.07e+03   699s
   1   3.36945396e+07 -1.96813213e+07  5.81e+04 1.09e+02  1.50e+03   699s
   2   1.46809214e+07 -1.66456468e+07  2.53e+04 1.80e+01  6.60e+02   700s
   3   3.34651844e+06 -9.84294500e+06  5.77e+03 3.43e+00  1.61e+02   700s
   4   1.84794455e+06 -4.03258092e+06  3.18e+03 7.16e-01  7.44e+01   700s
   5   4.79739870e+05 -2.99649739e+06  8.11e+02 4.68e-01  2.84e+01   700s
   6   1.03322802e+05 -1.75999692e+06  1.58e+02 2.00e-01  1.13e+01   700s
   7   4.61474484e+04 -7.01888028e+05  5.98e+01 4.12e-02  4.45e+00   700s
   8   2.50648252e+04 -4.84477482e+05  2.40e+01 2.09e-02  2.82e+00   700s
   9   1.35399079e+04 -4.32340356e+05  5.52e+00 1.69e-02  2.29e+00   700s
  10   1.17079296e+04 -3.07188728e+05  3.18e+00 7.89e-03  1.64e+00   700s
  11   1.07669529e+04 -2.38223339e+05  2.03e+00 2.89e-03  1.28e+00   700s
  12   8.36653668e+03 -8.86908688e+04  4.76e-02 1.36e-12  4.96e-01   700s
  13   7.78925423e+03 -5.97739372e+04  3.18e-02 8.10e-13  3.44e-01   700s
  14   7.16998703e+03 -3.30133314e+04  2.05e-02 5.93e-13  2.04e-01   700s
  15   6.51308654e+03 -2.47006253e+04  1.05e-02 9.09e-13  1.57e-01   700s
  16   6.15467011e+03 -1.27805882e+04  7.36e-03 6.49e-13  9.54e-02   700s
  17   6.06694501e+03 -1.02230781e+04  6.71e-03 5.58e-13  8.21e-02   700s
  18   5.76075208e+03 -3.36472140e+03  4.57e-03 5.90e-13  4.59e-02   700s
  19   5.59335111e+03 -1.61470107e+03  3.70e-03 6.82e-13  3.62e-02   700s
  20   5.50821791e+03  1.51824438e+02  5.23e-03 6.82e-13  2.69e-02   700s
  21   5.31723660e+03  1.77546625e+03  2.08e-03 4.62e-13  1.78e-02   700s
  22   5.12140151e+03  2.81102298e+03  1.22e-03 3.31e-13  1.16e-02   700s
  23   4.96757384e+03  3.40072936e+03  2.63e-03 4.55e-13  7.84e-03   700s
  24   4.90338466e+03  4.15577271e+03  2.45e-03 3.11e-13  3.74e-03   700s
  25   4.87970656e+03  4.24863296e+03  1.42e-03 5.12e-13  3.15e-03   700s
  26   4.84421868e+03  4.37882700e+03  8.75e-04 3.74e-13  2.33e-03   700s
  27   4.79953131e+03  4.54813218e+03  2.72e-04 2.28e-13  1.26e-03   700s
  28   4.78333950e+03  4.66778458e+03  1.05e-04 2.27e-13  5.77e-04   700s
  29   4.77625790e+03  4.70566195e+03  5.19e-05 2.27e-13  3.52e-04   700s
  30   4.77109729e+03  4.75456193e+03  1.04e-05 7.55e-13  8.26e-05   700s
  31   4.76943382e+03  4.76811653e+03  1.39e-06 5.97e-13  6.58e-06   700s
  32   4.76904771e+03  4.76901339e+03  1.39e-08 2.27e-13  1.71e-07   700s
  33   4.76904061e+03  4.76904061e+03  1.08e-11 5.05e-13  4.50e-12   700s

Barrier solved model in 33 iterations and 700.31 seconds (1084.94 work units)
Optimal objective 4.76904061e+03


Root crossover log...

    1086 DPushes remaining with DInf 0.0000000e+00               700s
       0 DPushes remaining with DInf 0.0000000e+00               700s

   31806 PPushes remaining with PInf 0.0000000e+00               700s
       0 PPushes remaining with PInf 0.0000000e+00               701s

  Push phase complete: Pinf 0.0000000e+00, Dinf 1.5369697e-10    701s


Root simplex log...

Iteration    Objective       Primal Inf.    Dual Inf.      Time
   32848    4.7690406e+03   0.000000e+00   0.000000e+00    701s

Solved with barrier

Root relaxation: objective 4.769041e+03, 32848 iterations, 2.06 seconds (1.92 work units)
Total elapsed time = 705.05s (DegenMoves)

    Nodes    |    Current Node    |     Objective Bounds      |     Work
 Expl Unexpl |  Obj  Depth IntInf | Incumbent    BestBd   Gap | It/Node Time

     0     0 4769.04061    0  436 9666.57216 4769.04061  50.7%     -  707s
H    0     0                    9044.5805919 4769.04061  47.3%     -  708s
H    0     0                    8926.6729903 4769.04061  46.6%     -  709s
     0     0 4770.33965    0  519 8926.67299 4770.33965  46.6%     -  711s
H    0     0                    7964.3835905 4773.44114  40.1%     -  713s
     0     0 4780.55656    0  753 7964.38359 4780.55656  40.0%     -  716s
     0     0 4780.55656    0  778 7964.38359 4780.55656  40.0%     -  716s
     0     0 4786.18354    0  845 7964.38359 4786.18354  39.9%     -  722s
H    0     0                    7658.0333546 4791.14076  37.4%     -  724s
     0     0 4791.14076    0  839 7658.03335 4791.14076  37.4%     -  725s
     0     0 4926.39918    0  943 7658.03335 4926.39918  35.7%     -  733s
H    0     0                    7477.1188113 4926.39918  34.1%     -  744s
     0     0 4943.46439    0  946 7477.11881 4943.46439  33.9%     -  744s
     0     0 4943.46439    0  878 7477.11881 4943.46439  33.9%     -  747s
H    0     0                    7328.5041625 4943.46439  32.5%     -  748s
     0     0 4943.46439    0  869 7328.50416 4943.46439  32.5%     -  748s
     0     0 4943.46439    0  865 7328.50416 4943.46439  32.5%     -  749s
     0     0 4943.46439    0  455 7328.50416 4943.46439  32.5%     -  754s
     0     2 4943.46439    0  429 7328.50416 4943.46439  32.5%     -  764s
     1     4 4947.76558    1  721 7328.50416 4943.46439  32.5% 22725  771s
     3     8 4957.84437    2  779 7328.50416 4943.46439  32.5%  9709  778s
     7    14 4960.93448    3  838 7328.50416 4953.01068  32.4%  5987  785s
    15    26 4961.36198    4  784 7328.50416 4958.69848  32.3%  4055  797s
H   29    42                    7044.5806989 4961.36198  29.6%  3995  805s
H   30    42                    7016.1645871 4961.36198  29.3%  3899  805s
H   35    42                    6964.5124042 4961.36198  28.8%  3503  805s
H   38    42                    6908.9362045 4961.36198  28.2%  3344  805s
H   43    42                    6894.8485087 4961.36198  28.0%  3155  805s
H   45    58                    6637.7174276 4961.36198  25.3%  3087  858s
H   60    58                    6636.6980650 4961.36198  25.2%  2635  858s
    61    74 4962.92949    7  803 6636.69807 4961.36198  25.2%  2610  861s
    77    90 4962.92949    7  780 6636.69807 4961.36198  25.2%  2253  865s
H   93   106                    6093.2244203 4961.36198  18.6%  2052  930s
H   94   106                    5953.0852613 4961.36198  16.7%  2055  930s
   128   145 4962.92949    9  740 5953.08526 4961.36198  16.7%  1777  937s
   148   163 4962.92949   11  779 5953.08526 4961.36198  16.7%  1653  940s
   166   184 4962.92949   13  708 5953.08526 4961.36198  16.7%  1594  945s
   213   233 4962.92949   15  680 5953.08526 4961.36198  16.7%  1416  952s
   236   257 4962.92949   15  700 5953.08526 4961.36198  16.7%  1354  955s
   288   308 4962.92949   17  692 5953.08526 4961.36198  16.7%  1249  962s
   311   339 4962.92949   18  687 5953.08526 4961.36198  16.7%  1198  966s
   342   373 4962.92949   19  681 5953.08526 4961.36198  16.7%  1149  970s
   412   447 4962.92949   23  624 5953.08526 4961.36198  16.7%  1053  977s
   450   489 4962.92949   26  584 5953.08526 4961.36198  16.7%  1015  980s
   531   568 4962.92949   32  589 5953.08526 4961.36198  16.7%   953  988s
   571   613 4962.92949   33  479 5953.08526 4961.36198  16.7%   932  991s
   616   662 4962.92949   35  429 5953.08526 4961.36198  16.7%   908  995s
   719   764 4962.92949   40  530 5953.08526 4961.36198  16.7%   862 1004s
   767   819 4962.92949   41  489 5953.08526 4961.36198  16.7%   850 1008s
   823   876 4962.92949   42  538 5953.08526 4961.36198  16.7%   833 1012s
   880   922 4962.92949   43  457 5953.08526 4961.36198  16.7%   820 1502s
H  882   922                    5013.9780631 4961.36198  1.05%   818 1502s
   926   943 4962.92949   45  457 5013.97806 4961.36198  1.05%   807 1509s
  1052   542 4969.07231   50  455 5013.97806 4961.36198  1.05%   759 1521s
  1054   543 5000.69777   51  479 5013.97806 4961.36198  1.05%   758 1538s
  1055   544 4962.92949   22  854 5013.97806 4961.36198  1.05%   757 1544s
  1056   545 4962.92949   26  861 5013.97806 4961.36198  1.05%   757 1548s
  1057   545 5006.15923   20  847 5013.97806 4961.36198  1.05%   756 1554s
  1058   546 4962.92949   34  987 5013.97806 4961.36198  1.05%   755 1558s
  1060   547 5012.82173   31 1013 5013.97806 4961.36198  1.05%   754 1568s
  1061   548 5000.69777   28 1051 5013.97806 4961.36198  1.05%   753 1570s
  1063   549 4963.29177   44  580 5013.97806 4961.36198  1.05%   752 1579s
  1064   553 4961.36198   12  859 5013.97806 4961.36198  1.05%   865 1588s
  1066   554 4961.36198   13  861 5013.97806 4961.36198  1.05%   870 1590s
  1076   565 4973.57710   15  808 5013.97806 4961.36198  1.05%   883 1598s
  1088   573 4973.63681   16  771 5013.97806 4961.36198  1.05%   908 1602s
  1104   582 4978.80268   17  771 5013.97806 4961.36198  1.05%   914 1608s
  1120   591 4990.34511   17  758 5013.97806 4961.36198  1.05%   914 1610s
  1152   611 4978.80268   18  716 5013.97806 4961.67548  1.04%   917 1618s
  1186   633 4978.80268   19  777 5013.97806 4961.67548  1.04%   916 1620s
  1241   661 4978.95197   21  683 5013.97806 4961.67548  1.04%   916 1684s
H 1247   631                    4989.1065148 4961.67548  0.55%   915 1684s
  1257   628     cutoff   21      4989.10651 4961.67548  0.55%   915 1685s
  1324   622 4978.95197   23  645 4989.10651 4961.67548  0.55%   894 1701s
  1366   645 4978.95197   24  630 4989.10651 4961.67548  0.55%   896 1706s
  1452   724 4983.89331   27  621 4989.10651 4961.67548  0.55%   894 1711s
  1587   770 4979.99697   29  389 4989.10651 4961.67548  0.55%   883 1718s
  1660   797 4979.99697   32  348 4989.10651 4961.73520  0.55%   878 1721s
  1779   767 4961.92357   17  405 4989.10651 4961.73520  0.55%   866 1726s
  1889   754     cutoff   21      4989.10651 4961.73520  0.55%   860 1730s
  1995   730 4961.73520   21  468 4989.10651 4961.73520  0.55%   856 1736s
  2125   660     cutoff   24      4989.10651 4961.73520  0.55%   849 1740s
  2248   634 4987.34772   26  530 4989.10651 4961.73520  0.55%   854 1750s
  2448   529 4987.50060   28  396 4989.10651 4961.73520  0.55%   851 1757s
  2573   411 4988.04849   19  501 4989.10651 4962.35302  0.54%   867 1762s
  2686   286     cutoff   29      4989.10651 4967.86368  0.43%   898 1767s
  2782   210 4987.59469   21  360 4989.10651 4978.95197  0.20%   900 1771s
  2890   222 4987.62997   23  274 4989.10651 4978.95197  0.20%   896 1775s
  3148   200     cutoff   24      4989.10651 4983.89034  0.10%   874 1783s
  3288   317 4988.06151   29  241 4989.10651 4985.60034  0.07%   868 1787s
  3541   418 4988.06151   37   60 4989.10651 4987.62997  0.03%   836 1793s
  3887   655 4988.06151   40   48 4989.10651 4987.87334  0.02%   793 1835s
  4703   826 4988.06151   43  113 4989.10651 4987.91223  0.02%   724 1883s
  5720   986 4988.06151   32  122 4989.10651 4987.91223  0.02%   661 1919s
  6622   986 4988.06151   44   69 4989.10651 4988.06151  0.02%   620 1920s
  8128   943     cutoff   35      4989.10651 4988.06151  0.02%   565 1951s
 10217   820     cutoff   41      4989.10651 4988.06151  0.02%   521 1982s
 12807   552     cutoff   31      4989.10651 4988.06151  0.02%   481 2005s
 14435   301 4988.06151   22  348 4989.10651 4988.06151  0.02%   466 2020s
 15594   183 infeasible   33      4989.10651 4988.06151  0.02%   456 2047s
 15787    35 4988.32276   30  140 4989.10651 4988.06151  0.02%   455 2055s
 16280     0     cutoff   37      4989.10651 4988.32276  0.02%   451 2061s

Cutting planes:
  Gomory: 7
  Cover: 20
  MIR: 25
  Flow cover: 26
  GUB cover: 2
  Inf proof: 34
  Zero half: 23
  Relax-and-lift: 1
  BQP: 1

Explored 16530 nodes (7549890 simplex iterations) in 2062.63 seconds (2522.12 work units)
Thread count was 16 (of 18 available processors)

Solution count 10: 4989.11 5013.98 5953.09 ... 7016.16

Optimal solution found (tolerance 1.00e-04)
Best objective 4.989106514803e+03, best bound 4.989106514803e+03, gap 0.0000%
---------------------------------------------------------------------------

Multi-objectives: optimize objective 3  ...
---------------------------------------------------------------------------


Loaded user MIP start with objective 0


Explored 0 nodes (0 simplex iterations) in 2063.15 seconds (2522.12 work units)
Thread count was 1 (of 18 available processors)

Solution count 1: 0 

Optimal solution found (tolerance 1.00e-04)
Best objective 0.000000000000e+00, best bound 0.000000000000e+00, gap 0.0000%

---------------------------------------------------------------------------
Multi-objectives: solved in 2063.20 seconds (2522.12 work units), solution count 10

