
Gurobi 11.0.0 (win64) logging started Thu Dec 19 18:44:43 2024

Set parameter LogFile to value "C:\Users\Administrator\Desktop\OptRail_Railroad_Construction\Data\Solution\Reduced\a3_o80_m10_an10_ar9_reduced\6_Objectives\hierarchical\gurobi_a3_o80_m10_an10_ar9_reduced_hierarchical.log"
Gurobi Optimizer version 11.0.0 build v11.0.0rc2 (win64 - Windows Server 2022.0 (20348.2))

CPU model: AMD EPYC 7513 32-Core Processor, instruction set [SSE2|AVX|AVX2]
Thread count: 18 physical cores, 18 logical processors, using up to 16 threads

Optimize a model with 1625 rows, 72262 columns and 549291 nonzeros
Model fingerprint: 0xc75b6b30
Variable types: 0 continuous, 72262 integer (72262 binary)
Coefficient statistics:
  Matrix range     [1e+00, 1e+01]
  Objective range  [1e+00, 2e+02]
  Bounds range     [1e+00, 1e+00]
  RHS range        [1e+00, 2e+02]

---------------------------------------------------------------------------
Multi-objectives: starting optimization with 6 objectives ... 
---------------------------------------------------------------------------

Multi-objectives: applying initial presolve ...
---------------------------------------------------------------------------

Presolve removed 147 rows and 1 columns
Presolve time: 0.45s
Presolved: 1478 rows, 72261 columns, 416360 nonzeros
---------------------------------------------------------------------------

Multi-objectives: optimize objective 1 () ...
---------------------------------------------------------------------------

Found heuristic solution: objective 0.0000000
Presolve removed 162 rows and 37449 columns
Presolve time: 0.50s
Presolved: 1316 rows, 34812 columns, 401193 nonzeros
Variable types: 0 continuous, 34812 integer (34812 binary)
Deterministic concurrent LP optimizer: primal and dual simplex
Showing primal log only...

Concurrent spin time: 0.00s

Solved with dual simplex

Use crossover to convert LP symmetric solution to basic solution...

Root relaxation: objective -3.000000e+00, 1895 iterations, 0.25 seconds (0.32 work units)

    Nodes    |    Current Node    |     Objective Bounds      |     Work
 Expl Unexpl |  Obj  Depth IntInf | Incumbent    BestBd   Gap | It/Node Time

*    0     0               0      -3.0000000   -3.00000  0.00%     -    2s

Explored 1 nodes (16110 simplex iterations) in 2.19 seconds (3.93 work units)
Thread count was 16 (of 18 available processors)

Solution count 2: -3 0 
No other solutions better than -3

Optimal solution found (tolerance 1.00e-04)
Best objective -3.000000000000e+00, best bound -3.000000000000e+00, gap 0.0000%
---------------------------------------------------------------------------

Multi-objectives: optimize objective 2 () ...
---------------------------------------------------------------------------


Loaded user MIP start with objective 80

Presolve removed 2 rows and 37371 columns
Presolve time: 0.44s
Presolved: 1477 rows, 34890 columns, 416166 nonzeros
Variable types: 0 continuous, 34890 integer (34890 binary)
Found heuristic solution: objective 63.0000000
Deterministic concurrent LP optimizer: primal and dual simplex
Showing primal log only...


Solved with primal simplex

Use crossover to convert LP symmetric solution to basic solution...

Root relaxation: objective 2.100000e+01, 3291 iterations, 0.23 seconds (0.27 work units)
Total elapsed time = 5.41s (DegenMoves)

    Nodes    |    Current Node    |     Objective Bounds      |     Work
 Expl Unexpl |  Obj  Depth IntInf | Incumbent    BestBd   Gap | It/Node Time

     0     0   21.00000    0  283   63.00000   21.00000  66.7%     -    6s
H    0     0                      55.0000000   21.00000  61.8%     -    6s
     0     0   21.33333    0  531   55.00000   21.33333  61.2%     -    9s
H    0     0                      52.0000000   21.33333  59.0%     -   17s
     0     0   31.50000    0  689   52.00000   31.50000  39.4%     -   18s
H    0     0                      50.0000000   31.50000  37.0%     -   19s
     0     0   36.00000    0  715   50.00000   36.00000  28.0%     -   20s
     0     0   36.00000    0  688   50.00000   36.00000  28.0%     -   21s
     0     0   37.50000    0  685   50.00000   37.50000  25.0%     -   21s
H    0     0                      45.0000000   37.50000  16.7%     -   21s
     0     0   38.00000    0  683   45.00000   38.00000  15.6%     -   21s
     0     0   38.00000    0  678   45.00000   38.00000  15.6%     -   21s
     0     0   38.00000    0   24   45.00000   38.00000  15.6%     -   26s
H    0     0                      39.0000000   38.00000  2.56%     -   26s
H    0     0                      38.0000000   38.00000  0.00%     -   27s
     0     0   38.00000    0   24   38.00000   38.00000  0.00%     -   27s

Cutting planes:
  Implied bound: 1
  MIR: 44
  Zero half: 43

Explored 1 nodes (85985 simplex iterations) in 27.40 seconds (37.37 work units)
Thread count was 16 (of 18 available processors)

Solution count 8: 38 39 45 ... 80

Optimal solution found (tolerance 1.00e-04)
Best objective 3.800000000000e+01, best bound 3.800000000000e+01, gap 0.0000%
---------------------------------------------------------------------------

Multi-objectives: optimize objective 3 () ...
---------------------------------------------------------------------------


Loaded user MIP start with objective 7407.78

Presolve removed 2 rows and 37353 columns
Presolve time: 0.45s
Presolved: 1478 rows, 34908 columns, 416264 nonzeros
Variable types: 0 continuous, 34908 integer (34908 binary)
Deterministic concurrent LP optimizer: primal and dual simplex
Showing primal log only...


Root simplex log...

Iteration    Objective       Primal Inf.    Dual Inf.      Time
       0    3.9378053e+02   2.330000e+02   3.865196e+10     28s

Solved with dual simplex

Root simplex log...

Iteration    Objective       Primal Inf.    Dual Inf.      Time
    3934    3.3378392e+03   0.000000e+00   0.000000e+00     29s

Root relaxation: objective 3.337839e+03, 3934 iterations, 0.87 seconds (0.97 work units)

    Nodes    |    Current Node    |     Objective Bounds      |     Work
 Expl Unexpl |  Obj  Depth IntInf | Incumbent    BestBd   Gap | It/Node Time

     0     0 3337.83919    0  234 7407.78341 3337.83919  54.9%     -   29s
H    0     0                    7138.7962132 3337.83919  53.2%     -   29s
H    0     0                    7094.7402843 3337.83919  53.0%     -   30s
     0     0 3348.77259    0  423 7094.74028 3348.77259  52.8%     -   30s
     0     0 3557.31170    0  368 7094.74028 3557.31170  49.9%     -   34s
H    0     0                    6541.0700825 3557.31170  45.6%     -   34s
     0     0 3563.33781    0  391 6541.07008 3563.33781  45.5%     -   34s
     0     0 3725.64638    0  358 6541.07008 3725.64638  43.0%     -   35s
     0     0 3725.64638    0  341 6541.07008 3725.64638  43.0%     -   35s
     0     0 3730.39370    0  338 6541.07008 3730.39370  43.0%     -   35s
     0     0 3759.40393    0  370 6541.07008 3759.40393  42.5%     -   36s
     0     0 3759.40393    0  343 6541.07008 3759.40393  42.5%     -   36s
H    0     0                    6434.9620541 3759.40393  41.6%     -   36s
     0     0 3794.94115    0  166 6434.96205 3794.94115  41.0%     -   37s
     0     0 3795.64246    0  211 6434.96205 3795.64246  41.0%     -   37s
H    0     0                    6341.8456935 3795.64246  40.1%     -   38s
     0     0 3795.64246    0  273 6341.84569 3795.64246  40.1%     -   38s
     0     0 3795.64246    0  141 6341.84569 3795.64246  40.1%     -   39s
H    0     0                    3892.1160210 3795.64246  2.48%     -   40s
     0     0 3796.81238    0  230 3892.11602 3796.81238  2.45%     -   42s
     0     0 3796.81238    0  377 3892.11602 3796.81238  2.45%     -   43s
H    0     0                    3846.7335215 3796.81238  1.30%     -   43s
     0     0 3796.81238    0  369 3846.73352 3796.81238  1.30%     -   43s
     0     0 3796.81238    0  392 3846.73352 3796.81238  1.30%     -   44s
     0     0 3796.81238    0  395 3846.73352 3796.81238  1.30%     -   44s
     0     0 3844.72695    0  378 3846.73352 3844.72695  0.05%     -   44s
     0     0 3844.72695    0  261 3846.73352 3844.72695  0.05%     -   45s
     0     0 3844.72695    0  268 3846.73352 3844.72695  0.05%     -   45s
     0     0 3844.72695    0  352 3846.73352 3844.72695  0.05%     -   45s
     0     0 3844.72695    0  351 3846.73352 3844.72695  0.05%     -   45s
     0     0 3844.72695    0  318 3846.73352 3844.72695  0.05%     -   45s
     0     0 3844.72695    0  309 3846.73352 3844.72695  0.05%     -   45s
     0     0 3844.72695    0  283 3846.73352 3844.72695  0.05%     -   46s
     0     0 3844.72695    0  276 3846.73352 3844.72695  0.05%     -   46s
     0     0 3844.72695    0  307 3846.73352 3844.72695  0.05%     -   46s
     0     0 3844.72695    0  283 3846.73352 3844.72695  0.05%     -   46s
     0     0 3844.72695    0   49 3846.73352 3844.72695  0.05%     -   46s
     0     0 3844.72695    0   49 3846.73352 3844.72695  0.05%     -   46s
     0     0 3844.72695    0   29 3846.73352 3844.72695  0.05%     -   46s
H    0     0                    3844.7269497 3844.72695  0.00%     -   46s
     0     0 3844.72695    0   29 3844.72695 3844.72695  0.00%     -   46s

Cutting planes:
  Gomory: 10
  MIR: 46
  Zero half: 59
  RLT: 3

Explored 1 nodes (73838 simplex iterations) in 46.85 seconds (61.92 work units)
Thread count was 16 (of 18 available processors)

Solution count 9: 3844.73 3846.73 3892.12 ... 7407.78

Optimal solution found (tolerance 1.00e-04)
Best objective 3.844726949713e+03, best bound 3.844726949713e+03, gap 0.0000%
---------------------------------------------------------------------------

Multi-objectives: optimize objective 4 () ...
---------------------------------------------------------------------------


Loaded user MIP start with objective 1447.36

Presolve removed 2 rows and 37353 columns
Presolve time: 0.43s
Presolved: 1479 rows, 34908 columns, 439512 nonzeros
Variable types: 0 continuous, 34908 integer (34908 binary)
Deterministic concurrent LP optimizer: primal and dual simplex
Showing primal log only...


Root simplex log...

Iteration    Objective       Primal Inf.    Dual Inf.      Time
       0    6.9462220e+01   2.320000e+02   2.395889e+10     47s

Solved with dual simplex

Root simplex log...

Iteration    Objective       Primal Inf.    Dual Inf.      Time
    4553    6.9462220e+01   0.000000e+00   0.000000e+00     49s

Root relaxation: objective 6.946222e+01, 4553 iterations, 1.96 seconds (2.18 work units)
Total elapsed time = 50.11s (DegenMoves)

    Nodes    |    Current Node    |     Objective Bounds      |     Work
 Expl Unexpl |  Obj  Depth IntInf | Incumbent    BestBd   Gap | It/Node Time

     0     0   69.46222    0  319 1447.35644   69.46222  95.2%     -   50s
     0     0   69.46222    0  514 1447.35644   69.46222  95.2%     -   52s
     0     0   70.58553    0  347 1447.35644   70.58553  95.1%     -   60s
     0     0   80.71040    0  360 1447.35644   80.71040  94.4%     -   60s
     0     0   81.36392    0  394 1447.35644   81.36392  94.4%     -   62s
     0     0   81.36392    0  371 1447.35644   81.36392  94.4%     -   62s
     0     0   82.20922    0  367 1447.35644   82.20922  94.3%     -   64s
     0     0   82.20922    0  377 1447.35644   82.20922  94.3%     -   64s
     0     0   82.20922    0  371 1447.35644   82.20922  94.3%     -   66s
     0     0   82.20922    0  357 1447.35644   82.20922  94.3%     -   67s
     0     2   82.20922    0  357 1447.35644   82.20922  94.3%     -   72s
     3     8   82.20922    2  415 1447.35644   82.20922  94.3%  5549   75s
    31    48  112.91220    5  508 1447.35644   87.28909  94.0%  3163   83s
H   33    48                    1283.9428540   87.28909  93.2%  3026   83s
H   38    48                    1120.5292682   96.31014  91.4%  2672   83s
    47    64  115.65801    6  475 1120.52927   96.31014  91.4%  2418   85s
H   84    96                    1039.9457893   96.31014  90.7%  2024   89s
    95   118  204.53403    8  489 1039.94579   96.31014  90.7%  1947   91s
   136   161  265.75465   10  425 1039.94579   96.31014  90.7%  1967   95s
   186   203  266.16125   11  394 1039.94579   96.31014  90.7%  1774  110s
   202   227  280.73519   12  385 1039.94579   96.31014  90.7%  1702  123s
   226   243  276.61954   12  372 1039.94579   96.31014  90.7%  1652  146s
   379   399  189.35573    8  337 1039.94579   99.73885  90.4%  1259  151s
   546   518 infeasible   13      1039.94579   99.79029  90.4%  1054  156s
   738   631  206.97880   12  307 1039.94579   99.79029  90.4%   909  161s
   874   721  210.09634   14  265 1039.94579   99.79029  90.4%   884  165s
  1162   860  216.60097   17  301 1039.94579   99.79029  90.4%   768  172s
  1345   974  223.67622   19  367 1039.94579   99.79029  90.4%   731  176s
  1559  1091  382.26265   20  250 1039.94579   99.79029  90.4%   689  183s
H 1633  1086                     997.9690789   99.79029  90.0%   673  183s
  1668  1152  473.32620   21  346  997.96908   99.79029  90.0%   678  185s
  1920  1240  717.00273   24  291  997.96908   99.79029  90.0%   652  190s
  2025  1258  835.19937   26  320  997.96908   99.79029  90.0%   648  230s
H 2033  1239                     917.3856001   99.79029  89.1%   650  230s
  2049  1253  841.47594   26  312  917.38560   99.79029  89.1%   650  288s
  2067  1323  853.81219   27  288  917.38560   99.79029  89.1%   654  291s
  2382  1505  147.62177    6  419  917.38560  130.22542  85.8%   629  298s
  2588  1633  237.11882   11  355  917.38560  130.22542  85.8%   609  301s
  3063  1800  178.24584    8  481  917.38560  145.97845  84.1%   559  308s
  3254  1868 infeasible   14       917.38560  145.97845  84.1%   547  310s
  3705  2020  240.56111    8  408  917.38560  158.97724  82.7%   525  316s
  3986  2021  560.11802   29  357  917.38560  158.97724  82.7%   511  323s
  3988  2022  721.57490   19  342  917.38560  158.97724  82.7%   511  328s
  3989  2023  688.37531   18  419  917.38560  158.97724  82.7%   511  331s
  3991  2024  354.29228   15  338  917.38560  158.97724  82.7%   511  336s
  3993  2026  401.32760   22  355  917.38560  158.97724  82.7%   510  341s
  3996  2031  158.97724   13  485  917.38560  158.97724  82.7%   533  348s
  4002  2041  158.97724   15  457  917.38560  158.97724  82.7%   535  351s
  4026  2064  158.97724   17  495  917.38560  158.97724  82.7%   543  357s
  4074  2094  233.42176   18  431  917.38560  158.97724  82.7%   546  362s
  4145  2137  195.45287   20  432  917.38560  158.97724  82.7%   545  365s
  4289  2186  346.75532   24  322  917.38560  158.97724  82.7%   538  429s
  4306  2192  209.27063   24  351  917.38560  158.97724  82.7%   538  437s
  4402  2217  561.60917   27  328  917.38560  158.97724  82.7%   533  440s
  4548  2227  182.42856   20  431  917.38560  158.97724  82.7%   526  445s
  4752  2227     cutoff   31       917.38560  158.97724  82.7%   515  450s
  4970  2225  515.77171   28  340  917.38560  158.97724  82.7%   507  456s
  5135  2230  530.53036   29  315  917.38560  158.97724  82.7%   502  461s
  5293  2217  783.64393   37  310  917.38560  158.97724  82.7%   495  465s
  5658  2191  201.51015   24  383  917.38560  164.42149  82.1%   477  471s
  5927  2196  222.17559   28  390  917.38560  164.42149  82.1%   465  477s
  6217  2205     cutoff   35       917.38560  175.42528  80.9%   453  481s
  6366  2174  303.72709   24  467  917.38560  184.52389  79.9%   447  502s
  6396  2214  379.49921   25  442  917.38560  184.52389  79.9%   447  505s
  6773  2237  233.99912   25  408  917.38560  184.52389  79.9%   435  511s
  7261  2238  722.00458   36  373  917.38560  188.87086  79.4%   423  517s
  7499  2247  401.67824   28  327  917.38560  193.26247  78.9%   418  520s
  7848  2205 infeasible   29       917.38560  199.46939  78.3%   409  532s
  8112  2161  222.75938   26  348  917.38560  205.07406  77.6%   404  535s
  8709  2098  619.25358   29  309  917.38560  206.56356  77.5%   395  542s
  9062  2088  324.43675   20  464  917.38560  212.33491  76.9%   389  546s
  9408  2060  479.80842   28  322  917.38560  212.67012  76.8%   384  550s
 10053  2013 infeasible   29       917.38560  219.05503  76.1%   377  556s
 10393  2106  230.80275   23  444  917.38560  222.32389  75.8%   374  561s
 10749  2205  870.75885   26  308  917.38560  224.79354  75.5%   371  565s
 11470  2323     cutoff   27       917.38560  228.33025  75.1%   365  571s
 11724  2447  375.23656   34  324  917.38560  228.96132  75.0%   361  575s
 12641  2652  897.28843   32  276  917.38560  232.87581  74.6%   354  583s
 13158  2724  272.77158   23  431  917.38560  232.87581  74.6%   350  587s
 13531  2841 infeasible   28       917.38560  238.21454  74.0%   346  592s
 14015  2930  522.89910   27  294  917.38560  242.07070  73.6%   344  596s
 14666  3017  887.22762   30  282  917.38560  242.53119  73.6%   339  601s
 15141  3030  564.48213   36  372  917.38560  242.53119  73.6%   336  671s
 15162  3132     cutoff   37       917.38560  245.07784  73.3%   336  677s
 15813  3194  282.61073   23  400  917.38560  249.36383  72.8%   332  682s
 16321  3302 infeasible   33       917.38560  252.26263  72.5%   330  687s
 16870  3405  570.68848   29  337  917.38560  255.30667  72.2%   328  693s
 17511  3510  485.73619   28  392  917.38560  257.88561  71.9%   325  699s
 18163  3632  386.30877   27  404  917.38560  258.20644  71.9%   323  704s
 18348  3632  312.67467   27  318  917.38560  262.15740  71.4%   323  705s
 18864  3784  409.77750   24  363  917.38560  265.07180  71.1%   321  710s
 19625  3895 infeasible   30       917.38560  267.74926  70.8%   319  725s
 20375  3960 infeasible   36       917.38560  270.11454  70.6%   316  731s
 21326  4070  413.03469   29  430  917.38560  274.34275  70.1%   313  742s
 22465  4160  296.29307   23  435  917.38560  278.96626  69.6%   310  747s
 23197  4293  414.12122   28  397  917.38560  281.40965  69.3%   308  752s
 23899  4411  895.95669   36  335  917.38560  284.84268  69.0%   306  757s
 24668  4555 infeasible   27       917.38560  287.03046  68.7%   305  762s
 25491  4675     cutoff   30       917.38560  289.66861  68.4%   304  768s
 26260  4811  724.21945   26  333  917.38560  292.16022  68.2%   303  773s
 27216  4856 infeasible   30       917.38560  295.40607  67.8%   302  779s
 27616  4987  787.06309   34  316  917.38560  296.75430  67.7%   301  786s
 28688  5089  678.55180   35  358  917.38560  300.04999  67.3%   300  792s
 29848  5175  533.46076   29  369  917.38560  303.94883  66.9%   298  800s
 31083  5249  567.73690   32  362  917.38560  308.48376  66.4%   296  807s
 31513  5435  701.45076   39  348  917.38560  310.22854  66.2%   295  814s
 32951  5558  401.30130   26  415  917.38560  314.43177  65.7%   292  821s
 34245  5676  672.29968   35  363  917.38560  319.70975  65.1%   291  829s
 35118  5823  371.96621   23  435  917.38560  322.99804  64.8%   290  836s
 36561  5940     cutoff   31       917.38560  326.99243  64.4%   289  844s
 36758  5940  914.27273   29  323  917.38560  327.49077  64.3%   288  845s
 37838  6050  462.14796   25  403  917.38560  332.42133  63.8%   287  940s
 38385  6164  472.95299   28  393  917.38560  332.45843  63.8%   287  950s
 39951  6274 infeasible   34       917.38560  339.81278  63.0%   286  961s
 41714  6429  458.71493   22  368  917.38560  344.31474  62.5%   284  971s
 43452  6430  381.93998   27  357  917.38560  348.57012  62.0%   282 1134s
 43454  6431  564.24872   36  321  917.38560  348.57012  62.0%   282 1141s
 43455  6432  463.59725   27  554  917.38560  348.57012  62.0%   282 1146s
 43458  6434  688.23559   28  484  917.38560  688.23559  25.0%   282 1150s
 43472  6445  736.05211   33  493  917.38560  736.05211  19.8%   283 1156s
 43478  6449  742.28042   30  502  917.38560  742.28042  19.1%   283 1162s
 43482  6451  751.65633   27  393  917.38560  751.65633  18.1%   283 1165s
 43485  6453  753.22307   26  361  917.38560  753.22307  17.9%   283 1171s
 43488  6455  753.22307   32  274  917.38560  753.22307  17.9%   283 1178s
 43489  6456  753.22307   24  291  917.38560  753.22307  17.9%   283 1181s
 43491  6457  753.59750   30  304  917.38560  753.59750  17.9%   283 1185s
 43495  6460  756.01730   29  432  917.38560  756.01730  17.6%   283 1191s
 43498  6462  768.27914   27  241  917.38560  768.27914  16.3%   283 1196s
 43504  6467  797.70389   29  357  917.38560  797.70389  13.0%   283 1200s
 43517  6476  797.70389   27  385  917.38560  797.70389  13.0%   283 1205s
 43522  6479  797.70389   31  394  917.38560  797.70389  13.0%   283 1210s
 43526  6482  797.70389   31  250  917.38560  797.70389  13.0%   283 1218s
 43529  6484  797.70389   29  379  917.38560  797.70389  13.0%   283 1220s
 43534  6487  797.70389   26  227  917.38560  797.70389  13.0%   283 1225s
 43547  6497  812.58976   37  273  917.38560  812.58976  11.4%   283 1230s
 43566  6509  850.70515   27  303  917.38560  850.70515  7.27%   283 1235s
 43576  6516  854.99332   28  254  917.38560  854.99332  6.80%   283 1240s
 43592  6528  859.64081   27  348  917.38560  859.64081  6.29%   283 1245s
 43609  6539  868.84646   29  288  917.38560  868.84646  5.29%   283 1250s

Cutting planes:
  Gomory: 23
  Cover: 2
  Clique: 1
  MIR: 8
  Flow cover: 19
  Zero half: 90

Explored 43623 nodes (12450421 simplex iterations) in 1254.88 seconds (2006.19 work units)
Thread count was 16 (of 18 available processors)

Solution count 6: 917.386 997.969 1039.95 ... 1447.36

Optimal solution found (tolerance 1.00e-04)
Best objective 9.173856000535e+02, best bound 9.173856000535e+02, gap 0.0000%
---------------------------------------------------------------------------

Multi-objectives: optimize objective 5 () ...
---------------------------------------------------------------------------


Loaded user MIP start with objective 2

Presolve removed 2 rows and 37353 columns
Presolve time: 0.44s
Presolved: 1480 rows, 34908 columns, 443388 nonzeros
Variable types: 0 continuous, 34908 integer (34908 binary)
Deterministic concurrent LP optimizer: primal and dual simplex
Showing primal log only...


Root simplex log...

Iteration    Objective       Primal Inf.    Dual Inf.      Time
       0    1.0000000e+00   5.388914e+02   3.360040e+10   1256s

Solved with dual simplex

Root relaxation: infeasible, 1931 iterations, 1.84 seconds (0.48 work units)

    Nodes    |    Current Node    |     Objective Bounds      |     Work
 Expl Unexpl |  Obj  Depth IntInf | Incumbent    BestBd   Gap | It/Node Time

     0     0 infeasible    0         2.00000    2.00000  0.00%     - 1257s

Explored 1 nodes (1931 simplex iterations) in 1257.88 seconds (2007.88 work units)
Thread count was 16 (of 18 available processors)

Solution count 1: 2 

Optimal solution found (tolerance 1.00e-04)
Best objective 2.000000000000e+00, best bound 2.000000000000e+00, gap 0.0000%
---------------------------------------------------------------------------

Multi-objectives: optimize objective 6 () ...
---------------------------------------------------------------------------


Loaded user MIP start with objective 8

Presolve removed 2 rows and 37353 columns
Presolve time: 0.43s
Presolved: 1481 rows, 34908 columns, 443546 nonzeros
Variable types: 0 continuous, 34908 integer (34908 binary)
Deterministic concurrent LP optimizer: primal and dual simplex
Showing primal log only...


Root simplex log...

Iteration    Objective       Primal Inf.    Dual Inf.      Time
       0    6.0000000e+00   2.980000e+02   2.179288e+10   1258s
   18233    8.2733150e+00   0.000000e+00   3.542490e+04   1260s

Solved with dual simplex

Root simplex log...

Iteration    Objective       Primal Inf.    Dual Inf.      Time
    9186    4.4946684e+00   0.000000e+00   0.000000e+00   1261s

Root relaxation: objective 4.494668e+00, 9186 iterations, 2.50 seconds (3.08 work units)

    Nodes    |    Current Node    |     Objective Bounds      |     Work
 Expl Unexpl |  Obj  Depth IntInf | Incumbent    BestBd   Gap | It/Node Time

     0     0    4.49467    0  509    8.00000    4.49467  43.8%     - 1261s
     0     0    5.35169    0  560    8.00000    5.35169  33.1%     - 1263s
     0     0    5.69158    0  561    8.00000    5.69158  28.9%     - 1263s
     0     0    5.86407    0  566    8.00000    5.86407  26.7%     - 1264s
     0     0    5.86407    0  571    8.00000    5.86407  26.7%     - 1264s
     0     0    6.17808    0  548    8.00000    6.17808  22.8%     - 1265s
     0     0    6.17808    0  547    8.00000    6.17808  22.8%     - 1265s
     0     0    6.18770    0  597    8.00000    6.18770  22.7%     - 1266s
     0     0    6.18824    0  573    8.00000    6.18824  22.6%     - 1267s
     0     0    6.19271    0  570    8.00000    6.19271  22.6%     - 1267s
     0     0    6.19271    0  569    8.00000    6.19271  22.6%     - 1267s
     0     0    6.20373    0  547    8.00000    6.20373  22.5%     - 1268s
     0     0    6.20373    0  549    8.00000    6.20373  22.5%     - 1268s
     0     0    6.20373    0  563    8.00000    6.20373  22.5%     - 1268s
     0     0    6.20373    0  564    8.00000    6.20373  22.5%     - 1268s
     0     0    6.20373    0  466    8.00000    6.20373  22.5%     - 1270s
     0     0    6.20373    0  467    8.00000    6.20373  22.5%     - 1270s
     0     0    6.20373    0  454    8.00000    6.20373  22.5%     - 1271s
     0     0    6.20916    0  447    8.00000    6.20916  22.4%     - 1271s
     0     0    6.20916    0  488    8.00000    6.20916  22.4%     - 1277s
     0     0    6.20916    0  546    8.00000    6.20916  22.4%     - 1278s
     0     0    6.20916    0  561    8.00000    6.20916  22.4%     - 1279s
     0     0    6.21628    0  469    8.00000    6.21628  22.3%     - 1279s
     0     0    6.21774    0  490    8.00000    6.21774  22.3%     - 1279s
     0     0    6.31077    0  524    8.00000    6.31077  21.1%     - 1280s
     0     0    6.31077    0  544    8.00000    6.31077  21.1%     - 1281s
     0     0    6.47749    0  535    8.00000    6.47749  19.0%     - 1281s
     0     0    6.54537    0  509    8.00000    6.54537  18.2%     - 1282s
     0     0    6.54537    0  503    8.00000    6.54537  18.2%     - 1282s
     0     0    6.54537    0  504    8.00000    6.54537  18.2%     - 1282s
     0     0    6.54537    0  459    8.00000    6.54537  18.2%     - 1284s
     0     0    6.54537    0  517    8.00000    6.54537  18.2%     - 1284s
     0     0    6.54537    0  522    8.00000    6.54537  18.2%     - 1285s
     0     0    6.54537    0  458    8.00000    6.54537  18.2%     - 1285s
     0     0    6.54537    0  481    8.00000    6.54537  18.2%     - 1285s
     0     0    6.54537    0  487    8.00000    6.54537  18.2%     - 1285s
     0     0    6.55316    0  461    8.00000    6.55316  18.1%     - 1286s
     0     0    6.55316    0  453    8.00000    6.55316  18.1%     - 1286s
     0     0    6.69705    0  439    8.00000    6.69705  16.3%     - 1286s
     0     0    6.69705    0  440    8.00000    6.69705  16.3%     - 1286s
     0     0    6.69705    0  440    8.00000    6.69705  16.3%     - 1286s
     0     0    6.69705    0  353    8.00000    6.69705  16.3%     - 1287s
     0     0    6.69705    0  353    8.00000    6.69705  16.3%     - 1287s
     0     0    6.69705    0  500    8.00000    6.69705  16.3%     - 1289s
     0     0    6.69705    0  502    8.00000    6.69705  16.3%     - 1290s
     0     0    6.69705    0  476    8.00000    6.69705  16.3%     - 1290s
     0     0    6.69705    0  499    8.00000    6.69705  16.3%     - 1290s
     0     0    6.69705    0  499    8.00000    6.69705  16.3%     - 1290s
     0     0    6.69705    0  497    8.00000    6.69705  16.3%     - 1291s
     0     0    6.69705    0  491    8.00000    6.69705  16.3%     - 1291s
     0     0    6.69705    0  495    8.00000    6.69705  16.3%     - 1291s
     0     0    6.69705    0  366    8.00000    6.69705  16.3%     - 1291s
     0     0    6.69705    0  431    8.00000    6.69705  16.3%     - 1292s
     0     0    6.69705    0  525    8.00000    6.69705  16.3%     - 1293s
     0     0    6.69705    0  536    8.00000    6.69705  16.3%     - 1293s
     0     0    6.69705    0  482    8.00000    6.69705  16.3%     - 1293s
     0     0    6.69705    0  492    8.00000    6.69705  16.3%     - 1293s
     0     0    6.69705    0  511    8.00000    6.69705  16.3%     - 1293s
     0     0    6.69705    0  508    8.00000    6.69705  16.3%     - 1294s
     0     0    6.69705    0  515    8.00000    6.69705  16.3%     - 1294s
     0     0    6.69705    0  514    8.00000    6.69705  16.3%     - 1294s
     0     0    6.69705    0  344    8.00000    6.69705  16.3%     - 1294s
     0     0    6.69705    0  345    8.00000    6.69705  16.3%     - 1294s
     0     0    6.69705    0  346    8.00000    6.69705  16.3%     - 1294s
     0     0    6.69705    0  310    8.00000    6.69705  16.3%     - 1295s
     0     2    6.69705    0  310    8.00000    6.69705  16.3%     - 1295s

Cutting planes:
  Implied bound: 30
  MIR: 46
  Inf proof: 3
  Zero half: 38

Explored 69 nodes (156797 simplex iterations) in 1296.56 seconds (2065.67 work units)
Thread count was 16 (of 18 available processors)

Solution count 1: 8 

Optimal solution found (tolerance 1.00e-04)
Best objective 8.000000000000e+00, best bound 8.000000000000e+00, gap 0.0000%

---------------------------------------------------------------------------
Multi-objectives: solved in 1296.71 seconds (2065.67 work units), solution count 10


Gurobi 10.0.3 (mac64[arm]) logging started Thu Mar 20 16:09:45 2025

Set parameter LogFile to value "/Users/niklas/Desktop/Diplomarbeit/OptRail_Railroad_Construction/Data/Solution_math_model/Reduced/a3_o80_m10_an10_ar9_reduced/6_Objectives/hierarchical/gurobi_a3_o80_m10_an10_ar9_reduced_hierarchical.log"
Gurobi Optimizer version 10.0.3 build v10.0.3rc0 (mac64[arm])

CPU model: Apple M1 Pro
Thread count: 8 physical cores, 8 logical processors, using up to 16 threads

Warning: Thread count (16) is larger than processor count (8)
         Reduce the value of the Threads parameter to improve performance


Optimize a model with 1625 rows, 72262 columns and 549291 nonzeros
Model fingerprint: 0x2fc8f9e6
Variable types: 0 continuous, 72262 integer (72262 binary)
Coefficient statistics:
  Matrix range     [1e+00, 1e+01]
  Objective range  [1e+00, 2e+02]
  Bounds range     [1e+00, 1e+00]
  RHS range        [1e+00, 2e+02]

---------------------------------------------------------------------------
Multi-objectives: starting optimization with 6 objectives ... 
---------------------------------------------------------------------------

Multi-objectives: applying initial presolve ...
---------------------------------------------------------------------------

Presolve removed 154 rows and 1 columns
Presolve time: 0.29s
Presolved: 1471 rows and 72261 columns
---------------------------------------------------------------------------

Multi-objectives: optimize objective 1 () ...
---------------------------------------------------------------------------

Found heuristic solution: objective 0.0000000
Presolve removed 162 rows and 37449 columns
Presolve time: 0.30s
Presolved: 1309 rows, 34812 columns, 389174 nonzeros
Variable types: 0 continuous, 34812 integer (34812 binary)
Deterministic concurrent LP optimizer: primal and dual simplex
Showing first log only...

Concurrent spin time: 0.00s

Solved with dual simplex

Use crossover to convert LP symmetric solution to basic solution...

Root relaxation: objective -3.000000e+00, 1601 iterations, 0.11 seconds (0.26 work units)

    Nodes    |    Current Node    |     Objective Bounds      |     Work
 Expl Unexpl |  Obj  Depth IntInf | Incumbent    BestBd   Gap | It/Node Time

*    0     0               0      -3.0000000   -3.00000  0.00%     -    1s

Explored 1 nodes (14530 simplex iterations) in 1.19 seconds (3.96 work units)
Thread count was 16 (of 8 available processors)

Solution count 2: -3 0 
No other solutions better than -3

Optimal solution found (tolerance 1.00e-04)
Best objective -3.000000000000e+00, best bound -3.000000000000e+00, gap 0.0000%
---------------------------------------------------------------------------

Multi-objectives: optimize objective 2 () ...
---------------------------------------------------------------------------


Loaded user MIP start with objective 80

Presolve removed 2 rows and 37371 columns
Presolve time: 0.26s
Presolved: 1470 rows, 34890 columns, 404147 nonzeros
Variable types: 0 continuous, 34890 integer (34890 binary)
Found heuristic solution: objective 67.0000000
Deterministic concurrent LP optimizer: primal and dual simplex
Showing first log only...


Solved with primal simplex

Use crossover to convert LP symmetric solution to basic solution...

Root relaxation: objective 2.100000e+01, 4269 iterations, 0.15 seconds (0.33 work units)

    Nodes    |    Current Node    |     Objective Bounds      |     Work
 Expl Unexpl |  Obj  Depth IntInf | Incumbent    BestBd   Gap | It/Node Time

     0     0   21.00000    0  180   67.00000   21.00000  68.7%     -    4s
H    0     0                      64.0000000   21.00000  67.2%     -    4s
     0     0   22.00000    0  536   64.00000   22.00000  65.6%     -    5s
