
Gurobi 11.0.0 (win64) logging started Sat Dec 21 04:02:19 2024

Set parameter LogFile to value "C:\Users\Administrator\Desktop\OptRail_Railroad_Construction\Data\Solution\AnzahlAuftraege_NEW_10\a10_o128_m6_an51_ar13\6_Objectives\hierarchical_tolerance\gurobi_a10_o128_m6_an51_ar13_hierarchical_tolerance_round_2.log"
Gurobi Optimizer version 11.0.0 build v11.0.0rc2 (win64 - Windows Server 2022.0 (20348.2))

CPU model: AMD EPYC 7513 32-Core Processor, instruction set [SSE2|AVX|AVX2]
Thread count: 18 physical cores, 18 logical processors, using up to 16 threads

Optimize a model with 3374 rows, 205717 columns and 1025267 nonzeros
Model fingerprint: 0xcdfe2499
Variable types: 0 continuous, 205717 integer (205717 binary)
Coefficient statistics:
  Matrix range     [1e+00, 1e+01]
  Objective range  [1e+00, 2e+02]
  Bounds range     [1e+00, 1e+00]
  RHS range        [1e+00, 2e+02]

---------------------------------------------------------------------------
Multi-objectives: starting optimization with 6 objectives ... 
---------------------------------------------------------------------------

Multi-objectives: applying initial presolve ...
---------------------------------------------------------------------------

Presolve added 0 rows and 207 columns
Presolve removed 114 rows and 0 columns
Presolve time: 1.00s
Presolved: 3260 rows, 205924 columns, 907404 nonzeros
---------------------------------------------------------------------------

Multi-objectives: optimize objective 1 () ...
---------------------------------------------------------------------------

Presolve removed 72 rows and 106371 columns
Presolve time: 1.56s
Presolved: 3188 rows, 99553 columns, 885913 nonzeros
Variable types: 0 continuous, 99553 integer (99484 binary)
Deterministic concurrent LP optimizer: primal simplex, dual simplex, and barrier
Showing barrier log only...

Root barrier log...

Ordering time: 0.22s

Barrier statistics:
 AA' NZ     : 3.313e+05
 Factor NZ  : 1.010e+06 (roughly 50 MB of memory)
 Factor Ops : 4.253e+08 (less than 1 second per iteration)
 Threads    : 13

                  Objective                Residual
Iter       Primal          Dual         Primal    Dual     Compl     Time
   0   2.20486347e+03 -5.47599840e+04  1.65e+05 7.54e-02  9.71e+00     4s
   1   1.25016545e+03 -5.17073835e+04  5.36e+04 1.84e-01  3.27e+00     4s
   2   4.94503809e+02 -3.94076537e+04  1.72e+04 7.54e-03  1.07e+00     4s
   3   2.70711941e+02 -2.61698755e+04  7.44e+03 9.85e-04  4.59e-01     4s
   4   1.63649636e+02 -1.22252295e+04  3.28e+03 1.92e-04  1.84e-01     4s
   5   5.80768929e+01 -6.44486709e+03  7.78e+02 5.65e-05  5.95e-02     4s
   6   7.43904567e+00 -3.09652053e+03  1.09e+02 1.76e-06  1.91e-02     4s
   7   2.82124351e+00 -9.92625564e+02  3.28e+01 6.75e-14  5.94e-03     4s
   8   1.88034542e+00 -9.03607501e+02  1.89e+01 6.75e-14  5.08e-03     4s
   9   5.49070579e-01 -4.63803128e+02  4.84e+00 1.24e-14  2.46e-03     4s
  10   1.29612215e-01 -3.35069042e+02  1.94e+00 8.88e-15  1.74e-03     4s
  11   1.13921525e-01 -2.52763154e+02  1.31e+00 6.22e-15  1.31e-03     4s
  12   8.26683953e-02 -1.63126912e+02  4.87e-01 4.44e-15  8.37e-04     4s
  13   9.04120018e-02 -1.17454421e+02  2.54e-01 2.66e-15  6.05e-04     4s
  14   9.07218359e-02 -5.36702625e+01  1.26e-02 1.38e-15  2.73e-04     4s
  15   5.67842748e-02 -2.06389109e+01  6.44e-03 1.41e-15  1.05e-04     4s
  16   5.29995550e-02 -1.01056080e+01  5.17e-03 8.88e-16  5.13e-05     4s
  17   3.49891072e-02 -8.85645594e+00  3.87e-03 7.13e-16  4.48e-05     4s
  18   3.16905783e-02 -5.48110528e+00  3.65e-03 4.52e-16  2.78e-05     4s
  19   1.52539119e-02 -4.33071949e+00  2.88e-03 4.44e-16  2.19e-05     4s
  20   1.11627071e-02 -3.12055823e+00  2.65e-03 3.63e-16  1.58e-05     4s
  21   4.29834497e-03 -2.08125161e-01  1.65e-05 2.79e-16  1.06e-06     4s
  22   2.71544460e-05 -1.77415313e-03  6.09e-12 3.14e-16  8.99e-09     4s
  23   3.80550237e-11 -3.94574909e-09  3.27e-12 2.78e-16  1.99e-14     4s

Barrier solved model in 23 iterations and 4.27 seconds (7.55 work units)
Optimal objective 3.80550237e-11

  Building initial crossover basis                                 5s

Root crossover log...

     580 DPushes remaining with DInf 0.0000000e+00                 6s
       0 DPushes remaining with DInf 0.0000000e+00                 6s

     469 PPushes remaining with PInf 1.0825512e-06                 6s
       0 PPushes remaining with PInf 0.0000000e+00                 6s

  Push phase complete: Pinf 0.0000000e+00, Dinf 0.0000000e+00      6s


Root simplex log...

Iteration    Objective       Primal Inf.    Dual Inf.      Time
     699    0.0000000e+00   0.000000e+00   0.000000e+00      6s
Concurrent spin time: 0.00s

Solved with barrier

Root relaxation: objective 0.000000e+00, 699 iterations, 2.73 seconds (2.86 work units)

    Nodes    |    Current Node    |     Objective Bounds      |     Work
 Expl Unexpl |  Obj  Depth IntInf | Incumbent    BestBd   Gap | It/Node Time

     0     0    0.00000    0 1891          -    0.00000      -     -   24s
     0     0    0.00000    0 1816          -    0.00000      -     -   48s
     0     0    0.00000    0 1757          -    0.00000      -     -   49s
     0     0    0.00000    0 1749          -    0.00000      -     -   90s
     0     0    0.00000    0 1701          -    0.00000      -     -  128s
     0     0    0.00000    0 1669          -    0.00000      -     -  128s
     0     0    0.00000    0 1674          -    0.00000      -     -  144s
     0     0    0.00000    0 1674          -    0.00000      -     -  160s
     0     2    0.00000    0 1674          -    0.00000      -     -  230s
     1     4    0.00000    1 1424          -    0.00000      - 39615  252s
     3     8    0.00000    2 1159          -    0.00000      - 25244  278s
     7    16    0.00000    3 1130          -    0.00000      - 15959  289s
    15    31    0.00000    4 1119          -    0.00000      -  9616  319s
    31    46    0.00000    5 1141          -    0.00000      -  9302  323s
    47    62    0.00000    6 1039          -    0.00000      -  7674  327s
    63    78    0.00000    7 1023          -    0.00000      -  6684  331s
    95   117    0.00000    9 1039          -    0.00000      -  6041  338s
   119   186    0.00000   10 1032          -    0.00000      -  5462  350s
   189   327    0.00000   15  759          -    0.00000      -  4741  366s
   331   576    0.00000   23  679          -    0.00000      -  4306  386s
   580  1048    0.00000   41  660          -    0.00000      -  3909  414s
  1056  1749    1.00000   65  690          -    0.00000      -  3676  462s
* 1402  1568              91       1.0000000    0.00000   100%  3356  462s
  1778  1202    0.00000  361 1674    1.00000    0.00000   100%  3830  500s
  1780  1203    0.00000    7 1612    1.00000    0.00000   100%  3826  531s
  1781  1204    0.00000  244 1557    1.00000    0.00000   100%  3823  603s
  1782  1205    0.00000   49 1519    1.00000    0.00000   100%  3821  621s
  1783  1205    0.00000  309 1475    1.00000    0.00000   100%  3819  626s
  1784  1206    0.00000  217 1442    1.00000    0.00000   100%  3817  641s
  1786  1207    0.00000  245 1397    1.00000    0.00000   100%  3813  656s
  1787  1208    0.00000   34 1397    1.00000    0.00000   100%  3811  676s
  1788  1210    0.00000   21 1674    1.00000    0.00000   100%  92.5  684s
  1790  1211    0.00000    7   30    1.00000    0.00000   100%  92.4  701s
H 1790  1150                       0.0000000    0.00000  0.00%  92.4  703s

Cutting planes:
  Gomory: 2
  Cover: 1
  MIR: 2
  StrongCG: 2
  Flow cover: 1
  GUB cover: 1
  Zero half: 8
  RLT: 1

Explored 1790 nodes (7208669 simplex iterations) in 704.06 seconds (1079.90 work units)
Thread count was 16 (of 18 available processors)

Solution count 2: 0 1 

Optimal solution found (tolerance 1.00e-04)
Best objective 0.000000000000e+00, best bound 0.000000000000e+00, gap 0.0000%
---------------------------------------------------------------------------

Multi-objectives: optimize objective 2 () ...
---------------------------------------------------------------------------


Loaded user MIP start with objective 9666.57

Presolve removed 72 rows and 106333 columns
Presolve time: 1.55s
Presolved: 3189 rows, 99591 columns, 886079 nonzeros
Variable types: 0 continuous, 99591 integer (99522 binary)
Deterministic concurrent LP optimizer: primal simplex, dual simplex, and barrier
Showing barrier log only...

Root barrier log...

Ordering time: 0.22s

Barrier statistics:
 AA' NZ     : 3.320e+05
 Factor NZ  : 1.010e+06 (roughly 50 MB of memory)
 Factor Ops : 4.251e+08 (less than 1 second per iteration)
 Threads    : 14

                  Objective                Residual
Iter       Primal          Dual         Primal    Dual     Compl     Time
   0   9.64548985e+07 -2.00400759e+07  1.66e+05 2.84e-14  4.07e+03   707s
   1   3.36945396e+07 -1.96813213e+07  5.81e+04 1.09e+02  1.50e+03   707s
   2   1.46809214e+07 -1.66456468e+07  2.53e+04 1.80e+01  6.60e+02   707s
   3   3.34651844e+06 -9.84294500e+06  5.77e+03 3.43e+00  1.61e+02   707s
   4   1.84794455e+06 -4.03258092e+06  3.18e+03 7.16e-01  7.44e+01   707s
   5   4.79739870e+05 -2.99649739e+06  8.11e+02 4.68e-01  2.84e+01   707s
   6   1.03322802e+05 -1.75999692e+06  1.58e+02 2.00e-01  1.13e+01   707s
   7   4.61474484e+04 -7.01888028e+05  5.98e+01 4.12e-02  4.45e+00   707s
   8   2.50648252e+04 -4.84477482e+05  2.40e+01 2.09e-02  2.82e+00   707s
   9   1.35399079e+04 -4.32340356e+05  5.52e+00 1.69e-02  2.29e+00   707s
  10   1.17079296e+04 -3.07188728e+05  3.18e+00 7.89e-03  1.64e+00   707s
  11   1.07669529e+04 -2.38223339e+05  2.03e+00 2.89e-03  1.28e+00   707s
  12   8.36653668e+03 -8.86908688e+04  4.76e-02 1.36e-12  4.96e-01   707s
  13   7.78925423e+03 -5.97739372e+04  3.18e-02 8.10e-13  3.44e-01   707s
  14   7.16998703e+03 -3.30133314e+04  2.05e-02 5.93e-13  2.04e-01   707s
  15   6.51308654e+03 -2.47006253e+04  1.05e-02 9.09e-13  1.57e-01   707s
  16   6.15467011e+03 -1.27805882e+04  7.36e-03 6.49e-13  9.54e-02   707s
  17   6.06694501e+03 -1.02230781e+04  6.71e-03 5.58e-13  8.21e-02   707s
  18   5.76075208e+03 -3.36472140e+03  4.57e-03 5.90e-13  4.59e-02   707s
  19   5.59335111e+03 -1.61470107e+03  3.70e-03 6.82e-13  3.62e-02   707s
  20   5.50821791e+03  1.51824438e+02  5.23e-03 6.82e-13  2.69e-02   707s
  21   5.31723660e+03  1.77546625e+03  2.08e-03 4.62e-13  1.78e-02   707s
  22   5.12140151e+03  2.81102298e+03  1.22e-03 3.31e-13  1.16e-02   707s
  23   4.96757384e+03  3.40072936e+03  2.63e-03 4.55e-13  7.84e-03   707s
  24   4.90338466e+03  4.15577271e+03  2.45e-03 3.11e-13  3.74e-03   707s
  25   4.87970656e+03  4.24863296e+03  1.42e-03 5.12e-13  3.15e-03   707s
  26   4.84421868e+03  4.37882700e+03  8.75e-04 3.74e-13  2.33e-03   707s
  27   4.79953131e+03  4.54813218e+03  2.72e-04 2.28e-13  1.26e-03   707s
  28   4.78333950e+03  4.66778458e+03  1.05e-04 2.27e-13  5.77e-04   707s
  29   4.77625790e+03  4.70566195e+03  5.19e-05 2.27e-13  3.52e-04   707s
  30   4.77109729e+03  4.75456193e+03  1.04e-05 7.55e-13  8.26e-05   707s
  31   4.76943382e+03  4.76811653e+03  1.39e-06 5.97e-13  6.58e-06   707s
  32   4.76904771e+03  4.76901339e+03  1.39e-08 2.27e-13  1.71e-07   707s
  33   4.76904061e+03  4.76904061e+03  1.08e-11 5.05e-13  4.50e-12   707s

Barrier solved model in 33 iterations and 707.39 seconds (1084.94 work units)
Optimal objective 4.76904061e+03


Root crossover log...

    1086 DPushes remaining with DInf 0.0000000e+00               707s
       0 DPushes remaining with DInf 0.0000000e+00               707s

   31806 PPushes remaining with PInf 0.0000000e+00               707s
       0 PPushes remaining with PInf 0.0000000e+00               708s

  Push phase complete: Pinf 0.0000000e+00, Dinf 1.5369697e-10    708s


Root simplex log...

Iteration    Objective       Primal Inf.    Dual Inf.      Time
   32848    4.7690406e+03   0.000000e+00   0.000000e+00    708s

Solved with barrier

Root relaxation: objective 4.769041e+03, 32848 iterations, 2.00 seconds (1.92 work units)
Total elapsed time = 711.47s (DegenMoves)

    Nodes    |    Current Node    |     Objective Bounds      |     Work
 Expl Unexpl |  Obj  Depth IntInf | Incumbent    BestBd   Gap | It/Node Time

     0     0 4769.04061    0  436 9666.57216 4769.04061  50.7%     -  714s
H    0     0                    9044.5805919 4769.04061  47.3%     -  715s
H    0     0                    8926.6729903 4769.04061  46.6%     -  716s
     0     0 4770.33965    0  519 8926.67299 4770.33965  46.6%     -  719s
H    0     0                    7964.3835905 4773.44114  40.1%     -  720s
     0     0 4780.55656    0  753 7964.38359 4780.55656  40.0%     -  723s
     0     0 4780.55656    0  778 7964.38359 4780.55656  40.0%     -  724s
     0     0 4786.18354    0  845 7964.38359 4786.18354  39.9%     -  730s
H    0     0                    7658.0333546 4791.14076  37.4%     -  733s
     0     0 4791.14076    0  839 7658.03335 4791.14076  37.4%     -  733s
     0     0 4926.39918    0  943 7658.03335 4926.39918  35.7%     -  741s
H    0     0                    7477.1188113 4926.39918  34.1%     -  752s
     0     0 4943.46439    0  946 7477.11881 4943.46439  33.9%     -  752s
     0     0 4943.46439    0  878 7477.11881 4943.46439  33.9%     -  755s
H    0     0                    7328.5041625 4943.46439  32.5%     -  757s
     0     0 4943.46439    0  869 7328.50416 4943.46439  32.5%     -  757s
     0     0 4943.46439    0  865 7328.50416 4943.46439  32.5%     -  758s
     0     0 4943.46439    0  455 7328.50416 4943.46439  32.5%     -  763s
     0     2 4943.46439    0  429 7328.50416 4943.46439  32.5%     -  772s
     1     4 4947.76558    1  721 7328.50416 4943.46439  32.5% 22725  780s
     3     8 4957.84437    2  779 7328.50416 4943.46439  32.5%  9709  787s
     7    14 4960.93448    3  838 7328.50416 4953.01068  32.4%  5987  794s
    15    26 4961.36198    4  784 7328.50416 4958.69848  32.3%  4055  806s
H   29    42                    7044.5806989 4961.36198  29.6%  3995  814s
H   30    42                    7016.1645871 4961.36198  29.3%  3899  814s
H   35    42                    6964.5124042 4961.36198  28.8%  3503  814s
H   38    42                    6908.9362045 4961.36198  28.2%  3344  814s
H   43    42                    6894.8485087 4961.36198  28.0%  3155  814s
H   45    58                    6637.7174276 4961.36198  25.3%  3087  865s
H   60    58                    6636.6980650 4961.36198  25.2%  2635  865s
    77    90 4962.92949    7  780 6636.69807 4961.36198  25.2%  2253  871s
H   93   106                    6093.2244203 4961.36198  18.6%  2052  937s
H   94   106                    5953.0852613 4961.36198  16.7%  2055  937s
   128   145 4962.92949    9  740 5953.08526 4961.36198  16.7%  1777  943s
   148   163 4962.92949   11  779 5953.08526 4961.36198  16.7%  1653  947s
   166   184 4962.92949   13  708 5953.08526 4961.36198  16.7%  1594  951s
   187   210 4962.92949   14  729 5953.08526 4961.36198  16.7%  1502  956s
   236   257 4962.92949   15  700 5953.08526 4961.36198  16.7%  1354  962s
   260   285 4962.92949   16  666 5953.08526 4961.36198  16.7%  1304  965s
   311   339 4962.92949   18  687 5953.08526 4961.36198  16.7%  1198  973s
   342   373 4962.92949   19  681 5953.08526 4961.36198  16.7%  1149  977s
   376   409 4962.92949   21  675 5953.08526 4961.36198  16.7%  1106  980s
   450   489 4962.92949   26  584 5953.08526 4961.36198  16.7%  1015  987s
   492   528 4962.92949   29  579 5953.08526 4961.36198  16.7%   976  991s
   531   568 4962.92949   32  589 5953.08526 4961.36198  16.7%   953  995s
   616   662 4962.92949   35  429 5953.08526 4961.36198  16.7%   908 1002s
   665   716 4962.92949   38  452 5953.08526 4961.36198  16.7%   882 1007s
   719   764 4962.92949   40  530 5953.08526 4961.36198  16.7%   862 1012s
   767   819 4962.92949   41  489 5953.08526 4961.36198  16.7%   850 1016s
   880   922 4962.92949   43  457 5953.08526 4961.36198  16.7%   820 1523s
H  882   922                    5013.9780631 4961.36198  1.05%   818 1523s
   926   943 4962.92949   45  457 5013.97806 4961.36198  1.05%   807 1530s
  1052   542 4969.07231   50  455 5013.97806 4961.36198  1.05%   759 1543s
  1054   543 5000.69777   51  479 5013.97806 4961.36198  1.05%   758 1560s
  1055   544 4962.92949   22  854 5013.97806 4961.36198  1.05%   757 1565s
  1057   545 5006.15923   20  847 5013.97806 4961.36198  1.05%   756 1574s
  1058   546 4962.92949   34  987 5013.97806 4961.36198  1.05%   755 1578s
  1060   547 5012.82173   31 1013 5013.97806 4961.36198  1.05%   754 1588s
  1061   548 5000.69777   28 1051 5013.97806 4961.36198  1.05%   753 1591s
  1063   549 4963.29177   44  580 5013.97806 4961.36198  1.05%   752 1600s
  1064   553 4961.36198   12  859 5013.97806 4961.36198  1.05%   865 1608s
  1066   554 4961.36198   13  861 5013.97806 4961.36198  1.05%   870 1611s
  1076   565 4973.57710   15  808 5013.97806 4961.36198  1.05%   883 1619s
  1088   573 4973.63681   16  771 5013.97806 4961.36198  1.05%   908 1623s
  1104   582 4978.80268   17  771 5013.97806 4961.36198  1.05%   914 1629s
  1120   591 4990.34511   17  758 5013.97806 4961.36198  1.05%   914 1631s
  1152   611 4978.80268   18  716 5013.97806 4961.67548  1.04%   917 1639s
  1168   623 4978.80268   19  720 5013.97806 4961.67548  1.04%   917 1640s
  1241   661 4978.95197   21  683 5013.97806 4961.67548  1.04%   916 1708s
H 1247   631                    4989.1065148 4961.67548  0.55%   915 1708s
  1293   623 4978.95197   22  655 4989.10651 4961.67548  0.55%   900 1711s
  1324   622 4978.95197   23  645 4989.10651 4961.67548  0.55%   894 1724s
  1344   631 4978.95197   24  683 4989.10651 4961.67548  0.55%   895 1727s
  1390   662 4978.95197   25  616 4989.10651 4961.67548  0.55%   898 1730s
  1520   741 4979.04605   28  395 4989.10651 4961.67548  0.55%   885 1738s
  1587   770 4979.99697   29  389 4989.10651 4961.67548  0.55%   883 1741s
  1660   797 4979.99697   32  348 4989.10651 4961.73520  0.55%   878 1745s
  1779   767 4961.92357   17  405 4989.10651 4961.73520  0.55%   866 1750s
  1995   730 4961.73520   21  468 4989.10651 4961.73520  0.55%   856 1760s
  2248   634 4987.34772   26  530 4989.10651 4961.73520  0.55%   854 1774s
  2331   583 4987.53575   29  401 4989.10651 4961.73520  0.55%   850 1778s
  2448   529 4987.50060   28  396 4989.10651 4961.73520  0.55%   851 1780s
  2573   411 4988.04849   19  501 4989.10651 4962.35302  0.54%   867 1786s
  2686   286     cutoff   29      4989.10651 4967.86368  0.43%   898 1791s
  2782   210 4987.59469   21  360 4989.10651 4978.95197  0.20%   900 1795s
  2996   234     cutoff   28      4989.10651 4978.95197  0.20%   891 1803s
  3148   200     cutoff   24      4989.10651 4983.89034  0.10%   874 1807s
  3288   317 4988.06151   29  241 4989.10651 4985.60034  0.07%   868 1811s
  3541   418 4988.06151   37   60 4989.10651 4987.62997  0.03%   836 1818s
  3887   655 4988.06151   40   48 4989.10651 4987.87334  0.02%   793 1860s
  4703   826 4988.06151   43  113 4989.10651 4987.91223  0.02%   724 1910s
  5720   986 4988.06151   32  122 4989.10651 4987.91223  0.02%   661 1949s
  7834   986 4988.06151   39   47 4989.10651 4988.06151  0.02%   573 1950s
  8128   943     cutoff   35      4989.10651 4988.06151  0.02%   565 1982s
 10217   820     cutoff   41      4989.10651 4988.06151  0.02%   521 2014s
 11025   820 4988.06151   36  126 4989.10651 4988.06151  0.02%   504 2015s
 12807   552     cutoff   31      4989.10651 4988.06151  0.02%   481 2038s
 14435   301 4988.06151   22  348 4989.10651 4988.06151  0.02%   466 2054s
 15337   301 4988.32276   34  144 4989.10651 4988.06151  0.02%   458 2055s
 15594   183 infeasible   33      4989.10651 4988.06151  0.02%   456 2084s
 15787    35 4988.32276   30  140 4989.10651 4988.06151  0.02%   455 2092s
 16280     0     cutoff   37      4989.10651 4988.32276  0.02%   451 2098s

Cutting planes:
  Gomory: 7
  Cover: 20
  MIR: 25
  Flow cover: 26
  GUB cover: 2
  Inf proof: 34
  Zero half: 23
  Relax-and-lift: 1
  BQP: 1

Explored 16530 nodes (7549890 simplex iterations) in 2098.92 seconds (2522.12 work units)
Thread count was 16 (of 18 available processors)

Solution count 10: 4989.11 5013.98 5953.09 ... 7016.16

Optimal solution found (tolerance 1.00e-04)
Best objective 4.989106514803e+03, best bound 4.989106514803e+03, gap 0.0000%
---------------------------------------------------------------------------

Multi-objectives: optimize objective 3 () ...
---------------------------------------------------------------------------


Loaded user MIP start with objective 1766.02

Presolve removed 0 rows and 106195 columns
Presolve time: 1.09s
Presolved: 3262 rows, 99729 columns, 941598 nonzeros
Variable types: 0 continuous, 99729 integer (99660 binary)
Deterministic concurrent LP optimizer: primal simplex, dual simplex, and barrier
Showing barrier log only...

Root barrier log...

Ordering time: 0.22s

Barrier statistics:
 AA' NZ     : 3.353e+05
 Factor NZ  : 1.030e+06 (roughly 50 MB of memory)
 Factor Ops : 4.398e+08 (less than 1 second per iteration)
 Threads    : 14

                  Objective                Residual
Iter       Primal          Dual         Primal    Dual     Compl     Time
   0   3.05512656e+08 -6.59436682e+07  3.35e+06 2.85e+01  1.26e+04  2101s
   1   9.80600363e+07 -6.21555693e+07  1.08e+06 4.78e+01  4.30e+03  2101s
   2   3.75837717e+07 -4.03909983e+07  4.13e+05 5.97e-13  1.70e+03  2101s
   3   6.21440519e+06 -1.57002113e+07  6.85e+04 1.11e-12  3.02e+02  2101s
   4   3.04218246e+06 -8.64434499e+06  3.40e+04 6.82e-13  1.45e+02  2101s
   5   1.06186803e+06 -6.26928527e+06  1.23e+04 1.07e-10  6.61e+01  2101s
   6   4.10735215e+05 -4.61241413e+06  4.93e+03 8.23e-11  3.62e+01  2101s
   7   2.49177249e+05 -3.04531190e+06  3.01e+03 6.37e-11  2.28e+01  2102s
   8   1.93623141e+05 -1.77738862e+06  2.33e+03 1.84e-11  1.44e+01  2102s
   9   1.03099685e+05 -1.08931727e+06  1.22e+03 1.44e-11  8.26e+00  2102s
  10   6.65427155e+04 -6.88796152e+05  7.80e+02 9.09e-12  5.21e+00  2102s
  11   5.67581349e+04 -5.05238567e+05  6.61e+02 6.18e-11  4.00e+00  2102s
  12   4.11704990e+04 -3.64393959e+05  4.73e+02 3.27e-11  2.86e+00  2102s
  13   3.46303852e+04 -2.93614264e+05  3.94e+02 2.55e-11  2.33e+00  2102s
  14   1.97830885e+04 -2.26867443e+05  2.16e+02 1.46e-11  1.60e+00  2102s
  15   1.39143674e+04 -1.49064988e+05  1.46e+02 2.91e-11  1.06e+00  2102s
  16   9.77974939e+03 -1.00354549e+05  9.82e+01 2.36e-11  7.13e-01  2102s
  17   7.57945943e+03 -6.64498480e+04  7.37e+01 5.40e-13  4.90e-01  2102s
  18   6.83946201e+03 -5.68114319e+04  6.54e+01 7.18e-13  4.24e-01  2102s
  19   4.93933624e+03 -4.30549454e+04  4.47e+01 7.28e-12  3.10e-01  2102s
  20   2.73477898e+03 -2.97385368e+04  2.19e+01 1.46e-11  1.96e-01  2102s
  21   2.10019648e+03 -1.59948777e+04  1.58e+01 1.59e-11  1.12e-01  2102s
  22   1.30566708e+03 -1.19180061e+04  8.63e+00 6.82e-12  7.73e-02  2102s
  23   1.04978203e+03 -8.78748609e+03  6.62e+00 5.00e-12  5.70e-02  2102s
  24   8.11240847e+02 -6.30152615e+03  4.86e+00 2.96e-12  4.06e-02  2102s
  25   6.38860843e+02 -4.49047901e+03  3.60e+00 1.82e-12  2.88e-02  2102s
  26   4.59826730e+02 -2.72963995e+03  2.25e+00 6.82e-13  1.75e-02  2102s
  27   3.45483493e+02 -2.62651189e+03  1.49e+00 5.68e-13  1.58e-02  2102s
  28   2.88051024e+02 -1.46794905e+03  1.09e+00 2.84e-13  9.25e-03  2102s
  29   2.24527680e+02 -1.19641377e+03  7.02e-01 2.22e-13  7.35e-03  2102s
  30   1.95955321e+02 -1.04475730e+03  5.91e-01 1.42e-13  6.40e-03  2102s
  31   1.32819941e+02 -6.72722424e+02  3.62e-01 1.50e-13  4.13e-03  2102s
  32   1.23491733e+02 -4.61629814e+02  3.22e-01 1.30e-13  3.00e-03  2102s
  33   9.17761440e+01 -3.01412971e+02  1.88e-01 7.81e-14  2.00e-03  2102s
  34   8.08118243e+01 -2.40847264e+02  1.54e-01 6.63e-14  1.63e-03  2102s
  35   5.87188794e+01 -1.18300933e+02  8.63e-02 5.98e-14  8.98e-04  2102s
  36   4.97504435e+01 -6.72148793e+01  6.09e-02 5.58e-14  5.94e-04  2102s
  37   4.87801055e+01 -3.15167672e+01  5.80e-02 5.59e-14  4.10e-04  2102s
  38   4.24100380e+01 -1.15253616e+01  3.97e-02 5.69e-14  2.75e-04  2102s
  39   3.83390218e+01 -5.57209772e+00  2.84e-02 6.24e-14  2.23e-04  2102s
  40   3.49293231e+01 -7.24997818e-01  1.98e-02 7.36e-14  1.81e-04  2102s
  41   3.46539549e+01  9.49575877e-02  1.91e-02 6.74e-14  1.75e-04  2102s
  42   3.28359059e+01  4.72230041e+00  1.49e-02 6.56e-14  1.43e-04  2102s
  43   3.14923558e+01  9.00977609e+00  1.21e-02 5.61e-14  1.14e-04  2102s
  44   3.08642310e+01  1.01966531e+01  1.09e-02 6.39e-14  1.05e-04  2102s
  45   3.01443601e+01  1.25523298e+01  9.63e-03 6.84e-14  8.93e-05  2102s
  46   2.89629807e+01  1.70304713e+01  6.15e-03 6.46e-14  6.05e-05  2103s
  47   2.83398741e+01  1.74004416e+01  5.01e-03 5.77e-14  5.54e-05  2103s
  48   2.80953386e+01  1.84671031e+01  4.60e-03 6.44e-14  4.88e-05  2103s
  49   2.75771561e+01  1.95308163e+01  3.75e-03 5.83e-14  4.08e-05  2103s
  50   2.68868546e+01  2.00134889e+01  2.61e-03 6.70e-14  3.47e-05  2103s
  51   2.63974853e+01  2.10064694e+01  1.91e-03 6.32e-14  2.72e-05  2103s
  52   2.59299533e+01  2.21288267e+01  1.30e-03 6.36e-14  1.92e-05  2103s
  53   2.55820260e+01  2.27282118e+01  8.94e-04 5.83e-14  1.44e-05  2103s
  54   2.52313875e+01  2.35559072e+01  5.15e-04 6.60e-14  8.45e-06  2103s
  55   2.51470311e+01  2.40748633e+01  4.28e-04 6.02e-14  5.42e-06  2103s
  56   2.49936445e+01  2.41785804e+01  2.83e-04 5.21e-14  4.12e-06  2103s
  57   2.48639969e+01  2.44727211e+01  1.61e-04 6.50e-14  1.98e-06  2103s
  58   2.47561253e+01  2.46052320e+01  6.70e-05 8.22e-14  7.65e-07  2103s
  59   2.46827133e+01  2.46584605e+01  7.70e-06 6.23e-14  1.22e-07  2103s
  60   2.46712494e+01  2.46707139e+01  9.83e-08 6.82e-14  2.69e-09  2103s
  61   2.46709601e+01  2.46709601e+01  3.87e-12 7.66e-14  1.39e-13  2103s

Barrier solved model in 61 iterations and 2102.92 seconds (2527.32 work units)
Optimal objective 2.46709601e+01


Root crossover log...

    1117 DPushes remaining with DInf 0.0000000e+00              2103s
       0 DPushes remaining with DInf 0.0000000e+00              2103s

    2190 PPushes remaining with PInf 0.0000000e+00              2103s
       0 PPushes remaining with PInf 0.0000000e+00              2103s

  Push phase complete: Pinf 0.0000000e+00, Dinf 3.5738773e-13   2103s


Root simplex log...

Iteration    Objective       Primal Inf.    Dual Inf.      Time
    3255    2.4670960e+01   0.000000e+00   0.000000e+00   2103s

Solved with barrier
    3255    2.4670960e+01   0.000000e+00   0.000000e+00   2103s

Root relaxation: objective 2.467096e+01, 3255 iterations, 2.70 seconds (2.61 work units)
Total elapsed time = 2105.45s (DegenMoves)

    Nodes    |    Current Node    |     Objective Bounds      |     Work
 Expl Unexpl |  Obj  Depth IntInf | Incumbent    BestBd   Gap | It/Node Time

     0     0   24.67096    0 1037 1766.02305   24.67096  98.6%     - 2109s
H    0     0                    1394.1179895   24.67096  98.2%     - 2109s
H    0     0                    1322.1291271   24.67096  98.1%     - 2111s
     0     0   24.67361    0 1098 1322.12913   24.67361  98.1%     - 2115s
H    0     0                    1253.1218811   28.73409  97.7%     - 2117s
     0     0   28.73409    0 1139 1253.12188   28.73409  97.7%     - 2119s
     0     0   28.73409    0 1128 1253.12188   28.73409  97.7%     - 2124s
H    0     0                     985.0560059   28.73409  97.1%     - 2126s
     0     0   28.73409    0 1167  985.05601   28.73409  97.1%     - 2126s
     0     0   28.73409    0 1166  985.05601   28.73409  97.1%     - 2130s
H    0     0                     810.6427036   28.73409  96.5%     - 2145s
     0     0   28.73409    0 1304  810.64270   28.73409  96.5%     - 2155s
     0     0   28.73409    0 1308  810.64270   28.73409  96.5%     - 2157s
     0     0   28.73409    0  461  810.64270   28.73409  96.5%     - 2170s
H    0     0                     737.5536380   28.73409  96.1%     - 2171s
     0     0   28.73409    0  826  737.55364   28.73409  96.1%     - 2175s
     0     0   28.73409    0  938  737.55364   28.73409  96.1%     - 2177s
     0     0   28.73409    0  462  737.55364   28.73409  96.1%     - 2188s
H    0     0                     702.9953224   28.73409  95.9%     - 2189s
     0     0   28.73409    0  539  702.99532   28.73409  95.9%     - 2190s
     0     0   28.73409    0  476  702.99532   28.73409  95.9%     - 2206s
     0     0   28.73409    0  494  702.99532   28.73409  95.9%     - 2208s
     0     0   28.73409    0  446  702.99532   28.73409  95.9%     - 2214s
H    0     0                     538.5665350   28.73409  94.7%     - 2215s
     0     0   28.73409    0  475  538.56653   28.73409  94.7%     - 2216s
     0     0   28.73409    0  521  538.56653   28.73409  94.7%     - 2223s
     0     0   28.73409    0  469  538.56653   28.73409  94.7%     - 2228s
H    0     0                     469.5592890   28.73409  93.9%     - 2235s
     0     2   28.73409    0  469  469.55929   28.73409  93.9%     - 2245s
     1     4   28.73409    1 1110  469.55929   28.73409  93.9% 20683 2251s
     3     8   28.73409    2 1080  469.55929   28.73409  93.9% 11100 2255s
     7    16   28.73409    3 1081  469.55929   28.73409  93.9%  7154 2261s
    15    30   29.30795    4  833  469.55929   28.73409  93.9%  5464 2270s
H   31    46                     372.2505021   28.73409  92.3%  5683 2335s
    47    62   31.69167    6  884  372.25050   28.73409  92.3%  9512 2342s
    63    78   36.48541    6  946  372.25050   28.73409  92.3%  8713 2348s
H   79    94                     306.2429268   28.73409  90.6% 10086 2358s
H   90    94                     303.9905622   28.73409  90.5%  9391 2358s
H   92    94                     289.9548933   28.73409  90.1%  9271 2358s
    95   114   39.87450    7 1027  289.95489   28.73409  90.1%  9609 2367s
   115   133   33.41004    8  861  289.95489   28.73409  90.1% 11555 2371s
   134   145   53.17634    8  858  289.95489   28.73409  90.1% 10300 2468s
H  142   145                     280.4342312   28.73409  89.8%  9909 2468s
   150   161   33.79588    9  880  280.43423   28.73409  89.8%  9767 2610s
H  156   161                     213.7996721   28.73409  86.6%  9904 2610s
   166   195   34.19578   10  857  213.79967   28.73409  86.6% 10244 2617s
   200   226   39.59081   11  896  213.79967   28.73409  86.6% 11136 2625s
   231   260   40.00962   12  869  213.79967   28.73409  86.6% 11888 2632s
   265   293   44.90235   14  874  213.79967   28.73409  86.6% 12389 2639s
   300   309   50.22451   15  989  213.79967   28.73409  86.6% 12586 2828s
   316   346   52.14215   16  981  213.79967   28.73409  86.6% 12594 2835s
   355   394   78.25050   17  896  213.79967   28.73409  86.6% 12863 2842s
   403   437   56.45602   18  921  213.79967   28.73409  86.6% 12718 2850s
   454   488   70.72738   22  984  213.79967   28.73409  86.6% 12666 2869s
   507   546   82.55969   23  995  213.79967   28.73409  86.6% 12528 2877s
   565   563   82.57655   24  974  213.79967   28.73409  86.6% 12451 3237s
   582   625   82.87361   25 1007  213.79967   28.73409  86.6% 12341 3245s
   646   703   86.32313   28 1043  213.79967   28.73409  86.6% 12151 3253s
   726   788   90.58584   31  944  213.79967   28.73409  86.6% 11761 3262s
   815   881   95.36504   34  988  213.79967   28.73409  86.6% 11336 3274s
   916   962   98.64478   39 1072  213.79967   28.73409  86.6% 10804 3287s
  1002  1049  107.71384   42 1066  213.79967   28.73409  86.6% 10614 3299s
  1098  1126  119.53112   48 1002  213.79967   28.73409  86.6% 10337 3314s
  1189  1201  122.89342   53 1052  213.79967   28.73409  86.6% 10208 3328s
  1289  1233  127.99868   57 1020  213.79967   28.73409  86.6%  9985 3338s
  1345  1284  131.71176   60 1023  213.79967   28.73409  86.6% 10168 3352s
  1426  1351  160.35429   67 1051  213.79967   28.73409  86.6% 10222 3369s
  1515  1378  152.91918   70 1059  213.79967   28.73409  86.6% 10267 3419s
  1560  1449  155.31411   71 1028  213.79967   28.73409  86.6% 10325 3432s
  1643  1557  166.24208   75  960  213.79967   28.73409  86.6% 10460 3444s
  1771  1631  180.77603   83 1056  213.79967   28.73409  86.6% 10303 3459s
  1884  1744  202.28928   92  879  213.79967   28.73409  86.6% 10313 3473s
  2023  1846  163.88015   43  758  213.79967   28.73409  86.6% 10192 3495s
  2169  1887 infeasible   45       213.79967   28.73409  86.6% 10049 3512s
  2263  1946     cutoff   44       213.79967   29.78440  86.1% 10110 3529s
  2360  2009   37.09101    6  752  213.79967   29.78440  86.1% 10217 3548s
  2462  2082   78.90071   11  754  213.79967   29.78440  86.1% 10362 3571s
  2581  2192  103.54232   13  748  213.79967   29.78440  86.1% 10348 3585s
  2718  2193   78.20392   20 1308  213.79967   29.78440  86.1% 10365 3595s
  2720  2194  144.40465   61  451  213.79967   29.78440  86.1% 10357 3610s
  2721  2195  187.80721   26 1022  213.79967   29.78440  86.1% 10353 3621s
  2722  2196  184.00018   33 1068  213.79967   29.78440  86.1% 10350 3627s
  2723  2196  119.78283   32  533  213.79967   29.78440  86.1% 10346 3650s
  2724  2197  127.04314   25  637  213.79967   29.78440  86.1% 10342 3656s
  2725  2198  119.04239   46  591  213.79967   29.78440  86.1% 10338 3670s
  2726  2198  147.84629   17 1046  213.79967   29.78440  86.1% 10334 3675s
  2727  2199  196.47685   78  797  213.79967   29.78440  86.1% 10331 3688s
  2728  2200  135.05045   18  810  213.79967   29.78440  86.1% 10327 3691s
  2729  2200   94.17318   13  819  213.79967   29.78440  86.1% 10323 3702s
  2730  2201  183.77848   76  947  213.79967   29.78440  86.1% 10319 3705s
  2731  2202  108.79825   25  837  213.79967   29.78440  86.1% 10316 3722s
  2732  2202   59.34574    8  837  213.79967   29.78440  86.1% 10312 3728s
  2733  2203  121.85303   39  837  213.79967   29.78440  86.1% 10308 3739s
  2734  2207   29.78440   15  998  213.79967   29.78440  86.1% 10419 3751s
  2736  2210   32.11711   16  966  213.79967   29.78440  86.1% 10415 3757s
  2740  2217   34.41787   17 1047  213.79967   29.78440  86.1% 10405 3763s
  2748  2230   36.76020   18 1051  213.79967   29.78440  86.1% 10387 3771s
  2764  2241   50.83564   19 1103  213.79967   29.78440  86.1% 10360 3789s
  2780  2251   47.41323   19 1023  213.79967   29.78440  86.1% 10416 3795s
  2812  2273   66.57450   20 1030  213.79967   30.46946  85.7% 10331 3829s
  2828  2283   68.59425   21  908  213.79967   32.44419  84.8% 10291 3834s
  2844  2295   96.07949   21  836  213.79967   32.44419  84.8% 10245 3837s
  2861  2305   71.48684   22 1030  213.79967   32.44419  84.8% 10202 3909s
  2877  2321   95.15994   22  910  213.79967   32.64396  84.7% 10155 3913s
  2898  2339   81.27900   23 1090  213.79967   32.64396  84.7% 10100 3917s
  2923  2353   90.39664   23  840  213.79967   32.64396  84.7% 10032 3920s
  2945  2372   82.29832   24 1044  213.79967   32.64396  84.7%  9973 3925s
  3005  2413   95.94162   26 1038  213.79967   32.64396  84.7%  9811 3933s
  3033  2434   98.68666   27  933  213.79967   32.64396  84.7%  9739 3938s
  3063  2460  101.17710   28  995  213.79967   32.64396  84.7%  9663 3943s
  3099  2494  115.27685   29  996  213.79967   32.64396  84.7%  9570 3947s
  3145  2538  131.58536   30  798  213.79967   32.64396  84.7%  9449 3952s
  3204  2565  142.39412   31  950  213.79967   32.64396  84.7%  9293 3955s
  3257  2601  142.83256   32  947  213.79967   32.64396  84.7%  9161 3963s
  3315  2643  145.45498   33  917  213.79967   32.64396  84.7%  9025 3967s
  3384  2677  151.22119   34  890  213.79967   32.64396  84.7%  8864 3971s
  3455  2724  159.26126   35  862  213.79967   32.64396  84.7%  8705 3975s
  3627  2796  200.62439   39  812  213.79967   32.64396  84.7%  8337 3984s
  3712  2832  201.41126   40  881  213.79967   32.64396  84.7%  8172 3989s
  3797  2858     cutoff   41       213.79967   32.64396  84.7%  8014 3995s
  3873  2887  196.56741   43  906  213.79967   32.64396  84.7%  7880 4000s
  3953  2929  199.44048   46  906  213.79967   32.64396  84.7%  7747 4006s
  4048  2979  200.37673   47  899  213.79967   32.64396  84.7%  7590 4010s
  4156  2989  202.75655   49  899  213.79967   32.66185  84.7%  7418 4015s
  4236  2981   39.11751   22 1021  213.79967   32.66185  84.7%  7303 4153s
  4261  3049   41.05833   23 1000  213.79967   32.66185  84.7%  7268 4159s
  4386  3068   46.21339   26 1122  213.79967   32.66185  84.7%  7087 4166s
  4482  3099   71.57335   28  963  213.79967   32.66185  84.7%  6960 4174s
  4584  3146   94.73513   30  650  213.79967   32.66185  84.7%  6831 4180s
  4684  3203  129.15579   35  777  213.79967   32.66185  84.7%  6710 4186s
  4803  3227  178.21153   38  769  213.79967   32.66185  84.7%  6570 4194s
  4923  3208  212.48965   44  509  213.79967   34.34513  83.9%  6440 4254s
  4964  3251   50.20437   22  985  213.79967   34.34513  83.9%  6401 4262s
  5036  3312   54.89461   24 1001  213.79967   34.34513  83.9%  6328 4269s
  5146  3362   81.16023   26  789  213.79967   34.34513  83.9%  6222 4279s
  5260  3402  133.47894   32  720  213.79967   34.34513  83.9%  6118 4286s
  5395  3482  164.77753   37  709  213.79967   34.34513  83.9%  5998 4295s
  5556  3589  199.04811   49  695  213.79967   36.92197  82.7%  5858 4302s
  5817  3628   50.35466   23  916  213.79967   37.79445  82.3%  5626 4311s
  6011  3622   78.89891   26  988  213.79967   37.79445  82.3%  5476 4325s
  6147  3670  103.47388   30  992  213.79967   37.79445  82.3%  5383 4337s
  6260  3738  123.43855   35  954  213.79967   37.79445  82.3%  5311 4347s
  6413  3796  158.28509   41  945  213.79967   37.79445  82.3%  5216 4361s
  6584  3832  185.05743   47  983  213.79967   38.08083  82.2%  5113 4370s
  6715  3951   49.43040   23  697  213.79967   38.08083  82.2%  5044 4382s
  6928  4062   92.40965   31  846  213.79967   38.08083  82.2%  4922 4394s
  7091  4007  161.57563   46  496  213.79967   38.08083  82.2%  4833 4395s
  7181  4151  136.97886   42  876  213.79967   38.08083  82.2%  4782 4406s
  7464  4189  184.90586   73  620  213.79967   48.02308  77.5%  4636 4416s
  7646  4294  100.80860   26  826  213.79967   48.02308  77.5%  4559 4429s
  7895  4380  168.70835   33  790  213.79967   56.42301  73.6%  4450 4441s
  8164  4427  116.52901   31  707  213.79967   56.42301  73.6%  4340 4459s
  8420  4488  172.70663   61  539  213.79967   58.34947  72.7%  4244 4473s
  8673  4562  189.34398   46  622  213.79967   59.14651  72.3%  4153 4487s
  8986  4644   97.79313   30 1071  213.79967   59.14651  72.3%  4047 4501s
  9295  4581  141.53186   40  862  213.79967   59.14651  72.3%  3946 4532s
  9353  4724  156.30853   44 1041  213.79967   59.14651  72.3%  3932 4546s
  9660  4915  204.25800   70  794  213.79967   60.77457  71.6%  3846 4565s
  9995  5142  112.05442   29  740  213.79967   63.26791  70.4%  3756 4581s
 10287  5322  183.31338   45  726  213.79967   64.72036  69.7%  3683 4600s
 10584  5554     cutoff   30       213.79967   65.06476  69.6%  3619 4616s
 10930  5769  119.54205   30  657  213.79967   65.10676  69.5%  3542 4634s
 11351  5904   95.94267   29  656  213.79967   65.72252  69.3%  3452 4707s
 11584  6116  190.45291   45  545  213.79967   66.73533  68.8%  3405 4727s
 11938  6364  144.51941   27  906  213.79967   67.13384  68.6%  3343 4748s
 12359  6583   91.16311   21  872  213.79967   68.57498  67.9%  3267 4802s
 12676  6848  181.82342   47  793  213.79967   68.68441  67.9%  3220 4827s
 13170  6862  147.90215   41  853  213.79967   69.59154  67.5%  3142 4929s
 13190  6995  156.54387   42  875  213.79967   69.89723  67.3%  3141 4951s
 13450  7351  119.23550   29  680  213.79967   70.34514  67.1%  3107 4974s
 13962  7720  126.45187   28  867  213.79967   71.30481  66.6%  3036 4998s
 14589  8116  134.54088   33  769  213.79967   72.04624  66.3%  2946 5023s
 15216  8427  143.58347   33  681  213.79967   73.43482  65.7%  2869 5050s
 15835  8831  115.88896   26  727  213.79967   74.37435  65.2%  2800 5080s
 16456  9144  207.70725   44  895  213.79967   75.31778  64.8%  2736 5108s
 16996  9623     cutoff   40       213.79967   76.20164  64.4%  2690 5136s
 17797 10075  146.32559   37 1005  213.79967   77.39295  63.8%  2612 5166s
 18450 10396  141.95481   26  949  213.79967   77.88500  63.6%  2560 5197s
 19084 10788  185.41864   33  606  213.79967   79.14991  63.0%  2518 5229s
 19875 11374  142.95650   37  768  213.79967   80.00896  62.6%  2462 5262s
 20739 12059  130.90332   41  543  213.79967   81.06595  62.1%  2400 5307s
 21766 12459  122.53652   32  946  213.79967   81.97535  61.7%  2340 5371s
 22527 12992  163.97210   41  760  213.79967   82.55903  61.4%  2300 5404s
 23387 13553  112.12446   29  722  213.79967   83.44457  61.0%  2253 5439s
 24303 14075  141.85402   33  928  213.79967   84.42740  60.5%  2207 5474s
 25197 14751  144.19698   30  831  213.79967   85.35484  60.1%  2165 5513s
 26254 15232  132.06363   37  710  213.79967   85.98982  59.8%  2116 5554s
 27242 15665  103.54252   29  898  213.79967   87.18849  59.2%  2078 5593s
 28208 16157  108.92141   34  955  213.79967   87.43100  59.1%  2047 5633s
 29109 16615  204.20325   41  866  213.79967   87.77514  58.9%  2022 5685s
 30044 17278  170.83674   33  705  213.79967   88.36103  58.7%  1996 5730s
 31243 17865     cutoff   40       213.79967   89.57735  58.1%  1959 5777s
 32341 18576  168.47010   39  651  213.79967   90.30459  57.8%  1932 5826s
 33622 19561  158.09043   27  705  213.79967   90.96546  57.5%  1900 5877s
 35053 20174  175.60126   37  847  213.79967   91.50985  57.2%  1861 5948s
 36126 21108  132.60308   36  966  213.79967   92.06740  56.9%  1839 6003s
 37815 21910  204.65272   39  696  213.79967   92.84565  56.6%  1799 6061s
 39262 22453  140.40252   29  518  213.79967   93.75108  56.2%  1772 6121s
 40539 23082  109.65241   31  634  213.79967   94.26329  55.9%  1756 6182s
 41865 23959  205.64302   41  717  213.79967   95.16823  55.5%  1741 6891s
 43560 24831  126.81270   27  758  213.79967   95.83529  55.2%  1722 6985s
 45197 25576  134.81674   37  370  213.79967   96.80045  54.7%  1703 7058s
 46714 26273  196.71244   34  714  213.79967   97.69106  54.3%  1691 7137s
 48424 27001  163.28515   24  967  213.79967   98.11917  54.1%  1676 7210s
 49886 27757  145.21515   30  890  213.79967   98.72205  53.8%  1667 7283s
 51459 28539  140.57331   29  676  213.79967   99.62133  53.4%  1657 7390s
 53081 28861  138.76981   29  615  213.79967   99.98458  53.2%  1643 7516s
 53743 29482  188.99879   37  406  213.79967  100.37281  53.1%  1638 7599s
 55438 30374  155.44012   41  768  213.79967  101.19628  52.7%  1626 7682s
 57403 31414  137.65104   36  937  213.79967  101.93494  52.3%  1610 7760s
 59305 31991  152.98627   31  779  213.79967  103.02281  51.8%  1594 7906s
 60470 32732  145.97036   36 1013  213.79967  103.24032  51.7%  1586 7991s
 62157 33449     cutoff   51       213.79967  104.21861  51.3%  1576 8176s
 63765 34252     cutoff   35       213.79967  104.65772  51.0%  1568 8258s
 65607 35056  175.71040   34  472  213.79967  105.58728  50.6%  1558 8332s
 67263 35823     cutoff   40       213.79967  106.34672  50.3%  1549 8402s
 68871 36449  211.21576   26 1016  213.79967  106.95139  50.0%  1542 8476s
 70360 37237  160.41150   37  728  213.79967  107.70088  49.6%  1537 8574s
 71907 38096  175.04682   43  679  213.79967  108.19062  49.4%  1530 8646s
 73601 38840  208.79490   42  598  213.79967  108.97582  49.0%  1523 8719s
 75292 39469  185.63448   34  875  213.79967  109.61732  48.7%  1516 8794s
 76996 40083  203.09346   34  962  213.79967  109.96090  48.6%  1510 8886s
 78458 40607  133.92536   38  829  213.79967  110.54803  48.3%  1507 9106s
 79608 41415  119.64252   29  637  213.79967  110.94655  48.1%  1504 9185s
H79810 35142                     194.7632192  110.94827  43.0%  1502 9187s
 81475 35522  144.62430   32  920  194.76322  111.37588  42.8%  1497 9328s
 83162 36116  147.10563   27  952  194.76322  112.18682  42.4%  1493 9439s
 84886 36610     cutoff   48       194.76322  112.82390  42.1%  1489 9553s
 86440 37111  163.51735   41  714  194.76322  113.40555  41.8%  1488 9647s
 87878 37599  165.65139   35  714  194.76322  114.04620  41.4%  1487 9744s
 89398 37599  171.45012   43  573  194.76322  114.29358  41.3%  1486 9745s
 89741 38005  173.60369   37  910  194.76322  114.80154  41.1%  1486 9840s
 91561 38623  191.89879   42  687  194.76322  115.58382  40.7%  1483 9930s
 93527 39014  168.29219   32  697  194.76322  116.16153  40.4%  1478 10018s
 95152 39546  160.78051   35  917  194.76322  116.70586  40.1%  1477 10108s
 96846 40036  136.57177   33  975  194.76322  117.36820  39.7%  1474 10191s
 98615 40502     cutoff   40       194.76322  117.99315  39.4%  1472 10295s
 100197 40933  158.11175   40  871  194.76322  118.46401  39.2%  1470 10525s
 101600 41419     cutoff   30       194.76322  119.08093  38.9%  1468 10615s
 103396 41940  132.92647   42  561  194.76322  119.69013  38.5%  1466 10701s
H103994 35397                     183.7965939  119.73664  34.9%  1464 10703s
 105273 35407     cutoff   39       183.79659  120.27084  34.6%  1462 10778s

Cutting planes:
  Gomory: 6
  Cover: 82
  Implied bound: 6
  MIR: 81
  StrongCG: 13
  Flow cover: 441
  GUB cover: 4
  Inf proof: 38
  Zero half: 231
  RLT: 31
  Relax-and-lift: 1
  BQP: 1

Explored 105818 nodes (155126102 simplex iterations) in 10779.98 seconds (22994.16 work units)
Thread count was 16 (of 18 available processors)

Solution count 10: 183.797 194.763 213.8 ... 538.567

Time limit reached
Best objective 1.837965939409e+02, best bound 1.205226554546e+02, gap 34.4261%

---------------------------------------------------------------------------
Multi-objectives: stopped in 10806.16 seconds (22994.16 work units), solution count 10
Time Limit reached

