
Gurobi 11.0.0 (win64) logging started Sun Dec 29 04:56:58 2024

Set parameter LogFile to value "C:\Users\Administrator\Desktop\OptRail_Railroad_Construction\Data\Solution\AnzahlAuftraege_NEW_50\a50_o578_m28_an276_ar66\3_Objectives\costs\gurobi_a50_o578_m28_an276_ar66_costs.log"
Gurobi Optimizer version 11.0.0 build v11.0.0rc2 (win64 - Windows Server 2022.0 (20348.2))

CPU model: AMD EPYC 7513 32-Core Processor, instruction set [SSE2|AVX|AVX2]
Thread count: 18 physical cores, 18 logical processors, using up to 16 threads

Optimize a model with 55674 rows, 19162242 columns and 99902370 nonzeros
Model fingerprint: 0x02025762
Variable types: 0 continuous, 19162242 integer (19162242 binary)
Coefficient statistics:
  Matrix range     [1e+00, 1e+01]
  Objective range  [1e+00, 3e+02]
  Bounds range     [1e+00, 1e+00]
  RHS range        [1e+00, 2e+02]

---------------------------------------------------------------------------
Multi-objectives: starting optimization with 3 objectives (1 combined) ...
---------------------------------------------------------------------------
---------------------------------------------------------------------------

Multi-objectives: optimize objective 1 (weighted) ...
---------------------------------------------------------------------------

Optimize a model with 55674 rows, 19162242 columns and 99902370 nonzeros
Model fingerprint: 0x8faab1e6
Variable types: 0 continuous, 19162242 integer (19162242 binary)
Coefficient statistics:
  Matrix range     [1e+00, 1e+01]
  Objective range  [1e+00, 1e+06]
  Bounds range     [1e+00, 1e+00]
  RHS range        [1e+00, 2e+02]
Found heuristic solution: objective 0.0000000
Presolve removed 181 rows and 9997646 columns (presolve time = 6s) ...
Presolve removed 284 rows and 10045111 columns (presolve time = 10s) ...
Presolve removed 284 rows and 10045111 columns (presolve time = 15s) ...
Presolve removed 284 rows and 10045111 columns (presolve time = 20s) ...
Presolve removed 284 rows and 10045111 columns (presolve time = 25s) ...
Presolve removed 284 rows and 10045111 columns (presolve time = 30s) ...
Presolve removed 284 rows and 10045111 columns (presolve time = 35s) ...
Presolve removed 284 rows and 10045111 columns (presolve time = 40s) ...
Presolve removed 284 rows and 10045111 columns (presolve time = 45s) ...
Presolve removed 504 rows and 10045111 columns (presolve time = 50s) ...
Presolve removed 504 rows and 10045111 columns (presolve time = 55s) ...
Presolve removed 504 rows and 10045111 columns (presolve time = 60s) ...
Presolve removed 504 rows and 10045111 columns (presolve time = 65s) ...
Presolve removed 511 rows and 10045139 columns (presolve time = 71s) ...
Presolve removed 511 rows and 10045139 columns (presolve time = 75s) ...
Presolve removed 511 rows and 10045139 columns (presolve time = 80s) ...
Presolve removed 511 rows and 10045139 columns (presolve time = 86s) ...
Presolve removed 511 rows and 10045139 columns (presolve time = 90s) ...
Presolve removed 511 rows and 10045139 columns (presolve time = 95s) ...
Presolve removed 540 rows and 10045139 columns (presolve time = 101s) ...
Presolve removed 540 rows and 10045139 columns (presolve time = 105s) ...
Presolve removed 540 rows and 10045139 columns (presolve time = 110s) ...
Presolve removed 540 rows and 10045139 columns (presolve time = 116s) ...
Presolve removed 540 rows and 10045139 columns (presolve time = 121s) ...
Presolve removed 540 rows and 10045139 columns (presolve time = 128s) ...
Presolve removed 540 rows and 10045139 columns (presolve time = 135s) ...
Presolve removed 540 rows and 10045139 columns (presolve time = 135s) ...
Presolve added 3482 rows and 0 columns
Presolve removed 0 rows and 10041117 columns
Presolve time: 138.52s
Presolved: 59156 rows, 9121125 columns, 96859192 nonzeros
Variable types: 0 continuous, 9121125 integer (9117103 binary)
Deterministic concurrent LP optimizer: primal simplex, dual simplex, and barrier
Showing barrier log only...

Root barrier log...

Elapsed ordering time = 5s
Elapsed ordering time = 10s
Ordering time: 13.97s

Barrier statistics:
 AA' NZ     : 2.815e+07
 Factor NZ  : 1.394e+08 (roughly 5.0 GB of memory)
 Factor Ops : 7.649e+11 (roughly 3 seconds per iteration)
 Threads    : 14

                  Objective                Residual
Iter       Primal          Dual         Primal    Dual     Compl     Time
   0   7.62397874e+09 -1.03462382e+13  8.50e+06 2.33e-10  4.75e+07   217s
   1   5.72776158e+09 -1.02332773e+13  6.41e+06 2.36e+05  3.62e+07   221s
   2   2.45739264e+09 -9.98658703e+12  2.54e+06 9.15e+04  1.46e+07   226s
   3   1.66612650e+09 -9.31691389e+12  1.64e+06 1.15e+04  9.39e+06   230s
   4   5.16846528e+08 -8.28624381e+12  5.76e+05 4.96e+02  3.43e+06   236s
   5   2.95839161e+08 -7.60971321e+12  3.89e+05 4.66e-09  2.36e+06   241s
   6   2.44818025e+08 -3.86881552e+12  3.32e+05 9.31e-09  1.62e+06   245s
   7   1.36608376e+08 -1.78510367e+12  2.21e+05 7.56e-05  9.39e+05   249s
   8   5.17497758e+07 -1.58138826e+12  1.30e+05 6.81e-05  5.74e+05   253s
   9   4.79881210e+07 -1.43236875e+12  1.26e+05 5.80e-05  5.48e+05   256s
  10  -1.64709200e+07 -7.79042908e+11  3.72e+04 4.62e-07  1.76e+05   261s
  11  -4.78339443e+07 -1.64070668e+11  7.82e+02 3.28e-07  1.17e+04   266s
  12  -4.83585240e+07 -6.42926687e+10  3.31e+02 2.16e-07  4.64e+03   270s
  13  -4.85773149e+07 -2.88529830e+10  1.46e+02 1.04e-07  2.07e+03   274s
  14  -4.80378216e+07 -2.29329815e+10  4.80e+01 9.69e-08  1.41e+03   278s
  15  -4.46999304e+07 -1.17222419e+10  2.16e+01 4.42e-08  7.18e+02   283s
  16  -4.36806970e+07 -9.08204945e+09  5.70e+00 3.40e-08  5.16e+02   287s
  17  -4.35761198e+07 -6.63838205e+09  2.50e+00 2.48e-08  3.71e+02   291s
  18  -4.34208504e+07 -4.92887059e+09  5.48e-01 1.77e-08  2.70e+02   295s
  19  -4.32375766e+07 -4.67492615e+09  5.63e-02 1.75e-08  2.54e+02   300s
  20  -4.36320321e+07 -6.40563307e+08  4.62e-05 7.93e-09  3.27e+01   304s
  21  -4.48962373e+07 -4.58558395e+08  2.81e-05 5.19e-09  2.27e+01   308s
  22  -4.57317299e+07 -1.91627724e+08  1.77e-05 2.67e-09  7.99e+00   312s
  23  -4.64108610e+07 -1.26286870e+08  1.13e-05 1.53e-09  4.37e+00   316s
  24  -4.68567553e+07 -7.51693747e+07  6.58e-06 6.51e-10  1.55e+00   321s
  25  -4.71204306e+07 -5.85988202e+07  4.64e-06 5.38e-10  6.29e-01   325s
  26  -4.75353287e+07 -5.07264872e+07  1.57e-06 2.33e-10  1.75e-01   329s
  27  -4.77079212e+07 -4.91234978e+07  6.13e-07 2.94e-10  7.75e-02   334s
  28  -4.77669144e+07 -4.88443702e+07  3.40e-07 2.88e-10  5.90e-02   338s
  29  -4.77961163e+07 -4.85185827e+07  2.20e-07 3.49e-10  3.96e-02   342s
  30  -4.78134569e+07 -4.83185273e+07  1.57e-07 1.75e-10  2.77e-02   346s
  31  -4.78356730e+07 -4.81753958e+07  8.21e-08 3.06e-10  1.86e-02   351s
  32  -4.78437073e+07 -4.80884470e+07  5.77e-08 3.78e-10  1.34e-02   355s
  33  -4.78476037e+07 -4.80433342e+07  4.68e-08 4.66e-10  1.07e-02   359s
  34  -4.78480532e+07 -4.80340171e+07  4.56e-08 2.33e-10  1.02e-02   362s
  35  -4.78515048e+07 -4.79966898e+07  3.67e-08 3.91e-10  7.95e-03   367s
  36  -4.78557051e+07 -4.79616312e+07  2.65e-08 3.49e-10  5.80e-03   372s
  37  -4.78596327e+07 -4.79361709e+07  1.78e-08 2.52e-10  4.19e-03   377s
  38  -4.78606847e+07 -4.79275142e+07  1.57e-08 3.30e-10  3.66e-03   383s
  39  -4.78622293e+07 -4.79176535e+07  1.27e-08 1.16e-10  3.04e-03   388s
  40  -4.78632497e+07 -4.79103224e+07  1.08e-08 2.33e-10  2.58e-03   394s
  41  -4.78645350e+07 -4.78979361e+07  8.47e-09 1.75e-10  1.83e-03   399s
  42  -4.78655057e+07 -4.78929291e+07  6.79e-09 1.16e-10  1.50e-03   405s
  43  -4.78665640e+07 -4.78873776e+07  5.01e-09 3.78e-10  1.14e-03   411s
  44  -4.78673581e+07 -4.78839024e+07  3.74e-09 3.09e-10  9.06e-04   416s
  45  -4.78678127e+07 -4.78814526e+07  3.06e-09 4.20e-10  7.47e-04   421s
  46  -4.78681329e+07 -4.78802851e+07  2.62e-09 5.03e-10  6.65e-04   427s
  47  -4.78682707e+07 -4.78799079e+07  2.43e-09 2.62e-10  6.37e-04   432s
  48  -4.78685407e+07 -4.78784119e+07  2.08e-09 3.43e-10  5.41e-04   438s
  49  -4.78688284e+07 -4.78776472e+07  1.73e-09 2.33e-10  4.83e-04   443s
  50  -4.78690340e+07 -4.78770228e+07  1.48e-09 3.47e-10  4.37e-04   449s
  51  -4.78691672e+07 -4.78761961e+07  1.33e-09 4.91e-10  3.85e-04   454s
  52  -4.78693087e+07 -4.78755623e+07  1.17e-09 2.33e-10  3.42e-04   460s
  53  -4.78694498e+07 -4.78748425e+07  1.02e-09 2.63e-10  2.95e-04   465s
  54  -4.78695635e+07 -4.78741321e+07  8.98e-10 3.20e-10  2.50e-04   471s
  55  -4.78696915e+07 -4.78737743e+07  7.68e-10 1.16e-10  2.24e-04   477s
  56  -4.78697524e+07 -4.78734194e+07  7.07e-10 2.33e-10  2.01e-04   482s
  57  -4.78698425e+07 -4.78730447e+07  6.20e-10 2.33e-10  1.75e-04   488s
  58  -4.78699335e+07 -4.78728446e+07  5.34e-10 2.33e-10  1.59e-04   493s
  59  -4.78700236e+07 -4.78725211e+07  4.50e-10 2.91e-10  1.37e-04   499s
  60  -4.78700809e+07 -4.78722175e+07  3.97e-10 2.91e-10  1.17e-04   505s
  61  -4.78701058e+07 -4.78719345e+07  3.75e-10 6.59e-10  1.00e-04   510s
  62  -4.78701934e+07 -4.78717306e+07  2.99e-10 3.49e-10  8.42e-05   516s
  63  -4.78702372e+07 -4.78716294e+07  2.63e-10 3.36e-10  7.62e-05   521s
  64  -4.78702740e+07 -4.78714496e+07  2.34e-10 3.64e-10  6.44e-05   526s
  65  -4.78702881e+07 -4.78713771e+07  2.23e-10 5.05e-10  5.96e-05   532s
  66  -4.78703365e+07 -4.78712441e+07  1.97e-10 2.33e-10  4.97e-05   538s
  67  -4.78703670e+07 -4.78711038e+07  1.82e-10 2.33e-10  4.03e-05   544s
  68  -4.78704047e+07 -4.78710582e+07  1.67e-10 3.49e-10  3.58e-05   549s
  69  -4.78704257e+07 -4.78709498e+07  1.55e-10 2.46e-10  2.87e-05   555s
  70  -4.78704495e+07 -4.78708458e+07  1.38e-10 2.33e-10  2.17e-05   560s
  71  -4.78704715e+07 -4.78707984e+07  1.23e-10 4.66e-10  1.79e-05   566s
  72  -4.78704956e+07 -4.78707656e+07  9.84e-11 1.31e-10  1.48e-05   572s
  73  -4.78705133e+07 -4.78707412e+07  8.33e-11 6.30e-10  1.25e-05   577s
  74  -4.78705262e+07 -4.78707208e+07  7.16e-11 3.20e-10  1.07e-05   583s
  75  -4.78705383e+07 -4.78707028e+07  6.63e-11 3.49e-10  9.01e-06   589s
  76  -4.78705500e+07 -4.78706899e+07  7.21e-11 1.16e-10  7.66e-06   594s
  77  -4.78705573e+07 -4.78706719e+07  6.43e-11 2.33e-10  6.27e-06   600s
  78  -4.78705617e+07 -4.78706597e+07  6.37e-11 3.78e-10  5.37e-06   605s
  79  -4.78705681e+07 -4.78706459e+07  7.44e-11 3.36e-10  4.26e-06   611s
  80  -4.78705724e+07 -4.78706299e+07  7.03e-11 2.33e-10  3.15e-06   616s
  81  -4.78705776e+07 -4.78706241e+07  7.30e-11 3.20e-10  2.55e-06   622s
  82  -4.78705842e+07 -4.78706181e+07  4.63e-11 1.16e-10  1.86e-06   630s
  83  -4.78705867e+07 -4.78706099e+07  3.59e-11 2.53e-10  1.27e-06   638s
  84  -4.78705885e+07 -4.78706071e+07  2.85e-11 4.26e-10  1.02e-06   646s
  85  -4.78705896e+07 -4.78706059e+07  2.43e-11 2.33e-10  8.94e-07   654s
  86  -4.78705908e+07 -4.78706049e+07  1.96e-11 2.62e-10  7.75e-07   662s
  87  -4.78705918e+07 -4.78706022e+07  1.58e-11 1.75e-10  5.72e-07   670s
  88  -4.78705929e+07 -4.78706013e+07  1.14e-11 2.33e-10  4.59e-07   679s
  89  -4.78705932e+07 -4.78705991e+07  1.01e-11 2.62e-10  3.22e-07   687s
  90  -4.78705933e+07 -4.78705988e+07  9.75e-12 2.91e-10  3.02e-07   694s
  91  -4.78705940e+07 -4.78705982e+07  7.08e-12 1.75e-10  2.26e-07   702s
  92  -4.78705946e+07 -4.78705973e+07  2.45e-11 4.40e-10  1.52e-07   711s
  93  -4.78705950e+07 -4.78705968e+07  3.36e-11 2.18e-10  1.00e-07   719s
  94  -4.78705954e+07 -4.78705965e+07  1.81e-10 1.16e-10  5.71e-08   728s
  95  -4.78705957e+07 -4.78705961e+07  2.58e-10 2.33e-10  2.18e-08   737s
  96  -4.78705957e+07 -4.78705960e+07  1.65e-07 4.95e-10  1.40e-08   743s

Barrier solved model in 96 iterations and 743.03 seconds (1369.43 work units)
Optimal objective -4.78705957e+07


Root crossover log...

   44509 DPushes remaining with DInf 0.0000000e+00               745s
    3956 DPushes remaining with DInf 0.0000000e+00               750s
     466 DPushes remaining with DInf 0.0000000e+00               762s
     239 DPushes remaining with DInf 0.0000000e+00               771s
       0 DPushes remaining with DInf 0.0000000e+00               777s

  543486 PPushes remaining with PInf 2.4699025e+00               777s
  460627 PPushes remaining with PInf 2.8224492e+00               780s
  352457 PPushes remaining with PInf 1.8163107e+01               786s
  268295 PPushes remaining with PInf 1.6520561e+01               790s
  148547 PPushes remaining with PInf 2.1876899e+01               795s
   34120 PPushes remaining with PInf 1.3022634e+01               800s
       0 PPushes remaining with PInf 2.8990622e+00               804s

  Push phase complete: Pinf 2.8990622e+00, Dinf 4.0597693e+05    804s


Root simplex log...

Iteration    Objective       Primal Inf.    Dual Inf.      Time
  586108   -4.7870596e+07   0.000000e+00   4.059769e+05    805s
  588177   -4.7870596e+07   0.000000e+00   2.798372e+05    808s
  590268   -4.7870596e+07   0.000000e+00   1.833252e+05    812s
  592482   -4.7870596e+07   0.000000e+00   4.015126e+05    816s
  595225   -4.7870596e+07   0.000000e+00   1.573723e+05    822s
  597475   -4.7870596e+07   0.000000e+00   1.253308e+05    826s
  601853   -4.7870596e+07   0.000000e+00   2.613023e+04    834s
  604022   -4.7870596e+07   0.000000e+00   2.621366e+06    838s
  606175   -4.7870596e+07   0.000000e+00   4.940398e+04    843s
  608333   -4.7870596e+07   0.000000e+00   4.582226e+05    847s
  612751   -4.7870596e+07   0.000000e+00   1.469590e+04    853s
  615021   -4.7870596e+07   0.000000e+00   9.040084e+03    856s
  617314   -4.7870596e+07   0.000000e+00   2.574130e+04    860s
  621930   -4.7870596e+07   0.000000e+00   6.148173e+02    868s
  624238   -4.7870596e+07   0.000000e+00   3.960570e+03    875s
  628799   -4.7870596e+07   0.000000e+00   4.769428e+02    884s
  631094   -4.7870596e+07   0.000000e+00   1.013076e+04    889s
  633372   -4.7870596e+07   0.000000e+00   3.148595e+02    894s
  635648   -4.7870596e+07   0.000000e+00   1.869565e+03    898s
  637944   -4.7870596e+07   0.000000e+00   1.636823e+03    901s
  640194   -4.7870596e+07   0.000000e+00   7.188201e+02    905s
  644718   -4.7870596e+07   0.000000e+00   1.897496e+02    914s
  647038   -4.7870596e+07   0.000000e+00   2.293980e+02    917s
  649352   -4.7870596e+07   0.000000e+00   2.323622e+02    921s
  649481   -4.7870596e+07   3.580777e+03   0.000000e+00    935s
  649601   -4.7870596e+07   5.333384e+03   0.000000e+00    957s
  649721   -4.7870596e+07   4.765719e+03   0.000000e+00    977s
  649841   -4.7870596e+07   1.012605e+04   0.000000e+00   1002s
  649961   -4.7870596e+07   2.592770e+03   0.000000e+00   1025s
  650081   -4.7870596e+07   2.880199e+03   0.000000e+00   1043s
  650201   -4.7870596e+07   2.759998e+03   0.000000e+00   1061s
  650321   -4.7870596e+07   1.841630e+03   0.000000e+00   1080s
  650441   -4.7870596e+07   2.206681e+03   0.000000e+00   1099s
  650561   -4.7870596e+07   2.777489e+02   0.000000e+00   1117s
  650681   -4.7870596e+07   1.203798e+03   0.000000e+00   1135s
  650801   -4.7870596e+07   1.780441e+03   0.000000e+00   1155s
  650921   -4.7870596e+07   1.257427e+03   0.000000e+00   1172s
  651021   -4.7870596e+07   1.680967e+03   0.000000e+00   1185s
  651101   -4.7870596e+07   4.655933e+04   0.000000e+00   1194s
  651211   -4.7870596e+07   2.303279e+03   0.000000e+00   1209s
  651331   -4.7870596e+07   1.367077e+03   0.000000e+00   1229s
  651451   -4.7870596e+07   7.843161e+03   0.000000e+00   1250s
  651571   -4.7870596e+07   9.583912e+02   0.000000e+00   1270s
  651691   -4.7870596e+07   1.711923e+03   0.000000e+00   1288s
  651821   -4.7870596e+07   1.519844e+03   0.000000e+00   1307s
  651901   -4.7870596e+07   2.198063e+03   0.000000e+00   1315s
  651991   -4.7870596e+07   3.703611e+03   0.000000e+00   1324s
  652111   -4.7870596e+07   6.899414e+03   0.000000e+00   1337s
  652211   -4.7870596e+07   2.420094e+03   0.000000e+00   1352s
  652321   -4.7870596e+07   1.452782e+04   0.000000e+00   1369s
  652401   -4.7870596e+07   2.882723e+03   0.000000e+00   1378s
  652501   -4.7870596e+07   1.221768e+03   0.000000e+00   1393s
  652601   -4.7870596e+07   1.361108e+03   0.000000e+00   1405s
  652721   -4.7870596e+07   5.035761e+02   0.000000e+00   1423s
  652821   -4.7870596e+07   2.031228e+03   0.000000e+00   1435s
  652951   -4.7870596e+07   5.204164e+02   0.000000e+00   1452s
  653071   -4.7870596e+07   1.072940e+04   0.000000e+00   1468s
  653171   -4.7870596e+07   3.389729e+03   0.000000e+00   1482s
  653291   -4.7870596e+07   9.547886e+02   0.000000e+00   1498s
  653401   -4.7870596e+07   2.802177e+02   0.000000e+00   1512s
  653491   -4.7870596e+07   9.664804e+02   0.000000e+00   1522s
  653571   -4.7870596e+07   1.272770e+04   0.000000e+00   1531s
  653661   -4.7870596e+07   2.455491e+03   0.000000e+00   1539s
  653751   -4.7870596e+07   1.246606e+03   0.000000e+00   1547s
  653831   -4.7870596e+07   8.021866e+02   0.000000e+00   1556s
  653921   -4.7870596e+07   1.927921e+03   0.000000e+00   1566s
  654001   -4.7870596e+07   8.824441e+02   0.000000e+00   1575s
  654081   -4.7870596e+07   9.653788e+02   0.000000e+00   1583s
  654181   -4.7870596e+07   2.115634e+03   0.000000e+00   1593s
  654271   -4.7870596e+07   1.106242e+03   0.000000e+00   1603s
  654361   -4.7870596e+07   1.219940e+04   0.000000e+00   1611s
  654451   -4.7870596e+07   1.445139e+03   0.000000e+00   1619s
  654531   -4.7870596e+07   4.441988e+02   0.000000e+00   1627s
  654641   -4.7870596e+07   3.985074e+03   0.000000e+00   1640s
  654741   -4.7870596e+07   5.758007e+02   0.000000e+00   1651s
  654841   -4.7870596e+07   6.022688e+03   0.000000e+00   1660s
  654931   -4.7870596e+07   1.839003e+03   0.000000e+00   1669s
  655011   -4.7870596e+07   9.521916e+02   0.000000e+00   1679s
  655121   -4.7870596e+07   4.241775e+02   0.000000e+00   1691s
  655211   -4.7870596e+07   6.731973e+02   0.000000e+00   1700s
  655301   -4.7870596e+07   3.989827e+03   0.000000e+00   1709s
  655421   -4.7870596e+07   9.421303e+02   0.000000e+00   1728s
  655501   -4.7870596e+07   2.259723e+03   0.000000e+00   1738s
  655611   -4.7870596e+07   5.508091e+03   0.000000e+00   1752s
  655701   -4.7870596e+07   7.531536e+02   0.000000e+00   1760s
  655781   -4.7870596e+07   9.882823e+03   0.000000e+00   1769s
  655861   -4.7870596e+07   1.253546e+03   0.000000e+00   1777s
  655951   -4.7870596e+07   6.068885e+02   0.000000e+00   1786s
  656031   -4.7870596e+07   2.306162e+03   0.000000e+00   1795s
  656131   -4.7870596e+07   3.988902e+03   0.000000e+00   1808s
  656231   -4.7870596e+07   1.214723e+03   0.000000e+00   1820s
  656311   -4.7870596e+07   1.482658e+03   0.000000e+00   1829s
  656411   -4.7870596e+07   3.616189e+03   0.000000e+00   1842s
  656511   -4.7870596e+07   3.064553e+03   0.000000e+00   1859s
  656631   -4.7870596e+07   3.776768e+02   0.000000e+00   1876s
  656711   -4.7870596e+07   5.045842e+03   0.000000e+00   1885s
  656821   -4.7870596e+07   1.013015e+03   0.000000e+00   1900s
  656921   -4.7870596e+07   1.682545e+03   0.000000e+00   1914s
  657041   -4.7870596e+07   7.041044e+02   0.000000e+00   1928s
  657141   -4.7870596e+07   3.024007e+03   0.000000e+00   1940s
  657261   -4.7870596e+07   1.478908e+03   0.000000e+00   1956s
  657371   -4.7870596e+07   1.987524e+03   0.000000e+00   1970s
  657491   -4.7870596e+07   1.264211e+03   0.000000e+00   1987s
  657591   -4.7870596e+07   3.660173e+03   0.000000e+00   2000s
  657711   -4.7870596e+07   1.283799e+03   0.000000e+00   2016s
  657831   -4.7870596e+07   8.835020e+02   0.000000e+00   2033s
  657951   -4.7870596e+07   4.192414e+03   0.000000e+00   2049s
  658061   -4.7870596e+07   7.393246e+02   0.000000e+00   2063s
  658141   -4.7870596e+07   5.085013e+02   0.000000e+00   2072s
  658241   -4.7870596e+07   1.590655e+03   0.000000e+00   2080s
  658331   -4.7870596e+07   1.054406e+03   0.000000e+00   2089s
  658421   -4.7870596e+07   1.462863e+03   0.000000e+00   2097s
  658501   -4.7870596e+07   1.546399e+03   0.000000e+00   2107s
  658581   -4.7870596e+07   2.155154e+03   0.000000e+00   2117s
  658661   -4.7870596e+07   1.221617e+03   0.000000e+00   2125s
  658751   -4.7870596e+07   3.008608e+03   0.000000e+00   2134s
  658851   -4.7870596e+07   4.485702e+03   0.000000e+00   2142s
  658941   -4.7870596e+07   2.350536e+03   0.000000e+00   2151s
  659021   -4.7870596e+07   8.227838e+03   0.000000e+00   2162s
  659131   -4.7870596e+07   4.818103e+03   0.000000e+00   2176s
  659211   -4.7870596e+07   5.380756e+02   0.000000e+00   2185s
  659291   -4.7870596e+07   3.451177e+02   0.000000e+00   2193s
  659401   -4.7870596e+07   2.009247e+03   0.000000e+00   2208s
  659481   -4.7870596e+07   8.803377e+02   0.000000e+00   2216s
  659561   -4.7870596e+07   3.577057e+03   0.000000e+00   2225s
  659641   -4.7870596e+07   3.720557e+03   0.000000e+00   2234s
  659741   -4.7870596e+07   1.413364e+04   0.000000e+00   2248s
  659871   -4.7870596e+07   1.952950e+04   0.000000e+00   2267s
  659951   -4.7870596e+07   7.873780e+02   0.000000e+00   2276s
  660031   -4.7870596e+07   1.424861e+03   0.000000e+00   2285s
  660121   -4.7870596e+07   8.843924e+02   0.000000e+00   2297s
  660221   -4.7870596e+07   3.878973e+02   0.000000e+00   2309s
  660301   -4.7870596e+07   3.421189e+02   0.000000e+00   2319s
  660381   -4.7870596e+07   2.260429e+03   0.000000e+00   2327s
  660481   -4.7870596e+07   3.738555e+02   0.000000e+00   2342s
  660581   -4.7870596e+07   6.025293e+02   0.000000e+00   2354s
  660691   -4.7870596e+07   1.258669e+03   0.000000e+00   2368s
  660801   -4.7870596e+07   3.008004e+02   0.000000e+00   2381s
  660901   -4.7870596e+07   1.296040e+03   0.000000e+00   2393s
  661001   -4.7870596e+07   3.548097e+02   0.000000e+00   2406s
  661101   -4.7870596e+07   2.624066e+03   0.000000e+00   2418s
  661181   -4.7870596e+07   8.009738e+02   0.000000e+00   2427s
  661261   -4.7870596e+07   1.183962e+03   0.000000e+00   2438s
  661341   -4.7870596e+07   1.072937e+03   0.000000e+00   2447s
  661461   -4.7870596e+07   7.784606e+02   0.000000e+00   2461s
  661571   -4.7870596e+07   9.663428e+02   0.000000e+00   2475s
  661681   -4.7870596e+07   9.016186e+02   0.000000e+00   2488s
  661781   -4.7870596e+07   8.995388e+02   0.000000e+00   2501s
  661881   -4.7870596e+07   2.117097e+02   0.000000e+00   2514s
  662011   -4.7870596e+07   4.570102e+02   0.000000e+00   2533s
  662111   -4.7870596e+07   1.155380e+02   0.000000e+00   2545s
  662211   -4.7870596e+07   8.978990e+02   0.000000e+00   2560s
  662321   -4.7870596e+07   1.819695e+03   0.000000e+00   2574s
  662441   -4.7870596e+07   2.094462e+03   0.000000e+00   2591s
  662541   -4.7870596e+07   8.553367e+03   0.000000e+00   2604s
  662641   -4.7870596e+07   3.596869e+03   0.000000e+00   2616s
  662761   -4.7870596e+07   1.045071e+03   0.000000e+00   2633s
  662861   -4.7870596e+07   1.286978e+03   0.000000e+00   2645s
  662961   -4.7870596e+07   1.921769e+02   0.000000e+00   2659s
  663061   -4.7870596e+07   3.020220e+03   0.000000e+00   2672s
  663181   -4.7870596e+07   2.120693e+03   0.000000e+00   2686s
  663281   -4.7870596e+07   6.973746e+02   0.000000e+00   2699s
  663401   -4.7870596e+07   3.630012e+02   0.000000e+00   2717s
  663521   -4.7870596e+07   1.555259e+03   0.000000e+00   2734s
  663641   -4.7870596e+07   4.065477e+02   0.000000e+00   2751s
  663741   -4.7870596e+07   6.776578e+02   0.000000e+00   2763s
  663841   -4.7870596e+07   1.416233e+02   0.000000e+00   2776s
  663961   -4.7870596e+07   7.842320e+02   0.000000e+00   2791s
  664081   -4.7870596e+07   6.095484e+02   0.000000e+00   2806s
  664201   -4.7870596e+07   8.620848e+02   0.000000e+00   2823s
  664311   -4.7870596e+07   1.512273e+03   0.000000e+00   2836s
  664431   -4.7870596e+07   7.894608e+02   0.000000e+00   2853s
  664551   -4.7870596e+07   1.556329e+03   0.000000e+00   2871s
  664651   -4.7870596e+07   3.875846e+03   0.000000e+00   2884s
  664771   -4.7870596e+07   7.887939e+02   0.000000e+00   2903s
  664901   -4.7870596e+07   1.356532e+03   0.000000e+00   2920s
  665001   -4.7870596e+07   2.966051e+03   0.000000e+00   2933s
  665121   -4.7870596e+07   7.613025e+02   0.000000e+00   2948s
  665241   -4.7870596e+07   5.415977e+02   0.000000e+00   2966s
  665361   -4.7870596e+07   4.538289e+03   0.000000e+00   2983s
  665481   -4.7870596e+07   3.404655e+03   0.000000e+00   2999s
  665601   -4.7870596e+07   8.549557e+02   0.000000e+00   3017s
  665721   -4.7870596e+07   4.122427e+02   0.000000e+00   3033s
  665841   -4.7870596e+07   1.311128e+03   0.000000e+00   3049s
  665961   -4.7870596e+07   6.578092e+02   0.000000e+00   3065s
  666081   -4.7870596e+07   1.215651e+02   0.000000e+00   3083s
  666181   -4.7870596e+07   3.951605e+03   0.000000e+00   3094s
  666281   -4.7870596e+07   2.154398e+03   0.000000e+00   3109s
  666381   -4.7870596e+07   5.324498e+03   0.000000e+00   3122s
  666501   -4.7870596e+07   1.796218e+02   0.000000e+00   3140s
  666621   -4.7870596e+07   1.899010e+02   0.000000e+00   3159s
  666741   -4.7870596e+07   9.176570e+02   0.000000e+00   3177s
  666861   -4.7870596e+07   5.417685e+02   0.000000e+00   3194s
  666981   -4.7870596e+07   3.408253e+02   0.000000e+00   3211s
  667101   -4.7870596e+07   6.716212e+02   0.000000e+00   3228s
  667221   -4.7870596e+07   2.689746e+02   0.000000e+00   3244s
  667311   -4.7870596e+07   4.242112e+01   0.000000e+00   3253s
  667431   -4.7870596e+07   8.905805e+02   0.000000e+00   3270s
  667551   -4.7870596e+07   4.323027e+02   0.000000e+00   3286s
  667651   -4.7870596e+07   3.433684e+03   0.000000e+00   3299s
  667771   -4.7870596e+07   1.084367e+03   0.000000e+00   3316s
  667891   -4.7870596e+07   1.093841e+03   0.000000e+00   3335s
  668011   -4.7870596e+07   3.376985e+02   0.000000e+00   3353s
  668111   -4.7870596e+07   1.585921e+03   0.000000e+00   3367s
  668231   -4.7870596e+07   5.282403e+02   0.000000e+00   3385s
  668351   -4.7870596e+07   6.494651e+02   0.000000e+00   3400s
  668471   -4.7870596e+07   1.056976e+03   0.000000e+00   3415s
  668591   -4.7870596e+07   4.368328e+02   0.000000e+00   3433s
  668711   -4.7870596e+07   1.437642e+02   0.000000e+00   3449s
  668831   -4.7870596e+07   3.035717e+02   0.000000e+00   3466s
  668951   -4.7870596e+07   1.501004e+02   0.000000e+00   3482s
  669071   -4.7870596e+07   1.894871e+02   0.000000e+00   3500s
  669191   -4.7870596e+07   4.817739e+02   0.000000e+00   3516s
  669291   -4.7870596e+07   2.832125e+02   0.000000e+00   3529s
  669411   -4.7870596e+07   6.814526e+03   0.000000e+00   3545s
  669541   -4.7870596e+07   3.454059e+03   0.000000e+00   3562s
  669641   -4.7870596e+07   9.134670e+01   0.000000e+00   3574s
  669761   -4.7870596e+07   1.649507e+02   0.000000e+00   3590s
  669881   -4.7870596e+07   4.709217e+02   0.000000e+00   3607s
  670001   -4.7870596e+07   1.438717e+02   0.000000e+00   3625s
  670121   -4.7870596e+07   1.485127e+02   0.000000e+00   3641s
  670241   -4.7870596e+07   1.492008e+02   0.000000e+00   3658s
  670361   -4.7870596e+07   2.396208e+02   0.000000e+00   3677s
  670481   -4.7870596e+07   1.315439e+02   0.000000e+00   3693s
  670601   -4.7870596e+07   2.898327e+02   0.000000e+00   3709s
  670721   -4.7870596e+07   2.175796e+02   0.000000e+00   3726s
  670841   -4.7870596e+07   1.845259e+02   0.000000e+00   3742s
  670961   -4.7870596e+07   4.281333e+02   0.000000e+00   3759s
  671081   -4.7870596e+07   7.595061e+01   0.000000e+00   3775s
  671201   -4.7870596e+07   4.284792e+01   0.000000e+00   3793s
  671321   -4.7870596e+07   9.410062e+01   0.000000e+00   3809s
  671441   -4.7870596e+07   2.670260e+02   0.000000e+00   3826s
  671561   -4.7870596e+07   1.423344e+02   0.000000e+00   3842s
  671681   -4.7870596e+07   1.693737e+02   0.000000e+00   3858s
  671801   -4.7870596e+07   5.801396e+02   0.000000e+00   3874s
  671921   -4.7870596e+07   3.146853e+02   0.000000e+00   3890s
  672041   -4.7870596e+07   4.680469e+02   0.000000e+00   3907s
  672141   -4.7870596e+07   1.015307e+03   0.000000e+00   3922s
  672241   -4.7870596e+07   2.075517e+02   0.000000e+00   3936s
  672361   -4.7870596e+07   1.095935e+02   0.000000e+00   3953s
  672481   -4.7870596e+07   3.112866e+02   0.000000e+00   3971s
  672601   -4.7870596e+07   7.735049e+01   0.000000e+00   3989s
  672721   -4.7870596e+07   7.017105e+01   0.000000e+00   4005s
  672841   -4.7870596e+07   1.865827e+02   0.000000e+00   4020s
  672961   -4.7870596e+07   5.504812e+03   0.000000e+00   4037s
  673071   -4.7870596e+07   6.536566e+02   0.000000e+00   4051s
  673171   -4.7870596e+07   4.778204e+01   0.000000e+00   4064s
  673281   -4.7870596e+07   1.215146e+03   0.000000e+00   4079s
  673421   -4.7870596e+07   4.646576e+03   0.000000e+00   4097s
  673521   -4.7870596e+07   1.210440e+02   0.000000e+00   4109s
  673641   -4.7870596e+07   1.105879e+02   0.000000e+00   4125s
  673761   -4.7870596e+07   1.790047e+03   0.000000e+00   4141s
  673881   -4.7870596e+07   1.167257e+02   0.000000e+00   4157s
  674001   -4.7870596e+07   1.745931e+02   0.000000e+00   4172s
  674121   -4.7870596e+07   5.016639e+01   0.000000e+00   4188s
  674241   -4.7870596e+07   1.636047e+02   0.000000e+00   4204s
  674361   -4.7870596e+07   5.874088e+01   0.000000e+00   4221s
  674481   -4.7870596e+07   3.880746e+01   0.000000e+00   4239s
  674601   -4.7870596e+07   8.907457e+02   0.000000e+00   4255s
  674721   -4.7870596e+07   1.391606e+03   0.000000e+00   4272s
  674841   -4.7870596e+07   7.401263e+01   0.000000e+00   4289s
  674961   -4.7870596e+07   5.582811e+01   0.000000e+00   4306s
  675081   -4.7870596e+07   4.353204e+02   0.000000e+00   4322s
  675201   -4.7870596e+07   1.129822e+02   0.000000e+00   4340s
  675321   -4.7870596e+07   3.036664e+01   0.000000e+00   4355s
  675441   -4.7870596e+07   5.124151e+01   0.000000e+00   4371s
  675561   -4.7870596e+07   3.812578e+01   0.000000e+00   4387s
  675681   -4.7870596e+07   3.703603e+01   0.000000e+00   4403s
  675801   -4.7870596e+07   9.268345e+01   0.000000e+00   4419s
  675921   -4.7870596e+07   3.776001e+01   0.000000e+00   4435s
  676041   -4.7870596e+07   3.583841e+01   0.000000e+00   4450s
  676161   -4.7870596e+07   5.950228e+01   0.000000e+00   4466s
  676281   -4.7870596e+07   3.353069e+01   0.000000e+00   4482s
  676401   -4.7870596e+07   1.364977e+02   0.000000e+00   4497s
  676521   -4.7870596e+07   6.005456e+01   0.000000e+00   4516s
  676641   -4.7870596e+07   1.627400e+02   0.000000e+00   4530s
  676761   -4.7870596e+07   2.926128e+01   0.000000e+00   4547s
  676871   -4.7870596e+07   1.571312e+03   0.000000e+00   4561s
  676971   -4.7870596e+07   6.480116e+02   0.000000e+00   4574s
  677091   -4.7870596e+07   2.202781e+02   0.000000e+00   4590s
  677211   -4.7870596e+07   4.882246e+01   0.000000e+00   4605s
  677331   -4.7870596e+07   7.541063e+01   0.000000e+00   4621s
  677451   -4.7870596e+07   6.520801e+01   0.000000e+00   4636s
  677571   -4.7870596e+07   1.666478e+01   0.000000e+00   4651s
  677691   -4.7870596e+07   8.632968e+01   0.000000e+00   4666s
  677791   -4.7870596e+07   8.859842e+01   0.000000e+00   4680s
  677911   -4.7870596e+07   2.471750e+02   0.000000e+00   4697s
  678031   -4.7870596e+07   4.284643e+01   0.000000e+00   4711s
  678151   -4.7870596e+07   2.300057e+02   0.000000e+00   4727s
  678271   -4.7870596e+07   4.664003e+01   0.000000e+00   4743s
  678391   -4.7870596e+07   7.302946e+01   0.000000e+00   4759s
  678511   -4.7870596e+07   4.153083e+01   0.000000e+00   4775s
  678631   -4.7870596e+07   7.642067e+01   0.000000e+00   4790s
  678731   -4.7870596e+07   4.742667e+01   0.000000e+00   4802s
  678851   -4.7870596e+07   1.468684e+02   0.000000e+00   4818s
  678971   -4.7870596e+07   2.229748e+01   0.000000e+00   4833s
  679091   -4.7870596e+07   2.020108e+01   0.000000e+00   4847s
  679211   -4.7870596e+07   3.438292e+01   0.000000e+00   4863s
  679311   -4.7870596e+07   1.048716e+02   0.000000e+00   4875s
  679441   -4.7870596e+07   2.730844e+02   0.000000e+00   4891s
  679561   -4.7870596e+07   5.825047e+01   0.000000e+00   4906s
  679671   -4.7870596e+07   2.237910e+01   0.000000e+00   4921s
  679771   -4.7870596e+07   1.851375e+01   0.000000e+00   4933s
  679871   -4.7870596e+07   1.328509e+01   0.000000e+00   4944s
  679991   -4.7870596e+07   1.723742e+01   0.000000e+00   4960s
  680111   -4.7870596e+07   2.602458e+01   0.000000e+00   4976s
  680221   -4.7870596e+07   3.237111e+01   0.000000e+00   4989s
  680321   -4.7870596e+07   5.326756e+01   0.000000e+00   5001s
  680441   -4.7870596e+07   2.365959e+01   0.000000e+00   5016s
  680541   -4.7870596e+07   2.837703e+01   0.000000e+00   5028s
  680661   -4.7870596e+07   9.836205e+00   0.000000e+00   5044s
  680761   -4.7870596e+07   8.564698e+01   0.000000e+00   5056s
  680861   -4.7870596e+07   2.515448e+01   0.000000e+00   5068s
  680981   -4.7870596e+07   3.506112e+01   0.000000e+00   5084s
  681111   -4.7870596e+07   3.681968e+01   0.000000e+00   5102s
  681231   -4.7870596e+07   6.594468e+00   0.000000e+00   5117s
  681331   -4.7870596e+07   2.174024e+02   0.000000e+00   5130s
  681451   -4.7870596e+07   1.892881e+01   0.000000e+00   5146s
  681551   -4.7870596e+07   7.103610e+00   0.000000e+00   5158s
  681671   -4.7870596e+07   4.515357e+00   0.000000e+00   5173s
  681791   -4.7870596e+07   7.112465e+01   0.000000e+00   5188s
  681911   -4.7870596e+07   7.346347e+00   0.000000e+00   5202s
  682031   -4.7870596e+07   8.093657e+00   0.000000e+00   5218s
  682151   -4.7870596e+07   1.249451e+01   0.000000e+00   5232s
  682271   -4.7870596e+07   8.939115e+00   0.000000e+00   5249s
  682391   -4.7870596e+07   1.253261e+01   0.000000e+00   5265s
  682491   -4.7870596e+07   8.857161e+01   0.000000e+00   5277s
  682591   -4.7870596e+07   6.280862e+01   0.000000e+00   5291s
  682711   -4.7870596e+07   1.684505e+01   0.000000e+00   5308s
  682831   -4.7870596e+07   1.159002e+01   0.000000e+00   5326s
  682951   -4.7870596e+07   1.875153e+01   0.000000e+00   5343s
  683051   -4.7870596e+07   4.583686e+00   0.000000e+00   5357s
  683171   -4.7870596e+07   1.481207e+00   0.000000e+00   5372s
  683291   -4.7870596e+07   6.697368e+00   0.000000e+00   5388s
  683411   -4.7870596e+07   5.691823e+00   0.000000e+00   5405s
  683531   -4.7870596e+07   2.739225e+01   0.000000e+00   5420s
  683651   -4.7870596e+07   2.474829e+00   0.000000e+00   5436s
  683771   -4.7870596e+07   5.204601e-01   0.000000e+00   5454s
  683891   -4.7870596e+07   2.360333e-01   0.000000e+00   5470s
  684011   -4.7870596e+07   1.610548e-01   0.000000e+00   5488s
  684131   -4.7870596e+07   1.126072e-01   0.000000e+00   5504s
  684251   -4.7870596e+07   8.918353e-03   0.000000e+00   5520s
  684369   -4.7870596e+07   0.000000e+00   0.000000e+00   5536s
  685029   -4.7870596e+07   0.000000e+00   8.085639e+02   5541s
  685526   -4.7870596e+07   0.000000e+00   2.459553e+03   5546s
  686020   -4.7870596e+07   0.000000e+00   1.756416e+03   5552s
  686348   -4.7870596e+07   0.000000e+00   3.317990e+02   5555s
  686841   -4.7870596e+07   0.000000e+00   4.731416e+02   5562s
  687332   -4.7870596e+07   0.000000e+00   2.386788e+03   5568s
  687496   -4.7870596e+07   0.000000e+00   5.770156e+02   5572s
  687657   -4.7870596e+07   0.000000e+00   1.631047e+02   5575s
  688147   -4.7870596e+07   0.000000e+00   9.610003e+02   5582s
  688309   -4.7870596e+07   0.000000e+00   4.317229e+02   5585s
  688966   -4.7870596e+07   0.000000e+00   4.211384e+02   5593s
  689129   -4.7870596e+07   0.000000e+00   1.524133e+03   5598s
  689292   -4.7870596e+07   0.000000e+00   9.752775e+02   5601s
  689620   -4.7870596e+07   0.000000e+00   1.645084e+03   5606s
  689944   -4.7870596e+07   0.000000e+00   4.293201e+02   5614s
  690107   -4.7870596e+07   0.000000e+00   4.418405e+03   5616s
  690434   -4.7870596e+07   0.000000e+00   8.055486e+03   5623s
  690596   -4.7870596e+07   0.000000e+00   1.034208e+03   5626s
  690919   -4.7870596e+07   0.000000e+00   6.960291e+02   5631s
  691247   -4.7870596e+07   0.000000e+00   3.147999e+02   5637s
  691411   -4.7870596e+07   0.000000e+00   8.335763e+01   5641s
  691738   -4.7870596e+07   0.000000e+00   8.007067e+02   5649s
  691899   -4.7870596e+07   0.000000e+00   1.419501e+02   5651s
  692063   -4.7870596e+07   0.000000e+00   1.214605e+03   5658s
  692225   -4.7870596e+07   0.000000e+00   2.912049e+03   5663s
  692389   -4.7870596e+07   0.000000e+00   8.625142e+01   5670s
  692876   -4.7870596e+07   0.000000e+00   1.223334e+03   5676s
  693198   -4.7870596e+07   0.000000e+00   1.001426e+02   5682s
  693684   -4.7870596e+07   0.000000e+00   2.741917e+02   5687s
  694007   -4.7870596e+07   0.000000e+00   6.661398e+02   5691s
  694494   -4.7870596e+07   0.000000e+00   5.277054e+02   5696s
  694819   -4.7870596e+07   0.000000e+00   2.318846e+01   5700s
  695473   -4.7870596e+07   0.000000e+00   2.542915e+02   5706s
  696123   -4.7870596e+07   0.000000e+00   5.771543e+01   5713s
  696449   -4.7870596e+07   0.000000e+00   1.090906e+02   5716s
  697100   -4.7870596e+07   0.000000e+00   4.396904e+02   5721s
  697423   -4.7870596e+07   0.000000e+00   2.215170e+02   5726s
  697905   -4.7870596e+07   0.000000e+00   2.362144e+02   5731s
  698552   -4.7870596e+07   0.000000e+00   1.393714e+02   5738s
  698877   -4.7870596e+07   0.000000e+00   6.535122e+02   5740s
  699362   -4.7870596e+07   0.000000e+00   9.060271e+01   5746s
  699846   -4.7870596e+07   0.000000e+00   3.149173e+02   5751s
  700329   -4.7870596e+07   0.000000e+00   2.926095e+02   5756s
  700648   -4.7870596e+07   0.000000e+00   2.265037e+02   5761s
  701132   -4.7870596e+07   0.000000e+00   3.346766e+02   5766s
  701614   -4.7870596e+07   0.000000e+00   4.208135e+01   5772s
  702092   -4.7870596e+07   0.000000e+00   3.155045e+02   5777s
  702250   -4.7870596e+07   0.000000e+00   1.051474e+02   5780s
  702890   -4.7870596e+07   0.000000e+00   1.498099e+02   5786s
  703371   -4.7870596e+07   0.000000e+00   1.190087e+02   5792s
  703691   -4.7870596e+07   0.000000e+00   9.462544e+01   5798s
  704174   -4.7870596e+07   0.000000e+00   5.970144e+02   5802s
  704495   -4.7870596e+07   0.000000e+00   3.303500e+02   5806s
  704790   -4.7870596e+07   2.966375e-02   0.000000e+00   5811s
  704910   -4.7870596e+07   1.967882e-02   0.000000e+00   5834s
  705030   -4.7870596e+07   1.167908e-02   0.000000e+00   5860s
  705150   -4.7870596e+07   1.374416e-03   0.000000e+00   5881s
  705270   -4.7870596e+07   2.353973e-04   0.000000e+00   5902s
  705390   -4.7870596e+07   3.427836e-04   0.000000e+00   5923s
  705510   -4.7870596e+07   1.952229e-04   0.000000e+00   5946s
  705513   -4.7870596e+07   0.000000e+00   0.000000e+00   5947s
Waiting for other threads to finish...        6136s
Waiting for other threads to finish...        6324s
Waiting for other threads to finish...        6512s
Waiting for other threads to finish...        6700s
Waiting for other threads to finish...        6888s
Waiting for other threads to finish...        7076s
Waiting for other threads to finish...        7264s
Waiting for other threads to finish...        7453s
Waiting for other threads to finish...        7641s
Waiting for other threads to finish...        7829s
Waiting for other threads to finish...        8017s
Waiting for other threads to finish...        8205s
Waiting for other threads to finish...        8393s
Waiting for other threads to finish...        8581s
Waiting for other threads to finish...        8784s
Waiting for other threads to finish...        8973s
Waiting for other threads to finish...        9161s
Waiting for other threads to finish...        9349s
Waiting for other threads to finish...        9537s
Waiting for other threads to finish...        9725s
Waiting for other threads to finish...        9913s
Waiting for other threads to finish...       10101s
Waiting for other threads to finish...       10289s
Waiting for other threads to finish...       10477s
Waiting for other threads to finish...       10665s
Concurrent spin time: 4853.00s (can be avoided by choosing Method=3)

Solved with barrier
  705513   -4.7870596e+07   0.000000e+00   0.000000e+00  10803s

Root relaxation: objective -4.787060e+07, 705513 iterations, 10645.73 seconds (13881.47 work units)

    Nodes    |    Current Node    |     Objective Bounds      |     Work
 Expl Unexpl |  Obj  Depth IntInf | Incumbent    BestBd   Gap | It/Node Time

     0     0 -4.787e+07    0 13112    0.00000 -4.787e+07      -     - 10805s

Explored 1 nodes (705513 simplex iterations) in 10806.93 seconds (14438.59 work units)
Thread count was 16 (of 18 available processors)

Solution count 1: 0 

Time limit reached
Best objective 0.000000000000e+00, best bound -4.787059588087e+07, gap -

---------------------------------------------------------------------------
Multi-objectives: stopped in 10808.12 seconds (14438.59 work units), solution count 1
Time Limit reached

