
Gurobi 11.0.0 (win64) logging started Sat Dec 21 07:19:49 2024

Set parameter LogFile to value "C:\Users\Administrator\Desktop\OptRail_Railroad_Construction\Data\Solution\AnzahlAuftraege_NEW_10\a10_o144_m6_an53_ar12\3_Objectives\hierarchical\gurobi_a10_o144_m6_an53_ar12_hierarchical.log"
Gurobi Optimizer version 11.0.0 build v11.0.0rc2 (win64 - Windows Server 2022.0 (20348.2))

CPU model: AMD EPYC 7513 32-Core Processor, instruction set [SSE2|AVX|AVX2]
Thread count: 18 physical cores, 18 logical processors, using up to 16 threads

Optimize a model with 3522 rows, 253468 columns and 1171862 nonzeros
Model fingerprint: 0x03618071
Variable types: 0 continuous, 253468 integer (253468 binary)
Coefficient statistics:
  Matrix range     [1e+00, 1e+01]
  Objective range  [1e+00, 2e+02]
  Bounds range     [1e+00, 1e+00]
  RHS range        [1e+00, 2e+02]

---------------------------------------------------------------------------
Multi-objectives: starting optimization with 3 objectives ... 
---------------------------------------------------------------------------

Multi-objectives: applying initial presolve ...
---------------------------------------------------------------------------

Presolve added 0 rows and 215 columns
Presolve removed 8 rows and 0 columns
Presolve time: 1.30s
Presolved: 3514 rows, 253683 columns, 1121077 nonzeros
---------------------------------------------------------------------------

Multi-objectives: optimize objective 1 () ...
---------------------------------------------------------------------------

Found heuristic solution: objective 0.0000000
Presolve removed 885 rows and 131707 columns
Presolve time: 2.00s
Presolved: 2629 rows, 121976 columns, 951973 nonzeros
Variable types: 0 continuous, 121976 integer (121903 binary)
Deterministic concurrent LP optimizer: primal simplex, dual simplex, and barrier
Showing barrier log only...

Root barrier log...

Ordering time: 0.02s

Barrier statistics:
 AA' NZ     : 1.399e+05
 Factor NZ  : 2.658e+05 (roughly 27 MB of memory)
 Factor Ops : 5.527e+07 (less than 1 second per iteration)
 Threads    : 14

                  Objective                Residual
Iter       Primal          Dual         Primal    Dual     Compl     Time
   0  -3.77739035e+02 -4.17405284e+04  2.44e+05 1.32e-01  3.35e+01     4s
   1  -1.08877048e+02 -4.03109989e+04  7.09e+04 2.67e-01  9.91e+00     4s
   2  -9.42448640e+00 -3.49597238e+04  4.75e+03 2.41e-02  9.12e-01     4s
   3  -1.01490426e+01 -1.51754475e+04  2.51e+03 4.43e-03  4.06e-01     4s
   4  -7.76416722e+00 -1.37093452e+04  9.00e+02 5.03e-03  2.12e-01     4s
   5  -7.55612936e+00 -5.76498639e+03  3.11e+02 1.68e-03  7.88e-02     4s
   6  -7.13457538e+00 -2.08015997e+03  8.73e+01 1.47e-04  2.55e-02     4s
   7  -6.94857462e+00 -1.19130284e+03  3.15e+01 7.73e-05  1.27e-02     4s
   8  -6.84599723e+00 -5.78121829e+02  1.21e+01 2.27e-05  5.79e-03     4s
   9  -6.83309882e+00 -3.92059989e+02  3.30e+00 6.79e-06  3.50e-03     4s
  10  -6.77008753e+00 -3.41343889e+02  1.23e+00 2.31e-06  2.91e-03     4s
  11  -6.01954563e+00 -2.83257375e+02  2.18e-02 3.13e-15  2.33e-03     4s
  12  -5.35260990e+00 -8.05251292e+01  3.88e-06 2.43e-15  6.19e-04     4s
  13  -5.88230178e+00 -3.13759908e+01  9.97e-14 1.63e-15  2.10e-04     4s
  14  -5.97742497e+00 -2.19035581e+01  8.93e-14 9.82e-16  1.31e-04     4s
  15  -6.03219919e+00 -2.05390611e+01  7.96e-14 9.56e-16  1.20e-04     4s
  16  -6.20187329e+00 -1.81505780e+01  5.12e-14 9.44e-16  9.85e-05     4s
  17  -6.23384498e+00 -1.45819209e+01  1.15e-13 8.88e-16  6.88e-05     4s
  18  -6.38387443e+00 -9.06623014e+00  8.72e-14 7.58e-16  2.21e-05     5s
  19  -6.49509897e+00 -6.52907202e+00  1.55e-13 4.64e-16  2.80e-07     5s
  20  -6.49999997e+00 -6.50000076e+00  2.06e-13 4.83e-16  6.46e-12     5s
  21  -6.50000000e+00 -6.50000000e+00  3.45e-13 6.66e-16  7.71e-18     5s

Barrier solved model in 21 iterations and 4.55 seconds (9.26 work units)
Optimal objective -6.50000000e+00


Root crossover log...

     499 DPushes remaining with DInf 0.0000000e+00                 5s
       0 DPushes remaining with DInf 0.0000000e+00                 5s

       9 PPushes remaining with PInf 0.0000000e+00                 5s
       0 PPushes remaining with PInf 0.0000000e+00                 5s

  Push phase complete: Pinf 0.0000000e+00, Dinf 1.2767565e-14      5s


Root simplex log...

Iteration    Objective       Primal Inf.    Dual Inf.      Time
     275   -6.5000000e+00   0.000000e+00   0.000000e+00      5s
Concurrent spin time: 0.00s

Solved with barrier
     275   -6.5000000e+00   0.000000e+00   0.000000e+00      5s

Use crossover to convert LP symmetric solution to basic solution...

Root crossover log...

     743 DPushes remaining with DInf 0.0000000e+00                 5s
       0 DPushes remaining with DInf 0.0000000e+00                 5s

     538 PPushes remaining with PInf 0.0000000e+00                 5s
       0 PPushes remaining with PInf 0.0000000e+00                 5s

  Push phase complete: Pinf 0.0000000e+00, Dinf 9.4368957e-15      5s


Root simplex log...

Iteration    Objective       Primal Inf.    Dual Inf.      Time
    1156   -6.5000000e+00   0.000000e+00   0.000000e+00      5s
    1156   -6.5000000e+00   0.000000e+00   0.000000e+00      5s

Root relaxation: objective -6.500000e+00, 1156 iterations, 1.72 seconds (1.60 work units)
Total elapsed time = 12.14s (DegenMoves)

    Nodes    |    Current Node    |     Objective Bounds      |     Work
 Expl Unexpl |  Obj  Depth IntInf | Incumbent    BestBd   Gap | It/Node Time

     0     0   -6.50000    0   56    0.00000   -6.50000      -     -   14s
H    0     0                      -4.0000000   -6.50000  62.5%     -   15s
H    0     0                      -6.0000000   -6.50000  8.33%     -   20s
     0     0   -6.00000    0  133   -6.00000   -6.00000  0.00%     -   20s

Cutting planes:
  MIR: 2
  Zero half: 10

Explored 1 nodes (92174 simplex iterations) in 20.81 seconds (29.37 work units)
Thread count was 16 (of 18 available processors)

Solution count 3: -6 -4 0 
No other solutions better than -6

Optimal solution found (tolerance 1.00e-04)
Best objective -6.000000000000e+00, best bound -6.000000000000e+00, gap 0.0000%
---------------------------------------------------------------------------

Multi-objectives: optimize objective 2 () ...
---------------------------------------------------------------------------


Loaded user MIP start with objective 144

Presolve removed 0 rows and 131328 columns
Presolve time: 1.27s
Presolved: 3515 rows, 122355 columns, 1107447 nonzeros
Variable types: 0 continuous, 122355 integer (122282 binary)
Found heuristic solution: objective 38.0000000
Deterministic concurrent LP optimizer: primal simplex, dual simplex, and barrier
Showing barrier log only...

Root barrier log...

Ordering time: 0.20s

Barrier statistics:
 AA' NZ     : 3.943e+05
 Factor NZ  : 1.180e+06 (roughly 60 MB of memory)
 Factor Ops : 5.451e+08 (less than 1 second per iteration)
 Threads    : 14

                  Objective                Residual
Iter       Primal          Dual         Primal    Dual     Compl     Time
   0   2.63267734e+03 -6.63981997e+04  2.29e+05 8.46e-02  1.02e+01    23s
   1   1.78768591e+03 -6.34410429e+04  8.03e+04 1.81e-01  3.68e+00    23s
   2   5.97133958e+02 -5.14619687e+04  2.25e+04 1.90e-02  1.10e+00    23s
   3   2.85633817e+02 -4.40315467e+04  7.68e+03 1.06e-02  4.65e-01    23s
   4   2.30014004e+02 -2.02017807e+04  5.20e+03 1.44e-15  2.44e-01    23s
   5   1.13030054e+02 -1.23245286e+04  1.48e+03 5.97e-04  9.30e-02    23s
   6   3.12953646e+01 -6.67544983e+03  4.69e+02 8.88e-15  4.00e-02    23s
   7   9.05670080e+00 -3.17337701e+03  1.12e+02 4.44e-15  1.59e-02    23s
   8   4.63026599e+00 -2.10401393e+03  2.75e+01 2.66e-15  9.27e-03    23s
   9   3.74652356e+00 -1.39377296e+03  1.33e+01 8.88e-16  6.05e-03    23s
  10   2.47412139e+00 -9.03555257e+02  2.73e+00 1.78e-15  3.78e-03    23s
  11   1.34141196e+00 -7.67914571e+02  8.67e-01 1.78e-15  3.16e-03    23s
  12   1.10594576e+00 -6.42770022e+02  6.58e-01 1.15e-05  2.64e-03    23s
  13   1.06878433e+00 -5.49532385e+02  4.91e-01 6.41e-05  2.26e-03    23s
  14   9.50714972e-01 -4.43060769e+02  2.87e-02 5.76e-05  1.82e-03    23s
  15   5.96721799e-01 -1.80375384e+02  8.05e-03 2.31e-05  7.40e-04    24s
  16   3.65328106e-01 -2.92535741e+01  2.27e-03 1.93e-15  1.21e-04    24s
  17   2.33931514e-01 -9.87731578e+00  1.20e-03 7.77e-16  4.13e-05    24s
  18   1.41877601e-01 -3.23437011e+00  7.69e-04 6.41e-16  1.38e-05    24s
  19   1.89532442e-02 -4.75096985e-01  6.36e-05 7.72e-16  2.01e-06    24s
  20   6.85976693e-05 -1.99453912e-03  1.68e-12 1.01e-15  8.39e-09    24s
  21   8.68033415e-11 -2.77232986e-09  2.39e-12 7.81e-16  1.16e-14    24s

Barrier solved model in 21 iterations and 23.69 seconds (33.86 work units)
Optimal objective 8.68033415e-11

  Building initial crossover basis                                25s

Root crossover log...

    1042 DPushes remaining with DInf 0.0000000e+00                25s
       0 DPushes remaining with DInf 0.0000000e+00                25s

     351 PPushes remaining with PInf 2.5020677e-06                25s
       0 PPushes remaining with PInf 0.0000000e+00                25s

  Push phase complete: Pinf 0.0000000e+00, Dinf 0.0000000e+00     25s


Root simplex log...

Iteration    Objective       Primal Inf.    Dual Inf.      Time
     947    0.0000000e+00   0.000000e+00   0.000000e+00     25s

Solved with barrier
     947    0.0000000e+00   0.000000e+00   0.000000e+00     25s

Root relaxation: objective 0.000000e+00, 947 iterations, 3.14 seconds (3.24 work units)
Total elapsed time = 34.86s (DegenMoves)
Total elapsed time = 47.78s (DegenMoves)
Total elapsed time = 51.38s (DegenMoves)

    Nodes    |    Current Node    |     Objective Bounds      |     Work
 Expl Unexpl |  Obj  Depth IntInf | Incumbent    BestBd   Gap | It/Node Time

     0     0    0.00000    0   53   38.00000    0.00000   100%     -   53s
H    0     0                      17.0000000    0.00000   100%     -   55s
     0     0    0.00000    0 1280   17.00000    0.00000   100%     -   77s
H    0     0                       1.0000000    0.00000   100%     -   77s
     0     0    0.00000    0  164    1.00000    0.00000   100%     -  107s
     0     0    0.00000    0  193    1.00000    0.00000   100%     -  110s
     0     0    0.00000    0  364    1.00000    0.00000   100%     -  119s
     0     0    0.00000    0 1446    1.00000    0.00000   100%     -  144s
     0     0    0.00000    0 1284    1.00000    0.00000   100%     -  155s
     0     0    0.00000    0 1346    1.00000    0.00000   100%     -  165s
     0     0    0.00000    0 1314    1.00000    0.00000   100%     -  177s
     0     0    0.00000    0 1383    1.00000    0.00000   100%     -  187s
     0     0    0.00000    0 1312    1.00000    0.00000   100%     -  196s
     0     0 infeasible    0         1.00000    1.00000  0.00%     -  210s

Explored 1 nodes (343749 simplex iterations) in 210.99 seconds (361.27 work units)
Thread count was 16 (of 18 available processors)

Solution count 4: 1 17 38 144 

Optimal solution found (tolerance 1.00e-04)
Best objective 1.000000000000e+00, best bound 1.000000000000e+00, gap 0.0000%
---------------------------------------------------------------------------

Multi-objectives: optimize objective 3 () ...
---------------------------------------------------------------------------


Loaded user MIP start with objective 6589.83

Presolve removed 73 rows and 139846 columns
Presolve time: 4.06s
Presolved: 3443 rows, 113837 columns, 1074176 nonzeros
Variable types: 0 continuous, 113837 integer (113764 binary)
Deterministic concurrent LP optimizer: primal simplex, dual simplex, and barrier
Showing barrier log only...

Root barrier log...

Ordering time: 0.19s

Barrier statistics:
 AA' NZ     : 3.700e+05
 Factor NZ  : 1.090e+06 (roughly 60 MB of memory)
 Factor Ops : 4.885e+08 (less than 1 second per iteration)
 Threads    : 14

                  Objective                Residual
Iter       Primal          Dual         Primal    Dual     Compl     Time
   0   1.25545325e+08 -2.78853179e+07  2.29e+05 2.84e-14  5.15e+03   216s
   1   4.58653443e+07 -2.68016028e+07  8.37e+04 1.13e+02  1.93e+03   216s
   2   1.61151184e+07 -2.36842179e+07  2.94e+04 3.62e+01  7.16e+02   216s
   3   2.96335308e+06 -1.48450813e+07  5.40e+03 6.25e-13  1.62e+02   216s
   4   1.55555523e+06 -1.12234527e+07  2.83e+03 7.82e-13  9.67e+01   216s
   5   1.23600078e+06 -7.53471603e+06  2.24e+03 4.41e-13  6.85e+01   216s
   6   6.81583465e+05 -6.04065988e+06  1.23e+03 1.59e-11  4.53e+01   216s
   7   1.86646045e+05 -2.51161213e+06  3.22e+02 4.77e-12  1.56e+01   216s
   8   3.95436662e+04 -1.55690273e+06  5.27e+01 1.14e-12  7.57e+00   216s
   9   1.87180083e+04 -9.18149600e+05  1.53e+01 1.83e-12  4.26e+00   216s
  10   1.22294538e+04 -6.97109251e+05  4.69e+00 1.29e-12  3.16e+00   216s
  11   1.14420504e+04 -6.18009114e+05  3.94e+00 8.83e-13  2.81e+00   216s
  12   9.42374100e+03 -4.72947544e+05  1.92e+00 8.71e-13  2.14e+00   216s
  13   8.18663431e+03 -3.87410750e+05  8.40e-01 7.86e-13  1.74e+00   216s
  14   7.22344886e+03 -3.12475996e+05  1.43e-01 8.68e-13  1.41e+00   216s
  15   6.82182985e+03 -1.72609316e+05  2.65e-02 1.28e-12  7.90e-01   216s
  16   6.17138387e+03 -1.30796502e+05  1.42e-02 9.44e-13  6.02e-01   216s
  17   5.12699075e+03 -7.63904366e+04  3.36e-03 9.64e-13  3.57e-01   216s
  18   4.89552899e+03 -3.88661003e+04  2.33e-03 1.25e-12  1.92e-01   217s
  19   4.87484570e+03 -2.55019480e+04  2.14e-03 9.33e-13  1.33e-01   217s
  20   4.66775808e+03 -1.73947962e+04  1.58e-03 9.09e-13  9.65e-02   217s
  21   4.36464344e+03 -1.21693434e+04  1.05e-03 9.47e-13  7.23e-02   217s
  22   4.01560413e+03 -4.42107547e+03  5.58e-04 9.09e-13  3.69e-02   217s
  23   3.91928526e+03 -2.27021110e+03  2.38e-03 4.59e-13  2.70e-02   217s
  24   3.78172068e+03 -1.03858312e+03  2.84e-03 3.68e-13  2.11e-02   217s
  25   3.74103391e+03  2.68867166e+02  2.68e-03 2.28e-13  1.52e-02   217s
  26   3.63779008e+03  6.32256481e+02  2.00e-03 2.41e-13  1.31e-02   217s
  27   3.53774058e+03  1.36704699e+03  1.34e-03 2.34e-13  9.48e-03   217s
  28   3.41890607e+03  1.81849527e+03  6.66e-04 2.54e-13  6.99e-03   217s
  29   3.39031027e+03  2.16849204e+03  5.53e-04 2.27e-13  5.34e-03   217s
  30   3.34893871e+03  2.46588355e+03  3.99e-04 2.04e-13  3.86e-03   217s
  31   3.33787786e+03  2.69243793e+03  3.46e-04 2.82e-13  2.82e-03   217s
  32   3.28019107e+03  2.88010079e+03  1.37e-04 4.55e-13  1.75e-03   217s
  33   3.25652017e+03  3.03750398e+03  6.72e-05 1.03e-12  9.56e-04   217s
  34   3.25579616e+03  3.05285491e+03  6.52e-05 4.55e-13  8.86e-04   217s
  35   3.24983341e+03  3.12813696e+03  5.23e-05 5.68e-13  5.31e-04   217s
  36   3.23618626e+03  3.16929278e+03  2.28e-05 9.75e-13  2.92e-04   217s
  37   3.22917664e+03  3.21586412e+03  9.53e-06 6.82e-13  5.81e-05   217s
  38   3.22357410e+03  3.22244512e+03  4.26e-07 5.68e-13  4.93e-06   217s
  39   3.22320914e+03  3.22320699e+03  1.20e-09 4.12e-13  9.39e-09   217s
  40   3.22320794e+03  3.22320794e+03  5.65e-12 5.06e-13  2.32e-13   217s

Barrier solved model in 40 iterations and 217.16 seconds (371.12 work units)
Optimal objective 3.22320794e+03


Root crossover log...

    2685 DPushes remaining with DInf 0.0000000e+00               217s
       0 DPushes remaining with DInf 0.0000000e+00               217s

    1593 PPushes remaining with PInf 0.0000000e+00               217s
       0 PPushes remaining with PInf 0.0000000e+00               217s

  Push phase complete: Pinf 0.0000000e+00, Dinf 6.9846351e-12    217s


Root simplex log...

Iteration    Objective       Primal Inf.    Dual Inf.      Time
    3896    3.2232079e+03   0.000000e+00   0.000000e+00    217s

Solved with barrier

Root relaxation: objective 3.223208e+03, 3896 iterations, 2.02 seconds (2.19 work units)

    Nodes    |    Current Node    |     Objective Bounds      |     Work
 Expl Unexpl |  Obj  Depth IntInf | Incumbent    BestBd   Gap | It/Node Time

     0     0 3223.20794    0  282 6589.83170 3223.20794  51.1%     -  220s
H    0     0                    5113.5572287 3223.20794  37.0%     -  221s
     0     0 3287.81042    0  534 5113.55723 3287.81042  35.7%     -  224s
H    0     0                    4926.7721625 3287.94877  33.3%     -  225s
     0     0 3389.97708    0  458 4926.77216 3389.97708  31.2%     -  228s
H    0     0                    4899.1345744 3389.97708  30.8%     -  229s
     0     0 3389.97708    0  453 4899.13457 3389.97708  30.8%     -  229s
     0     0 3396.31910    0  527 4899.13457 3396.31910  30.7%     -  232s
     0     0 3398.63670    0  521 4899.13457 3398.63670  30.6%     -  234s
     0     0 3398.63670    0  519 4899.13457 3398.63670  30.6%     -  234s
     0     0 3403.71997    0  494 4899.13457 3403.71997  30.5%     -  236s
H    0     0                    4826.8899716 3403.71997  29.5%     -  237s
     0     0 3403.71997    0  495 4826.88997 3403.71997  29.5%     -  237s
H    0     0                    4694.6664215 3403.71997  27.5%     -  239s
     0     0 3408.90401    0  466 4694.66642 3408.90401  27.4%     -  241s
     0     0 3408.90401    0  466 4694.66642 3408.90401  27.4%     -  242s
H    0     0                    4675.4601942 3408.90401  27.1%     -  243s
     0     0 3409.72359    0  487 4675.46019 3409.72359  27.1%     -  244s
     0     0 3411.81666    0  454 4675.46019 3411.81666  27.0%     -  245s
     0     0 3413.75589    0  489 4675.46019 3413.75589  27.0%     -  247s
     0     0 3413.75589    0  491 4675.46019 3413.75589  27.0%     -  247s
H    0     0                    4448.3503771 3414.25902  23.2%     -  249s
     0     0 3414.25902    0  483 4448.35038 3414.25902  23.2%     -  249s
     0     0 3414.25902    0  483 4448.35038 3414.25902  23.2%     -  252s
     0     2 3414.25902    0  463 4448.35038 3414.25902  23.2%     -  259s
     1     4 3625.83350    1  472 4448.35038 3414.25902  23.2% 25843  262s
     7    10 3671.60019    3  458 4448.35038 3466.13188  22.1%  5369  265s
    34    31 3682.32001    6  331 4448.35038 3499.58626  21.3%  1816  270s
    50    47 3708.86227    7  304 4448.35038 3512.16971  21.0%  1455  295s
    82    73 3712.26963    8  315 4448.35038 3521.61952  20.8%  1079  310s
   188   152 3754.63494   14  313 4448.35038 3521.61952  20.8%   764  315s
   269   210 3899.49015   15  172 4448.35038 3521.61952  20.8%   715  320s
   378   270 infeasible   18      4448.35038 3521.61952  20.8%   623  325s
   502   369 3648.15667   10  199 4448.35038 3533.92427  20.6%   565  330s
   656   462 3665.29822   15  112 4448.35038 3533.92427  20.6%   510  335s
   825   579 3676.70870   24  199 4448.35038 3533.92427  20.6%   478  340s
   978   651 3682.54024   28  201 4448.35038 3533.92427  20.6%   448  346s
  1096   717 3725.99880   33  120 4448.35038 3533.92427  20.6%   443  350s
  1238   786 3799.10259   38  135 4448.35038 3533.92427  20.6%   431  355s
  1447   945 3819.48349   42   87 4448.35038 3533.92427  20.6%   431  362s
  1528   981 infeasible   44      4448.35038 3533.92427  20.6%   432  365s
  1692  1026 infeasible   44      4448.35038 3533.92427  20.6%   437  371s
  1841  1120 infeasible   10      4448.35038 3600.88386  19.1%   450  376s
  2084  1219 3680.03957   11  109 4448.35038 3600.88386  19.1%   437  383s
  2190  1250 4172.61255   15  408 4448.35038 3600.88386  19.1%   437  387s
  2269  1300     cutoff   16      4448.35038 3600.88386  19.1%   443  391s
  2383  1330 3800.99008   16  183 4448.35038 3600.88386  19.1%   442  395s
  2601  1414 3932.01952   26  245 4448.35038 3600.88386  19.1%   447  460s
  2643  1439 4029.85256   33  216 4448.35038 3600.88386  19.1%   446  525s
  2723  1470 infeasible   34      4448.35038 3602.73377  19.0%   445  530s
  2982  1547 3629.15366   17  258 4448.35038 3602.73377  19.0%   453  538s
  3096  1597 3791.03366   28  238 4448.35038 3602.73377  19.0%   460  543s
  3228  1719 infeasible   42      4448.35038 3614.87697  18.7%   461  549s
  3411  1720 4063.32997   25  483 4448.35038 3614.87697  18.7%   461  569s
  3413  1721 3805.38861   17  223 4448.35038 3614.87697  18.7%   461  580s
  3414  1722 3711.62509   26  557 4448.35038 3614.87697  18.7%   461  594s
  3415  1723 3842.11290   16  405 4448.35038 3614.87697  18.7%   461  597s
  3416  1723 3733.46414   13  416 4448.35038 3614.87697  18.7%   461  600s
  3418  1725 3645.55011   14  516 4448.35038 3614.87697  18.7%   460  627s
  3420  1726 3757.29115   11  381 4448.35038 3614.87697  18.7%   460  630s
  3424  1730 3799.10259   39  483 4448.35038 3614.87697  18.7%   490  637s
  3426  1731 3791.03366   29  265 4448.35038 3614.87697  18.7%   489  659s
  3427  1732 3669.04578   30  546 4448.35038 3614.87697  18.7%   489  668s
  3428  1733 3678.73953   15  403 4448.35038 3614.87697  18.7%   489  672s
  3429  1733 3784.19813   41  455 4448.35038 3614.87697  18.7%   489  676s
  3430  1734 3683.04322   24  432 4448.35038 3614.87697  18.7%   489  683s
  3431  1735 3646.03048   27  511 4448.35038 3614.87697  18.7%   489  713s
  3433  1736 3668.67594   23  547 4448.35038 3614.87697  18.7%   488  718s
  3434  1737 3655.68285   18  504 4448.35038 3614.87697  18.7%   488  725s
  3436  1738 3634.77515   10  506 4448.35038 3614.87697  18.7%   488  733s
  3437  1739 4095.20453   21  518 4448.35038 3614.87697  18.7%   488  736s
  3438  1739 3698.93454   11  512 4448.35038 3614.87697  18.7%   488  740s
  3440  1741 3731.46791   22  512 4448.35038 3614.87697  18.7%   487  768s
  3441  1744 3718.18639   23  518 4448.35038 3614.87697  18.7%   542  776s
  3447  1751 3719.00737   25  336 4448.35038 3614.87697  18.7%   545  782s
  3455  1759 3723.13186   26  503 4448.35038 3626.83729  18.5%   546  786s
  3468  1767 3794.35217   27  427 4448.35038 3632.55996  18.3%   549  807s
  3484  1774 3797.08705   28  473 4448.35038 3638.04679  18.2%   553  810s
  3516  1789 3803.78565   29  418 4448.35038 3650.59912  17.9%   562  817s
  3532  1803 3960.44421   29  296 4448.35038 3653.77362  17.9%   566  820s
  3555  1803 3937.95612   30  291 4448.35038 3657.58844  17.8%   566  832s
  3578  1812 3818.57084   30  298 4448.35038 3657.58844  17.8%   569  844s
  3605  1823 infeasible   31      4448.35038 3659.21038  17.7%   573  847s
  3640  1819 3973.78316   33  333 4448.35038 3659.21038  17.7%   572  851s
  3670  1825 4048.96431   34  269 4448.35038 3659.21038  17.7%   578  869s
  3699  1819 4160.38783   34  213 4448.35038 3659.21038  17.7%   579  873s
  3741  1813 4074.86354   36  236 4448.35038 3659.21038  17.7%   580  877s
  3786  1814 4132.64954   38  203 4448.35038 3659.21038  17.7%   582  883s
  3835  1802 infeasible   40      4448.35038 3659.21038  17.7%   584  890s
  3887  1790 4306.61912   43  187 4448.35038 3666.24982  17.6%   589  895s
  3943  1781 3858.25448   31   93 4448.35038 3666.24982  17.6%   594  902s
  3985  1768 3904.93270   34  264 4448.35038 3666.24982  17.6%   603  909s
  4040  1747 4095.91478   35  149 4448.35038 3666.24982  17.6%   607  916s
  4092  1725     cutoff   38      4448.35038 3674.84872  17.4%   613 3900s
  4119  1716 3791.79357   31  179 4448.35038 3674.84872  17.4%   621 3910s
  4146  1717 3800.64049   32  155 4448.35038 3674.84872  17.4%   626 3937s
  4185  1712 infeasible   34      4448.35038 3674.84872  17.4%   632 3964s
  4219  1714 infeasible   34      4448.35038 3674.84872  17.4%   640 3979s
H 4230  1622                    4448.3503574 3674.84872  17.4%   639 3979s
  4290  1590 infeasible   36      4448.35036 3674.84872  17.4%   641 4009s
  4341  1590 infeasible   37      4448.35036 3674.84872  17.4%   649 4078s
H 4342  1507                    4448.3502186 3674.84872  17.4%   648 4078s
H 4345  1427                    4448.3500987 3674.84872  17.4%   650 4078s
  4385  1418 infeasible   38      4448.35010 3687.18291  17.1%   649 4088s
  4506  1377     cutoff   30      4448.35010 3712.61063  16.5%   656 4098s
  4602  1343 4017.59245   41  161 4448.35010 3712.61063  16.5%   664 4129s
  4651  1337 4017.59245   42  160 4448.35010 3789.94194  14.8%   675 4139s
  4763  1327 4051.21252   40  451 4448.35010 3789.94194  14.8%   685 4152s
  4947  1285 infeasible   41      4448.35010 3789.94194  14.8%   682 4164s
  5140  1232     cutoff   35      4448.35010 3886.12414  12.6%   678 4175s
  5390  1174 4228.51696   35  519 4448.35010 3912.67153  12.0%   670 4188s
  5669  1081     cutoff   32      4448.35010 3912.67153  12.0%   656 4198s
  6042   957 4307.82737   35  193 4448.35010 3942.72326  11.4%   637 4209s
  6427   847 infeasible   45      4448.35010 3942.72326  11.4%   618 4221s
  6904   579 4261.25146   45  317 4448.35010 4136.77413  7.00%   592 4234s
  7563   132 4372.98475   34  199 4448.35010 4298.92507  3.36%   556 4248s

Cutting planes:
  Gomory: 8
  Cover: 28
  Implied bound: 1
  Clique: 4
  MIR: 13
  Flow cover: 76
  Inf proof: 3
  Zero half: 50

Explored 8241 nodes (4392651 simplex iterations) in 4249.88 seconds (7335.78 work units)
Thread count was 16 (of 18 available processors)

Solution count 10: 4448.35 4448.35 4448.35 ... 6589.83

Optimal solution found (tolerance 1.00e-04)
Best objective 4.448350098754e+03, best bound 4.448350098754e+03, gap 0.0000%

---------------------------------------------------------------------------
Multi-objectives: solved in 4250.26 seconds (7335.78 work units), solution count 10

