
Gurobi 10.0.3 (mac64[arm]) logging started Sun Mar 16 11:24:30 2025

Set parameter LogFile to value "/Users/niklas/Desktop/Diplomarbeit/OptRail_Railroad_Construction/Data/Solution_math_model/AnzahlAuftraege_NEW_25/a25_o306_m13_an127_ar31/1_Objectives/construction_fulfillment/gurobi_a25_o306_m13_an127_ar31_construction_fulfillment.log"
Gurobi Optimizer version 10.0.3 build v10.0.3rc0 (mac64[arm])

CPU model: Apple M1 Pro
Thread count: 8 physical cores, 8 logical processors, using up to 16 threads

Warning: Thread count (16) is larger than processor count (8)
         Reduce the value of the Threads parameter to improve performance


Optimize a model with 9969 rows, 2608311 columns and 4371712 nonzeros
Model fingerprint: 0xd9a273e6
Variable types: 0 continuous, 2608311 integer (2608311 binary)
Coefficient statistics:
  Matrix range     [1e+00, 1e+01]
  Objective range  [1e+00, 1e+00]
  Bounds range     [1e+00, 1e+00]
  RHS range        [1e+00, 2e+02]
Found heuristic solution: objective -0.0000000
Presolve removed 6 rows and 1360228 columns (presolve time = 5s) ...
Presolve removed 6 rows and 1360228 columns
Presolve time: 5.89s
Presolved: 9963 rows, 1248083 columns, 4334316 nonzeros
Variable types: 0 continuous, 1248083 integer (1248083 binary)
Found heuristic solution: objective 1.0000000
Deterministic concurrent LP optimizer: primal simplex, dual simplex, and barrier
Showing barrier log only...

Root barrier log...

Ordering time: 0.00s

Barrier statistics:
 AA' NZ     : 2.848e+05
 Factor NZ  : 7.075e+05 (roughly 60 MB of memory)
 Factor Ops : 3.937e+08 (less than 1 second per iteration)
 Threads    : 14

                  Objective                Residual
Iter       Primal          Dual         Primal    Dual     Compl     Time
   0   2.18558802e+03  3.68364935e+03  3.22e+05 7.22e-01  2.43e+01     8s
   1   2.01787137e+02  3.87019125e+03  4.54e+04 8.53e-14  3.55e+00     8s
   2   5.02153025e+01  2.71796077e+03  4.36e+03 2.49e-14  3.51e-01     8s
   3   3.64045547e+01  1.03999478e+03  1.63e+03 1.42e-14  1.31e-01     8s
   4   3.51531791e+01  6.04375620e+02  1.35e+03 4.97e-13  1.04e-01     8s
   5   3.42558721e+01  4.09995615e+02  9.95e+02 2.84e-14  7.66e-02     8s
   6   2.64699653e+01  4.25147742e+02  2.20e+02 4.97e-14  1.80e-02     8s
   7   2.54067127e+01  3.93579483e+02  8.09e+01 2.84e-14  7.39e-03     8s
   8   2.51339913e+01  3.41277266e+02  6.17e+01 4.26e-14  5.63e-03     8s
   9   2.48397804e+01  2.18941172e+02  3.56e+01 1.11e-12  3.21e-03     8s
  10   2.38636893e+01  1.83175783e+02  1.80e+01 8.10e-13  1.84e-03     8s
  11   2.24308540e+01  1.26149371e+02  9.25e+00 5.58e-13  1.03e-03     8s
  12   2.21826307e+01  1.03715085e+02  3.32e+00 4.32e-13  5.33e-04     8s
  13   2.20820425e+01  8.49512535e+01  9.42e-01 3.27e-13  3.02e-04     8s
  14   2.20018120e+01  4.94683546e+01  1.83e-02 1.23e-13  1.17e-04     8s
  15   2.19050045e+01  2.96799484e+01  1.21e-03 3.55e-14  3.04e-05     8s
  16   2.21853623e+01  2.51968687e+01  5.00e-04 1.07e-14  1.16e-05     8s
  17   2.24896914e+01  2.33978069e+01  2.62e-05 3.55e-15  3.32e-06     8s
  18   2.24999819e+01  2.25008972e+01  1.89e-13 3.55e-15  3.32e-09     9s
  19   2.25000000e+01  2.25000000e+01  4.71e-14 3.55e-15  3.32e-15     9s

Barrier solved model in 19 iterations and 8.54 seconds (23.68 work units)
Optimal objective 2.25000000e+01


Root crossover log...

     280 DPushes remaining with DInf 0.0000000e+00                 9s
       0 DPushes remaining with DInf 0.0000000e+00                 9s

       3 PPushes remaining with PInf 0.0000000e+00                 9s
       0 PPushes remaining with PInf 0.0000000e+00                 9s

  Push phase complete: Pinf 0.0000000e+00, Dinf 0.0000000e+00      9s


Root simplex log...

Iteration    Objective       Primal Inf.    Dual Inf.      Time
     138    2.2500000e+01   0.000000e+00   0.000000e+00      9s
Concurrent spin time: 0.00s

Solved with barrier
     138    2.2500000e+01   0.000000e+00   0.000000e+00      9s

Use crossover to convert LP symmetric solution to basic solution...

Root crossover log...

       0 DPushes remaining with DInf 0.0000000e+00                10s

    5196 PPushes remaining with PInf 0.0000000e+00                10s
       0 PPushes remaining with PInf 0.0000000e+00                10s

  Push phase complete: Pinf 0.0000000e+00, Dinf 2.6032509e-12     10s


Root simplex log...

Iteration    Objective       Primal Inf.    Dual Inf.      Time
    5509    2.2500000e+01   0.000000e+00   0.000000e+00     10s
    5509    2.2500000e+01   0.000000e+00   0.000000e+00     10s

Root relaxation: objective 2.250000e+01, 5509 iterations, 3.72 seconds (4.90 work units)

    Nodes    |    Current Node    |     Objective Bounds      |     Work
 Expl Unexpl |  Obj  Depth IntInf | Incumbent    BestBd   Gap | It/Node Time

     0     0   22.50000    0 4598    1.00000   22.50000  2150%     -   34s
H    0     0                       2.0000000   22.50000  1025%     -   35s
H    0     0                      15.0000000   22.50000  50.0%     -   43s
     0     0   22.50000    0 4578   15.00000   22.50000  50.0%     -   71s
     0     0   22.50000    0 4578   15.00000   22.50000  50.0%     -  138s
     0     0   22.50000    0 4551   15.00000   22.50000  50.0%     -  208s
     0     0   22.50000    0 4556   15.00000   22.50000  50.0%     -  213s
     0     0   22.50000    0 4564   15.00000   22.50000  50.0%     -  371s
     0     0   22.50000    0 4564   15.00000   22.50000  50.0%     -  397s
     0     2   22.50000    0 4564   15.00000   22.50000  50.0%     -  481s

Gurobi 10.0.3 (mac64[arm]) logging started Sun Mar 16 11:36:08 2025

Set parameter LogFile to value "/Users/niklas/Desktop/Diplomarbeit/OptRail_Railroad_Construction/Data/Solution_math_model/AnzahlAuftraege_NEW_25/a25_o306_m13_an127_ar31/1_Objectives/construction_fulfillment/gurobi_a25_o306_m13_an127_ar31_construction_fulfillment.log"
Gurobi Optimizer version 10.0.3 build v10.0.3rc0 (mac64[arm])

CPU model: Apple M1 Pro
Thread count: 8 physical cores, 8 logical processors, using up to 16 threads

Warning: Thread count (16) is larger than processor count (8)
         Reduce the value of the Threads parameter to improve performance


Optimize a model with 9938 rows, 2608311 columns and 3726590 nonzeros
Model fingerprint: 0xc79a7706
Variable types: 0 continuous, 2608311 integer (2608311 binary)
Coefficient statistics:
  Matrix range     [1e+00, 1e+00]
  Objective range  [1e+00, 1e+00]
  Bounds range     [1e+00, 1e+00]
  RHS range        [1e+00, 1e+00]
Found heuristic solution: objective -0.0000000
Presolve removed 18 rows and 1360240 columns (presolve time = 5s) ...
Presolve removed 18 rows and 1360240 columns
Presolve time: 5.46s
Presolved: 9920 rows, 1248071 columns, 3703837 nonzeros
Variable types: 0 continuous, 1248071 integer (1248071 binary)
Found heuristic solution: objective 1.0000000
Deterministic concurrent LP optimizer: primal simplex, dual simplex, and barrier
Showing barrier log only...

Root barrier log...

Ordering time: 0.00s

Barrier statistics:
 AA' NZ     : 3.736e+05
 Factor NZ  : 1.035e+06 (roughly 80 MB of memory)
 Factor Ops : 7.037e+08 (less than 1 second per iteration)
 Threads    : 14

                  Objective                Residual
Iter       Primal          Dual         Primal    Dual     Compl     Time
   0   4.23834873e+02  7.82062445e+03  1.15e+03 8.85e-01  5.04e+00     8s
   1   5.50982918e+02  6.18373868e+03  1.07e+03 1.14e-13  4.86e+00     8s
   2   5.47864107e+01  3.99346472e+03  6.84e+01 1.57e-11  3.19e-01     8s
   3   3.79402070e+01  1.75623824e+03  3.30e+01 2.47e-11  1.53e-01     8s
   4   2.52644843e+01  1.47522036e+03  3.74e+00 2.06e-11  2.07e-02     8s
   5   2.49012224e+01  8.71829037e+02  1.33e+00 1.25e-11  8.02e-03     8s
   6   2.47572527e+01  6.73893422e+02  8.70e-01 8.53e-12  5.40e-03     8s
   7   2.45485944e+01  4.46888562e+02  2.96e-01 5.51e-12  2.36e-03     8s
   8   2.40427476e+01  1.29311443e+02  4.81e-02 1.60e-12  5.22e-04     8s
   9   2.15503891e+01  8.96890283e+01  8.89e-03 7.71e-13  2.19e-04     8s
  10   2.14601653e+01  4.92099934e+01  3.62e-03 2.77e-13  8.38e-05     8s
  11   2.19604591e+01  3.06989494e+01  1.45e-03 7.99e-14  2.56e-05     8s
  12   2.23696941e+01  2.42451952e+01  2.58e-04 8.88e-15  5.32e-06     8s
  13   2.24982741e+01  2.25149360e+01  1.04e-06 3.55e-15  4.60e-08     8s
  14   2.24999980e+01  2.25000149e+01  2.09e-12 8.88e-15  4.60e-11     8s
  15   2.25000000e+01  2.25000000e+01  2.66e-12 5.33e-15  4.60e-14     8s

Barrier solved model in 15 iterations and 8.13 seconds (19.48 work units)
Optimal objective 2.25000000e+01


Root crossover log...

     381 DPushes remaining with DInf 0.0000000e+00                 9s
       0 DPushes remaining with DInf 0.0000000e+00                 9s

       7 PPushes remaining with PInf 0.0000000e+00                 9s
       0 PPushes remaining with PInf 0.0000000e+00                 9s

  Push phase complete: Pinf 0.0000000e+00, Dinf 9.0505381e-13      9s


Root simplex log...

Iteration    Objective       Primal Inf.    Dual Inf.      Time
     301    2.2500000e+01   0.000000e+00   0.000000e+00      9s
Concurrent spin time: 0.00s

Solved with barrier
     301    2.2500000e+01   0.000000e+00   0.000000e+00      9s

Use crossover to convert LP symmetric solution to basic solution...

Root crossover log...

       0 DPushes remaining with DInf 0.0000000e+00                 9s

    3521 PPushes remaining with PInf 0.0000000e+00                 9s
       0 PPushes remaining with PInf 0.0000000e+00                 9s

  Push phase complete: Pinf 0.0000000e+00, Dinf 1.2223556e-13      9s


Root simplex log...

Iteration    Objective       Primal Inf.    Dual Inf.      Time
    4387    2.2500000e+01   0.000000e+00   0.000000e+00      9s
    4387    2.2500000e+01   0.000000e+00   0.000000e+00     10s

Root relaxation: objective 2.250000e+01, 4387 iterations, 3.59 seconds (4.79 work units)

    Nodes    |    Current Node    |     Objective Bounds      |     Work
 Expl Unexpl |  Obj  Depth IntInf | Incumbent    BestBd   Gap | It/Node Time

     0     0   22.50000    0 4565    1.00000   22.50000  2150%     -   33s
H    0     0                      13.0000000   22.50000  73.1%     -   40s
     0     0   22.50000    0 4531   13.00000   22.50000  73.1%     -   75s
     0     0   22.50000    0 4529   13.00000   22.50000  73.1%     -  142s
     0     0   22.50000    0 4521   13.00000   22.50000  73.1%     -  209s
H    0     0                      16.0000000   22.50000  40.6%     -  219s
     0     0   22.50000    0 4506   16.00000   22.50000  40.6%     -  222s
     0     0   22.50000    0 4549   16.00000   22.50000  40.6%     -  370s
     0     0   22.50000    0 4549   16.00000   22.50000  40.6%     -  396s
     0     2   22.50000    0 4549   16.00000   22.50000  40.6%     -  482s
     1     4   22.50000    1 3704   16.00000   22.50000  40.6% 19237  652s
     3     8   22.50000    2 3261   16.00000   22.50000  40.6% 13400  816s
     7    16   22.00000    3 2601   16.00000   22.50000  40.6% 10873 1056s

Gurobi 10.0.3 (mac64[arm]) logging started Sun Mar 16 11:59:45 2025

Set parameter LogFile to value "/Users/niklas/Desktop/Diplomarbeit/OptRail_Railroad_Construction/Data/Solution_math_model/AnzahlAuftraege_NEW_25/a25_o306_m13_an127_ar31/1_Objectives/construction_fulfillment/gurobi_a25_o306_m13_an127_ar31_construction_fulfillment.log"
Gurobi Optimizer version 10.0.3 build v10.0.3rc0 (mac64[arm])

CPU model: Apple M1 Pro
Thread count: 8 physical cores, 8 logical processors, using up to 16 threads

Warning: Thread count (16) is larger than processor count (8)
         Reduce the value of the Threads parameter to improve performance


Optimize a model with 2038 rows, 2608311 columns and 10290643 nonzeros
Model fingerprint: 0x959b9af5
Variable types: 0 continuous, 2608311 integer (2608311 binary)
Coefficient statistics:
  Matrix range     [1e+00, 1e+01]
  Objective range  [1e+00, 1e+00]
  Bounds range     [1e+00, 1e+00]
  RHS range        [5e+00, 2e+02]
Found heuristic solution: objective -0.0000000
Presolve removed 1701 rows and 2602982 columns
Presolve time: 3.29s
Presolved: 337 rows, 5329 columns, 10914 nonzeros
Variable types: 0 continuous, 5329 integer (5329 binary)
Found heuristic solution: objective 19.0000000

Root relaxation: objective 2.411472e+01, 424 iterations, 0.00 seconds (0.00 work units)

    Nodes    |    Current Node    |     Objective Bounds      |     Work
 Expl Unexpl |  Obj  Depth IntInf | Incumbent    BestBd   Gap | It/Node Time

     0     0   24.11472    0   52   19.00000   24.11472  26.9%     -    3s
H    0     0                      24.0000000   24.11472  0.48%     -    3s
     0     0   24.11472    0   52   24.00000   24.11472  0.48%     -    3s

Explored 1 nodes (3429 simplex iterations) in 3.83 seconds (3.97 work units)
Thread count was 16 (of 8 available processors)

Solution count 3: 24 19 -0 

Optimal solution found (tolerance 1.00e-04)
Best objective 2.400000000000e+01, best bound 2.400000000000e+01, gap 0.0000%

Gurobi 10.0.3 (mac64[arm]) logging started Sun Mar 16 12:00:55 2025

Set parameter LogFile to value "/Users/niklas/Desktop/Diplomarbeit/OptRail_Railroad_Construction/Data/Solution_math_model/AnzahlAuftraege_NEW_25/a25_o306_m13_an127_ar31/1_Objectives/construction_fulfillment/gurobi_a25_o306_m13_an127_ar31_construction_fulfillment.log"
Gurobi Optimizer version 10.0.3 build v10.0.3rc0 (mac64[arm])

CPU model: Apple M1 Pro
Thread count: 8 physical cores, 8 logical processors, using up to 16 threads

Warning: Thread count (16) is larger than processor count (8)
         Reduce the value of the Threads parameter to improve performance


Optimize a model with 2038 rows, 2608311 columns and 10290643 nonzeros
Model fingerprint: 0x959b9af5
Variable types: 0 continuous, 2608311 integer (2608311 binary)
Coefficient statistics:
  Matrix range     [1e+00, 1e+01]
  Objective range  [1e+00, 1e+00]
  Bounds range     [1e+00, 1e+00]
  RHS range        [5e+00, 2e+02]
Found heuristic solution: objective -0.0000000
Presolve removed 1701 rows and 2602982 columns
Presolve time: 3.34s
Presolved: 337 rows, 5329 columns, 10914 nonzeros
Variable types: 0 continuous, 5329 integer (5329 binary)
Found heuristic solution: objective 19.0000000

Root relaxation: objective 2.411472e+01, 424 iterations, 0.00 seconds (0.00 work units)

    Nodes    |    Current Node    |     Objective Bounds      |     Work
 Expl Unexpl |  Obj  Depth IntInf | Incumbent    BestBd   Gap | It/Node Time

     0     0   24.11472    0   52   19.00000   24.11472  26.9%     -    3s
H    0     0                      24.0000000   24.11472  0.48%     -    3s
     0     0   24.11472    0   52   24.00000   24.11472  0.48%     -    3s

Explored 1 nodes (3429 simplex iterations) in 3.90 seconds (3.97 work units)
Thread count was 16 (of 8 available processors)

Solution count 3: 24 19 -0 

Optimal solution found (tolerance 1.00e-04)
Best objective 2.400000000000e+01, best bound 2.400000000000e+01, gap 0.0000%

Gurobi 10.0.3 (mac64[arm]) logging started Sun Mar 16 12:03:00 2025

Set parameter LogFile to value "/Users/niklas/Desktop/Diplomarbeit/OptRail_Railroad_Construction/Data/Solution_math_model/AnzahlAuftraege_NEW_25/a25_o306_m13_an127_ar31/1_Objectives/construction_fulfillment/gurobi_a25_o306_m13_an127_ar31_construction_fulfillment.log"
Gurobi Optimizer version 10.0.3 build v10.0.3rc0 (mac64[arm])

CPU model: Apple M1 Pro
Thread count: 8 physical cores, 8 logical processors, using up to 16 threads

Warning: Thread count (16) is larger than processor count (8)
         Reduce the value of the Threads parameter to improve performance


Optimize a model with 7373 rows, 2608311 columns and 11586222 nonzeros
Model fingerprint: 0x8bdc01c6
Variable types: 0 continuous, 2608311 integer (2608311 binary)
Coefficient statistics:
  Matrix range     [1e+00, 1e+01]
  Objective range  [1e+00, 1e+00]
  Bounds range     [1e+00, 1e+00]
  RHS range        [1e+00, 2e+02]
Found heuristic solution: objective -0.0000000
Presolve removed 350 rows and 1957936 columns (presolve time = 5s) ...
Presolve removed 350 rows and 1957936 columns
Presolve time: 9.81s
Presolved: 7023 rows, 650375 columns, 10895646 nonzeros
Variable types: 0 continuous, 650375 integer (650375 binary)
Found heuristic solution: objective 1.0000000
Deterministic concurrent LP optimizer: primal simplex, dual simplex, and barrier
Showing barrier log only...

Root barrier log...

Ordering time: 0.00s

Barrier statistics:
 AA' NZ     : 1.203e+05
 Factor NZ  : 1.935e+05 (roughly 20 MB of memory)
 Factor Ops : 5.844e+07 (less than 1 second per iteration)
 Threads    : 14

                  Objective                Residual
Iter       Primal          Dual         Primal    Dual     Compl     Time
   0   5.99299332e+03  4.31013010e+00  4.91e+05 3.31e+00  6.05e+01    13s
   1   1.91751942e+03  6.67014422e+02  1.36e+05 1.17e+00  1.69e+01    13s
   2   2.20446677e+02  7.68379888e+02  1.46e+04 2.89e-12  1.85e+00    13s
   3   6.03689086e+01  4.98515857e+02  2.47e+03 7.11e-15  3.18e-01    13s
   4   4.75802953e+01  3.09968825e+02  1.33e+03 4.12e-13  1.73e-01    13s
   5   4.16359451e+01  2.33982233e+02  8.27e+02 4.98e-11  1.08e-01    13s
   6   2.92852852e+01  2.10782577e+02  2.11e+02 7.67e-13  2.88e-02    13s
   7   2.73681964e+01  1.69953022e+02  1.24e+02 1.66e-11  1.69e-02    13s
   8   2.34767069e+01  1.64336307e+02  1.15e+01 1.53e-11  2.96e-03    13s
   9   2.27314331e+01  7.25895487e+01  2.87e+00 5.82e-12  9.29e-04    13s
  10   2.26381492e+01  5.44105452e+01  2.96e-01 3.62e-12  4.24e-04    13s
  11   2.25021123e+01  3.40007352e+01  1.66e-03 1.15e-12  1.41e-04    13s
  12   2.24910619e+01  2.61303254e+01  7.07e-04 3.34e-13  4.41e-05    13s
  13   2.24880184e+01  2.25678098e+01  2.04e-05 4.44e-15  9.67e-07    13s
  14   2.24999785e+01  2.25000679e+01  1.64e-14 7.11e-15  9.66e-10    13s
  15   2.25000000e+01  2.25000000e+01  4.28e-14 3.55e-15  9.73e-16    13s

Barrier solved model in 15 iterations and 12.98 seconds (56.03 work units)
Optimal objective 2.25000000e+01


Root crossover log...

     264 DPushes remaining with DInf 0.0000000e+00                13s
       0 DPushes remaining with DInf 0.0000000e+00                13s

   22235 PPushes remaining with PInf 0.0000000e+00                13s
Concurrent spin time: 0.02s

Solved with dual simplex

Root simplex log...

Iteration    Objective       Primal Inf.    Dual Inf.      Time
    2830    2.2500000e+01   0.000000e+00   0.000000e+00     13s

Use crossover to convert LP symmetric solution to basic solution...

Root crossover log...

       0 DPushes remaining with DInf 0.0000000e+00                13s

    3192 PPushes remaining with PInf 0.0000000e+00                13s
       0 PPushes remaining with PInf 0.0000000e+00                14s

  Push phase complete: Pinf 0.0000000e+00, Dinf 6.4038774e-12     14s


Root simplex log...

Iteration    Objective       Primal Inf.    Dual Inf.      Time
    6181    2.2500000e+01   0.000000e+00   0.000000e+00     14s

Root relaxation: objective 2.250000e+01, 6181 iterations, 3.07 seconds (6.09 work units)

    Nodes    |    Current Node    |     Objective Bounds      |     Work
 Expl Unexpl |  Obj  Depth IntInf | Incumbent    BestBd   Gap | It/Node Time

     0     0   22.50000    0 2172    1.00000   22.50000  2150%     -   37s
H    0     0                      14.0000000   22.50000  60.7%     -   59s
     0     0   22.50000    0 2176   14.00000   22.50000  60.7%     -  116s
     0     0   22.50000    0 2163   14.00000   22.50000  60.7%     -  276s
     0     0   22.50000    0 2148   14.00000   22.50000  60.7%     -  298s
     0     0   22.50000    0 2127   14.00000   22.50000  60.7%     -  372s
     0     0   22.50000    0 2101   14.00000   22.50000  60.7%     -  393s
     0     0   22.50000    0 2159   14.00000   22.50000  60.7%     -  418s
H    0     0                      19.0000000   22.50000  18.4%     -  424s
     0     0   22.50000    0 2159   19.00000   22.50000  18.4%     -  447s
H    0     2                      22.0000000   22.50000  2.27%     -  658s
     0     2   22.50000    0 2159   22.00000   22.50000  2.27%     -  658s

Cutting planes:
  Zero half: 1

Explored 1 nodes (213324 simplex iterations) in 658.48 seconds (1320.57 work units)
Thread count was 16 (of 8 available processors)

Solution count 5: 22 19 14 ... -0

Optimal solution found (tolerance 1.00e-04)
Best objective 2.200000000000e+01, best bound 2.200000000000e+01, gap 0.0000%

Gurobi 10.0.3 (mac64[arm]) logging started Sun Mar 16 12:17:53 2025

Set parameter LogFile to value "/Users/niklas/Desktop/Diplomarbeit/OptRail_Railroad_Construction/Data/Solution_math_model/AnzahlAuftraege_NEW_25/a25_o306_m13_an127_ar31/1_Objectives/construction_fulfillment/gurobi_a25_o306_m13_an127_ar31_construction_fulfillment.log"
Gurobi Optimizer version 10.0.3 build v10.0.3rc0 (mac64[arm])

CPU model: Apple M1 Pro
Thread count: 8 physical cores, 8 logical processors, using up to 16 threads

Warning: Thread count (16) is larger than processor count (8)
         Reduce the value of the Threads parameter to improve performance


Optimize a model with 4603 rows, 2608311 columns and 2431011 nonzeros
Model fingerprint: 0xfe74da33
Variable types: 0 continuous, 2608311 integer (2608311 binary)
Coefficient statistics:
  Matrix range     [1e+00, 1e+00]
  Objective range  [1e+00, 1e+00]
  Bounds range     [1e+00, 1e+00]
  RHS range        [1e+00, 1e+00]
Found heuristic solution: objective -0.0000000
Presolve removed 312 rows and 2010578 columns
Presolve time: 3.18s
Presolved: 4291 rows, 597733 columns, 1777628 nonzeros
Variable types: 0 continuous, 597733 integer (597733 binary)
Found heuristic solution: objective 1.0000000
Deterministic concurrent LP optimizer: primal simplex, dual simplex, and barrier
Showing barrier log only...

Root barrier log...

Ordering time: 0.00s

Barrier statistics:
 AA' NZ     : 1.839e+05
 Factor NZ  : 3.089e+05 (roughly 40 MB of memory)
 Factor Ops : 1.342e+08 (less than 1 second per iteration)
 Threads    : 14

                  Objective                Residual
Iter       Primal          Dual         Primal    Dual     Compl     Time
   0   4.33600687e+02  3.80685865e+03  1.06e+03 8.06e-01  5.00e+00     4s
   1   3.44246651e+02  2.82067683e+03  9.28e+02 2.27e-13  4.68e+00     4s
   2   1.95969419e+01  1.85279287e+03  1.04e+01 1.14e-13  6.23e-02     4s
   3   1.89229897e+01  1.05328271e+03  8.33e-01 5.68e-14  9.74e-03     4s
   4   1.98541276e+01  8.53884168e+02  5.08e-01 5.68e-14  6.99e-03     4s
   5   2.00179911e+01  6.20361900e+02  3.91e-01 2.84e-14  5.09e-03     4s
   6   2.13005467e+01  5.70803787e+02  2.34e-01 4.26e-14  4.05e-03     4s
   7   2.14493409e+01  2.47229129e+02  1.03e-01 2.13e-14  1.70e-03     4s
   8   2.13206725e+01  1.09889239e+02  1.45e-02 7.11e-15  5.52e-04     4s
   9   2.20790212e+01  4.96673581e+01  3.67e-04 1.07e-14  1.51e-04     4s
  10   2.38193187e+01  3.56635579e+01  4.82e-05 5.33e-15  6.45e-05     4s
  11   2.49319043e+01  2.82709806e+01  8.96e-07 2.22e-15  1.82e-05     4s
  12   2.49974378e+01  2.50177105e+01  9.32e-11 1.78e-15  1.10e-07     4s
  13   2.49999974e+01  2.50000177e+01  9.43e-12 1.78e-15  1.10e-10     5s
  14   2.50000000e+01  2.50000000e+01  1.84e-11 3.55e-15  1.12e-16     5s

Barrier solved model in 14 iterations and 4.53 seconds (10.46 work units)
Optimal objective 2.50000000e+01

  Building initial crossover basis                                 5s

Root crossover log...

     162 DPushes remaining with DInf 0.0000000e+00                 5s

       4 PPushes remaining with PInf 3.5289662e-03                 5s
       0 PPushes remaining with PInf 2.4149385e-04                 5s

  Push phase complete: Pinf 2.4149385e-04, Dinf 0.0000000e+00      5s


Root simplex log...

Iteration    Objective       Primal Inf.    Dual Inf.      Time
       7    2.5000000e+01   2.414938e-04   0.000000e+00      5s
      14    2.5000000e+01   0.000000e+00   0.000000e+00      5s
Concurrent spin time: 0.00s

Solved with barrier
      14    2.5000000e+01   0.000000e+00   0.000000e+00      5s

Use crossover to convert LP symmetric solution to basic solution...

Root crossover log...

     896 DPushes remaining with DInf 0.0000000e+00                 5s

    1537 PPushes remaining with PInf 0.0000000e+00                 5s
       0 PPushes remaining with PInf 0.0000000e+00                 5s

  Push phase complete: Pinf 0.0000000e+00, Dinf 0.0000000e+00      5s


Root simplex log...

Iteration    Objective       Primal Inf.    Dual Inf.      Time
    1554    2.5000000e+01   0.000000e+00   0.000000e+00      5s
    1554    2.5000000e+01   0.000000e+00   0.000000e+00      5s

Root relaxation: objective 2.500000e+01, 1554 iterations, 1.72 seconds (2.16 work units)

    Nodes    |    Current Node    |     Objective Bounds      |     Work
 Expl Unexpl |  Obj  Depth IntInf | Incumbent    BestBd   Gap | It/Node Time

     0     0   25.00000    0 2536    1.00000   25.00000  2400%     -   19s
H    0     0                       2.0000000   25.00000  1150%     -   19s
H    0     0                      13.0000000   25.00000  92.3%     -   22s
     0     0   25.00000    0 2374   13.00000   25.00000  92.3%     -   58s
     0     0   25.00000    0 2395   13.00000   25.00000  92.3%     -  119s
     0     0   25.00000    0 2395   13.00000   25.00000  92.3%     -  172s
     0     2   25.00000    0 2395   13.00000   25.00000  92.3%     -  235s
     1     4   25.00000    1 2559   13.00000   25.00000  92.3%  7640  246s
     3     8   25.00000    2 2520   13.00000   25.00000  92.3%  3386  258s
     7    16   25.00000    3 2535   13.00000   25.00000  92.3%  2043  270s
    15    32   24.00000    4 2505   13.00000   25.00000  92.3%  1411  316s
H   31    48                      16.0000000   25.00000  56.2%  1422  858s
H   32    48                      18.0000000   25.00000  38.9%  1398  858s
    47    64   23.00000    6 1509   18.00000   25.00000  38.9%  3673  870s
H   79    96                      19.0000000   25.00000  31.6%  2829  913s
H   80    96                      20.0000000   25.00000  25.0%  2797  913s
H   83    96                      21.0000000   25.00000  19.0%  2740  913s
    95   127   24.00000    8 2262   21.00000   25.00000  19.0%  2536 1076s
H  126   176                      23.0000000   25.00000  8.70%  2153 1178s
   175   624   24.00000   11 2262   23.00000   25.00000  8.70%  1712 1248s
