
Gurobi 11.0.0 (win64) logging started Sat Dec 28 04:29:26 2024

Set parameter LogFile to value "C:\Users\Administrator\Desktop\OptRail_Railroad_Construction\Data\Solution\AnzahlAuftraege_NEW_30\a30_o355_m18_an148_ar42\3_Objectives\costs\gurobi_a30_o355_m18_an148_ar42_costs.log"
Gurobi Optimizer version 11.0.0 build v11.0.0rc2 (win64 - Windows Server 2022.0 (20348.2))

CPU model: AMD EPYC 7513 32-Core Processor, instruction set [SSE2|AVX|AVX2]
Thread count: 18 physical cores, 18 logical processors, using up to 16 threads

Optimize a model with 24341 rows, 5101510 columns and 27520859 nonzeros
Model fingerprint: 0x43b85d17
Variable types: 0 continuous, 5101510 integer (5101510 binary)
Coefficient statistics:
  Matrix range     [1e+00, 1e+01]
  Objective range  [1e+00, 2e+02]
  Bounds range     [1e+00, 1e+00]
  RHS range        [1e+00, 2e+02]

---------------------------------------------------------------------------
Multi-objectives: starting optimization with 3 objectives (1 combined) ...
---------------------------------------------------------------------------
---------------------------------------------------------------------------

Multi-objectives: optimize objective 1 (weighted) ...
---------------------------------------------------------------------------

Optimize a model with 24341 rows, 5101510 columns and 27520859 nonzeros
Model fingerprint: 0x77e13563
Variable types: 0 continuous, 5101510 integer (5101510 binary)
Coefficient statistics:
  Matrix range     [1e+00, 1e+01]
  Objective range  [2e+00, 1e+06]
  Bounds range     [1e+00, 1e+00]
  RHS range        [1e+00, 2e+02]
Found heuristic solution: objective 0.0000000
Presolve removed 80 rows and 2646040 columns (presolve time = 5s) ...
Presolve removed 80 rows and 2646040 columns (presolve time = 10s) ...
Presolve removed 104 rows and 2646040 columns (presolve time = 15s) ...
Presolve removed 104 rows and 2646057 columns (presolve time = 20s) ...
Presolve removed 104 rows and 2646057 columns (presolve time = 25s) ...
Presolve removed 104 rows and 2646057 columns (presolve time = 30s) ...
Presolve removed 104 rows and 2646057 columns (presolve time = 35s) ...
Presolve removed 104 rows and 2646057 columns
Presolve time: 36.20s
Presolved: 24237 rows, 2455453 columns, 27331403 nonzeros
Variable types: 0 continuous, 2455453 integer (2455453 binary)
Deterministic concurrent LP optimizer: primal simplex, dual simplex, and barrier
Showing barrier log only...

Root barrier log...

Ordering time: 3.01s

Barrier statistics:
 Dense cols : 1
 AA' NZ     : 8.254e+06
 Factor NZ  : 2.998e+07 (roughly 1.2 GB of memory)
 Factor Ops : 7.192e+10 (less than 1 second per iteration)
 Threads    : 14

                  Objective                Residual
Iter       Primal          Dual         Primal    Dual     Compl     Time
   0   1.36361076e+09 -2.40921233e+12  2.61e+06 4.92e+04  3.27e+07    56s
   1   9.91489495e+08 -2.39778414e+12  1.92e+06 3.42e+05  2.44e+07    57s
   2   3.82654541e+08 -2.32442143e+12  6.61e+05 1.19e+05  8.67e+06    58s
   3   1.58859350e+08 -1.98857075e+12  2.31e+05 1.51e-07  3.13e+06    59s
   4   7.04559213e+07 -1.71806714e+12  1.36e+05 5.48e-08  1.87e+06    60s
   5   5.69699482e+07 -1.55293781e+12  1.24e+05 9.46e-08  1.66e+06    61s
   6   3.03721905e+07 -1.16861225e+12  9.63e+04 7.04e-07  1.20e+06    61s
   7   1.55828109e+07 -1.06824169e+12  7.51e+04 4.44e-07  9.54e+05    62s
   8   7.27960012e+06 -8.62394004e+11  6.61e+04 2.74e-07  7.89e+05    63s
   9  -1.26449901e+06 -5.05813720e+11  5.68e+04 8.01e-07  5.95e+05    64s
  10  -8.55694554e+06 -4.02096267e+11  4.51e+04 4.10e-07  4.63e+05    65s
  11  -1.98457742e+07 -1.97241314e+11  3.35e+04 4.47e-06  3.06e+05    66s
  12  -2.05958016e+07 -8.96705292e+10  2.02e+04 1.38e-07  1.74e+05    68s
  13  -2.96985156e+07 -2.21173111e+10  2.65e+02 1.04e-07  6.51e+03    69s
  14  -2.98188769e+07 -8.03093459e+09  4.28e+01 1.25e-06  1.94e+03    70s
  15  -2.98317760e+07 -2.82416506e+09  2.08e+01 4.00e-07  7.24e+02    71s
  16  -2.97530939e+07 -1.71063293e+09  1.75e+00 3.04e-07  3.63e+02    72s
  17  -2.94340328e+07 -1.40751462e+09  2.88e-02 2.46e-07  2.82e+02    72s
  18  -2.94396365e+07 -4.81165185e+08  1.64e-02 7.78e-08  9.24e+01    73s
  19  -2.94839885e+07 -1.47569272e+08  4.90e-03 1.93e-08  2.41e+01    74s
  20  -2.99074997e+07 -5.26397210e+07  3.08e-04 3.73e-09  4.62e+00    75s
  21  -2.99589059e+07 -3.51876886e+07  8.97e-14 8.15e-10  1.06e+00    76s
  22  -2.99747587e+07 -3.20821387e+07  1.53e-13 3.49e-10  4.28e-01    76s
  23  -2.99782559e+07 -3.11832411e+07  4.92e-13 2.33e-10  2.45e-01    77s
  24  -2.99809236e+07 -3.06938514e+07  2.71e-13 1.28e-09  1.45e-01    78s
  25  -2.99821292e+07 -3.04495591e+07  2.49e-13 6.98e-10  9.50e-02    79s
  26  -2.99829493e+07 -3.03334527e+07  3.01e-13 4.66e-10  7.13e-02    80s
  27  -2.99837501e+07 -3.02637888e+07  3.66e-13 2.33e-10  5.69e-02    80s
  28  -2.99848653e+07 -3.01967754e+07  1.67e-12 1.16e-10  4.31e-02    81s
  29  -2.99860941e+07 -3.01113892e+07  3.90e-12 2.33e-10  2.55e-02    82s
  30  -2.99872547e+07 -3.00816658e+07  3.26e-12 2.33e-10  1.92e-02    84s
  31  -2.99881173e+07 -3.00599373e+07  6.38e-12 2.33e-10  1.46e-02    85s
  32  -2.99885613e+07 -3.00472207e+07  6.95e-12 2.33e-10  1.19e-02    86s
  33  -2.99887138e+07 -3.00445176e+07  6.46e-12 2.33e-10  1.13e-02    87s
  34  -2.99890822e+07 -3.00389579e+07  5.89e-12 2.33e-10  1.01e-02    88s
  35  -2.99896074e+07 -3.00321355e+07  6.63e-12 2.33e-10  8.65e-03    89s
  36  -2.99900242e+07 -3.00206691e+07  7.10e-12 2.33e-10  6.23e-03    90s
  37  -2.99903866e+07 -3.00150698e+07  4.74e-12 2.33e-10  5.02e-03    91s
  38  -2.99906996e+07 -3.00116532e+07  3.85e-12 3.49e-10  4.26e-03    93s
  39  -2.99909155e+07 -3.00086368e+07  3.55e-12 1.16e-10  3.60e-03    94s
  40  -2.99912739e+07 -3.00058915e+07  5.34e-12 2.33e-10  2.97e-03    95s
  41  -2.99914566e+07 -3.00048160e+07  4.82e-12 1.16e-10  2.72e-03    96s
  42  -2.99917145e+07 -3.00023632e+07  5.01e-12 2.33e-10  2.16e-03    98s
  43  -2.99918516e+07 -3.00004279e+07  4.08e-12 2.33e-10  1.74e-03    99s
  44  -2.99920482e+07 -2.99991242e+07  6.20e-12 2.33e-10  1.44e-03   101s
  45  -2.99921544e+07 -2.99979677e+07  6.04e-12 1.16e-10  1.18e-03   102s
  46  -2.99923484e+07 -2.99971636e+07  5.04e-12 1.16e-10  9.79e-04   103s
  47  -2.99924220e+07 -2.99964336e+07  5.73e-12 3.49e-10  8.16e-04   105s
  48  -2.99925056e+07 -2.99960908e+07  4.90e-12 1.16e-10  7.29e-04   106s
  49  -2.99925803e+07 -2.99956135e+07  5.25e-12 3.49e-10  6.17e-04   107s
  50  -2.99926576e+07 -2.99952082e+07  4.69e-12 3.49e-10  5.19e-04   109s
  51  -2.99927385e+07 -2.99950536e+07  4.62e-12 2.33e-10  4.71e-04   110s
  52  -2.99928287e+07 -2.99946046e+07  4.70e-12 2.33e-10  3.61e-04   111s
  53  -2.99928988e+07 -2.99942368e+07  4.83e-12 8.15e-10  2.72e-04   113s
  54  -2.99929445e+07 -2.99940785e+07  4.24e-12 2.33e-10  2.31e-04   114s
  55  -2.99930160e+07 -2.99938313e+07  7.37e-12 4.66e-10  1.66e-04   115s
  56  -2.99930703e+07 -2.99936907e+07  6.82e-12 4.66e-10  1.26e-04   117s
  57  -2.99931026e+07 -2.99936359e+07  8.27e-12 5.82e-10  1.08e-04   118s
  58  -2.99931355e+07 -2.99935456e+07  9.75e-12 2.33e-10  8.34e-05   119s
  59  -2.99931685e+07 -2.99934549e+07  1.00e-11 1.16e-10  5.82e-05   121s
  60  -2.99931938e+07 -2.99934031e+07  6.55e-12 1.16e-10  4.25e-05   122s
  61  -2.99932108e+07 -2.99933632e+07  8.66e-12 2.33e-10  3.10e-05   124s
  62  -2.99932228e+07 -2.99933462e+07  8.34e-12 1.16e-10  2.51e-05   125s
  63  -2.99932388e+07 -2.99933273e+07  1.27e-11 1.16e-10  1.80e-05   126s
  64  -2.99932462e+07 -2.99933147e+07  8.97e-12 2.33e-10  1.39e-05   128s
  65  -2.99932522e+07 -2.99933021e+07  8.45e-12 2.33e-10  1.01e-05   129s
  66  -2.99932599e+07 -2.99932924e+07  1.29e-11 3.49e-10  6.59e-06   130s
  67  -2.99932644e+07 -2.99932875e+07  2.41e-11 1.16e-10  4.69e-06   132s
  68  -2.99932675e+07 -2.99932836e+07  2.61e-11 1.16e-10  3.26e-06   133s
  69  -2.99932702e+07 -2.99932811e+07  3.00e-11 3.49e-10  2.22e-06   134s
  70  -2.99932738e+07 -2.99932805e+07  1.47e-11 2.33e-10  1.36e-06   136s
  71  -2.99932750e+07 -2.99932795e+07  1.65e-11 1.16e-10  9.01e-07   137s
  72  -2.99932764e+07 -2.99932787e+07  9.36e-12 1.16e-10  4.58e-07   138s
  73  -2.99932771e+07 -2.99932784e+07  5.45e-12 1.16e-10  2.60e-07   139s
  74  -2.99932772e+07 -2.99932784e+07  4.90e-12 2.33e-10  2.40e-07   140s
  75  -2.99932774e+07 -2.99932783e+07  3.43e-12 1.16e-10  1.87e-07   141s
  76  -2.99932778e+07 -2.99932783e+07  9.46e-12 2.33e-10  1.11e-07   142s
  77  -2.99932781e+07 -2.99932782e+07  8.78e-11 1.16e-10  3.16e-08   143s
  78  -2.99932781e+07 -2.99932782e+07  3.89e-10 1.16e-10  2.20e-08   144s

Barrier solved model in 78 iterations and 144.13 seconds (292.79 work units)
Optimal objective -2.99932781e+07


Root crossover log...

   15555 DPushes remaining with DInf 0.0000000e+00               145s
    3724 DPushes remaining with DInf 0.0000000e+00               145s
       0 DPushes remaining with DInf 0.0000000e+00               150s

  368127 PPushes remaining with PInf 8.7496736e+03               150s
  367854 PPushes remaining with PInf 8.7103716e+03               150s
  224807 PPushes remaining with PInf 4.9804243e+03               155s
   45878 PPushes remaining with PInf 3.7221149e+03               160s
       0 PPushes remaining with PInf 2.9979208e+03               163s

  Push phase complete: Pinf 2.9979208e+03, Dinf 9.6164649e+03    163s


Root simplex log...

Iteration    Objective       Primal Inf.    Dual Inf.      Time
  383506   -2.9993278e+07   0.000000e+00   9.616465e+03    163s
  385690   -2.9993278e+07   0.000000e+00   9.803786e+03    167s
  387882   -2.9993278e+07   0.000000e+00   1.240322e+04    171s
  390112   -2.9993278e+07   0.000000e+00   1.261082e+04    177s
  392259   -2.9993278e+07   0.000000e+00   2.499821e+04    182s
  394422   -2.9993278e+07   0.000000e+00   3.825033e+04    188s
  395509   -2.9993278e+07   0.000000e+00   2.180637e+04    190s
  397761   -2.9993278e+07   0.000000e+00   3.137904e+04    196s
  399982   -2.9993278e+07   0.000000e+00   1.486427e+05    201s
  402140   -2.9993278e+07   0.000000e+00   1.110901e+06    207s
  404364   -2.9993278e+07   0.000000e+00   5.333362e+05    211s
  406736   -2.9993278e+07   0.000000e+00   9.376617e+04    216s
  409302   -2.9993278e+07   0.000000e+00   2.483799e+03    221s
  413996   -2.9993278e+07   0.000000e+00   1.070023e+03    225s
  421268   -2.9993278e+07   0.000000e+00   6.184099e+02    231s
  429607   -2.9993278e+07   0.000000e+00   2.016026e+03    236s
  436018   -2.9993278e+07   0.000000e+00   2.744901e+03    240s
  444544   -2.9993278e+07   0.000000e+00   6.913476e+03    245s
  453916   -2.9993278e+07   6.053907e+04   0.000000e+00    251s
  454036   -2.9993278e+07   7.850216e+04   0.000000e+00    256s
  454156   -2.9993278e+07   7.080747e+04   0.000000e+00    262s
  454276   -2.9993278e+07   4.022556e+04   0.000000e+00    267s
  454396   -2.9993278e+07   9.578722e+04   0.000000e+00    273s
  454516   -2.9993278e+07   1.714121e+05   0.000000e+00    279s
  454636   -2.9993278e+07   2.162232e+05   0.000000e+00    285s
  454766   -2.9993278e+07   1.056240e+05   0.000000e+00    290s
  455066   -2.9993278e+07   1.596881e+05   0.000000e+00    299s
  455273   -2.9993278e+07   3.429803e+04   0.000000e+00    300s
  455453   -2.9993278e+07   8.501487e+04   0.000000e+00    306s
  455573   -2.9993278e+07   5.622406e+04   0.000000e+00    310s
  456165   -2.9993278e+07   2.534591e+05   0.000000e+00    316s
  456880   -2.9993278e+07   1.093094e+05   0.000000e+00    321s
  457370   -2.9993278e+07   1.465305e+04   0.000000e+00    326s
  457790   -2.9993278e+07   6.725128e+04   0.000000e+00    330s
  458277   -2.9993278e+07   4.071287e+04   0.000000e+00    336s
  458629   -2.9993278e+07   7.921286e+03   0.000000e+00    341s
  459019   -2.9993278e+07   1.627420e+04   0.000000e+00    346s
  459259   -2.9993278e+07   2.038813e+04   0.000000e+00    352s
  459359   -2.9993278e+07   2.150431e+04   0.000000e+00    355s
  459609   -2.9993278e+07   6.913910e+04   0.000000e+00    361s
  459972   -2.9993278e+07   2.108076e+04   0.000000e+00    366s
  460092   -2.9993278e+07   4.168594e+04   0.000000e+00    371s
  460552   -2.9993278e+07   1.136408e+04   0.000000e+00    376s
  460852   -2.9993278e+07   2.275990e+04   0.000000e+00    381s
  461252   -2.9993278e+07   3.778547e+04   0.000000e+00    388s
  461562   -2.9993278e+07   3.557271e+04   0.000000e+00    391s
  461822   -2.9993278e+07   7.495406e+04   0.000000e+00    398s
  461952   -2.9993278e+07   2.798413e+04   0.000000e+00    403s
  462102   -2.9993278e+07   8.427592e+04   0.000000e+00    408s
  462222   -2.9993278e+07   5.088627e+04   0.000000e+00    411s
  462741   -2.9993278e+07   2.520173e+04   0.000000e+00    416s
  462971   -2.9993278e+07   2.522559e+05   0.000000e+00    421s
  463381   -2.9993278e+07   1.799420e+04   0.000000e+00    428s
  463481   -2.9993278e+07   6.742473e+04   0.000000e+00    431s
  463841   -2.9993278e+07   2.039087e+04   0.000000e+00    436s
  464251   -2.9993278e+07   1.047112e+04   0.000000e+00    441s
  464481   -2.9993278e+07   2.293695e+04   0.000000e+00    449s
  464581   -2.9993278e+07   2.690453e+04   0.000000e+00    452s
  464701   -2.9993278e+07   1.655825e+04   0.000000e+00    456s
  465031   -2.9993278e+07   2.467377e+04   0.000000e+00    460s
  465501   -2.9993278e+07   8.187621e+03   0.000000e+00    466s
  466021   -2.9993278e+07   8.011163e+03   0.000000e+00    470s
  466441   -2.9993278e+07   2.101688e+04   0.000000e+00    476s
  467018   -2.9993278e+07   4.954364e+04   0.000000e+00    481s
  467508   -2.9993278e+07   1.855016e+04   0.000000e+00    485s
  467998   -2.9993278e+07   7.332752e+04   0.000000e+00    491s
  468338   -2.9993278e+07   2.315595e+04   0.000000e+00    496s
  468708   -2.9993278e+07   1.238860e+04   0.000000e+00    500s
  469288   -2.9993278e+07   3.313739e+04   0.000000e+00    506s
  469758   -2.9993278e+07   3.984438e+04   0.000000e+00    510s
  470198   -2.9993278e+07   2.472795e+04   0.000000e+00    516s
  470688   -2.9993278e+07   1.272640e+04   0.000000e+00    521s
  470958   -2.9993278e+07   1.434787e+04   0.000000e+00    527s
  471088   -2.9993278e+07   1.453115e+04   0.000000e+00    531s
  471298   -2.9993278e+07   1.369211e+04   0.000000e+00    535s
  471508   -2.9993278e+07   3.442638e+04   0.000000e+00    541s
  471658   -2.9993278e+07   1.210346e+04   0.000000e+00    546s
  472048   -2.9993278e+07   8.681155e+04   0.000000e+00    550s
  472578   -2.9993278e+07   8.245295e+03   0.000000e+00    556s
  472988   -2.9993278e+07   1.245339e+04   0.000000e+00    561s
  473568   -2.9993278e+07   5.274393e+04   0.000000e+00    566s
  474106   -2.9993278e+07   1.005515e+04   0.000000e+00    571s
  474646   -2.9993278e+07   5.275486e+04   0.000000e+00    576s
  475026   -2.9993278e+07   5.121401e+04   0.000000e+00    581s
  475436   -2.9993278e+07   2.012319e+04   0.000000e+00    585s
  475956   -2.9993278e+07   2.062321e+04   0.000000e+00    591s
  476326   -2.9993278e+07   1.387026e+04   0.000000e+00    596s
  476816   -2.9993278e+07   1.563780e+04   0.000000e+00    601s
  477156   -2.9993278e+07   1.109629e+04   0.000000e+00    606s
  477566   -2.9993278e+07   9.719736e+03   0.000000e+00    610s
  478076   -2.9993278e+07   7.449425e+03   0.000000e+00    616s
  478506   -2.9993278e+07   5.133220e+04   0.000000e+00    621s
  478856   -2.9993278e+07   1.415035e+04   0.000000e+00    626s
  479186   -2.9993278e+07   1.206063e+04   0.000000e+00    630s
  479666   -2.9993278e+07   1.147349e+04   0.000000e+00    636s
  480026   -2.9993278e+07   6.047931e+04   0.000000e+00    641s
  480506   -2.9993278e+07   8.098988e+03   0.000000e+00    646s
  480836   -2.9993278e+07   5.238278e+03   0.000000e+00    651s
  481186   -2.9993278e+07   8.914583e+03   0.000000e+00    655s
  481726   -2.9993278e+07   7.796458e+03   0.000000e+00    661s
  482026   -2.9993278e+07   6.430267e+03   0.000000e+00    666s
  482346   -2.9993278e+07   1.744489e+04   0.000000e+00    670s
  482716   -2.9993278e+07   4.771547e+03   0.000000e+00    676s
  483036   -2.9993278e+07   2.400231e+04   0.000000e+00    680s
  483486   -2.9993278e+07   4.019482e+03   0.000000e+00    686s
  483906   -2.9993278e+07   5.567689e+03   0.000000e+00    690s
  484356   -2.9993278e+07   1.381615e+04   0.000000e+00    696s
  484626   -2.9993278e+07   4.926845e+03   0.000000e+00    701s
  484996   -2.9993278e+07   9.087184e+03   0.000000e+00    706s
  485296   -2.9993278e+07   6.120591e+04   0.000000e+00    711s
  485566   -2.9993278e+07   1.041709e+04   0.000000e+00    715s
  486036   -2.9993278e+07   2.964363e+04   0.000000e+00    721s
  486316   -2.9993278e+07   9.100201e+03   0.000000e+00    725s
  486756   -2.9993278e+07   3.924138e+04   0.000000e+00    731s
  487086   -2.9993278e+07   1.356137e+04   0.000000e+00    736s
  487406   -2.9993278e+07   2.958818e+04   0.000000e+00    740s
  487766   -2.9993278e+07   2.189998e+04   0.000000e+00    746s
  488026   -2.9993278e+07   3.796316e+03   0.000000e+00    750s
  488356   -2.9993278e+07   1.219184e+04   0.000000e+00    756s
  488566   -2.9993278e+07   1.137171e+04   0.000000e+00    761s
  488896   -2.9993278e+07   6.668045e+03   0.000000e+00    766s
  489166   -2.9993278e+07   1.841202e+04   0.000000e+00    771s
  489396   -2.9993278e+07   6.386644e+03   0.000000e+00    775s
  489656   -2.9993278e+07   5.989912e+03   0.000000e+00    780s
  490066   -2.9993278e+07   2.436074e+03   0.000000e+00    786s
  490346   -2.9993278e+07   8.849424e+03   0.000000e+00    790s
  490736   -2.9993278e+07   3.323700e+03   0.000000e+00    796s
  491016   -2.9993278e+07   8.382577e+03   0.000000e+00    801s
  491396   -2.9993278e+07   6.473064e+03   0.000000e+00    806s
  491666   -2.9993278e+07   1.144029e+04   0.000000e+00    811s
  491946   -2.9993278e+07   2.025629e+04   0.000000e+00    815s
  492356   -2.9993278e+07   1.114585e+04   0.000000e+00    821s
  492576   -2.9993278e+07   5.465623e+03   0.000000e+00    827s
  492736   -2.9993278e+07   2.888658e+03   0.000000e+00    830s
  493026   -2.9993278e+07   8.710240e+03   0.000000e+00    836s
  493146   -2.9993278e+07   3.685513e+03   0.000000e+00    841s
  493266   -2.9993278e+07   1.629225e+04   0.000000e+00    845s
  493486   -2.9993278e+07   2.620568e+03   0.000000e+00    850s
  493836   -2.9993278e+07   9.473552e+03   0.000000e+00    856s
  494116   -2.9993278e+07   2.901430e+03   0.000000e+00    860s
  494516   -2.9993278e+07   2.836897e+03   0.000000e+00    866s
  494796   -2.9993278e+07   9.995438e+03   0.000000e+00    870s
  495206   -2.9993278e+07   1.838123e+04   0.000000e+00    876s
  495496   -2.9993278e+07   5.496327e+03   0.000000e+00    880s
  495906   -2.9993278e+07   1.303452e+04   0.000000e+00    886s
  496196   -2.9993278e+07   1.950163e+04   0.000000e+00    891s
  496656   -2.9993278e+07   6.765131e+03   0.000000e+00    896s
  496986   -2.9993278e+07   4.778177e+03   0.000000e+00    901s
  497336   -2.9993278e+07   9.606833e+03   0.000000e+00    905s
  497796   -2.9993278e+07   4.755177e+03   0.000000e+00    911s
  498096   -2.9993278e+07   6.773285e+03   0.000000e+00    915s
  498446   -2.9993278e+07   3.031528e+03   0.000000e+00    921s
  498706   -2.9993278e+07   3.932432e+03   0.000000e+00    926s
  498986   -2.9993278e+07   2.073083e+03   0.000000e+00    930s
  499316   -2.9993278e+07   6.839975e+03   0.000000e+00    936s
  499626   -2.9993278e+07   7.624041e+03   0.000000e+00    940s
  499946   -2.9993278e+07   7.925954e+03   0.000000e+00    946s
  500216   -2.9993278e+07   2.003946e+04   0.000000e+00    951s
  500576   -2.9993278e+07   2.915948e+03   0.000000e+00    956s
  500846   -2.9993278e+07   5.774142e+03   0.000000e+00    961s
  501086   -2.9993278e+07   8.869831e+03   0.000000e+00    965s
  501496   -2.9993278e+07   2.568907e+03   0.000000e+00    971s
  501806   -2.9993278e+07   7.754315e+03   0.000000e+00    975s
  502206   -2.9993278e+07   3.345156e+04   0.000000e+00    981s
  502506   -2.9993278e+07   5.061466e+03   0.000000e+00    986s
  502696   -2.9993278e+07   1.408511e+05   0.000000e+00    990s
  502976   -2.9993278e+07   1.116548e+04   0.000000e+00    996s
  503206   -2.9993278e+07   4.907558e+03   0.000000e+00   1001s
  503486   -2.9993278e+07   3.816565e+03   0.000000e+00   1005s
  503896   -2.9993278e+07   1.443688e+03   0.000000e+00   1011s
  504186   -2.9993278e+07   6.956325e+03   0.000000e+00   1015s
  504546   -2.9993278e+07   1.964302e+03   0.000000e+00   1021s
  504766   -2.9993278e+07   8.464139e+03   0.000000e+00   1025s
  505146   -2.9993278e+07   6.082970e+03   0.000000e+00   1031s
  505426   -2.9993278e+07   1.437087e+03   0.000000e+00   1035s
  505796   -2.9993278e+07   6.592794e+03   0.000000e+00   1041s
  506046   -2.9993278e+07   4.274131e+03   0.000000e+00   1046s
  506356   -2.9993278e+07   3.929465e+03   0.000000e+00   1051s
  506646   -2.9993278e+07   3.928420e+03   0.000000e+00   1056s
  506906   -2.9993278e+07   5.191975e+03   0.000000e+00   1060s
  507206   -2.9993278e+07   5.914820e+03   0.000000e+00   1066s
  507396   -2.9993278e+07   9.666308e+03   0.000000e+00   1071s
  507646   -2.9993278e+07   5.087675e+03   0.000000e+00   1075s
  507906   -2.9993278e+07   3.099210e+03   0.000000e+00   1081s
  508146   -2.9993278e+07   1.331814e+03   0.000000e+00   1085s
  508436   -2.9993278e+07   6.184369e+03   0.000000e+00   1091s
  508646   -2.9993278e+07   4.732521e+03   0.000000e+00   1095s
  508996   -2.9993278e+07   1.162047e+04   0.000000e+00   1101s
  509206   -2.9993278e+07   1.112156e+04   0.000000e+00   1105s
  509476   -2.9993278e+07   4.818835e+03   0.000000e+00   1110s
  509876   -2.9993278e+07   9.927687e+03   0.000000e+00   1116s
  510186   -2.9993278e+07   5.821711e+04   0.000000e+00   1121s
  510456   -2.9993278e+07   2.656676e+03   0.000000e+00   1125s
  510786   -2.9993278e+07   3.132975e+03   0.000000e+00   1131s
  511016   -2.9993278e+07   4.924153e+03   0.000000e+00   1136s
  511326   -2.9993278e+07   1.373742e+04   0.000000e+00   1141s
  511616   -2.9993278e+07   9.150480e+03   0.000000e+00   1145s
  511966   -2.9993278e+07   2.735213e+03   0.000000e+00   1151s
  512226   -2.9993278e+07   8.193315e+03   0.000000e+00   1155s
  512566   -2.9993278e+07   3.268475e+03   0.000000e+00   1161s
  512866   -2.9993278e+07   8.983037e+03   0.000000e+00   1165s
  513226   -2.9993278e+07   5.739285e+03   0.000000e+00   1171s
  513486   -2.9993278e+07   1.842743e+03   0.000000e+00   1175s
  513796   -2.9993278e+07   4.495147e+03   0.000000e+00   1181s
  514046   -2.9993278e+07   7.050690e+03   0.000000e+00   1186s
  514416   -2.9993278e+07   1.044544e+04   0.000000e+00   1191s
  514716   -2.9993278e+07   3.496723e+03   0.000000e+00   1196s
  514946   -2.9993278e+07   6.868989e+03   0.000000e+00   1200s
  515276   -2.9993278e+07   6.089324e+03   0.000000e+00   1206s
  515506   -2.9993278e+07   2.502327e+03   0.000000e+00   1210s
  515826   -2.9993278e+07   3.546828e+03   0.000000e+00   1216s
  516076   -2.9993278e+07   1.314504e+04   0.000000e+00   1221s
  516356   -2.9993278e+07   5.052287e+03   0.000000e+00   1226s
  516586   -2.9993278e+07   1.305752e+04   0.000000e+00   1231s
  516826   -2.9993278e+07   1.613681e+05   0.000000e+00   1235s
  517266   -2.9993278e+07   6.964526e+03   0.000000e+00   1243s
  517416   -2.9993278e+07   3.926193e+03   0.000000e+00   1246s
  517616   -2.9993278e+07   1.089672e+03   0.000000e+00   1250s
  517876   -2.9993278e+07   2.300692e+04   0.000000e+00   1255s
  518226   -2.9993278e+07   3.660993e+03   0.000000e+00   1262s
  518406   -2.9993278e+07   7.697915e+03   0.000000e+00   1265s
  518706   -2.9993278e+07   2.030605e+04   0.000000e+00   1271s
  518926   -2.9993278e+07   1.546951e+04   0.000000e+00   1275s
  519286   -2.9993278e+07   9.735799e+02   0.000000e+00   1281s
  519536   -2.9993278e+07   3.373410e+03   0.000000e+00   1285s
  519886   -2.9993278e+07   1.235835e+03   0.000000e+00   1291s
  520096   -2.9993278e+07   1.827567e+03   0.000000e+00   1295s
  520426   -2.9993278e+07   7.510483e+03   0.000000e+00   1303s
  520586   -2.9993278e+07   2.581849e+03   0.000000e+00   1305s
  520876   -2.9993278e+07   2.615575e+03   0.000000e+00   1311s
  521136   -2.9993278e+07   1.178633e+03   0.000000e+00   1316s
  521376   -2.9993278e+07   1.225041e+03   0.000000e+00   1320s
  521696   -2.9993278e+07   2.970590e+03   0.000000e+00   1326s
  521916   -2.9993278e+07   2.778148e+03   0.000000e+00   1330s
  522226   -2.9993278e+07   1.887828e+03   0.000000e+00   1336s
  522466   -2.9993278e+07   6.744797e+03   0.000000e+00   1340s
  522746   -2.9993278e+07   1.020604e+03   0.000000e+00   1346s
  522916   -2.9993278e+07   2.085909e+03   0.000000e+00   1350s
  523216   -2.9993278e+07   2.340414e+03   0.000000e+00   1356s
  523426   -2.9993278e+07   2.291546e+03   0.000000e+00   1360s
  523716   -2.9993278e+07   1.379058e+03   0.000000e+00   1366s
  523946   -2.9993278e+07   3.517100e+03   0.000000e+00   1371s
  524186   -2.9993278e+07   2.733649e+03   0.000000e+00   1375s
  524456   -2.9993278e+07   2.812410e+03   0.000000e+00   1381s
  524676   -2.9993278e+07   2.883964e+03   0.000000e+00   1385s
  524976   -2.9993278e+07   2.018452e+03   0.000000e+00   1391s
  525346   -2.9993278e+07   4.678354e+03   0.000000e+00   1398s
  525456   -2.9993278e+07   3.293576e+03   0.000000e+00   1401s
  525656   -2.9993278e+07   1.078697e+04   0.000000e+00   1405s
  525956   -2.9993278e+07   1.353456e+03   0.000000e+00   1411s
  526176   -2.9993278e+07   1.948094e+03   0.000000e+00   1415s
  526486   -2.9993278e+07   7.647654e+03   0.000000e+00   1423s
  526576   -2.9993278e+07   1.120328e+04   0.000000e+00   1425s
  526776   -2.9993278e+07   7.027527e+03   0.000000e+00   1431s
  526956   -2.9993278e+07   1.270636e+04   0.000000e+00   1436s
  527156   -2.9993278e+07   1.852449e+03   0.000000e+00   1440s
  527426   -2.9993278e+07   1.790323e+03   0.000000e+00   1446s
  527656   -2.9993278e+07   1.952360e+03   0.000000e+00   1450s
  527936   -2.9993278e+07   6.973749e+03   0.000000e+00   1456s
  528166   -2.9993278e+07   3.466507e+03   0.000000e+00   1460s
  528456   -2.9993278e+07   2.949164e+03   0.000000e+00   1466s
  528616   -2.9993278e+07   2.548124e+03   0.000000e+00   1470s
  528876   -2.9993278e+07   9.223791e+03   0.000000e+00   1476s
  529086   -2.9993278e+07   9.264558e+03   0.000000e+00   1480s
  529386   -2.9993278e+07   1.544781e+03   0.000000e+00   1486s
  529596   -2.9993278e+07   1.075628e+03   0.000000e+00   1490s
  529816   -2.9993278e+07   1.306596e+03   0.000000e+00   1495s
  530166   -2.9993278e+07   1.766772e+03   0.000000e+00   1502s
  530296   -2.9993278e+07   1.551564e+03   0.000000e+00   1505s
  530566   -2.9993278e+07   4.331734e+03   0.000000e+00   1511s
  530796   -2.9993278e+07   2.267749e+03   0.000000e+00   1516s
  531046   -2.9993278e+07   2.401368e+03   0.000000e+00   1522s
  531246   -2.9993278e+07   2.529175e+03   0.000000e+00   1526s
  531466   -2.9993278e+07   9.255867e+03   0.000000e+00   1530s
  531746   -2.9993278e+07   2.931744e+03   0.000000e+00   1536s
  531936   -2.9993278e+07   3.153961e+03   0.000000e+00   1540s
  532226   -2.9993278e+07   6.630447e+02   0.000000e+00   1546s
  532436   -2.9993278e+07   1.399974e+03   0.000000e+00   1551s
  532626   -2.9993278e+07   5.747028e+03   0.000000e+00   1555s
  532916   -2.9993278e+07   2.527244e+04   0.000000e+00   1561s
  533196   -2.9993278e+07   1.290813e+03   0.000000e+00   1567s
  533406   -2.9993278e+07   2.377023e+03   0.000000e+00   1571s
  533646   -2.9993278e+07   1.821437e+03   0.000000e+00   1577s
  533896   -2.9993278e+07   1.835594e+03   0.000000e+00   1583s
  534036   -2.9993278e+07   1.074790e+03   0.000000e+00   1586s
  534286   -2.9993278e+07   3.841974e+03   0.000000e+00   1590s
  534646   -2.9993278e+07   8.591988e+03   0.000000e+00   1597s
  534766   -2.9993278e+07   1.373769e+03   0.000000e+00   1600s
  535056   -2.9993278e+07   7.642140e+02   0.000000e+00   1608s
  535166   -2.9993278e+07   1.853409e+03   0.000000e+00   1610s
  535426   -2.9993278e+07   4.445202e+03   0.000000e+00   1616s
  535616   -2.9993278e+07   1.395132e+03   0.000000e+00   1621s
  535876   -2.9993278e+07   1.436685e+03   0.000000e+00   1627s
  536076   -2.9993278e+07   4.020429e+03   0.000000e+00   1631s
  536266   -2.9993278e+07   1.136051e+03   0.000000e+00   1635s
  536526   -2.9993278e+07   7.905297e+02   0.000000e+00   1641s
  536736   -2.9993278e+07   1.825322e+03   0.000000e+00   1645s
  537066   -2.9993278e+07   1.085606e+03   0.000000e+00   1653s
  537196   -2.9993278e+07   3.336529e+03   0.000000e+00   1655s
  537486   -2.9993278e+07   2.057270e+03   0.000000e+00   1662s
  537596   -2.9993278e+07   3.121130e+03   0.000000e+00   1665s
  537816   -2.9993278e+07   6.434026e+02   0.000000e+00   1671s
  537986   -2.9993278e+07   2.262305e+04   0.000000e+00   1676s
  538236   -2.9993278e+07   8.331645e+02   0.000000e+00   1682s
  538476   -2.9993278e+07   6.028424e+02   0.000000e+00   1688s
  538596   -2.9993278e+07   1.302807e+03   0.000000e+00   1690s
  538856   -2.9993278e+07   2.928458e+03   0.000000e+00   1697s
  539066   -2.9993278e+07   4.694808e+03   0.000000e+00   1701s
  539356   -2.9993278e+07   3.036900e+03   0.000000e+00   1706s
  539616   -2.9993278e+07   2.013653e+03   0.000000e+00   1712s
  539856   -2.9993278e+07   5.656739e+02   0.000000e+00   1717s
  539966   -2.9993278e+07   2.158341e+03   0.000000e+00   1720s
  540236   -2.9993278e+07   4.529739e+03   0.000000e+00   1726s
  540456   -2.9993278e+07   7.408950e+03   0.000000e+00   1731s
  540666   -2.9993278e+07   5.022476e+03   0.000000e+00   1737s
  540856   -2.9993278e+07   2.333998e+03   0.000000e+00   1741s
  541066   -2.9993278e+07   1.443599e+03   0.000000e+00   1747s
  541336   -2.9993278e+07   1.228117e+03   0.000000e+00   1752s
  541536   -2.9993278e+07   5.717765e+02   0.000000e+00   1757s
  541716   -2.9993278e+07   8.348893e+02   0.000000e+00   1761s
  541896   -2.9993278e+07   1.070829e+03   0.000000e+00   1765s
  542146   -2.9993278e+07   3.150501e+03   0.000000e+00   1771s
  542386   -2.9993278e+07   1.791060e+03   0.000000e+00   1777s
  542586   -2.9993278e+07   1.085853e+03   0.000000e+00   1783s
  542766   -2.9993278e+07   1.368139e+03   0.000000e+00   1787s
  542986   -2.9993278e+07   3.196098e+03   0.000000e+00   1793s
  543086   -2.9993278e+07   1.044291e+03   0.000000e+00   1796s
  543306   -2.9993278e+07   2.093877e+03   0.000000e+00   1801s
  543496   -2.9993278e+07   7.818640e+03   0.000000e+00   1806s
  543716   -2.9993278e+07   4.815166e+03   0.000000e+00   1812s
  543946   -2.9993278e+07   1.557157e+03   0.000000e+00   1818s
  544056   -2.9993278e+07   4.842662e+02   0.000000e+00   1820s
  544296   -2.9993278e+07   6.448980e+02   0.000000e+00   1826s
  544486   -2.9993278e+07   1.280751e+03   0.000000e+00   1830s
  544796   -2.9993278e+07   8.892265e+02   0.000000e+00   1837s
  545056   -2.9993278e+07   2.886100e+03   0.000000e+00   1843s
  545176   -2.9993278e+07   1.670244e+03   0.000000e+00   1845s
  545526   -2.9993278e+07   1.280190e+03   0.000000e+00   1852s
  545776   -2.9993278e+07   1.738054e+03   0.000000e+00   1859s
  545906   -2.9993278e+07   7.508132e+02   0.000000e+00   1862s
  546116   -2.9993278e+07   1.244919e+03   0.000000e+00   1868s
  546296   -2.9993278e+07   6.981236e+02   0.000000e+00   1872s
  546486   -2.9993278e+07   1.423874e+03   0.000000e+00   1877s
  546756   -2.9993278e+07   1.121421e+03   0.000000e+00   1883s
  546846   -2.9993278e+07   9.842323e+02   0.000000e+00   1886s
  547086   -2.9993278e+07   1.045475e+03   0.000000e+00   1891s
  547286   -2.9993278e+07   1.744459e+03   0.000000e+00   1897s
  547396   -2.9993278e+07   4.253531e+03   0.000000e+00   1901s
  547646   -2.9993278e+07   2.346265e+03   0.000000e+00   1906s
  547906   -2.9993278e+07   3.842132e+03   0.000000e+00   1911s
  548116   -2.9993278e+07   7.971479e+03   0.000000e+00   1917s
  548336   -2.9993278e+07   4.531992e+02   0.000000e+00   1922s
  548456   -2.9993278e+07   8.116302e+02   0.000000e+00   1925s
  548736   -2.9993278e+07   4.086106e+03   0.000000e+00   1933s
  548826   -2.9993278e+07   1.343782e+04   0.000000e+00   1935s
  549006   -2.9993278e+07   4.845859e+03   0.000000e+00   1941s
  549216   -2.9993278e+07   1.343250e+03   0.000000e+00   1946s
  549446   -2.9993278e+07   1.867080e+03   0.000000e+00   1953s
  549566   -2.9993278e+07   9.746849e+02   0.000000e+00   1957s
  549756   -2.9993278e+07   3.460044e+03   0.000000e+00   1962s
  549956   -2.9993278e+07   9.547777e+02   0.000000e+00   1966s
  550206   -2.9993278e+07   5.172122e+02   0.000000e+00   1973s
  550306   -2.9993278e+07   5.425744e+02   0.000000e+00   1976s
  550536   -2.9993278e+07   1.929830e+03   0.000000e+00   1981s
  550746   -2.9993278e+07   5.798140e+02   0.000000e+00   1987s
  550956   -2.9993278e+07   1.278917e+03   0.000000e+00   1993s
  551056   -2.9993278e+07   9.052238e+02   0.000000e+00   1996s
  551266   -2.9993278e+07   4.855304e+02   0.000000e+00   2001s
  551456   -2.9993278e+07   6.615970e+02   0.000000e+00   2007s
  551656   -2.9993278e+07   3.567275e+03   0.000000e+00   2013s
  551766   -2.9993278e+07   1.278662e+03   0.000000e+00   2016s
  551966   -2.9993278e+07   1.014303e+03   0.000000e+00   2022s
  552176   -2.9993278e+07   2.146228e+03   0.000000e+00   2027s
  552386   -2.9993278e+07   5.202316e+02   0.000000e+00   2033s
  552486   -2.9993278e+07   1.518896e+03   0.000000e+00   2036s
  552746   -2.9993278e+07   5.121771e+02   0.000000e+00   2043s
  552846   -2.9993278e+07   1.289145e+03   0.000000e+00   2046s
  553036   -2.9993278e+07   3.270473e+02   0.000000e+00   2051s
  553236   -2.9993278e+07   5.757087e+02   0.000000e+00   2057s
  553436   -2.9993278e+07   2.853366e+02   0.000000e+00   2062s
  553526   -2.9993278e+07   3.886660e+02   0.000000e+00   2065s
  553786   -2.9993278e+07   4.095030e+02   0.000000e+00   2074s
  553886   -2.9993278e+07   4.153217e+02   0.000000e+00   2077s
  554086   -2.9993278e+07   8.294797e+02   0.000000e+00   2083s
  554186   -2.9993278e+07   4.473772e+02   0.000000e+00   2086s
  554446   -2.9993278e+07   2.762550e+02   0.000000e+00   2093s
  554546   -2.9993278e+07   1.025728e+03   0.000000e+00   2096s
  554736   -2.9993278e+07   3.385540e+02   0.000000e+00   2102s
  554856   -2.9993278e+07   1.510244e+03   0.000000e+00   2106s
  555056   -2.9993278e+07   4.140631e+02   0.000000e+00   2112s
  555166   -2.9993278e+07   1.155469e+04   0.000000e+00   2115s
  555396   -2.9993278e+07   4.204895e+02   0.000000e+00   2121s
  555606   -2.9993278e+07   1.762114e+03   0.000000e+00   2127s
  555736   -2.9993278e+07   1.449523e+03   0.000000e+00   2131s
  555956   -2.9993278e+07   4.629247e+02   0.000000e+00   2137s
  556146   -2.9993278e+07   1.512813e+03   0.000000e+00   2141s
  556356   -2.9993278e+07   1.247251e+03   0.000000e+00   2147s
  556566   -2.9993278e+07   1.102545e+03   0.000000e+00   2153s
  556666   -2.9993278e+07   2.635936e+03   0.000000e+00   2156s
  556896   -2.9993278e+07   2.691342e+03   0.000000e+00   2162s
  557086   -2.9993278e+07   7.227945e+02   0.000000e+00   2167s
  557306   -2.9993278e+07   4.839091e+02   0.000000e+00   2174s
  557406   -2.9993278e+07   5.082977e+02   0.000000e+00   2177s
  557596   -2.9993278e+07   1.363141e+03   0.000000e+00   2183s
  557706   -2.9993278e+07   4.728209e+02   0.000000e+00   2186s
  557956   -2.9993278e+07   4.308071e+02   0.000000e+00   2193s
  558046   -2.9993278e+07   1.451914e+04   0.000000e+00   2196s
  558276   -2.9993278e+07   6.109347e+02   0.000000e+00   2201s
  558506   -2.9993278e+07   4.758770e+02   0.000000e+00   2208s
  558626   -2.9993278e+07   1.551975e+03   0.000000e+00   2212s
  558816   -2.9993278e+07   7.256697e+02   0.000000e+00   2217s
  559006   -2.9993278e+07   3.187781e+02   0.000000e+00   2222s
  559106   -2.9993278e+07   7.308048e+02   0.000000e+00   2225s
  559296   -2.9993278e+07   2.968544e+03   0.000000e+00   2231s
  559506   -2.9993278e+07   2.988592e+03   0.000000e+00   2238s
  559636   -2.9993278e+07   4.919203e+02   0.000000e+00   2241s
  559856   -2.9993278e+07   8.624963e+02   0.000000e+00   2248s
  559946   -2.9993278e+07   6.538349e+02   0.000000e+00   2251s
  560146   -2.9993278e+07   6.511912e+02   0.000000e+00   2257s
  560336   -2.9993278e+07   1.838778e+02   0.000000e+00   2263s
  560436   -2.9993278e+07   5.091912e+02   0.000000e+00   2265s
  560616   -2.9993278e+07   3.295850e+02   0.000000e+00   2271s
  560836   -2.9993278e+07   3.612945e+02   0.000000e+00   2277s
  560926   -2.9993278e+07   2.246117e+02   0.000000e+00   2280s
  561126   -2.9993278e+07   5.369532e+02   0.000000e+00   2286s
  561256   -2.9993278e+07   8.042982e+02   0.000000e+00   2290s
  561476   -2.9993278e+07   7.850849e+01   0.000000e+00   2297s
  561576   -2.9993278e+07   1.667264e+02   0.000000e+00   2300s
  561826   -2.9993278e+07   2.325586e+03   0.000000e+00   2307s
  561946   -2.9993278e+07   1.975307e+02   0.000000e+00   2311s
  562076   -2.9993278e+07   1.253976e+02   0.000000e+00   2316s
  562266   -2.9993278e+07   4.277472e+03   0.000000e+00   2322s
  562456   -2.9993278e+07   6.119274e+02   0.000000e+00   2328s
  562586   -2.9993278e+07   1.817319e+03   0.000000e+00   2332s
  562676   -2.9993278e+07   1.813142e+02   0.000000e+00   2335s
  562926   -2.9993278e+07   3.192809e+02   0.000000e+00   2344s
  563046   -2.9993278e+07   1.511308e+03   0.000000e+00   2348s
  563136   -2.9993278e+07   2.685426e+03   0.000000e+00   2350s
  563356   -2.9993278e+07   2.236335e+02   0.000000e+00   2357s
  563446   -2.9993278e+07   1.554723e+02   0.000000e+00   2360s
  563696   -2.9993278e+07   1.463130e+03   0.000000e+00   2369s
  563826   -2.9993278e+07   7.857385e+02   0.000000e+00   2373s
  563956   -2.9993278e+07   1.887640e+03   0.000000e+00   2377s
  564086   -2.9993278e+07   1.032631e+02   0.000000e+00   2381s
  564206   -2.9993278e+07   3.260736e+02   0.000000e+00   2385s
  564436   -2.9993278e+07   1.519836e+02   0.000000e+00   2392s
  564526   -2.9993278e+07   4.496008e+01   0.000000e+00   2395s
  564746   -2.9993278e+07   4.163893e+01   0.000000e+00   2402s
  564866   -2.9993278e+07   1.824220e+03   0.000000e+00   2406s
  564986   -2.9993278e+07   2.217312e+02   0.000000e+00   2410s
  565226   -2.9993278e+07   1.472203e+02   0.000000e+00   2419s
  565346   -2.9993278e+07   4.770632e+02   0.000000e+00   2423s
  565446   -2.9993278e+07   2.526365e+02   0.000000e+00   2426s
  565686   -2.9993278e+07   2.183998e+02   0.000000e+00   2434s
  565806   -2.9993278e+07   6.809677e+01   0.000000e+00   2438s
  565926   -2.9993278e+07   6.546664e+01   0.000000e+00   2442s
  566046   -2.9993278e+07   1.139700e+02   0.000000e+00   2446s
  566176   -2.9993278e+07   1.467830e+02   0.000000e+00   2450s
  566426   -2.9993278e+07   5.181348e+02   0.000000e+00   2459s
  566556   -2.9993278e+07   5.284397e+02   0.000000e+00   2463s
  566676   -2.9993278e+07   1.904414e+03   0.000000e+00   2467s
  566896   -2.9993278e+07   4.217721e+02   0.000000e+00   2474s
  567016   -2.9993278e+07   3.655693e+02   0.000000e+00   2479s
  567136   -2.9993278e+07   1.209149e+02   0.000000e+00   2483s
  567256   -2.9993278e+07   1.000342e+02   0.000000e+00   2487s
  567376   -2.9993278e+07   5.162874e+01   0.000000e+00   2491s
  567616   -2.9993278e+07   2.551250e+01   0.000000e+00   2499s
  567736   -2.9993278e+07   2.103388e+02   0.000000e+00   2503s
  567856   -2.9993278e+07   7.020146e+01   0.000000e+00   2507s
  567976   -2.9993278e+07   1.325730e+01   0.000000e+00   2511s
  568096   -2.9993278e+07   3.492831e+02   0.000000e+00   2515s
  568336   -2.9993278e+07   1.908787e+01   0.000000e+00   2523s
  568456   -2.9993278e+07   7.854800e+01   0.000000e+00   2527s
  568686   -2.9993278e+07   1.137171e+02   0.000000e+00   2534s
  568806   -2.9993278e+07   3.273726e+01   0.000000e+00   2538s
  568936   -2.9993278e+07   1.158251e+02   0.000000e+00   2542s
  569156   -2.9993278e+07   8.009758e+00   0.000000e+00   2549s
  569286   -2.9993278e+07   9.799868e+00   0.000000e+00   2553s
  569416   -2.9993278e+07   3.874393e+01   0.000000e+00   2557s
  569546   -2.9993278e+07   1.412993e+01   0.000000e+00   2561s
  569676   -2.9993278e+07   1.001682e+01   0.000000e+00   2565s
  569926   -2.9993278e+07   2.640840e+01   0.000000e+00   2573s
  570056   -2.9993278e+07   8.166834e+00   0.000000e+00   2577s
  570186   -2.9993278e+07   6.933514e+00   0.000000e+00   2581s
  570306   -2.9993278e+07   1.128657e+01   0.000000e+00   2585s
  570556   -2.9993278e+07   1.042095e+00   0.000000e+00   2593s
  570686   -2.9993278e+07   2.687128e+00   0.000000e+00   2597s
  570806   -2.9993278e+07   7.427949e-01   0.000000e+00   2601s
  570926   -2.9993278e+07   4.920275e+00   0.000000e+00   2605s
  571166   -2.9993278e+07   9.063179e+00   0.000000e+00   2613s
  571286   -2.9993278e+07   1.773867e+00   0.000000e+00   2617s
  571406   -2.9993278e+07   1.687503e-01   0.000000e+00   2621s
  571749   -2.9993278e+07   0.000000e+00   1.257343e+02   2626s
  572875   -2.9993278e+07   0.000000e+00   5.537408e+01   2630s
  575304   -2.9993278e+07   0.000000e+00   2.771034e+02   2635s
  577945   -2.9993278e+07   0.000000e+00   4.699399e+02   2640s
  579623   -2.9993278e+07   0.000000e+00   7.806194e+01   2645s
  581167   -2.9993278e+07   0.000000e+00   1.528625e+01   2650s
  583468   -2.9993278e+07   0.000000e+00   9.708439e+01   2655s
  585382   -2.9993278e+07   0.000000e+00   3.651436e+01   2660s
  587755   -2.9993278e+07   0.000000e+00   2.025672e+02   2665s
  589060   -2.9993278e+07   0.000000e+00   0.000000e+00   2672s
Waiting for other threads to finish...        2861s
Waiting for other threads to finish...        3151s
Waiting for other threads to finish...        3339s
Waiting for other threads to finish...        3527s
Waiting for other threads to finish...        3715s
Waiting for other threads to finish...        3903s
Waiting for other threads to finish...        4091s
Waiting for other threads to finish...        4279s
Waiting for other threads to finish...        4467s
Waiting for other threads to finish...        4655s
Waiting for other threads to finish...        4844s
Waiting for other threads to finish...        5032s
Waiting for other threads to finish...        5220s
Waiting for other threads to finish...        5408s
Waiting for other threads to finish...        5596s
Waiting for other threads to finish...        5785s
Waiting for other threads to finish...        5973s
Waiting for other threads to finish...        6161s
Waiting for other threads to finish...        6349s
Concurrent spin time: 3784.53s (can be avoided by choosing Method=3)

Solved with barrier

Root relaxation: objective -2.999328e+07, 589060 iterations, 6417.27 seconds (5552.61 work units)
Total elapsed time = 6775.96s (DegenMoves)
Total elapsed time = 6917.36s (DegenMoves)
Total elapsed time = 7076.33s (DegenMoves)
Total elapsed time = 7214.16s (DegenMoves)

    Nodes    |    Current Node    |     Objective Bounds      |     Work
 Expl Unexpl |  Obj  Depth IntInf | Incumbent    BestBd   Gap | It/Node Time

     0     0 -2.999e+07    0 6956    0.00000 -2.999e+07      -     - 7381s
H    0     0                    -1.89969e+07 -2.999e+07  57.9%     - 7906s
     0     0          -    0      -1.900e+07 -2.999e+07  57.9%     - 10800s

Cutting planes:
  Cover: 1
  Clique: 20
  MIR: 49
  StrongCG: 2
  GUB cover: 2
  Zero half: 334

Explored 1 nodes (1447492 simplex iterations) in 10800.39 seconds (14675.09 work units)
Thread count was 16 (of 18 available processors)

Solution count 2: -1.89969e+07 0 

Time limit reached
Best objective -1.899693398580e+07, best bound -2.999327818438e+07, gap 57.8848%

---------------------------------------------------------------------------
Multi-objectives: stopped in 10801.18 seconds (14675.09 work units), solution count 2
Time Limit reached

