
Gurobi 11.0.0 (win64) logging started Thu Dec 19 23:26:34 2024

Set parameter LogFile to value "C:\Users\Administrator\Desktop\OptRail_Railroad_Construction\Data\Solution\AnzahlAuftraege_NEW_10\a10_o107_m5_an57_ar12\6_Objectives\costs\gurobi_a10_o107_m5_an57_ar12_costs.log"
Gurobi Optimizer version 11.0.0 build v11.0.0rc2 (win64 - Windows Server 2022.0 (20348.2))

CPU model: AMD EPYC 7513 32-Core Processor, instruction set [SSE2|AVX|AVX2]
Thread count: 18 physical cores, 18 logical processors, using up to 16 threads

Optimize a model with 2603 rows, 130587 columns and 642052 nonzeros
Model fingerprint: 0x9ce204c8
Variable types: 0 continuous, 130587 integer (130587 binary)
Coefficient statistics:
  Matrix range     [1e+00, 1e+01]
  Objective range  [1e+00, 2e+02]
  Bounds range     [1e+00, 1e+00]
  RHS range        [1e+00, 2e+02]

---------------------------------------------------------------------------
Multi-objectives: starting optimization with 6 objectives (1 combined) ...
---------------------------------------------------------------------------
---------------------------------------------------------------------------

Multi-objectives: optimize objective 1 (weighted) ...
---------------------------------------------------------------------------

Optimize a model with 2603 rows, 130587 columns and 642052 nonzeros
Model fingerprint: 0x19c64df8
Variable types: 0 continuous, 130587 integer (130587 binary)
Coefficient statistics:
  Matrix range     [1e+00, 1e+01]
  Objective range  [2e+00, 1e+06]
  Bounds range     [1e+00, 1e+00]
  RHS range        [1e+00, 2e+02]
Found heuristic solution: objective 0.0000000
Presolve removed 338 rows and 68020 columns
Presolve time: 0.80s
Presolved: 2265 rows, 62567 columns, 552008 nonzeros
Variable types: 0 continuous, 62567 integer (62565 binary)
Deterministic concurrent LP optimizer: primal simplex, dual simplex, and barrier
Showing barrier log only...

Root barrier log...

Ordering time: 0.03s

Barrier statistics:
 AA' NZ     : 2.247e+05
 Factor NZ  : 6.232e+05 (roughly 30 MB of memory)
 Factor Ops : 2.397e+08 (less than 1 second per iteration)
 Threads    : 14

                  Objective                Residual
Iter       Primal          Dual         Primal    Dual     Compl     Time
   0   1.29222826e+07 -5.14582732e+10  9.90e+04 1.10e+05  1.25e+07     1s
   1   7.62409434e+05 -4.78266030e+10  2.93e+04 2.68e+05  3.84e+06     1s
   2  -5.63525284e+06 -3.32365812e+10  1.07e+03 4.13e+03  3.74e+05     1s
   3  -7.42462551e+06 -1.04672811e+10  7.60e+02 9.31e-09  1.42e+05     1s
   4  -8.74587678e+06 -4.62094240e+09  2.25e+02 2.53e+02  5.28e+04     1s
   5  -9.46152690e+06 -1.19546783e+09  5.75e+01 1.01e-09  1.32e+04     1s
   6  -9.38579517e+06 -7.61901005e+08  4.26e+01 1.09e-09  8.70e+03     1s
   7  -9.10753065e+06 -4.81862221e+08  1.75e+01 1.58e-08  4.90e+03     1s
   8  -8.71129250e+06 -3.33604748e+08  2.23e+00 5.59e-09  2.81e+03     1s
   9  -7.98069528e+06 -1.29216320e+08  6.22e-15 4.43e+00  9.63e+02     1s
  10  -8.36127559e+06 -4.28097336e+07  1.35e-14 1.38e-09  2.74e+02     2s
  11  -9.11568325e+06 -2.13915619e+07  4.55e-14 6.45e-10  9.75e+01     2s
  12  -9.09629173e+06 -1.37085818e+07  2.50e-13 5.77e-10  3.66e+01     2s
  13  -9.22186815e+06 -1.08085132e+07  8.54e-14 3.99e-10  1.26e+01     2s
  14  -9.37370977e+06 -1.00849442e+07  1.08e-13 3.04e-10  5.65e+00     2s
  15  -9.39647638e+06 -9.80669898e+06  1.36e-13 2.63e-10  3.26e+00     2s
  16  -9.40510383e+06 -9.50853989e+06  1.89e-13 2.57e-10  8.22e-01     2s
  17  -9.40703145e+06 -9.48156626e+06  4.63e-13 4.13e-10  5.92e-01     2s
  18  -9.40944936e+06 -9.48134582e+06  3.52e-13 2.80e-10  5.71e-01     2s
  19  -9.41189587e+06 -9.44988478e+06  2.76e-13 2.55e-10  3.02e-01     2s
  20  -9.41418344e+06 -9.43791005e+06  3.27e-13 2.44e-10  1.88e-01     2s
  21  -9.41474275e+06 -9.43332046e+06  3.35e-13 2.59e-10  1.48e-01     2s
  22  -9.41538865e+06 -9.43255236e+06  2.09e-13 2.98e-10  1.36e-01     2s
  23  -9.41575219e+06 -9.42859604e+06  2.83e-13 3.09e-10  1.02e-01     2s
  24  -9.41619023e+06 -9.42503164e+06  2.50e-13 2.82e-10  7.02e-02     2s
  25  -9.41666234e+06 -9.42239907e+06  3.64e-13 2.39e-10  4.56e-02     2s
  26  -9.41693498e+06 -9.42079177e+06  1.92e-13 2.47e-10  3.06e-02     2s
  27  -9.41716896e+06 -9.42013310e+06  2.10e-13 5.18e-10  2.35e-02     2s
  28  -9.41742285e+06 -9.41953104e+06  3.07e-13 2.37e-10  1.67e-02     2s
  29  -9.41757524e+06 -9.41918491e+06  3.17e-13 2.51e-10  1.28e-02     2s
  30  -9.41763996e+06 -9.41878795e+06  4.15e-13 2.33e-10  9.12e-03     2s
  31  -9.41772776e+06 -9.41839487e+06  6.42e-13 1.86e-10  5.30e-03     2s
  32  -9.41777673e+06 -9.41819601e+06  7.81e-13 2.47e-10  3.33e-03     2s
  33  -9.41779922e+06 -9.41810718e+06  1.21e-12 2.97e-10  2.45e-03     2s
  34  -9.41782791e+06 -9.41806532e+06  1.26e-12 2.88e-10  1.89e-03     2s
  35  -9.41784831e+06 -9.41800950e+06  1.09e-12 2.98e-10  1.28e-03     2s
  36  -9.41788006e+06 -9.41797415e+06  1.27e-12 1.87e-10  7.47e-04     2s
  37  -9.41789927e+06 -9.41794579e+06  6.10e-12 4.31e-10  3.70e-04     2s
  38  -9.41790831e+06 -9.41793509e+06  1.66e-11 2.29e-10  2.13e-04     2s
  39  -9.41791551e+06 -9.41793051e+06  1.37e-11 2.38e-10  1.19e-04     2s
  40  -9.41791868e+06 -9.41792634e+06  3.49e-11 2.33e-10  6.09e-05     2s
  41  -9.41791983e+06 -9.41792173e+06  1.01e-10 2.91e-10  1.51e-05     2s
  42  -9.41791989e+06 -9.41792021e+06  1.81e-10 3.06e-10  2.52e-06     2s
  43  -9.41792004e+06 -9.41792011e+06  6.68e-09 2.83e-10  5.10e-07     2s
  44  -9.41792005e+06 -9.41792006e+06  3.05e-10 3.02e-10  9.69e-08     2s
  45  -9.41792005e+06 -9.41792006e+06  6.80e-09 3.17e-10  8.21e-08     2s

Barrier solved model in 45 iterations and 2.06 seconds (3.11 work units)
Optimal objective -9.41792005e+06

Concurrent spin time: 0.00s

Solved with barrier

Root relaxation: objective -9.417920e+06, 2961 iterations, 1.24 seconds (1.23 work units)

    Nodes    |    Current Node    |     Objective Bounds      |     Work
 Expl Unexpl |  Obj  Depth IntInf | Incumbent    BestBd   Gap | It/Node Time

     0     0 -9417920.0    0 1038    0.00000 -9417920.0      -     -    4s
H    0     0                    -3955653.341 -9417920.0   138%     -    4s
H    0     0                    -3961482.016 -9417920.0   138%     -    5s
     0     0 -9407707.8    0 1195 -3961482.0 -9407707.8   137%     -    9s
H    0     0                    -8926242.919 -9407650.1  5.39%     -   16s
     0     0 -9407650.1    0 1204 -8926242.9 -9407650.1  5.39%     -   16s
     0     0 -9407650.1    0 1206 -8926242.9 -9407650.1  5.39%     -   16s
     0     0 -9347185.8    0 1314 -8926242.9 -9347185.8  4.72%     -   21s
     0     0 -9347185.8    0 1312 -8926242.9 -9347185.8  4.72%     -   22s
     0     0 -9000000.0    0 1291 -8926242.9 -9000000.0  0.83%     -   27s
     0     0 -9000000.0    0 1281 -8926242.9 -9000000.0  0.83%     -   27s
     0     0 -9000000.0    0 1272 -8926242.9 -9000000.0  0.83%     -   28s
     0     0 -9000000.0    0 1294 -8926242.9 -9000000.0  0.83%     -   29s
     0     0 -9000000.0    0 1280 -8926242.9 -9000000.0  0.83%     -   30s
     0     0 -9000000.0    0 1260 -8926242.9 -9000000.0  0.83%     -   31s
     0     2 -9000000.0    0 1260 -8926242.9 -9000000.0  0.83%     -   36s
     1     2 -8927845.2    1  787 -8926242.9 -9000000.0  0.83% 15341   45s
    33    48 -8927791.0    6  790 -8926242.9 -8927798.0  0.02%  2023   50s
H   97    96                    -8926262.606 -8927791.5  0.02%  1208   52s
    98    97 -8927791.5    7 1260 -8926262.6 -8927791.5  0.02%  1196   62s
   100    98 -8927719.4    7  595 -8926262.6 -8927791.5  0.02%  1172   65s
H  101    94                    -8926615.862 -8927791.5  0.01%  1160   67s
H  103    90                    -8926637.475 -8927748.4  0.01%  1138   68s
H  104    86                    -8926639.754 -8927709.4  0.01%  1127   69s
   105    87 -8927700.0    9  728 -8926639.8 -8927704.9  0.01%  1116   70s
H  106    82                    -8926848.530 -8927704.9  0.01%  1106   73s

Cutting planes:
  Gomory: 12
  MIR: 8
  StrongCG: 1
  Flow cover: 14
  Zero half: 36
  RLT: 1
  BQP: 2

Explored 106 nodes (161247 simplex iterations) in 73.24 seconds (133.37 work units)
Thread count was 16 (of 18 available processors)

Solution count 9: -8.92685e+06 -8.92664e+06 -8.92664e+06 ... 0

Optimal solution found (tolerance 1.00e-04)
Best objective -8.926848529877e+06, best bound -8.927704885229e+06, gap 0.0096%

---------------------------------------------------------------------------
Multi-objectives: solved in 73.38 seconds (133.37 work units), solution count 9

