
Gurobi 11.0.0 (win64) logging started Mon Dec 23 18:40:15 2024

Set parameter LogFile to value "C:\Users\Administrator\Desktop\OptRail_Railroad_Construction\Data\Solution\AnzahlAuftraege_NEW_15\a15_o170_m9_an80_ar18\6_Objectives\costs\gurobi_a15_o170_m9_an80_ar18_costs.log"
Gurobi Optimizer version 11.0.0 build v11.0.0rc2 (win64 - Windows Server 2022.0 (20348.2))

CPU model: AMD EPYC 7513 32-Core Processor, instruction set [SSE2|AVX|AVX2]
Thread count: 18 physical cores, 18 logical processors, using up to 16 threads

Optimize a model with 6275 rows, 542172 columns and 2491325 nonzeros
Model fingerprint: 0xc5692976
Variable types: 0 continuous, 542172 integer (542172 binary)
Coefficient statistics:
  Matrix range     [1e+00, 1e+01]
  Objective range  [1e+00, 2e+02]
  Bounds range     [1e+00, 1e+00]
  RHS range        [1e+00, 2e+02]

---------------------------------------------------------------------------
Multi-objectives: starting optimization with 6 objectives (1 combined) ...
---------------------------------------------------------------------------
---------------------------------------------------------------------------

Multi-objectives: optimize objective 1 (weighted) ...
---------------------------------------------------------------------------

Optimize a model with 6275 rows, 542172 columns and 2491325 nonzeros
Model fingerprint: 0xa31143c8
Variable types: 0 continuous, 542172 integer (542172 binary)
Coefficient statistics:
  Matrix range     [1e+00, 1e+01]
  Objective range  [5e+00, 1e+06]
  Bounds range     [1e+00, 1e+00]
  RHS range        [1e+00, 2e+02]
Found heuristic solution: objective 0.0000000
Presolve removed 274 rows and 283613 columns
Presolve time: 3.17s
Presolved: 6001 rows, 258559 columns, 2424497 nonzeros
Variable types: 0 continuous, 258559 integer (258559 binary)
Deterministic concurrent LP optimizer: primal simplex, dual simplex, and barrier
Showing barrier log only...

Root barrier log...

Ordering time: 0.41s

Barrier statistics:
 AA' NZ     : 9.314e+05
 Factor NZ  : 2.854e+06 (roughly 130 MB of memory)
 Factor Ops : 1.872e+09 (less than 1 second per iteration)
 Threads    : 14

                  Objective                Residual
Iter       Primal          Dual         Primal    Dual     Compl     Time
   0   4.26681452e+08 -2.40610911e+11  3.21e+05 6.12e+04  1.72e+07     5s
   1   2.38328317e+08 -2.29415901e+11  1.87e+05 2.99e+05  1.00e+07     5s
   2   5.32470656e+07 -2.04721718e+11  3.73e+04 6.43e+04  2.23e+06     5s
   3   1.16911140e+07 -1.32388255e+11  1.60e+04 1.10e+04  9.23e+05     5s
   4  -5.66365064e+05 -6.64867411e+10  9.63e+03 4.66e-09  4.76e+05     5s
   5  -2.54281709e+06 -5.85396819e+10  8.59e+03 5.59e-09  4.17e+05     5s
   6  -7.21624750e+06 -4.04166363e+10  6.67e+03 5.59e-09  3.01e+05     5s
   7  -1.08455910e+07 -1.14777970e+10  4.31e+03 2.61e-08  1.56e+05     5s
   8  -1.37259947e+07 -4.59601436e+09  1.15e+03 5.96e-08  4.39e+04     5s
   9  -1.46369824e+07 -2.16424233e+09  1.70e+02 1.04e-07  9.16e+03     6s
  10  -1.47428688e+07 -1.42266889e+09  2.19e+01 1.66e-06  3.34e+03     6s
  11  -1.47234079e+07 -7.62994886e+08  7.52e+00 7.41e-07  1.67e+03     6s
  12  -1.46594267e+07 -5.46269510e+08  3.37e+00 5.23e-07  1.13e+03     6s
  13  -1.41575927e+07 -4.15332623e+08  4.30e-02 3.88e-07  7.89e+02     6s
  14  -1.41114606e+07 -6.83724684e+07  9.55e-15 4.29e-08  1.05e+02     6s
  15  -1.43839014e+07 -3.04352063e+07  1.38e-14 9.55e-09  3.09e+01     6s
  16  -1.45999457e+07 -1.94505786e+07  3.61e-13 2.79e-09  9.34e+00     6s
  17  -1.47693159e+07 -1.63017885e+07  2.02e-13 6.98e-10  2.95e+00     6s
  18  -1.48052833e+07 -1.56081335e+07  2.93e-13 5.82e-10  1.55e+00     6s
  19  -1.48117185e+07 -1.52567235e+07  2.13e-13 2.33e-10  8.57e-01     6s
  20  -1.48244424e+07 -1.51300957e+07  2.07e-13 2.33e-10  5.89e-01     6s
  21  -1.48309638e+07 -1.49403116e+07  2.38e-13 1.16e-10  2.11e-01     6s
  22  -1.48385524e+07 -1.49286609e+07  5.27e-13 1.16e-10  1.74e-01     6s
  23  -1.48421654e+07 -1.48851177e+07  3.69e-13 1.16e-10  8.27e-02     6s
  24  -1.48443176e+07 -1.48829520e+07  3.90e-13 1.16e-10  7.44e-02     7s
  25  -1.48461291e+07 -1.48762906e+07  5.27e-13 1.16e-10  5.81e-02     7s
  26  -1.48474980e+07 -1.48733065e+07  4.13e-13 1.16e-10  4.97e-02     7s
  27  -1.48495747e+07 -1.48686807e+07  5.07e-13 2.33e-10  3.68e-02     7s
  28  -1.48502245e+07 -1.48646332e+07  4.80e-13 2.33e-10  2.78e-02     7s
  29  -1.48508663e+07 -1.48629043e+07  5.78e-13 1.16e-10  2.32e-02     7s
  30  -1.48514257e+07 -1.48612202e+07  7.44e-13 1.16e-10  1.89e-02     7s
  31  -1.48520142e+07 -1.48602335e+07  8.57e-13 1.16e-10  1.58e-02     7s
  32  -1.48524874e+07 -1.48589174e+07  8.38e-13 1.16e-10  1.24e-02     7s
  33  -1.48527775e+07 -1.48575993e+07  1.09e-12 2.33e-10  9.29e-03     7s
  34  -1.48532774e+07 -1.48571194e+07  1.49e-12 2.33e-10  7.40e-03     7s
  35  -1.48535206e+07 -1.48561779e+07  1.28e-12 1.16e-10  5.12e-03     7s
  36  -1.48537065e+07 -1.48559116e+07  9.60e-13 1.16e-10  4.25e-03     7s
  37  -1.48538806e+07 -1.48556480e+07  1.00e-12 1.16e-10  3.40e-03     8s
  38  -1.48540133e+07 -1.48554504e+07  7.12e-13 1.16e-10  2.77e-03     8s
  39  -1.48540744e+07 -1.48553036e+07  7.86e-13 1.16e-10  2.37e-03     8s
  40  -1.48541248e+07 -1.48551796e+07  9.08e-13 1.16e-10  2.03e-03     8s
  41  -1.48541784e+07 -1.48549354e+07  3.39e-12 1.16e-10  1.46e-03     8s
  42  -1.48542592e+07 -1.48548405e+07  2.46e-12 1.16e-10  1.12e-03     8s
  43  -1.48542847e+07 -1.48547533e+07  3.07e-12 1.16e-10  9.02e-04     8s
  44  -1.48543266e+07 -1.48546691e+07  2.72e-12 1.16e-10  6.60e-04     8s
  45  -1.48543447e+07 -1.48546123e+07  3.60e-12 1.16e-10  5.15e-04     8s
  46  -1.48543701e+07 -1.48545400e+07  7.95e-12 1.16e-10  3.27e-04     8s
  47  -1.48543863e+07 -1.48545000e+07  5.47e-12 2.33e-10  2.19e-04     8s
  48  -1.48544030e+07 -1.48544803e+07  1.30e-11 1.16e-10  1.49e-04     8s
  49  -1.48544079e+07 -1.48544421e+07  3.37e-11 1.16e-10  6.59e-05     8s
  50  -1.48544119e+07 -1.48544311e+07  1.59e-10 2.33e-10  3.70e-05     9s
  51  -1.48544146e+07 -1.48544263e+07  1.54e-10 2.33e-10  2.24e-05     9s
  52  -1.48544164e+07 -1.48544215e+07  7.78e-10 1.16e-10  9.85e-06     9s
  53  -1.48544173e+07 -1.48544192e+07  2.68e-09 2.33e-10  3.59e-06     9s
  54  -1.48544181e+07 -1.48544183e+07  5.34e-09 2.33e-10  4.79e-07     9s
  55  -1.48544183e+07 -1.48544183e+07  1.38e-09 2.33e-10  1.49e-08     9s
  56  -1.48544183e+07 -1.48544183e+07  1.80e-09 2.33e-10  9.00e-09     9s

Barrier solved model in 56 iterations and 8.95 seconds (16.19 work units)
Optimal objective -1.48544183e+07


Root crossover log...

    2829 DPushes remaining with DInf 0.0000000e+00                 9s
       0 DPushes remaining with DInf 0.0000000e+00                 9s

    4177 PPushes remaining with PInf 7.6529003e-05                 9s
       0 PPushes remaining with PInf 1.0085912e-04                 9s

  Push phase complete: Pinf 1.0085912e-04, Dinf 1.4213843e-09      9s


Root simplex log...

Iteration    Objective       Primal Inf.    Dual Inf.      Time
    6922   -1.4854418e+07   1.008591e-04   0.000000e+00      9s
    6925   -1.4854418e+07   0.000000e+00   0.000000e+00      9s
Concurrent spin time: 0.25s

Solved with barrier

Root relaxation: objective -1.485442e+07, 6925 iterations, 6.07 seconds (7.46 work units)
Total elapsed time = 10.84s (DegenMoves)

    Nodes    |    Current Node    |     Objective Bounds      |     Work
 Expl Unexpl |  Obj  Depth IntInf | Incumbent    BestBd   Gap | It/Node Time

     0     0 -1.485e+07    0 1956    0.00000 -1.485e+07      -     -   11s
H    0     0                    -986146.5785 -1.485e+07  1406%     -   12s
H    0     0                    -8918238.986 -1.485e+07  66.6%     -   19s
     0     0 -1.485e+07    0 2195 -8918239.0 -1.485e+07  66.6%     -   50s
H    0     0                    -9917495.292 -1.485e+07  49.8%     -   98s
     0     0 -1.485e+07    0 2199 -9917495.3 -1.485e+07  49.8%     -  107s
     0     0 -1.485e+07    0 1917 -9917495.3 -1.485e+07  49.8%     -  132s
H    0     0                    -1.18973e+07 -1.485e+07  24.9%     -  136s
     0     0 -1.485e+07    0 2239 -1.190e+07 -1.485e+07  24.9%     -  162s
     0     0 -1.485e+07    0 2313 -1.190e+07 -1.485e+07  24.9%     -  175s
     0     0 -1.485e+07    0 2249 -1.190e+07 -1.485e+07  24.9%     -  185s
     0     0 -1.485e+07    0 2256 -1.190e+07 -1.485e+07  24.9%     -  187s
     0     0 -1.485e+07    0 2212 -1.190e+07 -1.485e+07  24.9%     -  224s
     0     0 -1.485e+07    0 2293 -1.190e+07 -1.485e+07  24.9%     -  244s
     0     0 -1.485e+07    0 2288 -1.190e+07 -1.485e+07  24.9%     -  254s
H    0     0                    -1.28871e+07 -1.485e+07  15.3%     -  256s
     0     0 -1.485e+07    0 2290 -1.289e+07 -1.485e+07  15.3%     -  256s
     0     0 -1.485e+07    0 2279 -1.289e+07 -1.485e+07  15.3%     -  259s
     0     0 -1.485e+07    0 2297 -1.289e+07 -1.485e+07  15.3%     -  261s
     0     0 -1.485e+07    0 2230 -1.289e+07 -1.485e+07  15.3%     -  265s
     0     0 -1.485e+07    0 2175 -1.289e+07 -1.485e+07  15.3%     -  268s
     0     2 -1.485e+07    0 2175 -1.289e+07 -1.485e+07  15.3%     -  311s
     1     4 -1.485e+07    1 2251 -1.289e+07 -1.485e+07  15.3% 10443  378s
     3     8 -1.485e+07    2 2264 -1.289e+07 -1.485e+07  15.3% 13176  429s
     7    16 -1.485e+07    3 2307 -1.289e+07 -1.485e+07  15.3% 12742  545s
    15    32 -1.485e+07    4 2352 -1.289e+07 -1.485e+07  15.3% 15867  675s
H   31    48                    -1.38642e+07 -1.485e+07  7.14% 15546 1686s
H   32    48                    -1.38673e+07 -1.485e+07  7.12% 18820 1686s
H   33    48                    -1.38674e+07 -1.485e+07  7.12% 25580 1686s
H   34    48                    -1.38674e+07 -1.485e+07  7.12% 28176 1686s
    47    64 -1.485e+07    5 2307 -1.387e+07 -1.485e+07  7.12% 48981 1790s
    63    80 -1.485e+07    6 2363 -1.387e+07 -1.485e+07  7.12% 41797 2087s
H   79    96                    -1.38725e+07 -1.485e+07  7.08% 43862 2775s
H   84    96                    -1.38728e+07 -1.485e+07  7.07% 43291 2775s
    95   117 -1.485e+07    7 2498 -1.387e+07 -1.485e+07  7.07% 41299 2938s
   116   142 -1.485e+07    7 2303 -1.387e+07 -1.485e+07  7.07% 36939 4019s
   141   259 -1.485e+07    9 2352 -1.387e+07 -1.485e+07  7.07% 48229 4431s
   258   592 -1.485e+07   18 2450 -1.387e+07 -1.485e+07  7.07% 30131 5739s
H  591   883                    -1.48489e+07 -1.485e+07  0.04% 19288 8800s
H  882  1126                    -1.48489e+07 -1.485e+07  0.04% 15663 10808s
H  905  1126                    -1.48502e+07 -1.485e+07  0.03% 15460 10808s
H  921  1126                    -1.48504e+07 -1.485e+07  0.02% 15273 10808s

Cutting planes:
  Cover: 1
  Implied bound: 10
  Clique: 8
  MIR: 23
  StrongCG: 1
  GUB cover: 4
  Zero half: 110
  RLT: 3

Explored 1125 nodes (15969090 simplex iterations) in 10809.62 seconds (18552.13 work units)
Thread count was 16 (of 18 available processors)

Solution count 10: -1.48504e+07 -1.48502e+07 -1.48489e+07 ... -1.38642e+07

Time limit reached
Best objective -1.485042069385e+07, best bound -1.485412888532e+07, gap 0.0250%

---------------------------------------------------------------------------
Multi-objectives: stopped in 10810.07 seconds (18552.13 work units), solution count 10
Time Limit reached

