
Gurobi 11.0.0 (win64) logging started Sat Dec 21 08:30:48 2024

Set parameter LogFile to value "C:\Users\Administrator\Desktop\OptRail_Railroad_Construction\Data\Solution\AnzahlAuftraege_NEW_10\a10_o144_m6_an53_ar12\3_Objectives\hierarchical_tolerance\gurobi_a10_o144_m6_an53_ar12_hierarchical_tolerance.log"
Gurobi Optimizer version 11.0.0 build v11.0.0rc2 (win64 - Windows Server 2022.0 (20348.2))

CPU model: AMD EPYC 7513 32-Core Processor, instruction set [SSE2|AVX|AVX2]
Thread count: 18 physical cores, 18 logical processors, using up to 16 threads

Optimize a model with 3522 rows, 253468 columns and 1171862 nonzeros
Model fingerprint: 0x247c1841
Variable types: 0 continuous, 253468 integer (253468 binary)
Coefficient statistics:
  Matrix range     [1e+00, 1e+01]
  Objective range  [1e+00, 1e+00]
  Bounds range     [1e+00, 1e+00]
  RHS range        [1e+00, 2e+02]

---------------------------------------------------------------------------
Multi-objectives: starting optimization with 1 objectives ... 
---------------------------------------------------------------------------
---------------------------------------------------------------------------

Multi-objectives: optimize objective 1 () ...
---------------------------------------------------------------------------

Optimize a model with 3522 rows, 253468 columns and 1171862 nonzeros
Model fingerprint: 0xe4ab73eb
Variable types: 0 continuous, 253468 integer (253468 binary)
Coefficient statistics:
  Matrix range     [1e+00, 1e+01]
  Objective range  [1e+00, 1e+00]
  Bounds range     [1e+00, 1e+00]
  RHS range        [1e+00, 2e+02]
Found heuristic solution: objective 0.0000000
Presolve removed 1106 rows and 131486 columns
Presolve time: 1.91s
Presolved: 2416 rows, 121982 columns, 1021952 nonzeros
Variable types: 0 continuous, 121982 integer (121982 binary)
Deterministic concurrent LP optimizer: primal simplex, dual simplex, and barrier
Showing barrier log only...

Root barrier log...

Ordering time: 0.00s

Barrier statistics:
 AA' NZ     : 1.070e+05
 Factor NZ  : 1.753e+05 (roughly 18 MB of memory)
 Factor Ops : 3.514e+07 (less than 1 second per iteration)
 Threads    : 14

                  Objective                Residual
Iter       Primal          Dual         Primal    Dual     Compl     Time
   0  -2.40619162e+02 -1.76683229e+04  2.27e+05 1.57e-01  1.58e+01     3s
   1  -8.05017271e+01 -1.69471325e+04  8.28e+04 4.00e-01  5.86e+00     3s
   2  -1.44861749e+01 -1.50549595e+04  1.13e+04 7.55e-02  9.43e-01     3s
   3  -1.14997294e+01 -4.70159602e+03  4.37e+03 4.66e-03  3.11e-01     3s
   4  -8.62803158e+00 -1.81456850e+03  1.62e+03 1.43e-03  1.12e-01     3s
   5  -8.02606718e+00 -1.06404960e+03  9.50e+02 7.21e-04  6.45e-02     3s
   6  -7.22118553e+00 -3.43322731e+02  1.36e+02 3.11e-06  1.12e-02     3s
   7  -7.09200677e+00 -1.94959954e+02  7.66e+01 1.33e-15  6.07e-03     3s
   8  -7.02615192e+00 -1.70837711e+02  5.20e+01 2.66e-15  4.54e-03     3s
   9  -6.92871105e+00 -9.84284334e+01  1.54e+01 1.43e-15  1.87e-03     3s
  10  -7.02137219e+00 -5.89977694e+01  6.77e+00 1.43e-15  1.00e-03     3s
  11  -6.99919364e+00 -5.14496799e+01  1.95e+00 1.57e-15  6.84e-04     3s
  12  -6.00235512e+00 -3.38809922e+01  3.35e-02 2.20e-15  3.89e-04     3s
  13  -6.00695224e+00 -1.60947846e+01  4.27e-03 1.43e-15  1.28e-04     3s
  14  -6.14592760e+00 -1.27892391e+01  3.13e-03 7.55e-16  8.43e-05     3s
  15  -6.15992322e+00 -1.19421898e+01  3.04e-03 9.54e-16  7.35e-05     3s
  16  -6.25983509e+00 -1.14805434e+01  2.79e-03 1.03e-15  6.63e-05     3s
  17  -6.40243773e+00 -1.04220917e+01  2.21e-03 6.43e-16  5.11e-05     3s
  18  -6.42083539e+00 -9.73432644e+00  2.12e-03 5.92e-16  4.20e-05     3s
  19  -6.48589602e+00 -6.58151704e+00  3.44e-13 8.88e-16  1.19e-06     3s
  20  -6.49998566e+00 -6.50008261e+00  1.58e-13 6.66e-16  1.20e-09     3s
  21  -6.50000000e+00 -6.50000000e+00  1.13e-12 8.88e-16  1.20e-15     3s

Barrier solved model in 21 iterations and 2.92 seconds (6.13 work units)
Optimal objective -6.50000000e+00

Concurrent spin time: 0.00s

Solved with barrier

Use crossover to convert LP symmetric solution to basic solution...

Root relaxation: objective -6.500000e+00, 1151 iterations, 1.31 seconds (1.32 work units)
Total elapsed time = 6.11s (DegenMoves)
Total elapsed time = 11.16s (DegenMoves)

    Nodes    |    Current Node    |     Objective Bounds      |     Work
 Expl Unexpl |  Obj  Depth IntInf | Incumbent    BestBd   Gap | It/Node Time

     0     0   -6.50000    0   66    0.00000   -6.50000      -     -   12s
H    0     0                      -4.0000000   -6.50000  62.5%     -   13s
     0     0   -6.50000    0  787   -4.00000   -6.50000  62.5%     -   20s
H    0     0                      -6.0000000   -6.50000  8.33%     -   21s
     0     0   -6.50000    0  787   -6.00000   -6.50000  8.33%     -   21s

Cutting planes:
  Zero half: 5

Explored 1 nodes (83324 simplex iterations) in 21.45 seconds (34.38 work units)
Thread count was 16 (of 18 available processors)

Solution count 3: -6 -4 0 
No other solutions better than -6

Optimal solution found (tolerance 1.00e-04)
Best objective -6.000000000000e+00, best bound -6.000000000000e+00, gap 0.0000%

---------------------------------------------------------------------------
Multi-objectives: solved in 21.50 seconds (34.38 work units), solution count 3

