
Gurobi 11.0.0 (win64) logging started Thu Dec 19 19:16:15 2024

Set parameter LogFile to value "C:\Users\Administrator\Desktop\OptRail_Railroad_Construction\Data\Solution\Reduced\a5_o96_m10_an10_ar10_reduced\6_Objectives\costs\gurobi_a5_o96_m10_an10_ar10_reduced_costs.log"
Gurobi Optimizer version 11.0.0 build v11.0.0rc2 (win64 - Windows Server 2022.0 (20348.2))

CPU model: AMD EPYC 7513 32-Core Processor, instruction set [SSE2|AVX|AVX2]
Thread count: 18 physical cores, 18 logical processors, using up to 16 threads

Optimize a model with 2105 rows, 103849 columns and 839154 nonzeros
Model fingerprint: 0x02729bb3
Variable types: 0 continuous, 103849 integer (103849 binary)
Coefficient statistics:
  Matrix range     [1e+00, 1e+01]
  Objective range  [1e+00, 2e+02]
  Bounds range     [1e+00, 1e+00]
  RHS range        [1e+00, 2e+02]

---------------------------------------------------------------------------
Multi-objectives: starting optimization with 6 objectives (1 combined) ...
---------------------------------------------------------------------------
---------------------------------------------------------------------------

Multi-objectives: optimize objective 1 (weighted) ...
---------------------------------------------------------------------------

Optimize a model with 2105 rows, 103849 columns and 839154 nonzeros
Model fingerprint: 0xecb73e50
Variable types: 0 continuous, 103849 integer (103849 binary)
Coefficient statistics:
  Matrix range     [1e+00, 1e+01]
  Objective range  [4e+00, 1e+06]
  Bounds range     [1e+00, 1e+00]
  RHS range        [1e+00, 2e+02]
Found heuristic solution: objective 0.0000000
Presolve removed 121 rows and 54190 columns
Presolve time: 0.97s
Presolved: 1984 rows, 49659 columns, 744416 nonzeros
Variable types: 0 continuous, 49659 integer (49659 binary)
Deterministic concurrent LP optimizer: primal simplex, dual simplex, and barrier
Showing barrier log only...

Root barrier log...

Ordering time: 0.02s

Barrier statistics:
 AA' NZ     : 1.965e+05
 Factor NZ  : 3.529e+05 (roughly 24 MB of memory)
 Factor Ops : 7.183e+07 (less than 1 second per iteration)
 Threads    : 14

                  Objective                Residual
Iter       Primal          Dual         Primal    Dual     Compl     Time
   0   4.24671530e+07 -2.20714977e+10  4.97e+04 9.55e+00  2.83e+03     1s
   1   1.01616903e+07 -2.01182565e+10  9.44e+03 3.90e+01  5.95e+02     1s
   2  -1.43847814e+06 -1.12976683e+10  3.12e+03 8.53e-12  1.85e+02     2s
   3  -4.20627882e+06 -3.43723310e+09  1.15e+03 6.14e-12  5.45e+01     2s
   4  -4.59251137e+06 -9.13360679e+08  3.02e+02 4.91e-11  1.34e+01     2s
   5  -4.78589476e+06 -2.40015406e+08  3.71e+01 1.19e-10  2.26e+00     2s
   6  -4.80977083e+06 -9.29055494e+07  2.99e+00 1.22e-11  6.11e-01     2s
   7  -4.78259271e+06 -3.41740758e+07  1.98e-01 3.56e-12  1.64e-01     2s
   8  -4.69404727e+06 -9.01232200e+06  2.34e-13 4.00e-13  2.11e-02     2s
   9  -4.70139292e+06 -6.18840325e+06  3.00e-13 1.56e-13  7.27e-03     2s
  10  -4.88171797e+06 -5.43455331e+06  4.09e-13 1.32e-13  2.70e-03     2s
  11  -4.88696846e+06 -5.40232567e+06  2.72e-13 1.16e-13  2.52e-03     2s
  12  -4.89919730e+06 -5.25917662e+06  5.67e-13 1.71e-13  1.76e-03     2s
  13  -4.90765468e+06 -5.04514576e+06  3.59e-12 2.46e-13  6.72e-04     2s
  14  -4.91051151e+06 -4.96851636e+06  5.72e-13 1.82e-13  2.83e-04     2s
  15  -4.91361507e+06 -4.95509674e+06  3.22e-13 1.08e-13  2.03e-04     2s
  16  -4.91711878e+06 -4.94881478e+06  3.96e-13 1.34e-13  1.55e-04     2s
  17  -4.91834771e+06 -4.94329179e+06  4.90e-13 1.35e-13  1.22e-04     2s
  18  -4.91943590e+06 -4.93611138e+06  3.26e-13 1.65e-13  8.15e-05     2s
  19  -4.92004056e+06 -4.93080789e+06  4.27e-13 9.18e-14  5.26e-05     2s
  20  -4.92078544e+06 -4.92493036e+06  1.22e-12 1.46e-13  2.03e-05     2s
  21  -4.92164125e+06 -4.92444910e+06  6.83e-13 1.98e-13  1.37e-05     2s
  22  -4.92167504e+06 -4.92442140e+06  6.54e-13 1.72e-13  1.34e-05     2s
  23  -4.92195116e+06 -4.92379569e+06  3.33e-12 1.14e-13  9.01e-06     2s
  24  -4.92205615e+06 -4.92329340e+06  2.63e-12 1.20e-13  6.05e-06     2s
  25  -4.92218580e+06 -4.92317867e+06  2.24e-12 1.61e-13  4.85e-06     2s
  26  -4.92230540e+06 -4.92315063e+06  1.39e-12 9.28e-14  4.13e-06     2s
  27  -4.92235348e+06 -4.92297018e+06  7.68e-13 1.14e-13  3.01e-06     2s
  28  -4.92243851e+06 -4.92295049e+06  5.41e-13 1.03e-13  2.50e-06     2s
  29  -4.92250586e+06 -4.92287696e+06  3.85e-12 1.12e-13  1.81e-06     2s
  30  -4.92254117e+06 -4.92282296e+06  4.82e-12 1.31e-13  1.38e-06     2s
  31  -4.92254544e+06 -4.92280112e+06  4.73e-12 1.43e-13  1.25e-06     2s
  32  -4.92259505e+06 -4.92278433e+06  4.74e-12 1.71e-13  9.25e-07     2s
  33  -4.92261972e+06 -4.92274318e+06  7.86e-12 1.22e-13  6.03e-07     2s
  34  -4.92262585e+06 -4.92273800e+06  7.61e-12 1.29e-13  5.48e-07     2s
  35  -4.92264084e+06 -4.92271269e+06  6.66e-12 1.14e-13  3.51e-07     2s
  36  -4.92265828e+06 -4.92269794e+06  7.34e-12 1.14e-13  1.94e-07     2s
  37  -4.92266686e+06 -4.92268265e+06  1.26e-11 1.34e-13  7.71e-08     2s
  38  -4.92267420e+06 -4.92267801e+06  9.28e-12 2.00e-13  1.86e-08     2s
  39  -4.92267600e+06 -4.92267669e+06  4.08e-11 1.14e-13  3.34e-09     2s
  40  -4.92267632e+06 -4.92267654e+06  3.49e-09 1.22e-13  1.06e-09     2s
  41  -4.92267644e+06 -4.92267646e+06  4.94e-09 2.18e-13  1.33e-10     2s

Barrier solved model in 41 iterations and 2.15 seconds (3.84 work units)
Optimal objective -4.92267644e+06

Concurrent spin time: 0.00s

Solved with barrier

Root relaxation: objective -4.922676e+06, 3068 iterations, 1.17 seconds (1.33 work units)

    Nodes    |    Current Node    |     Objective Bounds      |     Work
 Expl Unexpl |  Obj  Depth IntInf | Incumbent    BestBd   Gap | It/Node Time

     0     0 -4922676.5    0  720    0.00000 -4922676.5      -     -    3s
H    0     0                    -981008.3254 -4922676.5   402%     -    4s
H    0     0                    -2942838.684 -4922676.5  67.3%     -    4s
     0     0 -4922524.0    0  792 -2942838.7 -4922524.0  67.3%     -    7s
H    0     0                    -3923067.507 -4922510.8  25.5%     -    9s
     0     0 -4922510.8    0  777 -3923067.5 -4922510.8  25.5%     -    9s
     0     0 -4922510.2    0  766 -3923067.5 -4922510.2  25.5%     -    9s
     0     0 -4922349.0    0  777 -3923067.5 -4922349.0  25.5%     -   11s
     0     0 -4922322.1    0  787 -3923067.5 -4922322.1  25.5%     -   12s
     0     0 -4922278.6    0  542 -3923067.5 -4922278.6  25.5%     -   14s
     0     0 -4922272.5    0  503 -3923067.5 -4922272.5  25.5%     -   15s
     0     0 -4922269.2    0  506 -3923067.5 -4922269.2  25.5%     -   15s
     0     0 -4922269.2    0  500 -3923067.5 -4922269.2  25.5%     -   15s
     0     0 -4922269.2    0  501 -3923067.5 -4922269.2  25.5%     -   16s
     0     0 -4922269.2    0  503 -3923067.5 -4922269.2  25.5%     -   16s
     0     0 -4922269.1    0  431 -3923067.5 -4922269.1  25.5%     -   18s
H    0     0                    -4921403.269 -4922269.1  0.02%     -   22s
     0     0 -4922269.1    0  672 -4921403.3 -4922269.1  0.02%     -   27s
     0     0 -4922269.1    0  732 -4921403.3 -4922269.1  0.02%     -   29s
     0     0 -4922265.3    0  594 -4921403.3 -4922265.3  0.02%     -   31s
     0     0 -4922256.5    0  595 -4921403.3 -4922256.5  0.02%     -   31s
     0     0 -4922244.8    0  560 -4921403.3 -4922244.8  0.02%     -   32s
     0     0 -4922244.8    0  573 -4921403.3 -4922244.8  0.02%     -   33s
     0     0 -4922239.5    0  605 -4921403.3 -4922239.5  0.02%     -   34s
     0     0 -4922239.5    0  607 -4921403.3 -4922239.5  0.02%     -   35s
     0     0 -4922239.5    0  587 -4921403.3 -4922239.5  0.02%     -   35s
     0     0 -4922239.5    0  586 -4921403.3 -4922239.5  0.02%     -   35s
     0     0 -4922238.1    0  422 -4921403.3 -4922238.1  0.02%     -   36s
     0     2 -4922238.1    0  406 -4921403.3 -4922238.1  0.02%     -   41s
    29    44 -4922190.0    5  529 -4921403.3 -4922220.6  0.02%   664   46s
H   38    44                    -4921454.405 -4922220.6  0.02%   586   46s
H   38    44                    -4921471.890 -4922220.6  0.02%   586   46s
   129   146 -4922128.2    9  447 -4921471.9 -4922219.9  0.02%   634   51s
   165   191 -4921621.2   10  390 -4921471.9 -4922216.7  0.02%   668   56s
   192   246 -4921656.1   10  525 -4921471.9 -4922216.7  0.02%   912   65s
H  251   246                    -4921553.384 -4922216.7  0.01%  1055   65s
   252   312 -4921620.6   11  271 -4921553.4 -4922216.7  0.01%  1053   88s
H  285   312                    -4921650.540 -4922216.7  0.01%   942   88s
   371   422     cutoff   38      -4921650.5 -4922216.2  0.01%   896   97s
H  427   422                    -4921750.478 -4922216.2  0.01%   818   97s

Cutting planes:
  Implied bound: 16
  MIR: 33
  Zero half: 72

Explored 533 nodes (549550 simplex iterations) in 97.61 seconds (140.85 work units)
Thread count was 16 (of 18 available processors)

Solution count 10: -4.92175e+06 -4.92165e+06 -4.92155e+06 ... 0

Optimal solution found (tolerance 1.00e-04)
Best objective -4.921750477862e+06, best bound -4.922216151034e+06, gap 0.0095%

---------------------------------------------------------------------------
Multi-objectives: solved in 97.89 seconds (140.85 work units), solution count 10

