
Gurobi 11.0.0 (win64) logging started Fri Dec 27 22:27:07 2024

Set parameter LogFile to value "C:\Users\Administrator\Desktop\OptRail_Railroad_Construction\Data\Solution\AnzahlAuftraege_NEW_25\a25_o306_m13_an127_ar31\3_Objectives\hierarchical\gurobi_a25_o306_m13_an127_ar31_hierarchical.log"
Gurobi Optimizer version 11.0.0 build v11.0.0rc2 (win64 - Windows Server 2022.0 (20348.2))

CPU model: AMD EPYC 7513 32-Core Processor, instruction set [SSE2|AVX|AVX2]
Thread count: 18 physical cores, 18 logical processors, using up to 16 threads

Optimize a model with 15342 rows, 2608311 columns and 13895596 nonzeros
Model fingerprint: 0x7a276f9f
Variable types: 0 continuous, 2608311 integer (2608311 binary)
Coefficient statistics:
  Matrix range     [1e+00, 1e+01]
  Objective range  [1e+00, 2e+02]
  Bounds range     [1e+00, 1e+00]
  RHS range        [1e+00, 2e+02]

---------------------------------------------------------------------------
Multi-objectives: starting optimization with 3 objectives ... 
---------------------------------------------------------------------------

Multi-objectives: applying initial presolve ...
---------------------------------------------------------------------------

Presolve removed 133 rows and 0 columns (presolve time = 5s) ...
Presolve removed 160 rows and 0 columns (presolve time = 10s) ...
Presolve removed 160 rows and 0 columns
Presolve time: 12.09s
Presolved: 15182 rows, 2608311 columns, 13770868 nonzeros
---------------------------------------------------------------------------

Multi-objectives: optimize objective 1 () ...
---------------------------------------------------------------------------

Found heuristic solution: objective 0.0000000
Presolve removed 2769 rows and 1360224 columns (presolve time = 5s) ...
Presolve removed 2771 rows and 1360226 columns (presolve time = 10s) ...
Presolve removed 3758 rows and 1360228 columns (presolve time = 15s) ...
Presolve removed 2773 rows and 1359243 columns
Presolve time: 18.27s
Presolved: 12409 rows, 1249068 columns, 12680964 nonzeros
Variable types: 0 continuous, 1249068 integer (1249068 binary)
Found heuristic solution: objective -1.0000000
Deterministic concurrent LP optimizer: primal simplex, dual simplex, and barrier
Showing barrier log only...

Root barrier log...

Ordering time: 0.05s

Barrier statistics:
 AA' NZ     : 4.980e+05
 Factor NZ  : 9.263e+05 (roughly 100 MB of memory)
 Factor Ops : 3.803e+08 (less than 1 second per iteration)
 Threads    : 14

                  Objective                Residual
Iter       Primal          Dual         Primal    Dual     Compl     Time
   0  -3.71051250e+03 -2.84402367e+03  7.26e+05 1.73e+00  3.41e+01    38s
   1  -1.35350087e+03 -4.08996612e+03  2.38e+05 1.84e-01  1.12e+01    38s
   2  -3.32695553e+02 -3.57403131e+03  5.46e+04 4.26e-14  2.60e+00    38s
   3  -6.60352176e+01 -2.50433224e+03  7.00e+03 1.26e-13  3.47e-01    38s
   4  -4.97829513e+01 -1.09887591e+03  3.68e+03 5.33e-14  1.87e-01    38s
   5  -4.78334792e+01 -7.94247802e+02  2.59e+03 2.39e-12  1.31e-01    38s
   6  -4.49808155e+01 -7.41439350e+02  2.28e+03 3.98e-13  1.15e-01    38s
   7  -3.09057480e+01 -6.68456518e+02  8.48e+02 1.81e-12  4.38e-02    38s
   8  -2.56233567e+01 -4.45319120e+02  1.04e+02 6.25e-13  6.09e-03    39s
   9  -2.50884783e+01 -2.48829760e+02  4.70e+01 7.82e-13  2.70e-03    39s
  10  -2.40797350e+01 -2.15911750e+02  2.91e+01 6.04e-13  1.79e-03    39s
  11  -2.25318722e+01 -1.99039755e+02  8.17e+00 5.56e-13  7.79e-04    39s
  12  -2.19829288e+01 -1.16845606e+02  2.12e+00 3.30e-13  3.21e-04    39s
  13  -2.18344474e+01 -8.10195059e+01  4.63e-01 1.96e-13  1.55e-04    39s
  14  -2.18874189e+01 -5.38240645e+01  2.55e-01 1.02e-13  8.08e-05    39s
  15  -2.21040831e+01 -3.38119879e+01  1.31e-01 4.04e-14  2.91e-05    39s
  16  -2.25738915e+01 -2.92606154e+01  1.84e-02 1.58e-14  1.54e-05    39s
  17  -2.25254010e+01 -2.39930760e+01  7.59e-04 3.11e-15  3.71e-06    39s
  18  -2.24965159e+01 -2.27046722e+01  1.68e-05 5.33e-15  4.59e-07    39s
  19  -2.24999915e+01 -2.25002045e+01  9.70e-14 4.44e-15  4.58e-10    39s
  20  -2.25000000e+01 -2.25000002e+01  4.90e-13 5.33e-15  4.58e-13    39s

Barrier solved model in 20 iterations and 38.92 seconds (121.02 work units)
Optimal objective -2.25000000e+01

  Building initial crossover basis                                40s

Root crossover log...

    1166 DPushes remaining with DInf 0.0000000e+00                40s
       0 DPushes remaining with DInf 0.0000000e+00                40s

      11 PPushes remaining with PInf 1.6414284e-06                40s
       0 PPushes remaining with PInf 0.0000000e+00                40s

  Push phase complete: Pinf 0.0000000e+00, Dinf 3.3750780e-14     40s


Root simplex log...

Iteration    Objective       Primal Inf.    Dual Inf.      Time
    1174   -2.2500000e+01   0.000000e+00   0.000000e+00     40s
Concurrent spin time: 0.00s

Solved with barrier
    1174   -2.2500000e+01   0.000000e+00   0.000000e+00     41s

Use crossover to convert LP symmetric solution to basic solution...

Root crossover log...

    3371 DPushes remaining with DInf 0.0000000e+00                41s
       0 DPushes remaining with DInf 0.0000000e+00                41s

    4049 PPushes remaining with PInf 0.0000000e+00                41s
       0 PPushes remaining with PInf 0.0000000e+00                41s

  Push phase complete: Pinf 0.0000000e+00, Dinf 6.6365550e-11     41s


Root simplex log...

Iteration    Objective       Primal Inf.    Dual Inf.      Time
    5386   -2.2500000e+01   0.000000e+00   0.000000e+00     41s
    5386   -2.2500000e+01   0.000000e+00   0.000000e+00     42s

Root relaxation: objective -2.250000e+01, 5386 iterations, 8.95 seconds (11.41 work units)

    Nodes    |    Current Node    |     Objective Bounds      |     Work
 Expl Unexpl |  Obj  Depth IntInf | Incumbent    BestBd   Gap | It/Node Time

     0     0  -22.50000    0 4147   -1.00000  -22.50000  2150%     -   95s
H    0     0                     -14.0000000  -22.50000  60.7%     -  108s
     0     0  -22.50000    0 3880  -14.00000  -22.50000  60.7%     -  404s
     0     0  -22.50000    0 3899  -14.00000  -22.50000  60.7%     - 1049s
H    0     0                     -18.0000000  -22.50000  25.0%     - 1066s
     0     0  -22.50000    0 3976  -18.00000  -22.50000  25.0%     - 1077s
     0     0  -22.50000    0 3985  -18.00000  -22.50000  25.0%     - 1343s
     0     0  -22.50000    0 3992  -18.00000  -22.50000  25.0%     - 1350s
     0     0  -22.50000    0 3992  -18.00000  -22.50000  25.0%     - 1405s
     0     2  -22.50000    0 3992  -18.00000  -22.50000  25.0%     - 1643s
     1     4  -22.50000    1 3458  -18.00000  -22.50000  25.0% 53850 2173s
     3     8  -22.50000    2 2893  -18.00000  -22.50000  25.0% 34840 2444s
     7    16  -22.00000    3 2281  -18.00000  -22.50000  25.0% 28182 3104s
    15    32  -22.00000    4 2270  -18.00000  -22.50000  25.0% 22102 5114s
    28    32  -22.50000    4 2651  -18.00000  -22.50000  25.0% 41142 5116s
H   31    48                     -22.0000000  -22.50000  2.27% 42902 7734s

Cutting planes:
  MIR: 4
  Zero half: 2

Explored 47 nodes (2389001 simplex iterations) in 7735.83 seconds (12033.06 work units)
Thread count was 16 (of 18 available processors)

Solution count 5: -22 -18 -14 ... 0
No other solutions better than -22

Optimal solution found (tolerance 1.00e-04)
Best objective -2.200000000000e+01, best bound -2.200000000000e+01, gap 0.0000%
---------------------------------------------------------------------------

Multi-objectives: optimize objective 2 () ...
---------------------------------------------------------------------------


Loaded user MIP start with objective 306

Presolve removed 0 rows and 1359916 columns (presolve time = 5s) ...
Presolve removed 0 rows and 1359916 columns (presolve time = 10s) ...
Presolve removed 0 rows and 1359916 columns
Presolve time: 13.56s
Presolved: 15183 rows, 1248395 columns, 13770747 nonzeros
Variable types: 0 continuous, 1248395 integer (1248395 binary)
Found heuristic solution: objective 195.0000000
Deterministic concurrent LP optimizer: primal simplex, dual simplex, and barrier
Showing barrier log only...

Root barrier log...

Ordering time: 1.47s

Barrier statistics:
 AA' NZ     : 4.058e+06
 Factor NZ  : 1.387e+07 (roughly 600 MB of memory)
 Factor Ops : 2.197e+10 (less than 1 second per iteration)
 Threads    : 14

                  Objective                Residual
Iter       Primal          Dual         Primal    Dual     Compl     Time
   0   1.13369209e+04 -6.78034735e+05  2.16e+06 3.70e-02  2.04e+01  7759s
   1   1.06144199e+04 -6.74019568e+05  1.61e+06 1.15e-01  1.53e+01  7759s
   2   5.74915321e+03 -6.61386999e+05  6.39e+05 5.27e-02  6.28e+00  7759s
   3   2.46024612e+03 -6.01545217e+05  2.54e+05 2.75e-14  2.56e+00  7760s
   4   1.02613254e+03 -5.13605615e+05  8.90e+04 1.24e-14  9.69e-01  7760s
   5   8.96395674e+02 -4.81802076e+05  7.44e+04 1.24e-14  8.15e-01  7761s
   6   7.69431598e+02 -3.89967027e+05  6.02e+04 2.82e-14  6.27e-01  7761s
   7   6.64158989e+02 -2.86076363e+05  4.85e+04 1.15e-14  4.64e-01  7761s
   8   6.35630688e+02 -2.36672645e+05  4.54e+04 1.02e-14  4.06e-01  7762s
   9   5.31753854e+02 -1.44500432e+05  3.45e+04 1.46e-15  2.76e-01  7762s
  10   3.89685036e+02 -5.96388019e+04  2.19e+04 4.74e-13  1.51e-01  7763s
  11   1.01428424e+02 -2.35397607e+04  5.51e+03 5.49e-13  4.03e-02  7763s
  12   2.52008040e+01 -1.56759679e+04  1.13e+03 3.87e-13  1.26e-02  7763s
  13   1.56512168e+01 -7.28385704e+03  5.68e+02 3.43e-13  6.01e-03  7764s
  14   1.25251994e+01 -3.55605473e+03  2.82e+02 1.81e-13  2.93e-03  7764s
  15   1.13203324e+01 -2.44529503e+03  1.29e+02 1.45e-13  1.66e-03  7764s
  16   1.10841592e+01 -2.19044423e+03  1.07e+02 1.33e-13  1.44e-03  7765s
  17   1.04895542e+01 -1.72032382e+03  6.79e+01 1.07e-13  1.04e-03  7765s
  18   9.74296633e+00 -1.29769618e+03  3.83e+01 9.06e-14  7.17e-04  7765s
  19   9.67684530e+00 -9.52762485e+02  3.66e+01 5.91e-14  5.71e-04  7766s
  20   9.27736494e+00 -6.50450622e+02  2.94e+01 4.80e-14  4.18e-04  7766s
  21   7.22147608e+00 -5.81667257e+02  1.13e+01 4.00e-14  2.94e-04  7766s
  22   5.84126669e+00 -3.70020332e+02  6.63e+00 3.06e-14  1.85e-04  7767s
  23   4.45078032e+00 -1.81330671e+02  3.40e+00 1.15e-14  9.12e-05  7767s
  24   3.19497193e+00 -8.00071978e+01  1.48e+00 7.55e-15  3.98e-05  7768s
  25   2.30587253e+00 -4.36827879e+01  5.88e-01 3.11e-15  2.06e-05  7768s
  26   1.88090606e+00 -1.85043403e+01  3.84e-01 3.55e-15  9.21e-06  7769s
  27   1.60416240e+00 -9.66587363e+00  2.93e-01 1.78e-15  5.14e-06  7769s
  28   1.13967232e+00 -3.99673477e+00  1.62e-01 8.88e-16  2.32e-06  7769s
  29   8.27448113e-01 -9.92837702e-01  8.99e-02 7.36e-16  8.32e-07  7770s
  30   6.65230022e-01 -3.90532176e-01  5.31e-02 6.58e-16  4.78e-07  7770s
  31   4.95280346e-01  1.73682021e-01  1.64e-02 8.10e-16  1.45e-07  7770s
  32   4.36108626e-01  3.70073306e-01  4.95e-03 8.29e-16  3.21e-08  7771s
  33   4.08237207e-01  3.95776780e-01  1.27e-04 8.42e-16  6.23e-09  7771s
  34   4.00000720e-01  3.99995929e-01  1.19e-08 9.14e-16  2.03e-12  7771s
  35   4.00000000e-01  4.00000000e-01  1.73e-11 6.68e-16  2.14e-18  7772s

Barrier solved model in 35 iterations and 7771.65 seconds (12105.45 work units)
Optimal objective 4.00000000e-01

  Building initial crossover basis                              7776s
  Building initial crossover basis                              7780s
  Building initial crossover basis                              7785s

Root crossover log...

    5911 DPushes remaining with DInf 0.0000000e+00              7789s
       0 DPushes remaining with DInf 0.0000000e+00              7789s

    1561 PPushes remaining with PInf 0.0000000e+00              7789s
       0 PPushes remaining with PInf 0.0000000e+00              7790s

  Push phase complete: Pinf 0.0000000e+00, Dinf 4.7754805e-11   7790s


Root simplex log...

Iteration    Objective       Primal Inf.    Dual Inf.      Time
    3283    4.0000000e-01   0.000000e+00   0.000000e+00   7790s

Solved with barrier

Root relaxation: objective 4.000000e-01, 3283 iterations, 40.45 seconds (52.34 work units)

    Nodes    |    Current Node    |     Objective Bounds      |     Work
 Expl Unexpl |  Obj  Depth IntInf | Incumbent    BestBd   Gap | It/Node Time

     0     0    0.40000    0 6782  195.00000    0.40000   100%     - 8002s
H    0     0                     168.0000000    0.40000   100%     - 8019s
     0     0    0.40000    0 6639  168.00000    0.40000   100%     - 8378s
     0     0    0.40000    0 6676  168.00000    0.40000   100%     - 9617s
H    0     0                     141.0000000    0.40000   100%     - 9632s
     0     0    0.40000    0 6637  141.00000    0.40000   100%     - 10614s
     0     0    0.40000    0 6698  141.00000    0.40000   100%     - 10800s

Cutting planes:
  MIR: 4
  RLT: 1

Explored 1 nodes (320369 simplex iterations) in 10800.29 seconds (15814.86 work units)
Thread count was 16 (of 18 available processors)

Solution count 4: 141 168 195 306 

Time limit reached
Best objective 1.410000000000e+02, best bound 1.000000000000e+00, gap 99.2908%

---------------------------------------------------------------------------
Multi-objectives: stopped in 10800.79 seconds (15814.86 work units), solution count 8
Time Limit reached

