
Gurobi 11.0.0 (win64) logging started Fri Dec 20 19:42:53 2024

Set parameter LogFile to value "C:\Users\Administrator\Desktop\OptRail_Railroad_Construction\Data\Solution\AnzahlAuftraege_NEW_10\a10_o128_m6_an51_ar13\3_Objectives\hierarchical\gurobi_a10_o128_m6_an51_ar13_hierarchical.log"
Gurobi Optimizer version 11.0.0 build v11.0.0rc2 (win64 - Windows Server 2022.0 (20348.2))

CPU model: AMD EPYC 7513 32-Core Processor, instruction set [SSE2|AVX|AVX2]
Thread count: 18 physical cores, 18 logical processors, using up to 16 threads

Optimize a model with 3373 rows, 205717 columns and 1025257 nonzeros
Model fingerprint: 0x73d461bb
Variable types: 0 continuous, 205717 integer (205717 binary)
Coefficient statistics:
  Matrix range     [1e+00, 1e+01]
  Objective range  [1e+00, 2e+02]
  Bounds range     [1e+00, 1e+00]
  RHS range        [1e+00, 2e+02]

---------------------------------------------------------------------------
Multi-objectives: starting optimization with 3 objectives ... 
---------------------------------------------------------------------------

Multi-objectives: applying initial presolve ...
---------------------------------------------------------------------------

Presolve added 0 rows and 207 columns
Presolve removed 114 rows and 0 columns
Presolve time: 1.00s
Presolved: 3259 rows, 205924 columns, 907394 nonzeros
---------------------------------------------------------------------------

Multi-objectives: optimize objective 1 () ...
---------------------------------------------------------------------------

Found heuristic solution: objective 0.0000000
Presolve removed 779 rows and 106571 columns
Presolve time: 1.38s
Presolved: 2480 rows, 99353 columns, 753193 nonzeros
Variable types: 0 continuous, 99353 integer (99284 binary)
Deterministic concurrent LP optimizer: primal simplex, dual simplex, and barrier
Showing barrier log only...

Root barrier log...

Ordering time: 0.02s

Barrier statistics:
 AA' NZ     : 8.962e+04
 Factor NZ  : 1.756e+05 (roughly 18 MB of memory)
 Factor Ops : 3.149e+07 (less than 1 second per iteration)
 Threads    : 14

                  Objective                Residual
Iter       Primal          Dual         Primal    Dual     Compl     Time
   0  -6.42416786e+02 -5.28958381e+04  1.39e+05 2.31e-01  5.39e+01     3s
   1  -1.70229770e+02 -5.11935501e+04  3.63e+04 5.03e-01  1.46e+01     3s
   2  -2.08658673e+01 -4.08570024e+04  2.36e+03 1.74e-13  1.36e+00     3s
   3  -1.23123424e+01 -2.79827480e+04  1.37e+03 9.06e-14  8.00e-01     3s
   4  -8.85852598e+00 -1.05445379e+04  2.96e+02 4.44e-14  2.15e-01     3s
   5  -8.68805753e+00 -2.94840714e+03  1.60e+02 2.49e-14  7.78e-02     3s
   6  -8.56846720e+00 -1.30238114e+03  3.10e+01 1.07e-14  2.38e-02     3s
   7  -8.44020014e+00 -8.55431210e+02  1.15e+01 4.34e-15  1.35e-02     3s
   8  -8.25202949e+00 -4.22508732e+02  3.47e+00 7.11e-15  6.11e-03     3s
   9  -7.90292285e+00 -2.87538740e+02  2.18e-01 5.33e-15  3.64e-03     3s
  10  -7.16295678e+00 -2.18248321e+02  1.50e-02 6.22e-15  2.68e-03     3s
  11  -7.23529702e+00 -5.83289378e+01  5.98e-04 3.03e-15  6.30e-04     3s
  12  -7.70822504e+00 -3.42597621e+01  2.18e-04 1.48e-15  3.27e-04     3s
  13  -7.99087153e+00 -2.46355420e+01  1.25e-04 1.00e-15  2.05e-04     3s
  14  -8.00616304e+00 -2.14159306e+01  1.21e-04 1.33e-15  1.65e-04     3s
  15  -8.16770963e+00 -1.36212422e+01  8.40e-05 8.88e-16  6.72e-05     3s
  16  -8.21883833e+00 -1.29884425e+01  7.71e-05 9.30e-16  5.87e-05     3s
  17  -8.31391830e+00 -1.09045114e+01  6.27e-05 8.88e-16  3.19e-05     3s
  18  -8.42542495e+00 -8.78518549e+00  1.87e-05 1.78e-15  4.43e-06     3s
  19  -8.48158975e+00 -8.55790316e+00  3.84e-06 8.88e-16  9.40e-07     3s
  20  -8.49996476e+00 -8.50008937e+00  5.04e-09 8.88e-16  1.53e-09     3s
  21  -8.49999996e+00 -8.50000009e+00  2.69e-13 8.88e-16  1.53e-12     3s
  22  -8.50000000e+00 -8.50000000e+00  3.14e-13 8.88e-16  3.85e-18     3s

Barrier solved model in 22 iterations and 3.20 seconds (6.68 work units)
Optimal objective -8.50000000e+00

Concurrent spin time: 0.00s

Solved with barrier

Use crossover to convert LP symmetric solution to basic solution...

Root relaxation: objective -8.500000e+00, 864 iterations, 1.08 seconds (1.03 work units)
Total elapsed time = 5.36s (DegenMoves)

    Nodes    |    Current Node    |     Objective Bounds      |     Work
 Expl Unexpl |  Obj  Depth IntInf | Incumbent    BestBd   Gap | It/Node Time

     0     0   -8.50000    0   50    0.00000   -8.50000      -     -    8s
H    0     0                      -4.0000000   -8.50000   113%     -    8s
H    0     0                      -5.0000000   -8.50000  70.0%     -    9s
     0     0   -8.50000    0   52   -5.00000   -8.50000  70.0%     -    9s
H    0     0                      -6.0000000   -8.50000  41.7%     -   20s
H    0     0                      -7.0000000   -8.50000  21.4%     -   21s
H    0     0                      -8.0000000   -8.50000  6.25%     -   21s

Cutting planes:
  MIR: 2
  Zero half: 11

Explored 1 nodes (58290 simplex iterations) in 21.20 seconds (28.18 work units)
Thread count was 16 (of 18 available processors)

Solution count 6: -8 -7 -6 ... 0
No other solutions better than -8

Optimal solution found (tolerance 1.00e-04)
Best objective -8.000000000000e+00, best bound -8.000000000000e+00, gap 0.0000%
---------------------------------------------------------------------------

Multi-objectives: optimize objective 2 () ...
---------------------------------------------------------------------------


Loaded user MIP start with objective 128

Presolve removed 72 rows and 106371 columns
Presolve time: 1.56s
Presolved: 3188 rows, 99553 columns, 885913 nonzeros
Variable types: 0 continuous, 99553 integer (99484 binary)
Found heuristic solution: objective 73.0000000
Deterministic concurrent LP optimizer: primal simplex, dual simplex, and barrier
Showing barrier log only...

Root barrier log...

Ordering time: 0.22s

Barrier statistics:
 AA' NZ     : 3.313e+05
 Factor NZ  : 1.012e+06 (roughly 50 MB of memory)
 Factor Ops : 4.213e+08 (less than 1 second per iteration)
 Threads    : 14

                  Objective                Residual
Iter       Primal          Dual         Primal    Dual     Compl     Time
   0   2.21112068e+03 -5.47603320e+04  1.65e+05 7.53e-02  9.74e+00    24s
   1   1.25591809e+03 -5.17108351e+04  5.42e+04 1.86e-01  3.30e+00    24s
   2   3.81340823e+02 -3.96952430e+04  1.36e+04 1.15e-02  8.91e-01    24s
   3   2.41862308e+02 -2.54781829e+04  7.10e+03 1.47e-03  4.36e-01    24s
   4   1.29227539e+02 -9.54269021e+03  2.54e+03 6.22e-15  1.40e-01    24s
   5   1.84804449e+01 -5.67037155e+03  3.88e+02 7.99e-15  4.16e-02    24s
   6   4.00879117e+00 -3.31742523e+03  7.51e+01 6.66e-15  1.90e-02    24s
   7   1.63420380e+00 -1.32483869e+03  2.54e+01 6.10e-15  7.36e-03    24s
   8   1.08024651e+00 -1.08857275e+03  1.07e+01 5.11e-15  5.76e-03    24s
   9   4.61579236e-01 -7.31575326e+02  3.91e+00 3.55e-15  3.79e-03    24s
  10   1.20612386e-01 -5.23013145e+02  2.68e+00 2.66e-15  2.72e-03    24s
  11   8.42661554e-02 -4.01535327e+02  2.06e+00 1.72e-15  2.09e-03    24s
  12   6.39045572e-02 -2.55084209e+02  1.10e+00 1.23e-15  1.33e-03    24s
  13   7.82433075e-02 -1.85642303e+02  4.42e-01 1.60e-15  9.64e-04    24s
  14   8.87160161e-02 -1.00153389e+02  1.28e-02 1.71e-15  5.06e-04    24s
  15   5.21598072e-02 -2.70420635e+01  6.18e-03 1.35e-15  1.36e-04    24s
  16   5.05903081e-02 -1.98856096e+01  6.05e-03 9.47e-16  1.00e-04    24s
  17   3.66126231e-02 -1.03304120e+01  3.95e-03 7.37e-16  5.22e-05    24s
  18   2.78209266e-02 -6.22465678e+00  3.41e-03 3.53e-16  3.15e-05    24s
  19   8.18074093e-03 -4.29599512e+00  2.68e-03 3.21e-16  2.17e-05    24s
  20   8.00999837e-03 -2.40130248e+00  2.38e-03 2.29e-16  1.21e-05    24s
  21   2.14962872e-03 -1.41684382e-01  2.23e-12 2.95e-16  7.18e-07    24s
  22   2.21928050e-06 -2.72999267e-04  4.03e-12 3.02e-16  1.37e-09    24s
  23   2.29551477e-12 -2.82041732e-10  2.34e-12 3.30e-16  1.42e-15    24s

Barrier solved model in 23 iterations and 24.22 seconds (32.90 work units)
Optimal objective 2.29551477e-12

  Building initial crossover basis                                25s

Root crossover log...

     580 DPushes remaining with DInf 0.0000000e+00                26s

     470 PPushes remaining with PInf 0.0000000e+00                26s
       0 PPushes remaining with PInf 0.0000000e+00                26s

  Push phase complete: Pinf 0.0000000e+00, Dinf 0.0000000e+00     26s


Root simplex log...

Iteration    Objective       Primal Inf.    Dual Inf.      Time
     473    0.0000000e+00   0.000000e+00   0.000000e+00     26s

Solved with barrier

Root relaxation: objective 0.000000e+00, 473 iterations, 2.70 seconds (2.71 work units)

    Nodes    |    Current Node    |     Objective Bounds      |     Work
 Expl Unexpl |  Obj  Depth IntInf | Incumbent    BestBd   Gap | It/Node Time

     0     0    0.00000    0 1892   73.00000    0.00000   100%     -   43s
H    0     0                      54.0000000    0.00000   100%     -   44s
     0     0    0.00000    0 1798   54.00000    0.00000   100%     -   64s
H    0     0                      47.0000000    0.00000   100%     -   94s
     0     0    0.00000    0 1782   47.00000    0.00000   100%     -   94s
     0     0    0.00000    0 1769   47.00000    0.00000   100%     -  133s
H    0     0                      37.0000000    0.00000   100%     -  134s
     0     0    0.00000    0 1749   37.00000    0.00000   100%     -  169s
     0     0    0.00000    0 1755   37.00000    0.00000   100%     -  185s
H    0     0                      22.0000000    0.00000   100%     -  186s
     0     0    0.00000    0 1755   22.00000    0.00000   100%     -  200s
H    0     0                      13.0000000    0.00000   100%     -  221s
H    0     2                      11.0000000    0.00000   100%     -  249s
     0     2    0.00000    0 1755   11.00000    0.00000   100%     -  249s
     1     4    0.00000    1 1443   11.00000    0.00000   100% 38226  275s
     3     8    0.00000    2 1150   11.00000    0.00000   100% 24358  289s
     7    14    0.04545    3 1270   11.00000    0.00000   100% 12538  298s
    15    26    0.12500    4 1260   11.00000    0.00000   100%  7421  331s
H   29    42                      10.0000000    0.00000   100%  8771  605s
H   32    42                       9.0000000    0.00000   100%  8423  605s
H   35    42                       7.0000000    0.00000   100%  8188  605s
H   40    42                       6.0000000    0.00000   100%  7768  605s
    45    58    0.25000    6 1265    6.00000    0.00000   100%  9238  619s
    61    74    0.25000    7 1268    6.00000    0.00000   100%  9257  632s
H   77    90                       2.0000000    0.00000   100%  8898  643s
H   87    90                       1.0000000    0.00000   100%  8160  643s
    94    63    0.00000    8 1755    1.00000    0.00000   100%  8076  678s
    96    64    0.00000    5 1631    1.00000    0.00000   100%  7908  707s
    97    65    0.00000    5 1563    1.00000    0.00000   100%  7827  777s
    98    66    0.00000    7 1532    1.00000    0.00000   100%  7747  783s
    99    66    0.00000    8 1526    1.00000    0.00000   100%  7668  801s
   100    67    0.00000    9 1511    1.00000    0.00000   100%  7592  806s
   101    68    0.00000    8 1511    1.00000    0.00000   100%  7517  819s
H  101    64                       0.0000000    0.00000  0.00%  7517  827s

Cutting planes:
  Clique: 3
  MIR: 1
  Flow cover: 3
  Zero half: 6
  RLT: 1

Explored 101 nodes (1042212 simplex iterations) in 828.08 seconds (1121.45 work units)
Thread count was 16 (of 18 available processors)

Solution count 10: 0 1 2 ... 22

Optimal solution found (tolerance 1.00e-04)
Best objective 0.000000000000e+00, best bound 0.000000000000e+00, gap 0.0000%
---------------------------------------------------------------------------

Multi-objectives: optimize objective 3 () ...
---------------------------------------------------------------------------


Loaded user MIP start with objective 9291.76

Presolve added 321 rows and 0 columns
Presolve removed 0 rows and 106955 columns
Presolve time: 3.14s
Presolved: 3582 rows, 98969 columns, 661974 nonzeros
Variable types: 0 continuous, 98969 integer (98969 binary)
Deterministic concurrent LP optimizer: primal simplex, dual simplex, and barrier
Showing barrier log only...

Root barrier log...

Ordering time: 0.06s

Barrier statistics:
 AA' NZ     : 2.267e+05
 Factor NZ  : 8.194e+05 (roughly 50 MB of memory)
 Factor Ops : 2.645e+08 (less than 1 second per iteration)
 Threads    : 14

                  Objective                Residual
Iter       Primal          Dual         Primal    Dual     Compl     Time
   0   9.62575382e+07 -2.14172912e+07  1.69e+05 9.81e+01  3.92e+03   832s
   1   2.67553645e+07 -2.06132565e+07  4.69e+04 1.26e+02  1.15e+03   832s
   2   1.29608715e+07 -1.73673414e+07  2.27e+04 2.78e+01  5.66e+02   832s
   3   1.00648005e+06 -1.00291453e+07  1.74e+03 9.96e-01  8.11e+01   832s
   4   6.60319134e+05 -5.48583335e+06  1.14e+03 4.04e-01  4.54e+01   832s
   5   4.79476121e+05 -3.40282297e+06  8.20e+02 1.62e-01  2.92e+01   832s
   6   6.97196131e+04 -2.18098178e+06  1.02e+02 6.72e-02  1.25e+01   832s
   7   2.86880445e+04 -1.35705133e+06  3.07e+01 5.45e-02  7.29e+00   832s
   8   1.76116937e+04 -9.72488051e+05  1.22e+01 5.52e-02  5.11e+00   832s
   9   1.35554832e+04 -8.01124530e+05  5.66e+00 3.63e-02  4.17e+00   832s
  10   1.24244492e+04 -5.98887307e+05  2.62e+00 8.12e-03  3.16e+00   832s
  11   1.02449646e+04 -3.49799125e+05  1.56e-01 1.82e-12  1.85e+00   832s
  12   9.08954444e+03 -1.90968636e+05  6.78e-02 9.59e-13  1.03e+00   832s
  13   8.06978630e+03 -1.02863413e+05  1.80e-02 1.15e-12  5.67e-01   832s
  14   7.33083550e+03 -4.28528000e+04  6.32e-03 1.36e-12  2.55e-01   832s
  15   6.93388776e+03 -1.48760135e+04  9.04e-02 9.27e-13  1.11e-01   832s
  16   6.60332054e+03 -8.07502923e+03  2.43e-03 9.19e-13  7.45e-02   832s
  17   6.29108173e+03 -5.40841157e+03  5.92e-03 7.81e-13  5.92e-02   832s
  18   6.13902453e+03 -3.07141976e+03  1.28e-02 8.22e-13  4.65e-02   832s
  19   6.02178375e+03 -1.51422582e+02  1.06e-02 1.25e-12  3.11e-02   832s
  20   5.86459412e+03  1.43202241e+03  6.13e-03 6.82e-13  2.23e-02   832s
  21   5.79476567e+03  3.05649846e+03  4.44e-03 6.17e-13  1.38e-02   833s
  22   5.75882230e+03  3.70244014e+03  3.76e-03 7.44e-13  1.04e-02   833s
  23   5.70857096e+03  4.28003402e+03  2.92e-03 4.55e-13  7.20e-03   833s
  24   5.62297504e+03  4.80434669e+03  1.59e-03 6.82e-13  4.12e-03   833s
  25   5.58220179e+03  5.27547562e+03  1.07e-03 6.25e-13  1.55e-03   833s
  26   5.56796846e+03  5.31407104e+03  9.01e-04 3.28e-13  1.28e-03   833s
  27   5.54822612e+03  5.34205775e+03  6.75e-04 3.22e-13  1.04e-03   833s
  28   5.54056827e+03  5.36903918e+03  5.90e-04 6.21e-13  8.65e-04   833s
  29   5.51306061e+03  5.43155485e+03  2.89e-04 5.26e-13  4.11e-04   833s
  30   5.50200643e+03  5.45911290e+03  1.79e-04 9.09e-13  2.16e-04   833s
  31   5.49751012e+03  5.46075917e+03  1.35e-04 6.82e-13  1.85e-04   833s
  32   5.48670906e+03  5.47049504e+03  3.23e-05 4.55e-13  8.16e-05   833s
  33   5.48383433e+03  5.47948517e+03  8.42e-06 6.25e-13  2.19e-05   833s
  34   5.48274510e+03  5.48253528e+03  8.35e-07 5.68e-13  1.06e-06   833s
  35   5.48258477e+03  5.48258456e+03  1.33e-11 7.37e-13  1.06e-09   833s
  36   5.48258461e+03  5.48258461e+03  1.45e-10 5.43e-13  1.85e-12   833s

Barrier solved model in 36 iterations and 832.83 seconds (1128.52 work units)
Optimal objective 5.48258461e+03


Root crossover log...

    2343 DPushes remaining with DInf 0.0000000e+00               833s
       0 DPushes remaining with DInf 0.0000000e+00               833s

    6027 PPushes remaining with PInf 0.0000000e+00               833s
       0 PPushes remaining with PInf 0.0000000e+00               833s

  Push phase complete: Pinf 0.0000000e+00, Dinf 1.0207835e-11    833s


Root simplex log...

Iteration    Objective       Primal Inf.    Dual Inf.      Time
    8051    5.4825846e+03   0.000000e+00   0.000000e+00    833s

Solved with barrier
    8051    5.4825846e+03   0.000000e+00   0.000000e+00    833s

Root relaxation: objective 5.482585e+03, 8051 iterations, 1.39 seconds (1.41 work units)
Total elapsed time = 835.27s (DegenMoves)

    Nodes    |    Current Node    |     Objective Bounds      |     Work
 Expl Unexpl |  Obj  Depth IntInf | Incumbent    BestBd   Gap | It/Node Time

     0     0 5482.58461    0  558 9291.75556 5482.58461  41.0%     -  837s
     0     0 5489.38337    0  637 9291.75556 5489.38337  40.9%     -  839s
     0     0 5500.44585    0  722 9291.75556 5500.44585  40.8%     -  842s
H    0     0                    8558.7605165 5500.44585  35.7%     -  843s
H    0     0                    7550.8919940 5500.44585  27.2%     -  844s
     0     0 5502.07710    0  777 7550.89199 5502.07710  27.1%     -  845s
     0     0 5573.67495    0  543 7550.89199 5573.67495  26.2%     -  855s
     0     0 5583.11749    0  590 7550.89199 5583.11749  26.1%     -  856s
     0     0 5590.14661    0  643 7550.89199 5590.14661  26.0%     -  857s
     0     0 5605.90397    0  621 7550.89199 5605.90397  25.8%     -  859s
     0     0 5610.09590    0  566 7550.89199 5610.09590  25.7%     -  860s
     0     0 5615.99055    0  648 7550.89199 5615.99055  25.6%     -  861s
     0     0 5618.35777    0  638 7550.89199 5618.35777  25.6%     -  862s
     0     0 5626.76211    0  672 7550.89199 5626.76211  25.5%     -  864s
     0     0 5634.66617    0  608 7550.89199 5634.66617  25.4%     -  866s
     0     0 5734.39603    0  745 7550.89199 5734.39603  24.1%     -  869s
     0     0 5918.08352    0  485 7550.89199 5918.08352  21.6%     -  872s
H    0     0                    7175.0446699 5918.08352  17.5%     -  874s
H    0     0                    6669.2115221 5918.08352  11.3%     -  878s
     0     0 5932.36211    0  528 6669.21152 5932.36211  11.0%     -  879s
     0     0 5932.36211    0  263 6669.21152 5932.36211  11.0%     -  886s
H    0     0                    6399.5246007 5932.36211  7.30%     -  888s
     0     0 5932.36211    0  403 6399.52460 5932.36211  7.30%     -  888s
     0     0 5942.10096    0  398 6399.52460 5942.10096  7.15%     -  894s
     0     0 5943.94441    0  401 6399.52460 5943.94441  7.12%     -  894s
     0     0 5943.94441    0  406 6399.52460 5943.94441  7.12%     -  894s
     0     0 5946.83489    0  452 6399.52460 5946.83489  7.07%     -  896s
     0     0 5946.83489    0  452 6399.52460 5946.83489  7.07%     -  896s
     0     0 5946.83489    0  460 6399.52460 5946.83489  7.07%     -  896s
     0     0 5949.11724    0  252 6399.52460 5949.11724  7.04%     -  899s
     0     0 5949.11724    0  275 6399.52460 5949.11724  7.04%     -  899s
     0     0 5949.11724    0  300 6399.52460 5949.11724  7.04%     -  900s
H    0     0                    6342.0560174 5949.11724  6.20%     -  900s
     0     0 5949.11724    0  292 6342.05602 5949.11724  6.20%     -  901s
     0     0 5949.11724    0  294 6342.05602 5949.11724  6.20%     -  902s
     0     0 5949.38647    0  395 6342.05602 5949.38647  6.19%     -  904s
     0     0 5949.38647    0  406 6342.05602 5949.38647  6.19%     -  904s
     0     0 5949.38647    0  437 6342.05602 5949.38647  6.19%     -  905s
     0     0 5949.38647    0  491 6342.05602 5949.38647  6.19%     -  906s
     0     0 5949.56798    0  397 6342.05602 5949.56798  6.19%     -  908s
     0     0 5949.64323    0  426 6342.05602 5949.64323  6.19%     -  909s
     0     0 5949.64323    0  451 6342.05602 5949.64323  6.19%     -  909s
     0     0 5949.64323    0  473 6342.05602 5949.64323  6.19%     -  910s
     0     0 5949.64323    0  457 6342.05602 5949.64323  6.19%     -  910s
     0     0 5949.64323    0  367 6342.05602 5949.64323  6.19%     -  912s
     0     0 5949.64323    0  438 6342.05602 5949.64323  6.19%     -  914s
     0     0 5949.64323    0  399 6342.05602 5949.64323  6.19%     -  915s
     0     0 5949.64323    0  399 6342.05602 5949.64323  6.19%     -  916s
H    0     0                    6303.2966281 5949.77589  5.61%     -  919s
H    0     2                    6294.4169065 5949.77589  5.48%     -  921s
     0     2 5949.77589    0  375 6294.41691 5949.77589  5.48%     -  921s
     7    16 5949.77589    3  478 6294.41691 5949.77589  5.48%  3313  925s
H   31    48                    6256.6348127 5949.77589  4.90%  1683  933s
H   34    48                    6237.7525955 5949.77589  4.62%  1715  933s
    47    64 5955.69290    5  405 6237.75260 5949.77589  4.62%  1785  935s
    80    81 5955.69290    0  777 6237.75260 5955.69290  4.52%  2045  945s
    83    83 5958.88577    0  292 6237.75260 5958.88577  4.47%  1971  951s
    89    87 5980.46538    0  595 6237.75260 5980.46538  4.12%  1838  955s
    99    95 5990.71091    0  245 6237.75260 5990.71091  3.96%  2034  964s
   100    96 5990.71091    0  362 6237.75260 5990.71091  3.96%  2013  965s
   106   100 5998.84824    0  467 6237.75260 5998.84824  3.83%  1899  970s
   112   104 6022.57107    0  280 6237.75260 6022.57107  3.45%  1798  976s
   114   108 6025.90122   22  387 6237.75260 6022.57107  3.45%  2431  980s
   128   131 6029.01783   25  510 6237.75260 6024.07105  3.43%  2311  985s
H  148   133                    6057.5437798 6024.07105  0.55%  2253  987s
H  152   127                    6057.5437737 6024.07105  0.55%  2213  987s
   208   107 6034.67748   28  392 6057.54377 6025.64862  0.53%  1750  990s
H  313   129                    6057.5436967 6025.65972  0.53%  1259  992s
   355   134 6056.30875   31  328 6057.54370 6030.77273  0.44%  1142  995s
H  371   126                    6057.5436138 6031.47228  0.43%  1101  995s
   476   170 6051.57821   45  777 6057.54361 6032.17958  0.42%   919 1000s
   487   177 6051.57821   29  467 6057.54361 6032.17958  0.42%   898 1005s
   562   200     cutoff   39      6057.54361 6032.17958  0.42%   918 1010s
   807   239 6047.21364   45  459 6057.54361 6036.04374  0.35%   710 1016s
  1158   279 infeasible   52      6057.54361 6036.19654  0.35%   545 1020s
  1559   349     cutoff   78      6057.54361 6036.19654  0.35%   451 1026s
  1679   497 6051.57821   45   69 6057.54361 6051.57821  0.10%   430 1033s
  2300   556 6051.57821   56   38 6057.54361 6051.57821  0.10%   349 1040s
  3163   676     cutoff   61      6057.54361 6051.57821  0.10%   293 1050s
  4096   774 6056.28435   58  114 6057.54361 6051.57821  0.10%   257 1061s
  4747   801 6051.57821   55  100 6057.54361 6051.57821  0.10%   239 1073s
  5930   902     cutoff   62      6057.54361 6051.57821  0.10%   218 1084s
  6956   975     cutoff   73      6057.54361 6051.57821  0.10%   206 1095s
  8160   974     cutoff   66      6057.54361 6051.57821  0.10%   196 1104s
  8596   974 6053.81530   55   79 6057.54361 6051.57821  0.10%   193 1105s
  9513   969     cutoff   58      6057.54361 6051.57821  0.10%   188 1111s
 10169   984     cutoff   47      6057.54361 6051.57821  0.10%   185 1119s
 11267  1078 6052.59037   67  171 6057.54361 6051.57821  0.10%   181 1127s
 12522  1067 6053.40844   77  106 6057.54361 6051.57821  0.10%   175 1139s
 13801  1071 6051.57821   63   52 6057.54361 6051.57821  0.10%   170 1147s
 15118  1077 6053.81530   56   41 6057.54361 6051.57821  0.10%   167 1185s
 15144  1045     cutoff   57      6057.54361 6051.57821  0.10%   167 1194s
 16313  1045     cutoff   50      6057.54361 6051.57821  0.10%   164 1202s
 17366  1017     cutoff   51      6057.54361 6051.57821  0.10%   162 1209s
 18185  1017     cutoff   49      6057.54361 6051.57821  0.10%   161 1210s
 18351   840 6055.80659   49  153 6057.54361 6051.57821  0.10%   161 1216s
 19171   722 6053.81530   46   68 6057.54361 6051.95106  0.09%   161 1224s
 20158   697     cutoff   50      6057.54361 6053.81530  0.06%   158 1246s
 22427   535 6053.81530   52   98 6057.54361 6053.81530  0.06%   151 1265s
 24903   375     cutoff   47      6057.54361 6053.81530  0.06%   144 1279s
 26558   268 6053.81530   63  142 6057.54361 6053.81530  0.06%   139 1290s
 28265    37     cutoff   48      6057.54361 6053.81530  0.06%   136 1300s

Cutting planes:
  Gomory: 43
  Cover: 15
  Clique: 1
  MIR: 20
  StrongCG: 4
  Flow cover: 9
  GUB cover: 1
  Inf proof: 11
  Zero half: 35

Explored 29885 nodes (4308018 simplex iterations) in 1302.18 seconds (1461.94 work units)
Thread count was 16 (of 18 available processors)

Solution count 10: 6057.54 6057.54 6237.75 ... 7175.04

Optimal solution found (tolerance 1.00e-04)
Best objective 6.057543613858e+03, best bound 6.057543613858e+03, gap 0.0000%

---------------------------------------------------------------------------
Multi-objectives: solved in 1302.63 seconds (1461.94 work units), solution count 10

