
Gurobi 11.0.0 (win64) logging started Sat Dec 21 12:39:31 2024

Set parameter LogFile to value "C:\Users\Administrator\Desktop\OptRail_Railroad_Construction\Data\Solution\AnzahlAuftraege_NEW_10\a10_o144_m6_an53_ar12\6_Objectives\hierarchical_tolerance\gurobi_a10_o144_m6_an53_ar12_hierarchical_tolerance_round_2.log"
Gurobi Optimizer version 11.0.0 build v11.0.0rc2 (win64 - Windows Server 2022.0 (20348.2))

CPU model: AMD EPYC 7513 32-Core Processor, instruction set [SSE2|AVX|AVX2]
Thread count: 18 physical cores, 18 logical processors, using up to 16 threads

Optimize a model with 3523 rows, 253468 columns and 1171872 nonzeros
Model fingerprint: 0xb89bbc3d
Variable types: 0 continuous, 253468 integer (253468 binary)
Coefficient statistics:
  Matrix range     [1e+00, 1e+01]
  Objective range  [1e+00, 2e+02]
  Bounds range     [1e+00, 1e+00]
  RHS range        [1e+00, 2e+02]

---------------------------------------------------------------------------
Multi-objectives: starting optimization with 6 objectives ... 
---------------------------------------------------------------------------

Multi-objectives: applying initial presolve ...
---------------------------------------------------------------------------

Presolve added 0 rows and 215 columns
Presolve removed 8 rows and 0 columns
Presolve time: 1.28s
Presolved: 3515 rows, 253683 columns, 1121087 nonzeros
---------------------------------------------------------------------------

Multi-objectives: optimize objective 1 () ...
---------------------------------------------------------------------------

Presolve removed 0 rows and 131328 columns
Presolve time: 1.31s
Presolved: 3515 rows, 122355 columns, 1107447 nonzeros
Variable types: 0 continuous, 122355 integer (122282 binary)
Deterministic concurrent LP optimizer: primal simplex, dual simplex, and barrier
Showing barrier log only...

Root barrier log...

Ordering time: 0.20s

Barrier statistics:
 AA' NZ     : 3.943e+05
 Factor NZ  : 1.210e+06 (roughly 60 MB of memory)
 Factor Ops : 5.739e+08 (less than 1 second per iteration)
 Threads    : 13

                  Objective                Residual
Iter       Primal          Dual         Primal    Dual     Compl     Time
   0   2.63228887e+03 -6.63997048e+04  2.29e+05 8.44e-02  1.02e+01     5s
   1   1.78850097e+03 -6.34959606e+04  8.04e+04 1.87e-01  3.68e+00     5s
   2   5.66934800e+02 -5.18436694e+04  2.36e+04 2.62e-02  1.15e+00     5s
   3   2.49494403e+02 -3.72992180e+04  7.14e+03 1.21e-02  4.03e-01     5s
   4   1.64633661e+02 -2.00634217e+04  3.31e+03 3.86e-03  1.83e-01     5s
   5   9.51451179e+01 -1.18975254e+04  1.31e+03 1.44e-03  8.59e-02     5s
   6   5.56785310e+01 -5.88490636e+03  6.51e+02 3.23e-04  4.14e-02     5s
   7   1.43405559e+01 -4.57419208e+03  1.60e+02 1.74e-04  2.28e-02     5s
   8   6.24631725e+00 -2.02411366e+03  3.93e+01 5.94e-15  9.24e-03     5s
   9   3.88199343e+00 -1.43694493e+03  8.50e+00 4.44e-15  6.08e-03     5s
  10   2.78346249e+00 -9.92852924e+02  2.37e+00 2.00e-15  4.13e-03     5s
  11   1.71495490e+00 -8.30688047e+02  9.57e-01 2.00e-15  3.42e-03     5s
  12   1.25895721e+00 -7.14236549e+02  6.34e-01 9.75e-05  2.93e-03     5s
  13   1.18248415e+00 -5.40001405e+02  5.23e-01 1.01e-04  2.22e-03     5s
  14   8.68938738e-01 -4.18826135e+02  3.29e-01 8.08e-05  1.72e-03     5s
  15   2.97580504e-01 -2.99158474e+02  6.53e-03 5.79e-05  1.22e-03     5s
  16   1.60400580e-01 -6.49656202e+01  1.02e-03 1.03e-05  2.65e-04     5s
  17   1.02564130e-01 -1.80952356e+01  6.48e-05 1.88e-06  7.41e-05     5s
  18   6.39590882e-02 -6.03674760e+00  4.53e-05 3.66e-07  2.48e-05     5s
  19   1.24894817e-02 -2.79504606e-01  5.03e-06 1.01e-15  1.19e-06     5s
  20   2.90855038e-05 -4.53238453e-03  9.91e-09 8.82e-16  1.86e-08     5s
  21   3.63772395e-11 -4.83044412e-09  2.34e-12 8.76e-16  1.98e-14     5s

Barrier solved model in 21 iterations and 5.27 seconds (9.14 work units)
Optimal objective 3.63772395e-11


Root crossover log...

    1042 DPushes remaining with DInf 0.0000000e+00                 7s
       0 DPushes remaining with DInf 0.0000000e+00                 7s

     350 PPushes remaining with PInf 0.0000000e+00                 7s
       0 PPushes remaining with PInf 0.0000000e+00                 7s

  Push phase complete: Pinf 0.0000000e+00, Dinf 0.0000000e+00      7s


Root simplex log...

Iteration    Objective       Primal Inf.    Dual Inf.      Time
     897    0.0000000e+00   0.000000e+00   0.000000e+00      7s
Concurrent spin time: 0.06s

Solved with barrier
     897    0.0000000e+00   0.000000e+00   0.000000e+00      7s

Root relaxation: objective 0.000000e+00, 897 iterations, 3.22 seconds (3.25 work units)
Total elapsed time = 19.70s (DegenMoves)
Total elapsed time = 33.13s (DegenMoves)
Total elapsed time = 36.13s (DegenMoves)

    Nodes    |    Current Node    |     Objective Bounds      |     Work
 Expl Unexpl |  Obj  Depth IntInf | Incumbent    BestBd   Gap | It/Node Time

     0     0    0.00000    0  141          -    0.00000      -     -   39s
H    0     0                       8.0000000    0.00000   100%     -   41s
H    0     0                       4.0000000    0.00000   100%     -   43s
     0     0    0.00000    0 1248    4.00000    0.00000   100%     -   61s
H    0     0                       1.0000000    0.00000   100%     -   64s
     0     0    0.00000    0 1291    1.00000    0.00000   100%     -   65s
     0     0    0.00000    0 1255    1.00000    0.00000   100%     -   66s
     0     0    0.00000    0  227    1.00000    0.00000   100%     -  105s
     0     0    0.00000    0  284    1.00000    0.00000   100%     -  113s
     0     0    0.00000    0  298    1.00000    0.00000   100%     -  125s
     0     0    0.00000    0 1387    1.00000    0.00000   100%     -  140s
     0     0    0.00000    0 1458    1.00000    0.00000   100%     -  157s
     0     0    0.00000    0 1412    1.00000    0.00000   100%     -  178s
     0     0 infeasible    0         1.00000    1.00000  0.00%     -  189s

Explored 1 nodes (419203 simplex iterations) in 189.96 seconds (318.12 work units)
Thread count was 16 (of 18 available processors)

Solution count 3: 1 4 8 

Optimal solution found (tolerance 1.00e-04)
Best objective 1.000000000000e+00, best bound 1.000000000000e+00, gap 0.0000%
---------------------------------------------------------------------------

Multi-objectives: optimize objective 2 () ...
---------------------------------------------------------------------------


Loaded user MIP start with objective 6596.36

Presolve removed 0 rows and 131310 columns
Presolve time: 1.27s
Presolved: 3516 rows, 122373 columns, 1107609 nonzeros
Variable types: 0 continuous, 122373 integer (122300 binary)
Deterministic concurrent LP optimizer: primal simplex, dual simplex, and barrier
Showing barrier log only...

Root barrier log...

Ordering time: 0.20s

Barrier statistics:
 AA' NZ     : 3.951e+05
 Factor NZ  : 1.211e+06 (roughly 60 MB of memory)
 Factor Ops : 5.750e+08 (less than 1 second per iteration)
 Threads    : 14

                  Objective                Residual
Iter       Primal          Dual         Primal    Dual     Compl     Time
   0   1.25371363e+08 -3.02800028e+07  2.29e+05 2.84e-14  5.16e+03   192s
   1   4.65158756e+07 -2.96307487e+07  8.49e+04 1.21e+02  1.99e+03   192s
   2   1.81068093e+07 -2.49685164e+07  3.30e+04 2.21e+01  7.93e+02   192s
   3   3.50226007e+06 -1.86681348e+07  6.38e+03 7.39e+00  1.97e+02   192s
   4   2.36986581e+06 -7.44594958e+06  4.31e+03 1.91e+00  9.84e+01   192s
   5   1.23833392e+06 -5.20118348e+06  2.24e+03 1.03e+00  5.52e+01   192s
   6   2.49472230e+05 -2.46031208e+06  4.36e+02 3.43e-01  1.63e+01   192s
   7   1.08604007e+05 -1.37941708e+06  1.79e+02 1.15e-01  8.15e+00   192s
   8   2.75323084e+04 -8.34915990e+05  3.09e+01 4.42e-02  3.86e+00   192s
   9   1.66278496e+04 -5.34303495e+05  1.15e+01 2.96e-02  2.37e+00   193s
  10   1.14417996e+04 -4.10116223e+05  3.16e+00 2.03e-02  1.75e+00   193s
  11   9.50689951e+03 -3.52927915e+05  1.04e+00 1.77e-02  1.49e+00   193s
  12   8.94923812e+03 -2.79159178e+05  6.15e-01 1.44e-02  1.19e+00   193s
  13   8.41519213e+03 -2.02557660e+05  2.57e-01 5.98e-03  8.70e-01   193s
  14   6.98172870e+03 -1.38298939e+05  2.20e-02 1.81e-03  5.95e-01   193s
  15   5.90400303e+03 -7.82712809e+04  8.20e-03 8.04e-13  3.44e-01   193s
  16   5.57811620e+03 -6.42456717e+04  5.92e-03 1.01e-12  2.85e-01   193s
  17   4.92779194e+03 -3.76945386e+04  3.28e-03 7.01e-13  1.74e-01   193s
  18   4.34119095e+03 -2.63098152e+04  1.67e-03 5.58e-13  1.25e-01   193s
  19   4.23056515e+03 -1.92462466e+04  1.43e-03 5.13e-13  9.56e-02   193s
  20   4.17548325e+03 -1.02622257e+04  1.26e-03 5.61e-13  5.88e-02   193s
  21   3.70758168e+03 -3.49686265e+03  3.70e-04 4.72e-13  2.93e-02   193s
  22   3.44911280e+03 -1.22757033e+03  1.49e-04 4.55e-13  1.90e-02   193s
  23   3.41055617e+03 -8.44566337e+02  1.27e-04 4.55e-13  1.73e-02   193s
  24   3.40651030e+03 -7.23576456e+02  1.25e-04 4.85e-13  1.68e-02   193s
  25   3.39933267e+03 -5.73132562e+02  1.21e-04 3.62e-13  1.62e-02   193s
  26   3.39340193e+03 -1.87328816e+02  1.18e-04 2.49e-13  1.46e-02   193s
  27   3.35666829e+03  1.11942710e+02  1.02e-04 3.44e-13  1.32e-02   193s
  28   3.34827124e+03  1.05911829e+03  9.83e-05 2.71e-13  9.32e-03   193s
  29   3.12588285e+03  2.65162442e+03  1.37e-05 2.97e-13  1.93e-03   193s
  30   3.06201782e+03  2.99108451e+03  2.06e-06 5.97e-13  2.89e-04   193s
  31   3.04581874e+03  3.04246225e+03  5.94e-09 6.82e-13  1.37e-05   193s
  32   3.04492632e+03  3.04491992e+03  1.46e-12 6.82e-13  2.60e-08   193s
  33   3.04492622e+03  3.04492622e+03  8.36e-13 6.03e-13  4.35e-14   193s

Barrier solved model in 33 iterations and 193.24 seconds (323.14 work units)
Optimal objective 3.04492622e+03


Root crossover log...

    1547 DPushes remaining with DInf 0.0000000e+00               193s
       0 DPushes remaining with DInf 0.0000000e+00               193s

   16476 PPushes remaining with PInf 0.0000000e+00               193s
       0 PPushes remaining with PInf 0.0000000e+00               193s

  Push phase complete: Pinf 0.0000000e+00, Dinf 3.0482283e-12    193s


Root simplex log...

Iteration    Objective       Primal Inf.    Dual Inf.      Time
   17926    3.0449262e+03   0.000000e+00   0.000000e+00    193s

Solved with barrier
   17926    3.0449262e+03   0.000000e+00   0.000000e+00    194s

Root relaxation: objective 3.044926e+03, 17926 iterations, 2.11 seconds (2.16 work units)
Total elapsed time = 195.86s (DegenMoves)

    Nodes    |    Current Node    |     Objective Bounds      |     Work
 Expl Unexpl |  Obj  Depth IntInf | Incumbent    BestBd   Gap | It/Node Time

     0     0 3044.92622    0  353 6596.35586 3044.92622  53.8%     -  198s
H    0     0                    5132.0383614 3044.92622  40.7%     -  200s
     0     0 3046.25359    0  494 5132.03836 3046.25359  40.6%     -  204s
H    0     0                    5081.2285450 3049.42272  40.0%     -  206s
     0     0 3049.42272    0  503 5081.22855 3049.42272  40.0%     -  210s
H    0     0                    4357.7938377 3049.42272  30.0%     -  218s
     0     0 3049.42272    0  494 4357.79384 3049.42272  30.0%     -  219s
     0     0 3049.42272    0  279 4357.79384 3049.42272  30.0%     -  227s
H    0     0                    3155.3782497 3049.42272  3.36%     -  239s
H    0     0                    3151.5634239 3049.42272  3.24%     -  239s
     0     0 3049.42272    0  326 3151.56342 3049.42272  3.24%     -  239s
     0     0 3049.42272    0  360 3151.56342 3049.42272  3.24%     -  239s
     0     0 3049.42272    0  316 3151.56342 3049.42272  3.24%     -  249s
H    0     0                    3100.7536076 3049.42272  1.66%     -  249s
     0     0 3057.63443    0  461 3100.75361 3057.63443  1.39%     -  250s
     0     0 3065.28588    0  434 3100.75361 3065.28588  1.14%     -  251s
     0     0 3078.13575    0  365 3100.75361 3078.13575  0.73%     -  251s
     0     0 3090.98561    0  396 3100.75361 3090.98561  0.32%     -  252s
     0     0 3090.98561    0   69 3100.75361 3090.98561  0.32%     -  253s
     0     0 3090.98561    0  141 3100.75361 3090.98561  0.32%     -  253s
     0     0 3090.98561    0  141 3100.75361 3090.98561  0.32%     -  253s
     0     0 3090.98561    0  229 3100.75361 3090.98561  0.32%     -  254s
     0     0 3090.98561    0   77 3100.75361 3090.98561  0.32%     -  254s
     0     0 3090.98561    0   75 3100.75361 3090.98561  0.32%     -  254s
     0     0 3090.98561    0   17 3100.75361 3090.98561  0.32%     -  254s
     0     0 3090.98561    0  171 3100.75361 3090.98561  0.32%     -  255s
     0     0 3090.98561    0   50 3100.75361 3090.98561  0.32%     -  255s
     0     0 3090.98561    0   16 3100.75361 3090.98561  0.32%     -  255s
     0     0 3090.98561    0   26 3100.75361 3090.98561  0.32%     -  255s
     0     0 3090.98561    0   24 3100.75361 3090.98561  0.32%     -  256s
     0     2 3090.98561    0   24 3100.75361 3090.98561  0.32%     -  256s
   124    94 3090.98561   11   40 3100.75361 3090.98561  0.32%   578  260s
   342   236 3090.98561   13  132 3100.75361 3090.98561  0.32%   511  265s
   822   297 3090.98561   36   72 3100.75361 3090.98561  0.32%   383  270s
  1644   539 infeasible   21      3100.75361 3090.98561  0.32%   308  278s
  2465   424 infeasible   69      3100.75361 3090.98561  0.32%   275  281s
  3405    51 infeasible   21      3100.75361 3090.98561  0.32%   258  285s
  3913   117 infeasible   27      3100.75361 3090.98561  0.32%   264  290s

Cutting planes:
  Cover: 113
  Clique: 2
  MIR: 10
  StrongCG: 1
  Inf proof: 28
  Zero half: 6
  RLT: 1

Explored 4795 nodes (1441624 simplex iterations) in 293.99 seconds (428.27 work units)
Thread count was 16 (of 18 available processors)

Solution count 7: 3100.75 3151.56 3155.38 ... 6596.36

Optimal solution found (tolerance 1.00e-04)
Best objective 3.100753607583e+03, best bound 3.100753607583e+03, gap 0.0000%
---------------------------------------------------------------------------

Multi-objectives: optimize objective 3 () ...
---------------------------------------------------------------------------


Loaded user MIP start with objective 643.802

Presolve removed 0 rows and 131310 columns
Presolve time: 1.38s
Presolved: 3517 rows, 122373 columns, 1164195 nonzeros
Variable types: 0 continuous, 122373 integer (122300 binary)
Deterministic concurrent LP optimizer: primal simplex, dual simplex, and barrier
Showing barrier log only...

Root barrier log...

Ordering time: 0.20s

Barrier statistics:
 AA' NZ     : 3.971e+05
 Factor NZ  : 1.213e+06 (roughly 60 MB of memory)
 Factor Ops : 5.766e+08 (less than 1 second per iteration)
 Threads    : 14

                  Objective                Residual
Iter       Primal          Dual         Primal    Dual     Compl     Time
   0   2.28499517e+08 -7.98331903e+07  2.85e+06 1.42e-14  8.97e+03   297s
   1   7.33509055e+07 -7.06081670e+07  9.17e+05 3.08e+01  3.07e+03   297s
   2   1.58502571e+07 -3.75364329e+07  1.98e+05 2.67e-12  7.15e+02   297s
   3   2.72849144e+06 -1.28891917e+07  3.43e+04 1.36e-12  1.40e+02   297s
   4   1.41607589e+06 -1.06627798e+07  1.80e+04 1.36e-12  8.78e+01   297s
   5   6.99495464e+05 -7.45435583e+06  9.04e+03 3.64e-12  5.15e+01   297s
   6   3.60683550e+05 -4.76656049e+06  4.72e+03 9.09e-13  2.99e+01   297s
   7   2.77226772e+05 -3.29590645e+06  3.64e+03 5.36e-13  2.13e+01   297s
   8   1.52613686e+05 -1.68526798e+06  2.00e+03 5.46e-12  1.10e+01   297s
   9   1.14395102e+05 -1.19098625e+06  1.49e+03 5.00e-12  7.96e+00   297s
  10   7.18918527e+04 -8.24335226e+05  9.35e+02 1.82e-12  5.28e+00   297s
  11   6.17203634e+04 -7.58160264e+05  8.00e+02 1.46e-12  4.73e+00   297s
  12   5.61134690e+04 -6.73069268e+05  7.26e+02 1.02e-12  4.22e+00   297s
  13   5.09139264e+04 -6.04096569e+05  6.56e+02 6.47e-13  3.79e+00   297s
  14   3.53126166e+04 -3.37003644e+05  4.49e+02 7.28e-12  2.28e+00   297s
  15   2.93124139e+04 -2.28350332e+05  3.70e+02 2.91e-11  1.67e+00   297s
  16   1.94194613e+04 -1.69104177e+05  2.39e+02 2.00e-11  1.16e+00   297s
  17   1.11667307e+04 -1.09884715e+05  1.31e+02 6.18e-11  7.05e-01   297s
  18   6.71959115e+03 -7.77146128e+04  7.42e+01 1.55e-10  4.61e-01   297s
  19   4.72810077e+03 -5.54162881e+04  4.94e+01 9.82e-11  3.21e-01   297s
  20   3.20142734e+03 -4.72795742e+04  3.13e+01 6.73e-11  2.53e-01   297s
  21   2.93724105e+03 -3.68238859e+04  2.82e+01 7.64e-11  2.03e-01   297s
  22   1.78214397e+03 -3.20893109e+04  1.49e+01 8.00e-11  1.59e-01   297s
  23   1.23460727e+03 -1.94604914e+04  9.28e+00 6.37e-11  9.60e-02   297s
  24   5.70043820e+02 -1.08152596e+04  2.96e+00 4.73e-11  4.93e-02   297s
  25   2.71713425e+02 -5.64718614e+03  6.15e-01 2.36e-11  2.45e-02   297s
  26   1.42179025e+02 -3.16417528e+03  6.52e-02 1.27e-11  1.35e-02   297s
  27   9.89340300e+01 -2.20290414e+03  1.68e-02 8.87e-12  9.37e-03   297s
  28   8.34284435e+01 -1.86680302e+03  1.14e-02 7.50e-12  7.94e-03   297s
  29   7.21572339e+01 -1.56831001e+03  8.68e-03 6.59e-12  6.68e-03   298s
  30   7.04701058e+01 -1.45940034e+03  8.33e-03 6.25e-12  6.23e-03   298s
  31   5.87946351e+01 -1.40368598e+03  6.11e-03 5.91e-12  5.95e-03   298s
  32   5.01378022e+01 -7.34716896e+02  4.55e-03 2.84e-12  3.19e-03   298s
  33   2.47383514e+01 -4.33964939e+02  8.28e-04 1.71e-12  1.87e-03   298s
  34   1.17373394e+01 -1.23376438e+02  1.92e-05 5.12e-13  5.50e-04   298s
  35   4.55130991e+00 -6.41764085e+01  6.57e-06 2.42e-13  2.80e-04   298s
  36   4.01925698e+00 -2.02118229e+01  5.69e-06 6.75e-14  9.86e-05   298s
  37   2.52961685e+00 -1.44085300e+01  3.42e-06 4.97e-14  6.89e-05   298s
  38   2.41366872e+00 -1.43081171e+01  3.25e-06 4.80e-14  6.80e-05   298s
  39   2.07236629e+00 -1.40154315e+01  2.79e-06 4.62e-14  6.55e-05   298s
  40   1.15196081e+00 -2.55044334e+00  1.53e-06 4.92e-14  1.51e-05   298s
  41   1.70945655e-01 -6.14866495e-01  2.20e-07 4.33e-14  3.20e-06   298s
  42   6.58508608e-03 -9.69116879e-03  6.76e-09 4.72e-14  6.62e-08   298s
  43   2.54817739e-07 -8.12353964e-08  8.81e-12 4.13e-14  1.37e-12   298s
  44   6.01190619e-13 -3.19550724e-12  8.15e-12 4.26e-14  1.55e-17   298s

Barrier solved model in 44 iterations and 298.01 seconds (434.11 work units)
Optimal objective 6.01190619e-13


Root crossover log...

    1387 DPushes remaining with DInf 0.0000000e+00               298s
       0 DPushes remaining with DInf 0.0000000e+00               298s

   60070 PPushes remaining with PInf 0.0000000e+00               298s
       0 PPushes remaining with PInf 0.0000000e+00               300s

  Push phase complete: Pinf 0.0000000e+00, Dinf 0.0000000e+00    300s


Root simplex log...

Iteration    Objective       Primal Inf.    Dual Inf.      Time
   60558    0.0000000e+00   0.000000e+00   0.000000e+00    300s

Solved with barrier
   60558    0.0000000e+00   0.000000e+00   0.000000e+00    300s

Root relaxation: objective 0.000000e+00, 60558 iterations, 4.06 seconds (4.65 work units)
Total elapsed time = 303.55s (DegenMoves)
Total elapsed time = 305.12s (DegenMoves)

    Nodes    |    Current Node    |     Objective Bounds      |     Work
 Expl Unexpl |  Obj  Depth IntInf | Incumbent    BestBd   Gap | It/Node Time

     0     0    0.00000    0  181  643.80188    0.00000   100%     -  307s
H    0     0                      53.5105618    0.00000   100%     -  309s
     0     0    0.00000    0  248   53.51056    0.00000   100%     -  310s
     0     0    0.00000    0  244   53.51056    0.00000   100%     -  313s
     0     0    0.00000    0  234   53.51056    0.00000   100%     -  327s
     0     0    0.00000    0  254   53.51056    0.00000   100%     -  328s
     0     0    0.00000    0  249   53.51056    0.00000   100%     -  338s
     0     0    0.00000    0  294   53.51056    0.00000   100%     -  341s
     0     0    0.00000    0  191   53.51056    0.00000   100%     -  352s
H    0     0                      18.0000000    0.00000   100%     -  353s
     0     0    0.00000    0  224   18.00000    0.00000   100%     -  353s
     0     0    0.00000    0  253   18.00000    0.00000   100%     -  354s
     0     0    0.00000    0  178   18.00000    0.00000   100%     -  367s
     0     0    0.00000    0  265   18.00000    0.00000   100%     -  370s
     0     0    0.00000    0  216   18.00000    0.00000   100%     -  373s
     0     0    0.00000    0  223   18.00000    0.00000   100%     -  386s
     0     0    0.00000    0 1274   18.00000    0.00000   100%     -  389s
     0     0    0.00000    0  214   18.00000    0.00000   100%     -  401s
     0     0    0.00000    0  218   18.00000    0.00000   100%     -  402s
     0     0    0.00000    0  169   18.00000    0.00000   100%     -  407s
     0     0    0.00000    0 1042   18.00000    0.00000   100%     -  412s
     0     0    0.00000    0  260   18.00000    0.00000   100%     -  417s
     0     0    0.00000    0  261   18.00000    0.00000   100%     -  419s
     0     0    0.00000    0  235   18.00000    0.00000   100%     -  427s
     0     2    0.00000    0  171   18.00000    0.00000   100%     -  452s
     1     5    0.00000    1  153   18.00000    0.00000   100% 27884  455s
     7    16    0.00000    3  547   18.00000    0.00000   100%  5375  461s
    15    28    0.00000    4  409   18.00000    0.00000   100%  3550  468s
    31    40 infeasible    5        18.00000    0.00000   100%  4765  488s
    47    40 infeasible    6        18.00000    0.00000   100%  7585  495s
    63    48    0.00000    7  375   18.00000    0.00000   100%  6413  500s
    79    49    4.55193    8  507   18.00000    0.00000   100%  5539  518s
    95    52 infeasible    8        18.00000    0.00000   100%  5083  523s
   116    55 infeasible    9        18.00000    0.00000   100%  4500  530s
H  137    61                       0.0000000    0.00000  0.00%  4255  539s

Cutting planes:
  MIR: 9
  Zero half: 27
  RLT: 8
  Relax-and-lift: 13

Explored 159 nodes (1145978 simplex iterations) in 539.67 seconds (905.47 work units)
Thread count was 16 (of 18 available processors)

Solution count 4: 0 18 53.5106 643.802 

Optimal solution found (tolerance 1.00e-04)
Best objective 0.000000000000e+00, best bound 0.000000000000e+00, gap 0.0000%
---------------------------------------------------------------------------

Multi-objectives: optimize objective 4 () ...
---------------------------------------------------------------------------


Loaded user MIP start with objective 6

Presolve removed 90 rows and 182617 columns
Presolve time: 2.25s
Presolved: 3427 rows, 71066 columns, 985917 nonzeros
Variable types: 0 continuous, 71066 integer (70993 binary)
Deterministic concurrent LP optimizer: primal simplex, dual simplex, and barrier
Showing barrier log only...

Root barrier log...

Ordering time: 0.03s

Barrier statistics:
 AA' NZ     : 2.697e+05
 Factor NZ  : 7.196e+05 (roughly 36 MB of memory)
 Factor Ops : 2.580e+08 (less than 1 second per iteration)
 Threads    : 14

                  Objective                Residual
Iter       Primal          Dual         Primal    Dual     Compl     Time
   0   1.07236468e+05 -8.57785000e+04  2.80e+06 0.00e+00  1.07e+01   543s
   1   3.37624647e+04 -7.45795817e+04  8.86e+05 3.04e-02  3.66e+00   543s
   2   4.89943858e+03 -3.58236958e+04  1.29e+05 2.60e-15  6.36e-01   543s
   3   1.19901159e+03 -1.03670988e+04  3.14e+04 1.51e-15  1.53e-01   543s
   4   1.00025221e+03 -1.00408644e+04  2.61e+04 1.33e-15  1.37e-01   543s
   5   5.22520758e+02 -8.01008167e+03  1.36e+04 8.88e-16  9.01e-02   543s
   6   3.12329381e+02 -3.66635773e+03  8.05e+03 6.66e-16  4.49e-02   543s
   7   1.79497686e+02 -2.68290133e+03  4.56e+03 4.44e-16  2.95e-02   543s
   8   1.17329994e+02 -1.80067444e+03  2.96e+03 1.50e-13  1.94e-02   543s
   9   6.50252378e+01 -1.10946400e+03  1.56e+03 8.53e-14  1.13e-02   543s
  10   4.32796585e+01 -8.26137681e+02  9.90e+02 1.12e-13  8.02e-03   543s
  11   4.03302867e+01 -7.82539738e+02  9.11e+02 2.75e-14  7.54e-03   543s
  12   3.35666380e+01 -7.19371935e+02  7.35e+02 3.55e-15  6.69e-03   543s
  13   2.95080209e+01 -4.59860433e+02  6.35e+02 7.11e-14  4.62e-03   543s
  14   2.23511578e+01 -2.86628443e+02  4.44e+02 1.07e-14  3.02e-03   543s
  15   1.74954047e+01 -2.14944332e+02  3.15e+02 7.85e-13  2.23e-03   543s
  16   1.44690252e+01 -1.48503910e+02  2.34e+02 2.84e-14  1.59e-03   543s
  17   9.83124921e+00 -1.12669774e+02  1.07e+02 9.27e-13  1.06e-03   543s
  18   8.35484340e+00 -6.60101146e+01  6.52e+01 2.40e-13  6.39e-04   543s
  19   7.59437089e+00 -4.53527757e+01  4.36e+01 2.15e-15  4.48e-04   543s
  20   7.36792238e+00 -4.42227413e+01  3.71e+01 4.14e-15  4.27e-04   543s
  21   7.09408426e+00 -4.07311492e+01  2.90e+01 2.69e-15  3.86e-04   543s
  22   6.67276170e+00 -3.02273507e+01  1.88e+01 1.78e-15  2.90e-04   543s
  23   6.41713523e+00 -2.25893532e+01  1.13e+01 2.86e-15  2.20e-04   543s
  24   6.17228758e+00 -6.12853138e+00  4.53e+00 2.31e-15  9.14e-05   543s
  25   6.03447393e+00 -8.13421340e-01  9.12e-01 1.47e-15  4.87e-05   543s
  26   6.01280405e+00  1.24129715e+00  3.31e-01 4.44e-16  3.36e-05   543s
  27   6.00417668e+00  3.68875209e+00  1.03e-01 1.03e-15  1.62e-05   543s
  28   6.00017942e+00  5.63852147e+00  3.72e-05 4.44e-16  2.53e-06   543s

Barrier performed 28 iterations in 543.45 seconds (911.93 work units)
Objective cutoff exceeded


Solved with barrier

Root relaxation: cutoff, 0 iterations, 22.30 seconds (1.25 work units)

    Nodes    |    Current Node    |     Objective Bounds      |     Work
 Expl Unexpl |  Obj  Depth IntInf | Incumbent    BestBd   Gap | It/Node Time

     0     0     cutoff    0         6.00000    6.00000  0.00%     -  564s

Explored 1 nodes (0 simplex iterations) in 564.59 seconds (911.94 work units)
Thread count was 16 (of 18 available processors)

Solution count 1: 6 

Optimal solution found (tolerance 1.00e-04)
Best objective 6.000000000000e+00, best bound 6.000000000000e+00, gap 0.0000%
---------------------------------------------------------------------------

Multi-objectives: optimize objective 5 () ...
---------------------------------------------------------------------------


Loaded user MIP start with objective 9

Presolve removed 91 rows and 182617 columns
Presolve time: 2.08s
Presolved: 3427 rows, 71066 columns, 985917 nonzeros
Variable types: 0 continuous, 71066 integer (70993 binary)
Deterministic concurrent LP optimizer: primal simplex, dual simplex, and barrier
Showing barrier log only...

Root barrier log...

Ordering time: 0.03s

Barrier statistics:
 AA' NZ     : 2.697e+05
 Factor NZ  : 7.196e+05 (roughly 36 MB of memory)
 Factor Ops : 2.580e+08 (less than 1 second per iteration)
 Threads    : 14

                  Objective                Residual
Iter       Primal          Dual         Primal    Dual     Compl     Time
   0   8.78155984e+04 -8.57785000e+04  2.80e+06 0.00e+00  1.06e+01   567s
   1   2.43251937e+04 -7.47433810e+04  7.77e+05 3.16e-02  3.24e+00   567s
   2   9.76787759e+03 -3.51463619e+04  3.12e+05 1.05e-15  1.19e+00   567s
   3   1.43844362e+03 -8.92223171e+03  4.55e+04 8.88e-16  1.83e-01   567s
   4   3.36019293e+02 -5.55116104e+03  1.05e+04 9.71e-16  6.55e-02   567s
   5   2.02014011e+02 -3.73087984e+03  6.30e+03 1.04e-15  4.14e-02   567s
   6   1.37515309e+02 -3.05509159e+03  4.25e+03 1.36e-15  3.16e-02   567s
   7   9.94473312e+01 -2.45816646e+03  3.02e+03 4.72e-16  2.44e-02   567s
   8   5.34381463e+01 -2.19981099e+03  1.59e+03 4.44e-16  1.91e-02   567s
   9   3.95195870e+01 -1.46640901e+03  1.13e+03 7.11e-15  1.30e-02   568s
  10   2.58603073e+01 -1.05094705e+03  6.69e+02 6.57e-14  8.98e-03   568s
  11   2.15928610e+01 -7.29017825e+02  5.24e+02 3.20e-14  6.41e-03   568s
  12   1.65216040e+01 -4.76101912e+02  3.34e+02 1.31e-13  4.19e-03   568s
  13   1.45442447e+01 -3.39967616e+02  2.67e+02 4.05e-13  3.09e-03   568s
  14   1.19485337e+01 -2.39405956e+02  1.78e+02 3.62e-13  2.16e-03   568s
  15   9.71435128e+00 -1.30584504e+02  1.02e+02 2.74e-13  1.21e-03   568s
  16   8.76327796e+00 -6.65795894e+01  6.49e+01 2.10e-13  6.69e-04   568s
  17   8.12669535e+00 -4.77341555e+01  4.20e+01 1.42e-13  4.81e-04   568s
  18   7.73007328e+00 -3.76464798e+01  2.75e+01 9.24e-14  3.76e-04   568s
  19   7.56527436e+00 -3.39629783e+01  1.98e+01 8.35e-14  3.32e-04   568s
  20   7.50896664e+00 -2.17215698e+01  1.72e+01 4.80e-14  2.38e-04   568s
  21   7.36819605e+00 -1.36245697e+01  1.32e+01 2.66e-15  1.71e-04   568s
  22   7.18009854e+00 -1.23046045e+01  1.07e+01 6.22e-15  1.56e-04   568s
  23   6.81301191e+00 -9.54442295e+00  6.65e+00 3.97e-15  1.26e-04   568s
  24   6.59455511e+00 -4.69052813e+00  5.09e+00 1.24e-14  8.78e-05   568s
  25   6.37427265e+00 -7.44436225e-01  3.25e+00 3.55e-15  5.51e-05   568s
  26   6.29503665e+00  1.86597523e+00  2.64e+00 1.33e-14  3.49e-05   568s
  27   6.14301903e+00  3.26382974e+00  8.78e-01 2.66e-15  2.13e-05   568s
  28   5.98629629e+00  3.68424180e+00  1.91e-01 1.62e-15  1.63e-05   568s
  29   5.91099340e+00  4.56006700e+00  1.44e-01 8.88e-16  9.64e-06   568s
  30   5.72060674e+00  5.44735902e+00  3.88e-02 2.15e-15  1.97e-06   568s
  31   5.69041982e+00  5.56720688e+00  2.44e-02 2.66e-15  9.00e-07   568s
  32   5.64621257e+00  5.62278599e+00  3.87e-03 4.44e-15  1.70e-07   568s
  33   5.63751502e+00  5.63697100e+00  3.75e-05 1.82e-15  3.86e-09   568s
  34   5.63724518e+00  5.63724498e+00  1.89e-08 2.37e-15  1.44e-12   568s
  35   5.63724505e+00  5.63724505e+00  3.22e-12 2.79e-15  1.44e-15   568s

Barrier solved model in 35 iterations and 568.07 seconds (918.23 work units)
Optimal objective 5.63724505e+00


Root crossover log...

    1659 DPushes remaining with DInf 0.0000000e+00               568s
       0 DPushes remaining with DInf 0.0000000e+00               568s

     465 PPushes remaining with PInf 0.0000000e+00               568s
       0 PPushes remaining with PInf 0.0000000e+00               568s

  Push phase complete: Pinf 0.0000000e+00, Dinf 1.2087553e-14    568s


Root simplex log...

Iteration    Objective       Primal Inf.    Dual Inf.      Time
    2059    5.6372451e+00   0.000000e+00   0.000000e+00    568s

Solved with barrier
    2059    5.6372451e+00   0.000000e+00   0.000000e+00    568s

Root relaxation: objective 5.637245e+00, 2059 iterations, 1.42 seconds (1.52 work units)

    Nodes    |    Current Node    |     Objective Bounds      |     Work
 Expl Unexpl |  Obj  Depth IntInf | Incumbent    BestBd   Gap | It/Node Time

     0     0    5.63725    0  276    9.00000    5.63725  37.4%     -  570s
H    0     0                       8.0000000    5.63725  29.5%     -  571s
     0     0    5.65568    0  489    8.00000    5.65568  29.3%     -  571s
     0     0    5.65568    0  373    8.00000    5.65568  29.3%     -  580s
     0     0    5.65851    0  502    8.00000    5.65851  29.3%     -  581s
     0     0    5.67227    0  494    8.00000    5.67227  29.1%     -  582s
     0     0    5.67227    0  473    8.00000    5.67227  29.1%     -  582s
     0     0    5.67227    0  454    8.00000    5.67227  29.1%     -  583s
     0     0    5.67227    0  505    8.00000    5.67227  29.1%     -  583s
     0     0    5.67227    0  498    8.00000    5.67227  29.1%     -  584s
     0     0    5.67227    0  486    8.00000    5.67227  29.1%     -  584s
     0     0    5.67227    0  550    8.00000    5.67227  29.1%     -  584s
     0     0    5.67227    0  519    8.00000    5.67227  29.1%     -  584s
     0     0    5.67227    0  496    8.00000    5.67227  29.1%     -  585s
     0     2    5.68425    0  495    8.00000    5.68425  28.9%     -  586s
    33    42    5.70202    6  313    8.00000    5.69988  28.8%   559  595s
    81    87    5.76621    9  329    8.00000    5.70168  28.7%   542  600s
   251   220    6.06558   14  356    8.00000    5.70168  28.7%   649  605s
   603   306    6.61417   13  318    8.00000    5.70168  28.7%   550  610s
   785   309    6.99135   13  333    8.00000    5.70168  28.7%   535  621s
   804   308 infeasible   14         8.00000    5.89110  26.4%   534  630s
  1075   358 infeasible   16         8.00000    5.89110  26.4%   514  635s
  1466   410    6.79558   11  397    8.00000    6.00000  25.0%   530  640s
  1852   443 infeasible   25         8.00000    6.00000  25.0%   534  645s
  2192   502    6.69575   16  288    8.00000    6.00000  25.0%   533  653s
  2250   521     cutoff   15         8.00000    6.00000  25.0%   536  655s
  2958   530 infeasible   17         8.00000    6.15822  23.0%   513  660s
  3430   484    7.00000   17  357    8.00000    6.29222  21.3%   520  665s
  4100   434    7.00000   17  467    8.00000    6.44616  19.4%   526  671s
  4432   422    7.00000   14  471    8.00000    6.47383  19.1%   530  675s
  4892   388 infeasible   14         8.00000    6.76423  15.4%   531  680s
  5547   411 infeasible   23         8.00000    7.00000  12.5%   537  687s
  5666   427    7.00000   20  346    8.00000    7.00000  12.5%   540  692s
  6196   480    7.00000   13  426    8.00000    7.00000  12.5%   549  699s
  6923   376 infeasible   21         8.00000    7.00000  12.5%   548  707s
  7645   312    7.00000   26  267    8.00000    7.00000  12.5%   551  713s
  8221   274 infeasible   27         8.00000    7.00000  12.5%   556  718s
  8765   221 infeasible   19         8.00000    7.00000  12.5%   564  723s
  9152   176 infeasible   20         8.00000    7.00000  12.5%   572  728s
  9581   143    7.00000   17  248    8.00000    7.00000  12.5%   580  732s
  9994    68    7.00000   19  306    8.00000    7.00000  12.5%   587  736s
 10584     3    7.00000   20  255    8.00000    7.00000  12.5%   600  742s

Cutting planes:
  Cover: 26
  Implied bound: 1
  MIR: 16
  Inf proof: 7
  Zero half: 112
  RLT: 17
  BQP: 1

Explored 10679 nodes (6468612 simplex iterations) in 743.12 seconds (1251.83 work units)
Thread count was 16 (of 18 available processors)

Solution count 2: 8 9 

Optimal solution found (tolerance 1.00e-04)
Best objective 8.000000000000e+00, best bound 8.000000000000e+00, gap 0.0000%
---------------------------------------------------------------------------

Multi-objectives: optimize objective 6  ...
---------------------------------------------------------------------------


Loaded user MIP start with objective 0


Explored 0 nodes (0 simplex iterations) in 743.36 seconds (1251.83 work units)
Thread count was 1 (of 18 available processors)

Solution count 1: 0 

Optimal solution found (tolerance 1.00e-04)
Best objective 0.000000000000e+00, best bound 0.000000000000e+00, gap 0.0000%

---------------------------------------------------------------------------
Multi-objectives: solved in 743.40 seconds (1251.83 work units), solution count 10

