
Gurobi 10.0.3 (mac64[arm]) logging started Sun Mar 16 11:07:22 2025

Set parameter LogFile to value "/Users/niklas/Desktop/Diplomarbeit/OptRail_Railroad_Construction/Data/Solution_math_model/AnzahlAuftraege_NEW_10/a10_o144_m6_an53_ar12/6_Objectives/construction_fulfillment/gurobi_a10_o144_m6_an53_ar12_construction_fulfillment.log"
Gurobi Optimizer version 10.0.3 build v10.0.3rc0 (mac64[arm])

CPU model: Apple M1 Pro
Thread count: 8 physical cores, 8 logical processors, using up to 16 threads

Warning: Thread count (16) is larger than processor count (8)
         Reduce the value of the Threads parameter to improve performance


Optimize a model with 3522 rows, 253468 columns and 1171862 nonzeros
Model fingerprint: 0xe81d419c
Variable types: 0 continuous, 253468 integer (253468 binary)
Coefficient statistics:
  Matrix range     [1e+00, 1e+01]
  Objective range  [1e+00, 1e+00]
  Bounds range     [1e+00, 1e+00]
  RHS range        [1e+00, 2e+02]
Found heuristic solution: objective -0.0000000
Presolve removed 1106 rows and 131486 columns
Presolve time: 1.16s
Presolved: 2416 rows, 121982 columns, 1021952 nonzeros
Variable types: 0 continuous, 121982 integer (121982 binary)
Deterministic concurrent LP optimizer: primal simplex, dual simplex, and barrier
Showing barrier log only...

Root barrier log...

Ordering time: 0.00s

Barrier statistics:
 AA' NZ     : 1.070e+05
 Factor NZ  : 1.824e+05 (roughly 18 MB of memory)
 Factor Ops : 3.806e+07 (less than 1 second per iteration)
 Threads    : 14

                  Objective                Residual
Iter       Primal          Dual         Primal    Dual     Compl     Time
   0   2.40813934e+02  1.86233281e+04  2.27e+05 1.55e-01  1.62e+01     2s
   1   7.76293362e+01  1.76607929e+04  7.96e+04 3.99e-01  5.78e+00     2s
   2   9.80734692e+00  1.43046193e+04  6.19e+03 4.93e-02  6.03e-01     2s
   3   9.39318724e+00  3.83194422e+03  2.46e+03 4.22e-03  1.93e-01     2s
   4   7.68861208e+00  1.68317150e+03  7.06e+02 1.78e-15  6.11e-02     2s
   5   7.54229028e+00  1.15363859e+03  4.59e+02 5.33e-15  3.99e-02     2s
   6   7.10636184e+00  9.14741396e+02  1.40e+02 3.11e-15  1.89e-02     2s
   7   7.00515114e+00  4.94934929e+02  7.80e+01 3.55e-15  1.01e-02     2s
   8   6.89155107e+00  2.73732129e+02  2.95e+01 1.99e-15  4.79e-03     2s
   9   6.90564364e+00  1.46123952e+02  6.04e+00 2.66e-15  2.07e-03     2s
  10   5.93478597e+00  1.12951497e+02  2.36e-02 3.55e-15  1.37e-03     2s
  11   5.70835030e+00  2.58816860e+01  2.30e-14 2.11e-15  2.50e-04     2s
  12   6.12282797e+00  1.71896301e+01  2.28e-14 1.74e-15  1.37e-04     2s
  13   6.15773235e+00  1.47092333e+01  2.11e-14 1.29e-15  1.06e-04     2s
  14   6.22592110e+00  1.34491815e+01  2.18e-14 1.62e-15  8.96e-05     2s
  15   6.32575801e+00  1.31010304e+01  1.97e-14 1.88e-15  8.40e-05     2s
  16   6.42530324e+00  1.01906757e+01  2.02e-14 1.11e-15  4.67e-05     2s
  17   6.44193371e+00  6.61927766e+00  2.98e-13 1.31e-15  2.20e-06     2s
  18   6.49989782e+00  6.50032908e+00  1.99e-13 5.68e-16  5.34e-09     2s
  19   6.50000000e+00  6.50000000e+00  1.08e-12 6.74e-16  5.41e-15     2s

Barrier solved model in 19 iterations and 1.84 seconds (6.11 work units)
Optimal objective 6.50000000e+00

Concurrent spin time: 0.00s

Solved with barrier

Use crossover to convert LP symmetric solution to basic solution...

Root relaxation: objective 6.500000e+00, 1152 iterations, 1.07 seconds (1.33 work units)
Total elapsed time = 6.88s

    Nodes    |    Current Node    |     Objective Bounds      |     Work
 Expl Unexpl |  Obj  Depth IntInf | Incumbent    BestBd   Gap | It/Node Time

     0     0    6.50000    0   62   -0.00000    6.50000      -     -    8s
H    0     0                       5.0000000    6.50000  30.0%     -    9s
     0     0    6.50000    0   94    5.00000    6.50000  30.0%     -    9s
H    0     0                       6.0000000    6.50000  8.33%     -   10s
     0     0    6.50000    0   94    6.00000    6.50000  8.33%     -   10s

Cutting planes:
  Zero half: 4

Explored 1 nodes (80886 simplex iterations) in 10.24 seconds (23.22 work units)
Thread count was 16 (of 8 available processors)

Solution count 3: 6 5 -0 

Optimal solution found (tolerance 1.00e-04)
Best objective 6.000000000000e+00, best bound 6.000000000000e+00, gap 0.0000%
