
Gurobi 11.0.0 (win64) logging started Thu Dec 19 19:14:26 2024

Set parameter LogFile to value "C:\Users\Administrator\Desktop\OptRail_Railroad_Construction\Data\Solution\Reduced\a5_o96_m10_an10_ar10_reduced\3_Objectives\hierarchical_tolerance\gurobi_a5_o96_m10_an10_ar10_reduced_hierarchical_tolerance.log"
Gurobi Optimizer version 11.0.0 build v11.0.0rc2 (win64 - Windows Server 2022.0 (20348.2))

CPU model: AMD EPYC 7513 32-Core Processor, instruction set [SSE2|AVX|AVX2]
Thread count: 18 physical cores, 18 logical processors, using up to 16 threads

Optimize a model with 2105 rows, 103849 columns and 839154 nonzeros
Model fingerprint: 0xf95fe5be
Variable types: 0 continuous, 103849 integer (103849 binary)
Coefficient statistics:
  Matrix range     [1e+00, 1e+01]
  Objective range  [1e+00, 1e+00]
  Bounds range     [1e+00, 1e+00]
  RHS range        [1e+00, 2e+02]

---------------------------------------------------------------------------
Multi-objectives: starting optimization with 1 objectives ... 
---------------------------------------------------------------------------
---------------------------------------------------------------------------

Multi-objectives: optimize objective 1 () ...
---------------------------------------------------------------------------

Optimize a model with 2105 rows, 103849 columns and 839154 nonzeros
Model fingerprint: 0x8fac60f4
Variable types: 0 continuous, 103849 integer (103849 binary)
Coefficient statistics:
  Matrix range     [1e+00, 1e+01]
  Objective range  [1e+00, 1e+00]
  Bounds range     [1e+00, 1e+00]
  RHS range        [1e+00, 2e+02]
Found heuristic solution: objective 0.0000000
Presolve removed 465 rows and 55584 columns
Presolve time: 1.11s
Presolved: 1640 rows, 48265 columns, 713882 nonzeros
Variable types: 0 continuous, 48265 integer (48265 binary)
Deterministic concurrent LP optimizer: primal simplex, dual simplex, and barrier
Showing barrier log only...

Root barrier log...

Ordering time: 0.00s

Barrier statistics:
 AA' NZ     : 4.958e+04
 Factor NZ  : 7.463e+04 (roughly 7 MB of memory)
 Factor Ops : 1.068e+07 (less than 1 second per iteration)
 Threads    : 14

                  Objective                Residual
Iter       Primal          Dual         Primal    Dual     Compl     Time
   0  -2.03397956e+02 -1.28043974e+04  4.88e+04 1.31e-01  1.57e+01     2s
   1  -8.60007138e+01 -1.21588000e+04  1.86e+04 7.11e-01  6.15e+00     2s
   2  -1.57402702e+01 -1.02840514e+04  2.83e+03 1.21e-01  1.17e+00     2s
   3  -6.86205389e+00 -2.47815600e+03  3.26e+02 3.51e-03  1.58e-01     2s
   4  -6.38175395e+00 -4.07412461e+02  1.97e+02 1.79e-04  5.61e-02     2s
   5  -5.11169463e+00 -1.47549034e+02  3.80e+01 1.48e-05  1.25e-02     2s
   6  -4.95866163e+00 -7.27413918e+01  8.32e+00 7.60e-13  3.75e-03     2s
   7  -4.89490772e+00 -5.58912404e+01  1.92e+00 5.77e-13  1.99e-03     2s
   8  -4.88427414e+00 -2.62995225e+01  2.60e-03 1.95e-13  6.89e-04     2s
   9  -4.71559944e+00 -8.70827842e+00  7.11e-14 3.38e-14  1.26e-04     2s
  10  -4.78263074e+00 -5.49679820e+00  5.50e-14 6.22e-15  2.25e-05     2s
  11  -4.99714573e+00 -5.02419475e+00  1.14e-13 3.33e-16  8.54e-07     2s
  12  -5.00000000e+00 -5.00000024e+00  1.93e-13 4.44e-16  7.67e-12     2s
  13  -5.00000000e+00 -5.00000000e+00  9.33e-14 6.66e-16  9.85e-18     2s

Barrier solved model in 13 iterations and 1.69 seconds (3.13 work units)
Optimal objective -5.00000000e+00

Concurrent spin time: 0.23s (can be avoided by choosing Method=3)

Solved with dual simplex

Use crossover to convert LP symmetric solution to basic solution...

Root relaxation: objective -5.000000e+00, 1709 iterations, 0.61 seconds (0.54 work units)
Total elapsed time = 6.07s (DegenMoves)

    Nodes    |    Current Node    |     Objective Bounds      |     Work
 Expl Unexpl |  Obj  Depth IntInf | Incumbent    BestBd   Gap | It/Node Time

*    0     0               0      -5.0000000   -5.00000  0.00%     -    6s

Explored 1 nodes (41999 simplex iterations) in 7.07 seconds (10.66 work units)
Thread count was 16 (of 18 available processors)

Solution count 2: -5 0 
No other solutions better than -5

Optimal solution found (tolerance 1.00e-04)
Best objective -5.000000000000e+00, best bound -5.000000000000e+00, gap 0.0000%

---------------------------------------------------------------------------
Multi-objectives: solved in 7.08 seconds (10.66 work units), solution count 2

