
Gurobi 11.0.0 (win64) logging started Fri Dec 20 00:19:46 2024

Set parameter LogFile to value "C:\Users\Administrator\Desktop\OptRail_Railroad_Construction\Data\Solution\AnzahlAuftraege_NEW_10\a10_o107_m5_an57_ar12\6_Objectives\hierarchical\gurobi_a10_o107_m5_an57_ar12_hierarchical.log"
Gurobi Optimizer version 11.0.0 build v11.0.0rc2 (win64 - Windows Server 2022.0 (20348.2))

CPU model: AMD EPYC 7513 32-Core Processor, instruction set [SSE2|AVX|AVX2]
Thread count: 18 physical cores, 18 logical processors, using up to 16 threads

Optimize a model with 2603 rows, 130587 columns and 642052 nonzeros
Model fingerprint: 0xc3ed2977
Variable types: 0 continuous, 130587 integer (130587 binary)
Coefficient statistics:
  Matrix range     [1e+00, 1e+01]
  Objective range  [1e+00, 2e+02]
  Bounds range     [1e+00, 1e+00]
  RHS range        [1e+00, 2e+02]

---------------------------------------------------------------------------
Multi-objectives: starting optimization with 6 objectives ... 
---------------------------------------------------------------------------

Multi-objectives: applying initial presolve ...
---------------------------------------------------------------------------

Presolve added 0 rows and 2 columns
Presolve removed 338 rows and 0 columns
Presolve time: 0.58s
Presolved: 2265 rows, 130589 columns, 552030 nonzeros
---------------------------------------------------------------------------

Multi-objectives: optimize objective 1 () ...
---------------------------------------------------------------------------

Found heuristic solution: objective 0.0000000
Presolve removed 548 rows and 68140 columns
Presolve time: 0.74s
Presolved: 1717 rows, 62449 columns, 466906 nonzeros
Variable types: 0 continuous, 62449 integer (62443 binary)
Deterministic concurrent LP optimizer: primal and dual simplex
Showing primal log only...

Concurrent spin time: 0.01s

Solved with dual simplex

Use crossover to convert LP symmetric solution to basic solution...

Root relaxation: objective -9.500000e+00, 1603 iterations, 0.27 seconds (0.33 work units)
Total elapsed time = 5.00s (DegenMoves)

    Nodes    |    Current Node    |     Objective Bounds      |     Work
 Expl Unexpl |  Obj  Depth IntInf | Incumbent    BestBd   Gap | It/Node Time

     0     0   -9.50000    0  325    0.00000   -9.50000      -     -    7s
H    0     0                      -4.0000000   -9.50000   138%     -    8s
     0     0   -9.00000    0  711   -4.00000   -9.00000   125%     -   11s
H    0     0                      -9.0000000   -9.00000  0.00%     -   17s
     0     0   -9.00000    0  763   -9.00000   -9.00000  0.00%     -   17s

Cutting planes:
  Gomory: 1
  MIR: 17
  Zero half: 29
  Relax-and-lift: 2

Explored 1 nodes (73886 simplex iterations) in 17.69 seconds (23.64 work units)
Thread count was 16 (of 18 available processors)

Solution count 3: -9 -4 0 
No other solutions better than -9

Optimal solution found (tolerance 1.00e-04)
Best objective -9.000000000000e+00, best bound -9.000000000000e+00, gap 0.0000%
---------------------------------------------------------------------------

Multi-objectives: optimize objective 2 () ...
---------------------------------------------------------------------------


Loaded user MIP start with objective 107

Presolve removed 14 rows and 68034 columns
Presolve time: 0.72s
Presolved: 2252 rows, 62555 columns, 527226 nonzeros
Variable types: 0 continuous, 62555 integer (62553 binary)
Found heuristic solution: objective 61.0000000
Deterministic concurrent LP optimizer: primal simplex, dual simplex, and barrier
Showing barrier log only...

Root barrier log...

Ordering time: 0.03s

Barrier statistics:
 AA' NZ     : 1.609e+05
 Factor NZ  : 4.416e+05 (roughly 22 MB of memory)
 Factor Ops : 1.567e+08 (less than 1 second per iteration)
 Threads    : 14

                  Objective                Residual
Iter       Primal          Dual         Primal    Dual     Compl     Time
   0   1.44085323e+03 -1.98694055e+04  8.97e+04 2.17e-01  7.40e+00    19s
   1   7.31013603e+02 -1.80590698e+04  2.83e+04 1.51e-01  2.40e+00    19s
   2   2.04091297e+02 -1.21372200e+04  5.61e+03 8.88e-16  5.20e-01    19s
   3   1.30782979e+02 -6.23407506e+03  2.90e+03 8.88e-16  2.40e-01    19s
   4   7.61095618e+01 -3.06498819e+03  1.24e+03 3.55e-15  1.01e-01    19s
   5   2.78904964e+01 -1.22206476e+03  3.69e+02 1.78e-15  3.22e-02    19s
   6   8.72014584e+00 -5.60448907e+02  1.22e+02 7.11e-15  1.20e-02    19s
   7   2.14446257e+00 -3.48752041e+02  3.97e+01 3.55e-15  5.65e-03    19s
   8   1.35646657e+00 -2.43812862e+02  2.14e+01 2.66e-15  3.65e-03    19s
   9   8.55732626e-01 -1.54191634e+02  1.49e+01 1.24e-15  2.40e-03    19s
  10   4.77169354e-01 -1.36500541e+02  1.23e+01 1.16e-15  2.09e-03    19s
  11   3.75641919e-01 -8.28124999e+01  9.82e+00 1.13e-15  1.40e-03    19s
  12   1.38121780e-01 -6.53809513e+01  1.24e+00 8.53e-16  8.73e-04    19s
  13   3.28855354e-02 -2.48788693e+01  3.85e-02 1.49e-15  2.93e-04    19s
  14   2.34950968e-03 -3.34346152e+00  4.96e-14 1.10e-15  3.65e-05    19s
  15   9.28938924e-04 -1.18284078e-02  3.36e-13 4.28e-16  1.39e-07    19s
  16   7.11045507e-08 -8.05914803e-05  5.13e-13 2.74e-16  8.80e-10    19s
  17   7.11593954e-14 -8.06506553e-11  1.58e-12 2.61e-16  8.81e-16    19s

Barrier solved model in 17 iterations and 19.16 seconds (25.94 work units)
Optimal objective 7.11593954e-14


Root crossover log...

     220 DPushes remaining with DInf 0.0000000e+00                20s

     261 PPushes remaining with PInf 0.0000000e+00                20s
       0 PPushes remaining with PInf 0.0000000e+00                20s

  Push phase complete: Pinf 0.0000000e+00, Dinf 0.0000000e+00     20s


Root simplex log...

Iteration    Objective       Primal Inf.    Dual Inf.      Time
     264    0.0000000e+00   0.000000e+00   0.000000e+00     20s

Solved with barrier

Use crossover to convert LP symmetric solution to basic solution...

Root crossover log...

     562 PPushes remaining with PInf 0.0000000e+00                20s
       0 PPushes remaining with PInf 0.0000000e+00                20s

  Push phase complete: Pinf 0.0000000e+00, Dinf 0.0000000e+00     20s


Root simplex log...

Iteration    Objective       Primal Inf.    Dual Inf.      Time
     829    0.0000000e+00   0.000000e+00   0.000000e+00     20s

Root relaxation: objective 0.000000e+00, 829 iterations, 1.28 seconds (1.15 work units)
Total elapsed time = 27.05s (DegenMoves)
Total elapsed time = 34.48s (DegenMoves)
Total elapsed time = 40.81s (DegenMoves)
Total elapsed time = 45.50s (DegenMoves)

    Nodes    |    Current Node    |     Objective Bounds      |     Work
 Expl Unexpl |  Obj  Depth IntInf | Incumbent    BestBd   Gap | It/Node Time

     0     0    0.00000    0  744   61.00000    0.00000   100%     -   49s
H    0     0                      38.0000000    0.00000   100%     -   49s
     0     0    0.00000    0 1325   38.00000    0.00000   100%     -   59s
H    0     0                      37.0000000    0.00000   100%     -   75s
     0     0    0.00000    0 1302   37.00000    0.00000   100%     -   76s
H    0     0                      22.0000000    0.00000   100%     -  114s
H    0     0                      13.0000000    0.00000   100%     -  114s
H    0     0                      12.0000000    0.00000   100%     -  114s
     0     0    0.00000    0  452   12.00000    0.00000   100%     -  114s
H    0     0                       8.0000000    0.00000   100%     -  114s
     0     0    0.00000    0  502    8.00000    0.00000   100%     -  138s
H    0     0                       7.0000000    0.00000   100%     -  138s
     0     0    0.00000    0  658    7.00000    0.00000   100%     -  156s
H    0     0                       4.0000000    0.00000   100%     -  156s
     0     0    0.00000    0 1336    4.00000    0.00000   100%     -  170s
H    0     0                       3.0000000    0.04167  98.6%     -  204s
H    0     0                       2.0000000    0.04167  97.9%     -  204s
     0     0    0.04167    0  601    2.00000    0.04167  97.9%     -  204s
     0     0    0.04167    0 1026    2.00000    0.04167  97.9%     -  215s
     0     0    0.04167    0  998    2.00000    0.04167  97.9%     -  221s
     0     0    0.04167    0  567    2.00000    0.04167  97.9%     -  254s
     0     0    0.04167    0  666    2.00000    0.04167  97.9%     -  256s
     0     0    0.04167    0  694    2.00000    0.04167  97.9%     -  258s
     0     0    0.04167    0  693    2.00000    0.04167  97.9%     -  259s
     0     0    0.04167    0  712    2.00000    0.04167  97.9%     -  260s
     0     0    0.04167    0 1100    2.00000    0.04167  97.9%     -  262s
     0     0    0.04167    0 1097    2.00000    0.04167  97.9%     -  264s
     0     0    0.04167    0 1104    2.00000    0.04167  97.9%     -  265s
     0     0    0.04167    0 1075    2.00000    0.04167  97.9%     -  266s
     0     0    0.04167    0 1095    2.00000    0.04167  97.9%     -  268s
     0     0    0.04167    0 1092    2.00000    0.04167  97.9%     -  268s
     0     0    0.04167    0 1317    2.00000    0.04167  97.9%     -  284s
     0     0    0.04167    0 1296    2.00000    0.04167  97.9%     -  287s
     0     0    0.04167    0 1275    2.00000    0.04167  97.9%     -  288s
     0     0    0.04167    0 1263    2.00000    0.04167  97.9%     -  291s
     0     0    0.04167    0 1251    2.00000    0.04167  97.9%     -  292s
     0     0    0.04167    0 1250    2.00000    0.04167  97.9%     -  293s
     0     0    0.04167    0 1239    2.00000    0.04167  97.9%     -  295s
     0     0    0.04167    0 1202    2.00000    0.04167  97.9%     -  296s
     0     0    0.04167    0 1183    2.00000    0.04167  97.9%     -  297s
     0     0    0.04167    0 1153    2.00000    0.04167  97.9%     -  297s
     0     0    0.04167    0 1140    2.00000    0.04167  97.9%     -  297s
     0     0    0.08681    0  781    2.00000    0.08681  95.7%     -  337s
     0     0    0.08824    0 1156    2.00000    0.08824  95.6%     -  340s
     0     0    0.08984    0 1184    2.00000    0.08984  95.5%     -  343s
     0     0    0.09167    0 1200    2.00000    0.09167  95.4%     -  346s
     0     0    0.09167    0 1202    2.00000    0.09167  95.4%     -  348s
     0     0    0.09375    0 1201    2.00000    0.09375  95.3%     -  350s
     0     0    0.09615    0 1230    2.00000    0.09615  95.2%     -  352s
     0     0    0.09896    0 1229    2.00000    0.09896  95.1%     -  353s
     0     0    0.09896    0 1231    2.00000    0.09896  95.1%     -  355s
     0     0    0.09896    0 1194    2.00000    0.09896  95.1%     -  357s
     0     0    0.10227    0 1234    2.00000    0.10227  94.9%     -  358s
     0     0    0.20833    0 1189    2.00000    0.20833  89.6%     -  372s
     0     0    0.20833    0 1210    2.00000    0.20833  89.6%     -  373s
     0     0    0.20833    0 1231    2.00000    0.20833  89.6%     -  375s
     0     0    0.20833    0 1227    2.00000    0.20833  89.6%     -  376s
     0     0    0.20833    0 1212    2.00000    0.20833  89.6%     -  378s
     0     0    0.20833    0 1236    2.00000    0.20833  89.6%     -  380s
     0     0    0.20833    0 1244    2.00000    0.20833  89.6%     -  381s
     0     0    0.20833    0 1205    2.00000    0.20833  89.6%     -  382s
     0     0    0.20833    0 1229    2.00000    0.20833  89.6%     -  383s
     0     0    0.20833    0 1194    2.00000    0.20833  89.6%     -  384s
     0     0    0.20833    0 1221    2.00000    0.20833  89.6%     -  385s
     0     0    0.20833    0 1215    2.00000    0.20833  89.6%     -  400s
     0     0    0.20833    0 1194    2.00000    0.20833  89.6%     -  402s
     0     0    0.20833    0 1195    2.00000    0.20833  89.6%     -  403s
     0     0    0.20833    0 1169    2.00000    0.20833  89.6%     -  404s
     0     0    0.20833    0 1163    2.00000    0.20833  89.6%     -  405s
     0     0    0.20833    0 1153    2.00000    0.20833  89.6%     -  406s
     0     0    0.20833    0 1152    2.00000    0.20833  89.6%     -  407s
     0     0    0.20833    0 1181    2.00000    0.20833  89.6%     -  407s
     0     0    0.20833    0 1149    2.00000    0.20833  89.6%     -  409s
     0     0    0.20833    0 1170    2.00000    0.20833  89.6%     -  409s
     0     0    0.20833    0 1156    2.00000    0.20833  89.6%     -  410s
     0     0    0.20833    0 1155    2.00000    0.20833  89.6%     -  412s
     0     0    0.20833    0 1158    2.00000    0.20833  89.6%     -  413s
     0     0    0.20833    0 1163    2.00000    0.20833  89.6%     -  414s
     0     0    0.20833    0 1171    2.00000    0.20833  89.6%     -  415s
     0     0    0.20833    0 1155    2.00000    0.20833  89.6%     -  416s
     0     0    0.20833    0 1154    2.00000    0.20833  89.6%     -  417s
     0     0    0.20833    0 1192    2.00000    0.20833  89.6%     -  418s
     0     0    0.20833    0 1192    2.00000    0.20833  89.6%     -  419s
     0     0    0.24479    0 1171    2.00000    0.24479  87.8%     -  423s
     0     0    0.24479    0 1134    2.00000    0.24479  87.8%     -  424s
     0     0    0.24479    0 1129    2.00000    0.24479  87.8%     -  424s
     0     0    0.36979    0 1161    2.00000    0.36979  81.5%     -  426s
     0     0    0.36979    0 1167    2.00000    0.36979  81.5%     -  426s
     0     0    0.36979    0 1153    2.00000    0.36979  81.5%     -  427s
     0     0    0.36979    0 1171    2.00000    0.36979  81.5%     -  427s
     0     0    0.36979    0 1159    2.00000    0.36979  81.5%     -  428s
     0     0    0.36979    0 1145    2.00000    0.36979  81.5%     -  428s
     0     0    0.36979    0 1143    2.00000    0.36979  81.5%     -  428s
     0     0    0.36979    0 1142    2.00000    0.36979  81.5%     -  428s
     0     0    0.36979    0 1142    2.00000    0.36979  81.5%     -  429s
     0     0    0.38647    0 1294    2.00000    0.38647  80.7%     -  434s
     0     0    0.38647    0 1264    2.00000    0.38647  80.7%     -  435s
     0     0    0.38647    0 1237    2.00000    0.38647  80.7%     -  439s
     0     0    0.38672    0 1195    2.00000    0.38672  80.7%     -  440s
     0     0    0.38672    0  635    2.00000    0.38672  80.7%     -  449s
     0     0    1.00000    0  263    2.00000    1.00000  50.0%     -  487s
     0     0    1.00000    0  291    2.00000    1.00000  50.0%     -  490s
     0     0    1.00000    0 1127    2.00000    1.00000  50.0%     -  494s
     0     0    1.00000    0 1045    2.00000    1.00000  50.0%     -  496s
     0     0    1.00000    0 1007    2.00000    1.00000  50.0%     -  497s
     0     0    1.00000    0  964    2.00000    1.00000  50.0%     -  497s
     0     0    1.00000    0  925    2.00000    1.00000  50.0%     -  497s
     0     0    1.00000    0  913    2.00000    1.00000  50.0%     -  497s
     0     0    1.00000    0 1172    2.00000    1.00000  50.0%     -  514s
     0     0    1.00000    0 1153    2.00000    1.00000  50.0%     -  517s
     0     0    1.00000    0 1149    2.00000    1.00000  50.0%     -  519s
     0     0    1.00000    0 1149    2.00000    1.00000  50.0%     -  520s
     0     0    1.00000    0 1128    2.00000    1.00000  50.0%     -  520s
     0     0    1.00000    0 1109    2.00000    1.00000  50.0%     -  520s
     0     0    1.00000    0 1092    2.00000    1.00000  50.0%     -  520s
     0     0    1.00000    0 1081    2.00000    1.00000  50.0%     -  520s
     0     0    1.00000    0 1103    2.00000    1.00000  50.0%     -  521s
     0     0    1.00000    0 1074    2.00000    1.00000  50.0%     -  521s
     0     0    1.00000    0 1107    2.00000    1.00000  50.0%     -  532s
     0     0    1.00000    0 1073    2.00000    1.00000  50.0%     -  533s
     0     0 infeasible    0         2.00000    2.00000  0.00%     -  542s

Cutting planes:
  Clique: 1
  MIR: 5
  Zero half: 25

Explored 1 nodes (1207358 simplex iterations) in 542.71 seconds (767.66 work units)
Thread count was 16 (of 18 available processors)

Solution count 10: 2 3 4 ... 38

Optimal solution found (tolerance 1.00e-04)
Best objective 2.000000000000e+00, best bound 2.000000000000e+00, gap 0.0000%
---------------------------------------------------------------------------

Multi-objectives: optimize objective 3 () ...
---------------------------------------------------------------------------


Loaded user MIP start with objective 6931.25

Presolve removed 14 rows and 68022 columns
Presolve time: 0.70s
Presolved: 2253 rows, 62567 columns, 527345 nonzeros
Variable types: 0 continuous, 62567 integer (62565 binary)
Deterministic concurrent LP optimizer: primal simplex, dual simplex, and barrier
Showing barrier log only...

Root barrier log...

Ordering time: 0.11s

Barrier statistics:
 AA' NZ     : 2.227e+05
 Factor NZ  : 6.372e+05 (roughly 30 MB of memory)
 Factor Ops : 2.420e+08 (less than 1 second per iteration)
 Threads    : 14

                  Objective                Residual
Iter       Primal          Dual         Primal    Dual     Compl     Time
   0   4.36478987e+07 -1.24746733e+07  8.86e+04 2.84e-14  3.07e+03   544s
   1   1.13759911e+07 -1.20226866e+07  2.31e+04 1.10e+02  8.71e+02   544s
   2   3.07758298e+06 -8.30736727e+06  6.25e+03 8.82e+00  2.55e+02   544s
   3   8.55043455e+05 -5.38054379e+06  1.72e+03 3.33e+00  8.90e+01   544s
   4   5.53046894e+05 -1.38171777e+06  1.10e+03 5.12e-13  3.59e+01   544s
   5   1.74293085e+05 -8.15960252e+05  3.32e+02 4.57e-13  1.38e+01   544s
   6   7.37457439e+04 -3.30320631e+05  1.28e+02 3.08e-02  5.35e+00   544s
   7   5.87593938e+04 -2.33144596e+05  9.82e+01 6.14e-12  3.90e+00   544s
   8   3.36202149e+04 -1.81889452e+05  4.89e+01 1.74e-02  2.49e+00   544s
   9   2.53507484e+04 -1.20487967e+05  3.26e+01 1.27e-02  1.66e+00   544s
  10   1.97932086e+04 -9.16798341e+04  2.20e+01 3.11e-03  1.22e+00   544s
  11   1.78160382e+04 -7.57419210e+04  1.82e+01 2.05e-12  1.03e+00   544s
  12   1.28125795e+04 -5.23505851e+04  9.55e+00 1.36e-12  6.81e-01   544s
  13   7.18520327e+03 -3.63031952e+04  1.50e+00 1.14e-12  3.77e-01   544s
  14   6.07834581e+03 -2.26070457e+04  6.14e-01 1.93e-12  2.43e-01   544s
  15   5.30451155e+03 -1.26983894e+04  2.38e-01 1.02e-12  1.49e-01   544s
  16   4.82779346e+03 -8.53347226e+03  1.39e-01 6.03e-13  1.09e-01   544s
  17   4.47041199e+03 -4.66812117e+03  8.01e-02 1.59e-12  7.39e-02   544s
  18   4.07441358e+03 -1.52693747e+03  3.69e-02 1.36e-12  4.49e-02   544s
  19   3.89020322e+03 -4.59037322e+02  2.19e-02 9.09e-13  3.48e-02   544s
  20   3.75815252e+03  3.54676758e+02  1.58e-02 7.96e-13  2.71e-02   544s
  21   3.64679488e+03  7.51153488e+02  6.27e-03 4.55e-13  2.31e-02   544s
  22   3.54303373e+03  2.05002035e+03  2.79e-03 2.34e-13  1.19e-02   544s
  23   3.47793663e+03  2.50909982e+03  1.42e-03 1.96e-13  7.71e-03   544s
  24   3.44558481e+03  2.92658473e+03  8.14e-04 2.14e-13  4.13e-03   544s
  25   3.41976075e+03  3.05106192e+03  4.56e-04 2.08e-13  2.93e-03   545s
  26   3.39729359e+03  3.26983532e+03  1.82e-04 2.36e-13  1.01e-03   545s
  27   3.38272757e+03  3.34893095e+03  6.33e-05 4.72e-13  2.69e-04   545s
  28   3.37625209e+03  3.37076696e+03  1.24e-05 2.94e-13  4.36e-05   545s
  29   3.37590720e+03  3.37188668e+03  1.04e-05 3.41e-13  3.20e-05   545s
  30   3.37571619e+03  3.37277033e+03  9.28e-06 2.34e-13  2.35e-05   545s
  31   3.37504800e+03  3.37374606e+03  5.29e-06 4.26e-13  1.04e-05   545s
  32   3.37419682e+03  3.37393555e+03  3.71e-07 3.78e-13  2.08e-06   545s
  33   3.37411735e+03  3.37411091e+03  1.32e-09 3.98e-13  5.11e-08   545s
  34   3.37411418e+03  3.37411417e+03  3.39e-10 3.26e-13  8.65e-11   545s

Barrier solved model in 34 iterations and 544.67 seconds (770.32 work units)
Optimal objective 3.37411418e+03


Root crossover log...

    1295 DPushes remaining with DInf 0.0000000e+00               545s
       0 DPushes remaining with DInf 0.0000000e+00               545s

    2639 PPushes remaining with PInf 0.0000000e+00               545s
       0 PPushes remaining with PInf 0.0000000e+00               545s

  Push phase complete: Pinf 0.0000000e+00, Dinf 6.9935169e-12    545s


Root simplex log...

Iteration    Objective       Primal Inf.    Dual Inf.      Time
    3913    3.3741142e+03   0.000000e+00   0.000000e+00    545s

Solved with barrier

Root relaxation: objective 3.374114e+03, 3913 iterations, 1.01 seconds (0.98 work units)
Total elapsed time = 545.07s (DegenMoves)

    Nodes    |    Current Node    |     Objective Bounds      |     Work
 Expl Unexpl |  Obj  Depth IntInf | Incumbent    BestBd   Gap | It/Node Time

     0     0 3374.11417    0  661 6931.24547 3374.11417  51.3%     -  546s
H    0     0                    6797.7642155 3374.11417  50.4%     -  547s
H    0     0                    6584.2634280 3542.51814  46.2%     -  548s
     0     0 3542.51814    0  620 6584.26343 3542.51814  46.2%     -  549s
H    0     0                    6524.0419974 3547.00387  45.6%     -  550s
     0     0 3551.16327    0  658 6524.04200 3551.16327  45.6%     -  550s
     0     0 3665.76330    0  678 6524.04200 3665.76330  43.8%     -  553s
H    0     0                    6502.8301428 3665.88019  43.6%     -  554s
     0     0 3666.24119    0  682 6502.83014 3666.24119  43.6%     -  554s
     0     0 3872.78903    0  664 6502.83014 3872.78903  40.4%     -  557s
H    0     0                    6221.9001804 3872.93459  37.8%     -  558s
     0     0 3875.46302    0  647 6221.90018 3875.46302  37.7%     -  559s
     0     0 3961.76513    0  672 6221.90018 3961.76513  36.3%     -  560s
H    0     0                    6070.6357441 3962.50220  34.7%     -  560s
     0     0 3962.50220    0  678 6070.63574 3962.50220  34.7%     -  560s
     0     0 3965.79273    0  654 6070.63574 3965.79273  34.7%     -  561s
     0     0 3984.60003    0  685 6070.63574 3984.60003  34.4%     -  563s
H    0     0                    5888.1296147 3984.79150  32.3%     -  563s
     0     0 3984.79150    0  701 5888.12961 3984.79150  32.3%     -  563s
     0     0 3991.22574    0  655 5888.12961 3991.22574  32.2%     -  564s
     0     0 4002.43364    0  612 5888.12961 4002.43364  32.0%     -  565s
     0     0 4013.22936    0  617 5888.12961 4013.22936  31.8%     -  566s
     0     0 4018.25913    0  630 5888.12961 4018.25913  31.8%     -  567s
     0     0 4018.30377    0  662 5888.12961 4018.30377  31.8%     -  567s
     0     0 4039.37431    0  634 5888.12961 4039.37431  31.4%     -  568s
H    0     0                    5881.1458907 4039.57383  31.3%     -  568s
     0     0 4039.57383    0  636 5881.14589 4039.57383  31.3%     -  568s
     0     0 4059.54564    0  606 5881.14589 4059.54564  31.0%     -  569s
     0     0 4059.76477    0  605 5881.14589 4059.76477  31.0%     -  570s
     0     0 4071.51214    0  635 5881.14589 4071.51214  30.8%     -  571s
H    0     0                    5730.2179406 4071.53878  28.9%     -  571s
     0     0 4087.05802    0  633 5730.21794 4087.05802  28.7%     -  572s
     0     0 4089.54713    0  625 5730.21794 4089.54713  28.6%     -  573s
     0     0 4089.54713    0  627 5730.21794 4089.54713  28.6%     -  573s
     0     0 4094.27920    0  649 5730.21794 4094.27920  28.5%     -  573s
     0     0 4108.93203    0  594 5730.21794 4108.93203  28.3%     -  575s
     0     0 4109.58914    0  611 5730.21794 4109.58914  28.3%     -  577s
     0     0 4114.28709    0  614 5730.21794 4114.28709  28.2%     -  577s
     0     0 4114.28709    0  613 5730.21794 4114.28709  28.2%     -  578s
     0     0 4117.30971    0  627 5730.21794 4117.30971  28.1%     -  578s
     0     0 4117.60906    0  629 5730.21794 4117.60906  28.1%     -  578s
     0     0 4117.74709    0  601 5730.21794 4117.74709  28.1%     -  580s
H    0     2                    5561.8189520 4126.05401  25.8%     -  584s
     0     2 4126.05401    0  599 5561.81895 4126.05401  25.8%     -  584s
     1     4 4126.05401    1  595 5561.81895 4126.05401  25.8%  7576  585s
H   26    40                    5404.5056702 4168.37585  22.9%  1477  593s
H   42    55                    5156.4099275 4175.43914  19.0%  1311  620s
H   43    55                    5084.6025263 4175.43914  17.9%  1300  620s
H   46    55                    5039.9837340 4175.43914  17.2%  1241  620s
    90    90 4215.93262    8  575 5039.98373 4175.43914  17.2%  1069  625s
   168   174 4241.99418   12  565 5039.98373 4175.43914  17.2%  1005  630s
   233   243 4279.65135   14  660 5039.98373 4175.43914  17.2%   937  635s
   260   268 4371.22362   15  562 5039.98373 4175.43914  17.2%   922  643s
   315   330 4416.12379   19  530 5039.98373 4175.43914  17.2%   913  645s
   470   482 4443.12930   27  461 5039.98373 4175.43914  17.2%   777  650s
   601   631 4448.32043   34  377 5039.98373 4175.43914  17.2%   709  655s
   761   798 4470.72891   40  431 5039.98373 4175.43914  17.2%   661  661s
   893   949 4478.92757   45  405 5039.98373 4175.43914  17.2%   632  665s
  1071  1105 4494.01814   63  417 5039.98373 4175.43914  17.2%   584  671s
  1223  1236 4514.29007   72  349 5039.98373 4175.43914  17.2%   564  675s
  1401  1431 4545.10950   85  371 5039.98373 4175.43914  17.2%   543  680s
  1613  1706 4532.13977   93  379 5039.98373 4175.43914  17.2%   518  686s
  1901  1840 4782.69252  105  372 5039.98373 4175.43914  17.2%   485  693s
H 1964  1856                    5018.1596415 4175.43914  16.8%   495  780s
  2109  2096 4675.17284  119  384 5018.15964 4175.43914  16.8%   492  787s
  2247  2248 4719.66195  126  378 5018.15964 4175.43914  16.8%   484  790s
  2577  2478 4961.94382  141  326 5018.15964 4175.60451  16.8%   464  798s
  2704  2606 4262.85594    6  707 5018.15964 4175.60451  16.8%   465  802s
  2861  2680 4273.90209    8  728 5018.15964 4175.60451  16.8%   459  805s
  2974  2773 4549.72953   12  566 5018.15964 4175.60451  16.8%   461  810s
  3092  2774 4663.21341   53  601 5018.15964 4175.60451  16.8%   461  825s
  3094  2775 4595.62293   25  645 5018.15964 4175.60451  16.8%   461  832s
  3095  2776 4711.23616   91  414 5018.15964 4175.60451  16.8%   461  839s
  3096  2777 4518.24721   12  538 5018.15964 4251.24746  15.3%   461  841s
  3100  2779 4524.26224   20  442 5018.15964 4485.22696  10.6%   460  850s
  3104  2782 4801.62311  137  430 5018.15964 4710.39524  6.13%   460  859s
  3105  2783 4782.43982   10  446 5018.15964 4782.43982  4.70%   459  861s
  3107  2784 4914.14834   98  356 5018.15964 4914.14834  2.07%   459  869s
  3109  2785 4914.14834   37  439 5018.15964 4914.14834  2.07%   459  870s

Explored 3119 nodes (1623675 simplex iterations) in 874.58 seconds (1243.61 work units)
Thread count was 16 (of 18 available processors)

Solution count 10: 5018.16 5039.98 5084.6 ... 6070.64

Optimal solution found (tolerance 1.00e-04)
Best objective 5.018159641533e+03, best bound 5.018159641533e+03, gap 0.0000%
---------------------------------------------------------------------------

Multi-objectives: optimize objective 4 () ...
---------------------------------------------------------------------------


Loaded user MIP start with objective 1135.5

Presolve removed 0 rows and 68022 columns
Presolve time: 0.66s
Presolved: 2268 rows, 62567 columns, 584039 nonzeros
Variable types: 0 continuous, 62567 integer (62565 binary)
Deterministic concurrent LP optimizer: primal simplex, dual simplex, and barrier
Showing barrier log only...

Root barrier log...

Ordering time: 0.03s

Barrier statistics:
 AA' NZ     : 2.271e+05
 Factor NZ  : 6.270e+05 (roughly 30 MB of memory)
 Factor Ops : 2.419e+08 (less than 1 second per iteration)
 Threads    : 14

                  Objective                Residual
Iter       Primal          Dual         Primal    Dual     Compl     Time
   0   1.35487973e+08 -4.53323407e+07  2.44e+06 1.42e-14  1.54e+04   876s
   1   6.29647631e+07 -4.26759915e+07  1.14e+06 4.60e+01  7.32e+03   876s
   2   2.71115547e+07 -3.74225367e+07  4.89e+05 2.04e+01  3.26e+03   876s
   3   1.81597640e+07 -2.80878762e+07  3.28e+05 8.35e+00  2.17e+03   876s
   4   1.62361419e+06 -1.17386842e+07  2.95e+04 1.54e-12  2.53e+02   876s
   5   6.55514256e+05 -8.92579415e+06  1.20e+04 5.54e-13  1.33e+02   876s
   6   3.61736907e+05 -7.81348593e+06  6.69e+03 8.17e-13  9.56e+01   876s
   7   2.29047807e+05 -4.44121571e+06  4.23e+03 9.09e-13  5.45e+01   876s
   8   1.17700376e+05 -3.30968611e+06  2.19e+03 2.02e-11  3.57e+01   876s
   9   7.58257009e+04 -1.52801555e+06  1.40e+03 1.61e-11  1.77e+01   876s
  10   4.64302937e+04 -9.97470218e+05  8.47e+02 8.41e-12  1.12e+01   876s
  11   3.75910468e+04 -6.56397802e+05  6.79e+02 2.77e-11  7.77e+00   876s
  12   2.04969377e+04 -4.69649213e+05  3.56e+02 1.77e-11  5.06e+00   876s
  13   1.24691327e+04 -3.05717255e+05  2.06e+02 3.77e-11  3.19e+00   876s
  14   1.06047805e+04 -2.23241052e+05  1.71e+02 4.00e-11  2.41e+00   876s
  15   7.89507591e+03 -1.52481201e+05  1.22e+02 1.36e-11  1.66e+00   876s
  16   5.32618647e+03 -1.15582093e+05  7.64e+01 1.90e-11  1.20e+00   876s
  17   4.03958434e+03 -7.61335198e+04  5.47e+01 1.03e-11  8.03e-01   876s
  18   2.62474398e+03 -4.73202830e+04  3.14e+01 1.30e-11  4.87e-01   876s
  19   1.88472395e+03 -3.06963674e+04  1.99e+01 6.82e-12  3.13e-01   876s
  20   1.35852451e+03 -2.05589183e+04  1.23e+01 5.00e-12  2.05e-01   876s
  21   1.22187635e+03 -1.75664108e+04  1.05e+01 4.43e-12  1.75e-01   876s
  22   8.20575572e+02 -1.47333920e+04  5.24e+00 3.64e-12  1.36e-01   876s
  23   4.99962134e+02 -7.24266832e+03  1.38e+00 1.53e-12  6.39e-02   876s
  24   3.99165502e+02 -4.45891903e+03  5.21e-01 1.08e-12  3.93e-02   876s
  25   3.55841871e+02 -3.36223146e+03  3.44e-01 7.67e-13  2.99e-02   876s
  26   3.38946049e+02 -2.49913587e+03  2.97e-01 5.40e-13  2.28e-02   876s
  27   3.09928235e+02 -1.92958319e+03  2.14e-01 5.40e-13  1.80e-02   876s
  28   2.91847215e+02 -1.70464439e+03  1.82e-01 3.98e-13  1.60e-02   876s
  29   2.53166880e+02 -1.18761582e+03  1.14e-01 2.84e-13  1.15e-02   876s
  30   2.38720700e+02 -9.85016831e+02  8.20e-02 1.99e-13  9.78e-03   876s
  31   2.30460902e+02 -6.00317272e+02  6.84e-02 1.85e-13  6.65e-03   877s
  32   2.17772806e+02 -4.29507389e+02  5.16e-02 1.28e-13  5.18e-03   877s
  33   2.05489452e+02 -2.10674795e+02  3.58e-02 9.95e-14  3.33e-03   877s
  34   1.94377704e+02 -1.28931694e+02  2.20e-02 1.16e-13  2.58e-03   877s
  35   1.86968125e+02  4.39354227e+00  1.43e-02 8.53e-14  1.46e-03   877s
  36   1.78294199e+02  4.02349274e+01  6.05e-03 6.34e-14  1.10e-03   877s
  37   1.74302479e+02  9.13384152e+01  2.10e-03 7.74e-14  6.64e-04   877s
  38   1.70913533e+02  1.21121806e+02  1.72e-04 6.77e-14  3.99e-04   877s
  39   1.68093850e+02  1.29396321e+02  8.92e-05 7.83e-14  3.09e-04   877s
  40   1.68024310e+02  1.31543924e+02  8.70e-05 7.71e-14  2.91e-04   877s
  41   1.67585750e+02  1.39662622e+02  7.60e-05 7.79e-14  2.23e-04   877s
  42   1.66915391e+02  1.42760525e+02  6.10e-05 8.10e-14  1.93e-04   877s
  43   1.66880131e+02  1.45873042e+02  5.96e-05 8.13e-14  1.68e-04   877s
  44   1.65271292e+02  1.59855231e+02  1.09e-05 1.17e-13  4.32e-05   877s
  45   1.64824764e+02  1.64214373e+02  2.31e-06 8.93e-14  4.89e-06   877s
  46   1.64642596e+02  1.64632299e+02  7.41e-08 8.85e-14  8.31e-08   877s
  47   1.64636230e+02  1.64636229e+02  3.05e-12 8.96e-14  1.95e-12   877s

Barrier solved model in 47 iterations and 876.77 seconds (1246.39 work units)
Optimal objective 1.64636230e+02


Root crossover log...

     928 DPushes remaining with DInf 0.0000000e+00               877s
       0 DPushes remaining with DInf 0.0000000e+00               877s

     240 PPushes remaining with PInf 0.0000000e+00               877s
       0 PPushes remaining with PInf 0.0000000e+00               877s

  Push phase complete: Pinf 0.0000000e+00, Dinf 1.0693668e-12    877s


Root simplex log...

Iteration    Objective       Primal Inf.    Dual Inf.      Time
    1135    1.6463623e+02   0.000000e+00   0.000000e+00    877s

Solved with barrier
    1135    1.6463623e+02   0.000000e+00   0.000000e+00    878s

Root relaxation: objective 1.646362e+02, 1135 iterations, 1.92 seconds (1.95 work units)
Total elapsed time = 880.69s (DegenMoves)
Total elapsed time = 886.14s (DegenMoves)

    Nodes    |    Current Node    |     Objective Bounds      |     Work
 Expl Unexpl |  Obj  Depth IntInf | Incumbent    BestBd   Gap | It/Node Time

     0     0  164.63623    0  544 1135.49544  164.63623  85.5%     -  890s
H    0     0                     826.3591425  164.63623  80.1%     -  891s
H    0     0                     744.4596250  164.63623  77.9%     -  891s
     0     0  164.63623    0  892  744.45962  164.63623  77.9%     -  895s
     0     0  164.63623    0  459  744.45962  164.63623  77.9%     -  920s
H    0     0                     642.7096426  164.63623  74.4%     -  921s
     0     0  164.63623    0  482  642.70964  164.63623  74.4%     -  923s
     0     0  164.63623    0  584  642.70964  164.63623  74.4%     -  939s
     0     0  164.63623    0  785  642.70964  164.63623  74.4%     -  943s
     0     0  164.63623    0  592  642.70964  164.63623  74.4%     -  949s
     0     0  164.63623    0  740  642.70964  164.63623  74.4%     -  953s
     0     0  164.63623    0  588  642.70964  164.63623  74.4%     -  960s
     0     0  164.63623    0  842  642.70964  164.63623  74.4%     -  963s
     0     0  164.76540    0  595  642.70964  164.76540  74.4%     -  972s
     0     0  164.76540    0  703  642.70964  164.76540  74.4%     -  975s
     0     0  165.23162    0  612  642.70964  165.23162  74.3%     -  985s
     0     0  165.23162    0  612  642.70964  165.23162  74.3%     -  988s
     0     2  165.23162    0  608  642.70964  165.23162  74.3%     - 1010s
     1     4  165.23162    1  862  642.70964  165.23162  74.3% 25094 1015s
     7    16  165.23162    3  724  642.70964  165.23162  74.3%  7909 1026s
    15    32  166.39640    4  939  642.70964  165.23162  74.3%  7808 1042s
    31    46  167.88405    5  997  642.70964  166.39731  74.1%  9909 1055s
    47    62  175.18170    5 1090  642.70964  167.87359  73.9% 13572 1067s
    63    76  168.14328    6  918  642.70964  167.87359  73.9% 18874 1077s
    79    92  171.08581    7 1085  642.70964  167.87359  73.9% 16228 1330s
H   84    92                     642.7096126  167.87359  73.9% 15470 1330s
    95   116  171.30166    8  918  642.70961  167.92180  73.9% 14300 1344s
   121   136  175.08842    9  897  642.70961  167.92180  73.9% 14483 1349s
   147   160  177.63528   10 1004  642.70961  167.92180  73.9% 12355 1354s
   175   186  198.89460   10  966  642.70961  167.92180  73.9% 10703 1359s
   205   219  183.53574   11  940  642.70961  167.92180  73.9%  9459 1369s
   240   261  186.24581   12  709  642.70961  167.92180  73.9%  8403 1373s
   282   285  198.29378   13  644  642.70961  167.92180  73.9%  7393 1376s
   362   395  205.68648   18  643  642.70961  167.92180  73.9%  6027 1382s
   425   461  215.78642   23  498  642.70961  167.92180  73.9%  5288 1386s
   492   503  218.59101   24  506  642.70961  167.92180  73.9%  4687 1521s
   534   519  220.85177   25  518  642.70961  167.92180  73.9%  4400 1927s
H  536   519                     642.7095651  167.92180  73.9%  4384 1927s
   550   607  221.76910   26  533  642.70957  167.92180  73.9%  4292 1931s
   640   707  244.11110   29  552  642.70957  167.92180  73.9%  3806 1935s
   881   933  275.75707   42  534  642.70957  167.92180  73.9%  2936 1946s
  1012  1020  278.16302   52  607  642.70957  167.92180  73.9%  2628 1957s
  1106  1113  335.58055   54  614  642.70957  167.92180  73.9%  2497 1961s
  1210  1232  340.21157   58  607  642.70957  167.92180  73.9%  2348 1966s
  1346  1376  361.43211   74  602  642.70957  167.92180  73.9%  2178 1970s
  1511  1499  376.45040   86  642  642.70957  167.92180  73.9%  1999 1982s
  1681  1604  432.49199   98  617  642.70957  167.92180  73.9%  1863 1990s
  1800  1757  455.28194  105  639  642.70957  167.92180  73.9%  1807 2000s
  1965  1909  519.42863  121  631  642.70957  167.92180  73.9%  1710 2010s
  2164  2037     cutoff  140       642.70957  168.38244  73.8%  1601 2031s
  2320  2038  501.57093  100  612  642.70957  168.38244  73.8%  1558 2051s
  2322  2039  384.63553   55  458  642.70957  168.38244  73.8%  1557 2067s
  2323  2040  407.00313   58  804  642.70957  168.38244  73.8%  1556 2077s
  2324  2041  410.46082   42  859  642.70957  168.38244  73.8%  1556 2084s
  2325  2041  237.24476   33  634  642.70957  168.38244  73.8%  1555 2096s
  2326  2042  418.75374   84  723  642.70957  168.38244  73.8%  1554 2101s
  2327  2043  218.51400   18  677  642.70957  168.38244  73.8%  1554 2110s
  2328  2043  175.08872   10  640  642.70957  168.38244  73.8%  1553 2115s
  2329  2044  381.04897   43  640  642.70957  168.38244  73.8%  1552 2124s
  2330  2048  168.38244   14  926  642.70957  168.38244  73.8%  1647 2140s
  2332  2051  168.38244   15  865  642.70957  168.38244  73.8%  1651 2146s
  2336  2058  168.38244   16  809  642.70957  168.38244  73.8%  1659 2150s
  2344  2071  168.38244   17  908  642.70957  168.38244  73.8%  1667 2159s
  2360  2082  168.38244   18  848  642.70957  168.38244  73.8%  1694 2187s
  2376  2092  182.43683   18  985  642.70957  168.38244  73.8%  1869 2194s
  2392  2103  169.46194   19  894  642.70957  168.38244  73.8%  1881 2197s
  2408  2112  182.22493   19  760  642.70957  168.38244  73.8%  1881 2309s
H 2419  2005                     642.7094949  168.38244  73.8%  1896 2309s
  2424  2022  177.61997   20  885  642.70949  168.38244  73.8%  1917 2327s
  2447  2036  173.31764   20  799  642.70949  168.38244  73.8%  2087 2333s
  2468  2054  175.96657   21  761  642.70949  168.38244  73.8%  2097 2337s
  2493  2080  193.20773   21  868  642.70949  168.38244  73.8%  2100 2342s
  2528  2094  194.56938   22  748  642.70949  168.38244  73.8%  2095 2351s
  2555  2115  196.66516   23  749  642.70949  168.38244  73.8%  2101 2355s
  2585  2146  203.39712   24  780  642.70949  168.38244  73.8%  2103 2360s
  2662  2172  233.99863   28  649  642.70949  168.38244  73.8%  2091 2447s
H 2663  2075                     642.7094437  168.38244  73.8%  2090 2447s
H 2669  1981                     642.7094404  168.38244  73.8%  2089 2447s
  2678  2024  290.60754   28  663  642.70944  168.38244  73.8%  2088 2451s
  2724  2063  246.81022   30  603  642.70944  168.38244  73.8%  2079 2456s
  2779  2101  280.88554   32  610  642.70944  168.38244  73.8%  2063 2461s
  2837  2137  284.31942   34  622  642.70944  168.38244  73.8%  2048 2466s
  2894  2185  285.58227   35  622  642.70944  168.38244  73.8%  2035 2471s
  2961  2240  392.41167   36  649  642.70944  168.38244  73.8%  2017 2477s
  3039  2260  300.55751   39  641  642.70944  168.38244  73.8%  1995 2481s
  3088  2316  315.85875   40  678  642.70944  168.38244  73.8%  1987 2488s
  3164  2359  428.72587   44  586  642.70944  168.38244  73.8%  1970 2495s
  3338  2429  469.14225   54  553  642.70944  168.38244  73.8%  1932 2509s
  3431  2480  496.80172   60  565  642.70944  168.38244  73.8%  1913 2516s
  3526  2518  590.11598   67  562  642.70944  168.38244  73.8%  1890 2616s
  3624  2591     cutoff   74       642.70944  169.45290  73.6%  1862 2655s
  3766  2663  180.48158   19  630  642.70944  169.45290  73.6%  1830 2662s
  3923  2718  194.82950   23  663  642.70944  169.45290  73.6%  1785 2716s
  4062  2756  235.29483   26  623  642.70944  169.45290  73.6%  1749 2725s
  4183  2824  241.16842   29  647  642.70944  169.45290  73.6%  1727 2732s
  4312  2886  324.81292   33  658  642.70944  169.45290  73.6%  1707 2741s
  4470  2951  336.77702   38  569  642.70944  169.45290  73.6%  1678 2754s
  4622  3039  417.10882   46  540  642.70944  169.45290  73.6%  1660 2768s
  4803  3080  453.04769   49  481  642.70944  169.45290  73.6%  1631 2797s
  4953  3191  469.64994   58  512  642.70944  169.45290  73.6%  1615 2806s
  5164  3220  562.68317   75  350  642.70944  175.96946  72.6%  1581 2839s
  5327  3247  188.22256   22  624  642.70944  175.96946  72.6%  1571 2858s
  5466  3359  271.09043   24  580  642.70944  175.96946  72.6%  1564 2871s
  5696  3423  307.63068   27  592  642.70944  175.96946  72.6%  1532 2885s
  5899  3447  349.72499   32  638  642.70944  175.96946  72.6%  1511 2940s
  6007  3493  381.89401   38  457  642.70944  175.96946  72.6%  1510 2953s
  6113  3673  394.73311   43  604  642.70944  175.96946  72.6%  1501 2963s
  6373  3781  465.26715   53  467  642.70944  176.28901  72.6%  1470 2992s
  6640  3881  194.58676   23  779  642.70944  177.89709  72.3%  1444 3004s
  6852  4007  203.90288   26  820  642.70944  177.89709  72.3%  1428 3030s
  7066  4154  237.98563   29  744  642.70944  177.89709  72.3%  1414 3045s
  7331  4227  234.29391   34  754  642.70944  177.89709  72.3%  1393 3089s
  7536  4345  241.29905   38  762  642.70944  177.89709  72.3%  1391 3114s
  7781  4525  265.02474   36  804  642.70944  177.89709  72.3%  1384 3132s
  8035  4807  260.31649   43  862  642.70944  177.89709  72.3%  1372 3146s
  8366  5031  280.53111   43  701  642.70944  177.89709  72.3%  1352 3160s
  8702  5320  303.40604   53  738  642.70944  177.89709  72.3%  1332 3190s
  8996  5805  314.42231   57  732  642.70944  177.89709  72.3%  1318 3212s
  9565  6038  393.40247   89  739  642.70944  177.89709  72.3%  1278 3232s
  9911  6313  589.94347  119  683  642.70944  179.44059  72.1%  1266 3252s
 10235  6651  213.47188   24  928  642.70944  180.35729  71.9%  1259 3279s
 10678  7071  233.04758   25  663  642.70944  184.50017  71.3%  1242 3295s
 11187  7486  216.85215   26  780  642.70944  184.50017  71.3%  1221 3313s
 11761  8011  252.75925   27  610  642.70944  190.40658  70.4%  1200 3350s
 12413  8012  482.52663   51  612  642.70944  190.42168  70.4%  1181 3371s
 12415  8013  297.12753   34  490  642.70944  190.42168  70.4%  1181 3381s
 12417  8015  494.39135   69  839  642.70944  190.42168  70.4%  1181 3385s
 12419  8016  342.37537   62  829  642.70944  190.42168  70.4%  1181 3390s
 12426  8024  190.42168   29  871  642.70944  190.42168  70.4%  1185 3396s
 12440  8047  190.42168   32  797  642.70944  190.42168  70.4%  1186 3401s
 12472  8068  204.63895   33  830  642.70944  190.42168  70.4%  1188 3405s
 12504  8090  227.74903   34  821  642.70944  190.42168  70.4%  1189 3421s
 12553  8122  194.20883   36  849  642.70944  191.39751  70.2%  1192 3436s
 12586  8147  195.12612   37  846  642.70944  194.21152  69.8%  1194 3440s
 12652  8186  215.10754   38  836  642.70944  194.40310  69.8%  1195 3445s
 12729  8243  204.47432   40  801  642.70944  194.40310  69.8%  1196 3452s
 12782  8278  209.31151   41  823  642.70944  194.40310  69.8%  1198 3455s
 12873  8340  233.93390   43  797  642.70944  194.40310  69.8%  1200 3463s
 12909  8360  290.61097   44  755  642.70944  194.40310  69.8%  1201 3465s
 13029  8438  305.90920   47  798  642.70944  194.40310  69.8%  1202 3471s
 13119  8502  313.29316   49  779  642.70944  194.40310  69.8%  1204 3475s
 13235  8543  352.81450   51  780  642.70944  194.40310  69.8%  1202 3480s
 13448  8615  427.80160   54  712  642.70944  194.40310  69.8%  1198 3487s
 13604  8660  424.04193   58  684  642.70944  194.40310  69.8%  1195 3492s
 13686  8671  445.13324   60  715  642.70944  194.40310  69.8%  1194 3495s
 13878  8681     cutoff   64       642.70944  194.40310  69.8%  1189 3502s
 13962  8668     cutoff   68       642.70944  194.40310  69.8%  1189 3528s
 13999  8708  588.01763   70  649  642.70944  198.54225  69.1%  1189 3531s
 14128  8779  215.35092   41  660  642.70944  198.59007  69.1%  1189 3538s
 14209  8826  257.21682   43  598  642.70944  198.59007  69.1%  1187 3541s
 14295  8859  279.95451   49  567  642.70944  198.59007  69.1%  1186 3546s
 14396  8902  524.47196   52  423  642.70944  198.59007  69.1%  1185 3553s
 14513  8933  332.92537   57  461  642.70944  198.59007  69.1%  1182 3556s
 14630  8963     cutoff   59       642.70944  199.64269  68.9%  1179 3560s
 14739  8999  248.87637   38  653  642.70944  201.01878  68.7%  1176 3566s
 14853  9056     cutoff   45       642.70944  206.21829  67.9%  1174 3571s
 14979  9105  255.86263   37  725  642.70944  206.21829  67.9%  1171 3575s
 15130  9153  287.41811   44  781  642.70944  206.21829  67.9%  1166 3580s
 15254  9127  323.41106   50  730  642.70944  206.21829  67.9%  1163 3597s
 15270  9150  327.07398   51  605  642.70944  206.21829  67.9%  1163 3705s
 15303  9232  329.22621   52  629  642.70944  206.21829  67.9%  1162 3710s
 15447  9287  349.16363   60  648  642.70944  206.21829  67.9%  1159 3715s
 15601  9323  397.69841   68  613  642.70944  206.21829  67.9%  1156 3725s
 15743  9382  455.79098   73  528  642.70944  206.21829  67.9%  1156 3736s
 15938  9405  535.37853   87  528  642.70944  209.76283  67.4%  1152 3743s
 16105  9444  262.09436   38  589  642.70944  215.13958  66.5%  1151 3749s
 16232  9504  299.67665   41  583  642.70944  215.13958  66.5%  1152 3755s
 16414  9543  345.42411   47  539  642.70944  215.13958  66.5%  1150 3762s
 16595  9615  382.62346   52  558  642.70944  215.13958  66.5%  1149 3772s
 16796  9682  601.63245   64  416  642.70944  215.16865  66.5%  1147 3783s
 17010  9724  256.26334   43  795  642.70944  215.16865  66.5%  1144 3790s
 17219  9781  347.04209   51  601  642.70944  215.16865  66.5%  1144 3797s
 17430  9828  512.64111   67  586  642.70944  216.92346  66.2%  1144 3804s
 17654  9903  319.16330   43  625  642.70944  216.92346  66.2%  1144 3813s
 17904  9928  406.92174   59  583  642.70944  220.06041  65.8%  1142 3844s
H17960  9507                     642.7094288  220.06041  65.8%  1142 3844s
 18093  9647  303.67004   38  499  642.70943  221.85108  65.5%  1141 3854s
 18380  9754  515.90155   51  415  642.70943  223.80101  65.2%  1137 3866s
 18656  9857  285.47731   59  651  642.70943  224.71065  65.0%  1135 3875s
 18947  9942  286.19512   45  569  642.70943  224.71065  65.0%  1134 3885s
 19283 10019     cutoff   52       642.70943  228.57610  64.4%  1132 3895s
 19629 10156  266.31216   54  649  642.70943  228.57610  64.4%  1129 3907s
 20005 10326  601.70308   88  553  642.70943  229.72100  64.3%  1126 3918s
 20495 10435 infeasible   68       642.70943  231.80147  63.9%  1117 3931s
 20992 10440  282.24383   52  787  642.70943  234.78107  63.5%  1111 3941s
 21312 10583  378.09443   66  707  642.70943  235.42527  63.4%  1109 3951s
 21737 10655  329.65517   46  652  642.70943  238.23151  62.9%  1104 3963s
 22128 10661 infeasible   43       642.70943  239.23763  62.8%  1102 3973s
 22529 10842  256.98639   38  682  642.70943  240.45922  62.6%  1101 3984s
 23019 10921  444.73009   66  543  642.70943  240.46319  62.6%  1095 3997s
 23683 10968  326.70769   38  563  642.70943  242.99796  62.2%  1088 4007s
 24375 11036  334.32040   40  444  642.70943  245.89841  61.7%  1082 4018s
 25142 11048  563.61689   54  461  642.70943  249.46591  61.2%  1074 4029s
 25860 11056  569.05936   51  337  642.70943  251.85502  60.8%  1069 4041s
 26712 10942  592.02012   40  470  642.70943  257.01366  60.0%  1060 4052s
 27477 10857 infeasible   43       642.70943  260.85165  59.4%  1055 4070s
 28253 10791  374.99538   42  374  642.70943  264.84516  58.8%  1050 4081s
 29030 10664     cutoff   43       642.70943  269.12591  58.1%  1046 4091s
 29813 10564  606.24060   57  278  642.70943  273.54562  57.4%  1044 4103s
 30657 10292     cutoff   52       642.70943  278.93298  56.6%  1040 4115s
 31440 10029  452.93271   42  513  642.70943  284.38713  55.8%  1041 4134s
 31929  9958  595.90565   57  419  642.70943  287.27921  55.3%  1043 4147s
 32735  9593  536.03316   52  454  642.70943  294.80048  54.1%  1042 4159s
 33543  9265 infeasible   43       642.70943  301.16147  53.1%  1045 4172s
 34372  8947  441.33798   59  480  642.70943  306.69595  52.3%  1048 4192s
 35094  8704 infeasible   51       642.70943  311.29232  51.6%  1051 4207s
 36117  8571  523.12459   54  304  642.70943  319.86019  50.2%  1051 4222s
 37204  8540  496.76750   55  356  642.70943  326.01174  49.3%  1051 4237s
 38444  8570  416.19238   44  521  642.70943  335.56944  47.8%  1047 4253s
 39905  8615  483.83022   38  413  642.70943  347.58544  45.9%  1039 4270s
 41292  8605  423.92087   43  416  642.70943  356.18936  44.6%  1031 4289s
 42513  8636  502.42624   43  448  642.70943  360.70602  43.9%  1025 4307s
 44085  8651 infeasible   48       642.70943  370.26630  42.4%  1015 4325s
 45934  8683  418.66896   50  492  642.70943  380.92452  40.7%  1003 4343s
 47950  8652     cutoff   48       642.70943  391.10361  39.1%   990 4362s
 50183  8653  494.96186   57  612  642.70943  400.95393  37.6%   974 4457s
 50185  8654  481.98298   84  571  642.70943  400.95393  37.6%   974 4464s
 50186  8655  439.30035   48  408  642.70943  439.30035  31.6%   974 4469s

Cutting planes:
  Gomory: 8
  Cover: 1
  MIR: 4
  Flow cover: 40
  Inf proof: 1
  Zero half: 66
  RLT: 1

Explored 50186 nodes (49318805 simplex iterations) in 4470.57 seconds (8826.79 work units)
Thread count was 16 (of 18 available processors)

Solution count 6: 642.709 642.71 642.71 ... 1135.5

Optimal solution found (tolerance 1.00e-04)
Best objective 6.427096425544e+02, best bound 6.427094288393e+02, gap 0.0000%
---------------------------------------------------------------------------

Multi-objectives: optimize objective 5 () ...
---------------------------------------------------------------------------


Loaded user MIP start with objective 5

Presolve removed 0 rows and 68022 columns
Presolve time: 0.69s
Presolved: 2269 rows, 62567 columns, 606104 nonzeros
Variable types: 0 continuous, 62567 integer (62565 binary)
Deterministic concurrent LP optimizer: primal simplex, dual simplex, and barrier
Showing barrier log only...

Root barrier log...

Ordering time: 0.03s

Barrier statistics:
 AA' NZ     : 2.282e+05
 Factor NZ  : 6.285e+05 (roughly 30 MB of memory)
 Factor Ops : 2.429e+08 (less than 1 second per iteration)
 Threads    : 14

                  Objective                Residual
Iter       Primal          Dual         Primal    Dual     Compl     Time
   0   7.99246978e+04 -4.98209000e+04  2.59e+06 0.00e+00  1.57e+01  4472s
   1   3.54928712e+04 -4.73810312e+04  1.16e+06 4.18e-02  7.24e+00  4472s
   2   1.75590508e+04 -4.20780058e+04  5.77e+05 1.86e-02  3.67e+00  4472s
   3   9.57627922e+03 -3.47315246e+04  3.23e+05 7.70e-03  2.06e+00  4472s
   4   2.68461587e+03 -1.47192682e+04  8.89e+04 1.18e-14  5.45e-01  4472s
   5   6.29556047e+02 -8.31043951e+03  2.05e+04 5.27e-16  1.56e-01  4472s
   6   2.77107923e+02 -5.69870290e+03  8.96e+03 1.13e-14  8.26e-02  4472s
   7   1.63168241e+02 -4.96766610e+03  5.26e+03 9.71e-15  6.09e-02  4472s
   8   8.56447755e+01 -3.18519977e+03  2.71e+03 6.22e-15  3.58e-02  4472s
   9   4.79051335e+01 -2.17749986e+03  1.48e+03 1.11e-14  2.28e-02  4472s
  10   3.20404983e+01 -1.41917531e+03  9.64e+02 4.44e-15  1.47e-02  4472s
  11   2.52556424e+01 -9.17020937e+02  7.77e+02 9.77e-15  9.98e-03  4472s
  12   1.47261218e+01 -6.81191886e+02  4.28e+02 8.88e-15  6.88e-03  4472s
  13   1.13847710e+01 -5.13686161e+02  3.23e+02 4.80e-14  5.17e-03  4472s
  14   8.30929186e+00 -3.39945080e+02  2.18e+02 2.66e-15  3.44e-03  4472s
  15   6.48724460e+00 -2.24311112e+02  1.61e+02 4.44e-15  2.33e-03  4472s
  16   5.19873831e+00 -1.62706526e+02  1.11e+02 2.66e-14  1.67e-03  4472s
  17   4.06940102e+00 -1.14902487e+02  6.95e+01 9.33e-15  1.16e-03  4472s
  18   3.84411111e+00 -7.73570409e+01  5.78e+01 7.99e-15  8.19e-04  4472s
  19   3.61376081e+00 -6.36092846e+01  4.55e+01 6.22e-15  6.71e-04  4472s
  20   3.36296418e+00 -4.84277857e+01  3.19e+01 4.88e-15  5.07e-04  4473s
  21   3.18326097e+00 -3.79666322e+01  2.04e+01 5.77e-15  3.89e-04  4473s
  22   3.25029999e+00 -2.79744841e+01  1.58e+01 7.99e-15  2.97e-04  4473s
  23   3.37549336e+00 -2.18298834e+01  8.95e+00 4.44e-15  2.28e-04  4473s
  24   3.56794552e+00 -1.08817730e+01  4.63e+00 4.22e-15  1.29e-04  4473s
  25   3.63316711e+00 -7.56291429e+00  3.66e+00 3.55e-15  1.00e-04  4473s
  26   3.79096942e+00 -4.22577514e+00  2.00e+00 1.33e-15  6.96e-05  4473s
  27   3.90490018e+00  1.07520326e-01  9.73e-01 7.82e-16  3.28e-05  4473s
  28   4.00693585e+00  3.33026087e+00  8.05e-02 1.55e-15  5.58e-06  4473s
  29   4.00009737e+00  3.99767255e+00  6.47e-06 1.11e-15  1.99e-08  4473s
  30   4.00000000e+00  4.00000000e+00  6.70e-12 6.82e-16  2.14e-14  4473s

Barrier solved model in 30 iterations and 4472.68 seconds (8829.33 work units)
Optimal objective 4.00000000e+00


Root crossover log...

     942 DPushes remaining with DInf 0.0000000e+00              4474s
       0 DPushes remaining with DInf 0.0000000e+00              4474s

     363 PPushes remaining with PInf 0.0000000e+00              4474s
       0 PPushes remaining with PInf 0.0000000e+00              4474s

  Push phase complete: Pinf 0.0000000e+00, Dinf 5.7315264e-14   4474s


Root simplex log...

Iteration    Objective       Primal Inf.    Dual Inf.      Time
     762    4.0000000e+00   0.000000e+00   0.000000e+00   4474s

Solved with barrier
     762    4.0000000e+00   0.000000e+00   0.000000e+00   4474s

Root relaxation: objective 4.000000e+00, 762 iterations, 1.91 seconds (1.89 work units)
Total elapsed time = 4478.60s (DegenMoves)
Total elapsed time = 4485.15s (DegenMoves)
Total elapsed time = 4491.70s (DegenMoves)

    Nodes    |    Current Node    |     Objective Bounds      |     Work
 Expl Unexpl |  Obj  Depth IntInf | Incumbent    BestBd   Gap | It/Node Time

     0     0    4.00000    0  491    5.00000    4.00000  20.0%     - 4495s
     0     0    4.00000    0 1078    5.00000    4.00000  20.0%     - 4501s
     0     0    4.00000    0  997    5.00000    4.00000  20.0%     - 4504s
     0     0    4.00000    0  520    5.00000    4.00000  20.0%     - 4529s
     0     0    4.00000    0  509    5.00000    4.00000  20.0%     - 4530s
     0     0    4.00000    0  355    5.00000    4.00000  20.0%     - 4555s
     0     0    4.00000    0  626    5.00000    4.00000  20.0%     - 4557s
     0     0    4.00000    0  699    5.00000    4.00000  20.0%     - 4559s
     0     0    4.00000    0  381    5.00000    4.00000  20.0%     - 4567s
     0     0    4.00000    0  836    5.00000    4.00000  20.0%     - 4569s
     0     0    4.00000    0  851    5.00000    4.00000  20.0%     - 4570s
     0     0    4.00000    0  546    5.00000    4.00000  20.0%     - 4577s
     0     0    4.00000    0  698    5.00000    4.00000  20.0%     - 4577s
     0     0    4.00000    0  632    5.00000    4.00000  20.0%     - 4582s
     0     0    4.00000    0  727    5.00000    4.00000  20.0%     - 4583s
     0     0    4.00000    0  675    5.00000    4.00000  20.0%     - 4587s
     0     0    4.00000    0  724    5.00000    4.00000  20.0%     - 4587s
     0     0    4.00000    0  690    5.00000    4.00000  20.0%     - 4591s
     0     0    4.00000    0  690    5.00000    4.00000  20.0%     - 4593s
     0     2    4.00000    0  508    5.00000    4.00000  20.0%     - 4609s
     3     8    4.00000    2  718    5.00000    4.00000  20.0%  6705 4610s
    31    48    4.00000    5  670    5.00000    4.00000  20.0%  3311 4616s
    79    96    4.00000    7  607    5.00000    4.00000  20.0%  2064 4626s
   116   133    4.00000    9  642    5.00000    4.00000  20.0%  1804 4630s
   219   378    4.00000   12  512    5.00000    4.00000  20.0%  1722 4640s
   377   605    4.00000   15  586    5.00000    4.00000  20.0%  1971 4690s
   624   830    4.00000   28  582    5.00000    4.00000  20.0%  2107 4724s
  1005  1561 infeasible   41         5.00000    4.00000  20.0%  2576 4760s
  2434  1891    4.00000   37  486    5.00000    4.00000  20.0%  1769 4798s
  3168  1892    4.00000   24  699    5.00000    4.00000  20.0%  1974 4802s
  3170  1893    4.00000   26  447    5.00000    4.00000  20.0%  1973 4811s
  3173  1895    4.00000   21  263    5.00000    4.00000  20.0%  1971 4826s
  3175  1897    4.00000   22  381    5.00000    4.00000  20.0%  1970 4837s
  3177  1898    4.00000   28  593    5.00000    4.00000  20.0%  1968 4844s
  3179  1899    4.00000   29  510    5.00000    4.00000  20.0%  1967 4851s
  3181  1901    4.00000   36  511    5.00000    4.00000  20.0%  1966 4855s
  3183  1902    4.00000   20  534    5.00000    4.00000  20.0%  1965 4861s
  3185  1903    4.00000   28  471    5.00000    4.00000  20.0%  1963 4866s
  3187  1905    4.00000   31  471    5.00000    4.00000  20.0%  1962 4904s
  3188  1908    4.00000   10  505    5.00000    4.00000  20.0%  2136 4909s
  3190  1912    4.00000   11  604    5.00000    4.00000  20.0%  2136 4910s
  3218  1942    4.00000   14  703    5.00000    4.00000  20.0%  2133 4917s
  3234  1953    4.00000   14  583    5.00000    4.00000  20.0%  2129 4920s
  3266  1974    4.00000   15  712    5.00000    4.00000  20.0%  2131 4948s
  3282  1994    4.00000   16  679    5.00000    4.00000  20.0%  2137 4951s
  3323  2021    4.00000   17  658    5.00000    4.00000  20.0%  2134 4956s
  3348  2052    4.00000   18  677    5.00000    4.00000  20.0%  2130 4967s
  3387  2214    4.00000   19  579    5.00000    4.00000  20.0%  2120 4975s
  3568  2341    4.00000   26  615    5.00000    4.00000  20.0%  2145 4985s
  3841  2447    4.00000   35  547    5.00000    4.00000  20.0%  2096 5070s
  4148  2451 infeasible   41         5.00000    4.00000  20.0%  2214 5116s
  4521  2864    4.00000   24  327    5.00000    4.00000  20.0%  2208 5156s
  5533  3083    4.00000   31  536    5.00000    4.00000  20.0%  2061 5194s
  6917  2626 infeasible   36         5.00000    4.00000  20.0%  1916 5556s
  6992  2876    4.00000   26  292    5.00000    4.00000  20.0%  1924 5595s
  7659  2960    4.00000   28  658    5.00000    4.00000  20.0%  1916 5637s
  8388  3098    4.00000   24  651    5.00000    4.00000  20.0%  1907 5682s
  9224  3225    4.00000   29  436    5.00000    4.00000  20.0%  1903 5735s
 10355  3617    4.00000   23  673    5.00000    4.00000  20.0%  1871 5784s
 11488  4393    4.00000   17  424    5.00000    4.00000  20.0%  1829 5832s
 13558  4652 infeasible   40         5.00000    4.00000  20.0%  1726 5877s
 14499  4352 infeasible   23         5.00000    4.00000  20.0%  1726 6170s
 14833  4177 infeasible   22         5.00000    4.00000  20.0%  1749 6223s
 16054  4009    4.00000   19  567    5.00000    4.00000  20.0%  1752 6284s
 17305  3809 infeasible   28         5.00000    4.00000  20.0%  1770 6614s
 17897  3809    4.00000   36  509    5.00000    4.00000  20.0%  1782 6615s
 18413  3669 infeasible   34         5.00000    4.00000  20.0%  1794 6719s
 19427  3655 infeasible   38         5.00000    4.00000  20.0%  1803 6798s
 21181  3656    4.00000   28  699    5.00000    4.00000  20.0%  1801 6811s
 21183  3657    4.00000   34  295    5.00000    4.00000  20.0%  1801 6818s
 21184  3658    4.00000   34  738    5.00000    4.00000  20.0%  1801 6820s
 21186  3659    4.00000   44  396    5.00000    4.00000  20.0%  1801 6830s
 21188  3661    4.00000   41  326    5.00000    4.00000  20.0%  1801 6835s
 21190  3662    4.00000   33  409    5.00000    4.00000  20.0%  1800 6840s
 21193  3664    4.00000   43  352    5.00000    4.00000  20.0%  1800 6845s
 21196  3666    4.00000   27  386    5.00000    4.00000  20.0%  1800 6852s
 21198  3667    4.00000   40  381    5.00000    4.00000  20.0%  1800 6856s
 21200  3669    4.00000   43  381    5.00000    4.00000  20.0%  1799 6874s
 21201  3672    4.00000   19  685    5.00000    4.00000  20.0%  1810 6879s
 21203  3676    4.00000   20  683    5.00000    4.00000  20.0%  1810 6880s
 21215  3692    4.00000   22  728    5.00000    4.00000  20.0%  1810 6885s
 21247  3701    4.00000   24  723    5.00000    4.00000  20.0%  1811 6890s
 21279  3714    4.00000   25  711    5.00000    4.00000  20.0%  1812 6945s
 21318  3734    4.00000   26  687    5.00000    4.00000  20.0%  1811 6999s
 21334  3734    4.00000   26  686    5.00000    4.00000  20.0%  1811 7001s
 21379  3749    4.00000   28  720    5.00000    4.00000  20.0%  1812 7008s
 21408  3778    4.00000   29  735    5.00000    4.00000  20.0%  1814 7012s
 21517  3808    4.00000   32  680    5.00000    4.00000  20.0%  1813 7064s
 21661  3907 infeasible   31         5.00000    4.00000  20.0%  1810 7077s
 22098  3733 infeasible   43         5.00000    4.00000  20.0%  1801 7094s
 22587  3542    4.00000   35  696    5.00000    4.00000  20.0%  1797 7119s
 23111  3328 infeasible   28         5.00000    4.00000  20.0%  1790 7134s
 23672  3172 infeasible   34         5.00000    4.00000  20.0%  1780 7148s
 24072  3037 infeasible   36         5.00000    4.00000  20.0%  1778 7207s
 24135  3035    4.00000   36  650    5.00000    4.00000  20.0%  1779 7261s
 24470  2909    4.00000   37  653    5.00000    4.00000  20.0%  1772 7277s
 25108  2674 infeasible   31         5.00000    4.00000  20.0%  1761 7293s
 25706  2471    4.00000   30  650    5.00000    4.00000  20.0%  1752 7309s
 26312  2217 infeasible   26         5.00000    4.00000  20.0%  1741 7326s
 26811  1938 infeasible   43         5.00000    4.00000  20.0%  1735 7340s
 27424  1699    4.00000   35  646    5.00000    4.00000  20.0%  1726 7352s
 27834  1528 infeasible   33         5.00000    4.00000  20.0%  1721 7362s
 28177  1389 infeasible   42         5.00000    4.00000  20.0%  1716 7372s
 28455  1268 infeasible   46         5.00000    4.00000  20.0%  1713 7381s
 28557  1224 infeasible   43         5.00000    4.00000  20.0%  1712 7448s
 28581  1208 infeasible   40         5.00000    4.00000  20.0%  1712 7457s

Cutting planes:
  Cover: 3
  MIR: 15
  Flow cover: 36
  Zero half: 16

Explored 28631 nodes (49326636 simplex iterations) in 7457.63 seconds (15570.03 work units)
Thread count was 16 (of 18 available processors)

Solution count 1: 5 

Optimal solution found (tolerance 1.00e-04)
Best objective 5.000000000000e+00, best bound 5.000000000000e+00, gap 0.0000%
---------------------------------------------------------------------------

Multi-objectives: optimize objective 6 () ...
---------------------------------------------------------------------------


Loaded user MIP start with objective 9

Presolve removed 1 rows and 68034 columns
Presolve time: 0.86s
Presolved: 2269 rows, 62555 columns, 606092 nonzeros
Variable types: 0 continuous, 62555 integer (62553 binary)
Deterministic concurrent LP optimizer: primal simplex, dual simplex, and barrier
Showing barrier log only...

Root barrier log...

Ordering time: 0.03s

Barrier statistics:
 AA' NZ     : 2.282e+05
 Factor NZ  : 6.285e+05 (roughly 30 MB of memory)
 Factor Ops : 2.429e+08 (less than 1 second per iteration)
 Threads    : 14

                  Objective                Residual
Iter       Primal          Dual         Primal    Dual     Compl     Time
   0   1.10655024e+05 -4.98209000e+04  2.59e+06 0.00e+00  1.60e+01  7459s
   1   4.68952455e+04 -4.71878620e+04  1.10e+06 3.66e-02  6.98e+00  7459s
   2   2.45809876e+04 -4.22802325e+04  5.79e+05 1.94e-02  3.72e+00  7459s
   3   1.81552254e+04 -3.46610893e+04  4.30e+05 7.65e-03  2.68e+00  7459s
   4   1.48988257e+03 -1.83642921e+04  3.48e+04 6.66e-16  3.25e-01  7459s
   5   5.39050329e+02 -1.35422461e+04  1.25e+04 1.11e-15  1.68e-01  7459s
   6   3.43449543e+02 -9.08457913e+03  7.90e+03 4.44e-16  1.08e-01  7459s
   7   1.45218010e+02 -4.42860784e+03  3.27e+03 9.33e-15  4.90e-02  7459s
   8   9.68460802e+01 -3.15309756e+03  2.13e+03 3.49e-14  3.38e-02  7459s
   9   6.14523155e+01 -2.26759817e+03  1.32e+03 3.02e-14  2.32e-02  7459s
  10   4.29778828e+01 -1.43620130e+03  8.90e+02 1.07e-14  1.48e-02  7459s
  11   3.17443084e+01 -7.62284471e+02  6.27e+02 3.64e-14  8.34e-03  7459s
  12   2.08248599e+01 -4.19465771e+02  3.58e+02 1.24e-14  4.62e-03  7459s
  13   1.41455292e+01 -2.66846787e+02  1.97e+02 5.33e-15  2.85e-03  7460s
  14   1.21971104e+01 -2.24542911e+02  1.45e+02 1.02e-15  2.33e-03  7460s
  15   1.10518575e+01 -1.59045415e+02  1.13e+02 8.88e-16  1.69e-03  7460s
  16   1.02012083e+01 -1.20349213e+02  9.01e+01 9.97e-16  1.30e-03  7460s
  17   8.81185981e+00 -7.26862665e+01  5.86e+01 1.15e-15  8.15e-04  7460s
  18   8.14204873e+00 -4.34636374e+01  4.28e+01 6.53e-16  5.30e-04  7460s
  19   7.39641277e+00 -3.16442454e+01  2.43e+01 9.28e-16  3.78e-04  7460s
  20   7.36402996e+00 -3.07012470e+01  2.35e+01 7.95e-16  3.68e-04  7460s
  21   7.32077885e+00 -2.37081441e+01  2.00e+01 1.10e-15  3.02e-04  7460s
  22   7.21031577e+00 -2.04645402e+01  1.55e+01 7.80e-16  2.62e-04  7460s
  23   7.18479643e+00 -8.99718883e+00  1.26e+01 6.39e-16  1.61e-04  7460s
  24   7.05089920e+00 -2.15162425e+00  5.69e+00 5.64e-16  8.66e-05  7460s
  25   7.01878653e+00  2.07563269e+00  3.30e+00 3.11e-15  4.60e-05  7460s
  26   7.00650073e+00  2.42760356e+00  3.16e+00 2.89e-15  4.27e-05  7460s
  27   6.99783055e+00  3.73119603e+00  1.70e+00 8.88e-16  2.90e-05  7460s
  28   7.00538019e+00  5.05197018e+00  6.52e-01 2.44e-15  1.65e-05  7460s
  29   7.00943943e+00  6.58568092e+00  3.76e-05 1.30e-15  3.37e-06  7460s
  30   7.00001020e+00  6.99958039e+00  2.58e-12 6.34e-16  3.41e-09  7460s
  31   7.00000000e+00  7.00000000e+00  4.78e-12 1.33e-15  3.42e-15  7460s

Barrier solved model in 31 iterations and 7459.80 seconds (15572.96 work units)
Optimal objective 7.00000000e+00

  Building initial crossover basis                              7460s

Root crossover log...

     961 DPushes remaining with DInf 0.0000000e+00              7461s
       0 DPushes remaining with DInf 0.0000000e+00              7461s

     322 PPushes remaining with PInf 1.9053613e-06              7461s
       0 PPushes remaining with PInf 0.0000000e+00              7461s

  Push phase complete: Pinf 0.0000000e+00, Dinf 5.9396932e-14   7461s


Root simplex log...

Iteration    Objective       Primal Inf.    Dual Inf.      Time
     817    7.0000000e+00   0.000000e+00   0.000000e+00   7461s

Solved with barrier

Root relaxation: objective 7.000000e+00, 817 iterations, 1.86 seconds (1.84 work units)
Total elapsed time = 7465.15s (DegenMoves)
Total elapsed time = 7471.72s (DegenMoves)

    Nodes    |    Current Node    |     Objective Bounds      |     Work
 Expl Unexpl |  Obj  Depth IntInf | Incumbent    BestBd   Gap | It/Node Time

     0     0    7.00000    0  439    9.00000    7.00000  22.2%     - 7475s
     0     0    7.00000    0  733    9.00000    7.00000  22.2%     - 7480s
     0     0    7.00000    0  384    9.00000    7.00000  22.2%     - 7519s
     0     0    7.00000    0  667    9.00000    7.00000  22.2%     - 7521s
     0     0    7.00000    0  269    9.00000    7.00000  22.2%     - 7536s
     0     0    7.00000    0  263    9.00000    7.00000  22.2%     - 7536s
     0     0    7.00000    0  324    9.00000    7.00000  22.2%     - 7546s
     0     0    7.00000    0  360    9.00000    7.00000  22.2%     - 7548s
     0     0    7.00000    0  134    9.00000    7.00000  22.2%     - 7553s
     0     2    7.00000    0  132    9.00000    7.00000  22.2%     - 7570s
     3     8    7.00000    2  543    9.00000    7.00000  22.2%  6890 7575s
    15    32    7.00000    4  584    9.00000    7.00000  22.2%  3605 7586s
    31    48    7.00000    5  936    9.00000    7.00000  22.2%  5856 7667s
    47    64    7.00000    5  563    9.00000    7.00000  22.2%  9008 7671s
    63    80    7.00000    6  566    9.00000    7.00000  22.2%  7374 7690s
    79    96    7.00000    7  558    9.00000    7.00000  22.2%  9578 7862s
    95   119    7.00000    8  526    9.00000    7.00000  22.2%  8398 7868s
   118   186    7.00000   10  285    9.00000    7.00000  22.2%  7585 7893s
   185   431    7.00000   15  462    9.00000    7.00000  22.2% 13263 7930s
   432   725    7.00000   22  244    9.00000    7.00000  22.2%  7729 8039s
   787  1478    7.00000   30  371    9.00000    7.00000  22.2% 12312 8203s
  1768  2524    7.00000   54  487    9.00000    7.00000  22.2%  7608 8355s
  3581  2525    8.00000   71  134    9.00000    7.00000  22.2%  4789 8379s
  3583  2526    8.00000  177  347    9.00000    7.00000  22.2%  4787 8403s
  3584  2527    7.00000   42  311    9.00000    7.00000  22.2%  4785 8424s
  3585  2528    8.00000   90  736    9.00000    7.00000  22.2%  4784 8428s
  3586  2528    7.00000   15  541    9.00000    7.00000  22.2%  4783 8450s
  3587  2529    7.04093   16  670    9.00000    7.00000  22.2%  4781 8457s
  3588  2530    8.00000  148  405    9.00000    7.00000  22.2%  4780 8477s
  3589  2530    7.00000   25 1027    9.00000    7.00000  22.2%  4779 8481s
  3590  2531    7.20000   38  602    9.00000    7.00000  22.2%  4777 8499s
  3591  2532    7.00000   18  674    9.00000    7.00000  22.2%  4776 8502s
  3592  2532    8.00000   17  364    9.00000    7.00000  22.2%  4775 8518s
  3593  2533    7.00000   33  619    9.00000    7.00000  22.2%  4773 8521s
  3594  2534    7.00000   23  558    9.00000    7.00000  22.2%  4772 8539s
  3595  2534    7.00000   13  623    9.00000    7.00000  22.2%  4771 8541s
  3596  2535    8.00000   60  290    9.00000    7.00000  22.2%  4769 8557s
  3597  2536    7.00000   20  290    9.00000    7.00000  22.2%  4768 8562s
  3598  2536    7.00000   44  290    9.00000    7.00000  22.2%  4767 8569s
  3599  2540    7.00000   16  485    9.00000    7.00000  22.2%  4945 8584s
  3601  2543    7.00000   17  448    9.00000    7.00000  22.2%  4944 8589s
  3605  2550    7.00000   18  444    9.00000    7.00000  22.2%  4942 8594s
  3613  2563    7.00000   19  546    9.00000    7.00000  22.2%  4939 8607s
  3629  2574    7.00000   20  511    9.00000    7.00000  22.2%  4951 8617s
  3645  2585    7.00000   20  488    9.00000    7.00000  22.2%  4968 8634s
  3661  2595    7.00000   21  517    9.00000    7.00000  22.2%  5042 8642s
  3677  2606    7.00000   21  500    9.00000    7.00000  22.2%  5037 8678s
  3693  2626    7.00000   22  492    9.00000    7.00000  22.2%  5033 8699s
  3718  2633    7.00000   23  555    9.00000    7.00000  22.2%  5110 8782s
  3734  2694    7.00000   23  577    9.00000    7.00000  22.2%  5137 8813s
  3800  2786    7.00000   24  614    9.00000    7.00000  22.2%  5301 8839s
  3949  2879    7.00000   27  525    9.00000    7.00000  22.2%  5235 8894s
  4118  2823    7.00000   27  491    9.00000    7.00000  22.2%  5103 8895s
  4308  2976 infeasible   22         9.00000    7.00000  22.2%  4966 8946s
  5093  2728    7.31553   30  428    9.00000    7.00000  22.2%  4399 8979s
  5579  2549    7.22378   24  439    9.00000    7.00000  22.2%  4193 9046s
  5752  2440    7.50000   27  404    9.00000    7.00000  22.2%  4142 9074s
  6024  2336    7.53216   26  407    9.00000    7.00000  22.2%  4073 9106s
  6115  2278     cutoff   27         9.00000    7.00000  22.2%  4056 9124s
  6284  2062     cutoff   25         9.00000    7.00000  22.2%  4025 9154s
  6470  1739    8.00000   22  279    9.00000    7.00000  22.2%  3965 9166s
  6831  1510    8.00000   22  320    9.00000    7.00000  22.2%  3806 9183s
  7082  1428    8.00000   30  270    9.00000    7.00000  22.2%  3700 9203s
  7291  1352 infeasible   38         9.00000    7.67398  14.7%  3622 9258s
  7349  1348    8.00000   28  336    9.00000    7.77451  13.6%  3603 9270s
  7726  1214 infeasible   40         9.00000    8.00000  11.1%  3471 9283s
  8130  1068    8.00000   33  184    9.00000    8.00000  11.1%  3343 9294s
  8214  1040    8.00000   29  320    9.00000    8.00000  11.1%  3318 9295s
  8397   948 infeasible   37         9.00000    8.00000  11.1%  3268 9305s
  8574   887 infeasible   33         9.00000    8.00000  11.1%  3223 9314s
  8607   876    8.00000   29  291    9.00000    8.00000  11.1%  3214 9315s

Cutting planes:
  Gomory: 2
  Cover: 3
  Implied bound: 1
  MIR: 7
  Flow cover: 42
  Inf proof: 26
  Zero half: 34

Explored 8653 nodes (28018864 simplex iterations) in 9317.10 seconds (19608.90 work units)
Thread count was 16 (of 18 available processors)

Solution count 1: 9 

Optimal solution found (tolerance 1.00e-04)
Best objective 9.000000000000e+00, best bound 9.000000000000e+00, gap 0.0000%

---------------------------------------------------------------------------
Multi-objectives: solved in 9317.35 seconds (19608.90 work units), solution count 10


Gurobi 10.0.3 (mac64[arm]) logging started Fri Mar 21 13:28:05 2025

Set parameter LogFile to value "/Users/niklas/Desktop/Diplomarbeit/OptRail_Railroad_Construction/Data/Solution_math_model/AnzahlAuftraege_NEW_10/a10_o107_m5_an57_ar12/6_Objectives/hierarchical/gurobi_a10_o107_m5_an57_ar12_hierarchical.log"
Gurobi Optimizer version 10.0.3 build v10.0.3rc0 (mac64[arm])

CPU model: Apple M1 Pro
Thread count: 8 physical cores, 8 logical processors, using up to 16 threads

Warning: Thread count (16) is larger than processor count (8)
         Reduce the value of the Threads parameter to improve performance


Optimize a model with 2603 rows, 130587 columns and 642052 nonzeros
Model fingerprint: 0xfda1dd70
Variable types: 0 continuous, 130587 integer (130587 binary)
Coefficient statistics:
  Matrix range     [1e+00, 1e+01]
  Objective range  [1e+00, 2e+02]
  Bounds range     [1e+00, 1e+00]
  RHS range        [1e+00, 2e+02]

---------------------------------------------------------------------------
Multi-objectives: starting optimization with 6 objectives ... 
---------------------------------------------------------------------------

Multi-objectives: applying initial presolve ...
---------------------------------------------------------------------------

Presolve added 0 rows and 2 columns
Presolve removed 339 rows and 0 columns
Presolve time: 0.39s
Presolved: 2264 rows and 130589 columns
---------------------------------------------------------------------------

Multi-objectives: optimize objective 1 () ...
---------------------------------------------------------------------------

Found heuristic solution: objective 0.0000000
Presolve removed 547 rows and 68140 columns
Presolve time: 0.48s
Presolved: 1717 rows, 62449 columns, 466906 nonzeros
Variable types: 0 continuous, 62449 integer (62443 binary)
Deterministic concurrent LP optimizer: primal and dual simplex
Showing first log only...

Concurrent spin time: 0.00s

Solved with dual simplex

Use crossover to convert LP symmetric solution to basic solution...

Root relaxation: objective -9.500000e+00, 1687 iterations, 0.16 seconds (0.34 work units)
