
Gurobi 11.0.0 (win64) logging started Sat Dec 21 18:52:44 2024

Set parameter LogFile to value "C:\Users\Administrator\Desktop\OptRail_Railroad_Construction\Data\Solution\AnzahlAuftraege_NEW_15\a15_o170_m9_an80_ar18\3_Objectives\hierarchical\gurobi_a15_o170_m9_an80_ar18_hierarchical.log"
Gurobi Optimizer version 11.0.0 build v11.0.0rc2 (win64 - Windows Server 2022.0 (20348.2))

CPU model: AMD EPYC 7513 32-Core Processor, instruction set [SSE2|AVX|AVX2]
Thread count: 18 physical cores, 18 logical processors, using up to 16 threads

Optimize a model with 6275 rows, 542172 columns and 2491325 nonzeros
Model fingerprint: 0x33dda382
Variable types: 0 continuous, 542172 integer (542172 binary)
Coefficient statistics:
  Matrix range     [1e+00, 1e+01]
  Objective range  [1e+00, 2e+02]
  Bounds range     [1e+00, 1e+00]
  RHS range        [1e+00, 2e+02]

---------------------------------------------------------------------------
Multi-objectives: starting optimization with 3 objectives ... 
---------------------------------------------------------------------------

Multi-objectives: applying initial presolve ...
---------------------------------------------------------------------------

Presolve removed 274 rows and 0 columns
Presolve time: 2.17s
Presolved: 6001 rows, 542172 columns, 2424533 nonzeros
---------------------------------------------------------------------------

Multi-objectives: optimize objective 1 () ...
---------------------------------------------------------------------------

Found heuristic solution: objective 0.0000000
Presolve removed 1127 rows and 283493 columns
Presolve time: 3.33s
Presolved: 4874 rows, 258679 columns, 2155907 nonzeros
Variable types: 0 continuous, 258679 integer (258679 binary)
Deterministic concurrent LP optimizer: primal simplex, dual simplex, and barrier
Showing barrier log only...

Root barrier log...

Ordering time: 0.03s

Barrier statistics:
 AA' NZ     : 1.334e+05
 Factor NZ  : 2.372e+05 (roughly 26 MB of memory)
 Factor Ops : 5.035e+07 (less than 1 second per iteration)
 Threads    : 14

                  Objective                Residual
Iter       Primal          Dual         Primal    Dual     Compl     Time
   0  -7.94572522e+02 -7.03699012e+04  7.06e+04 7.34e-01  2.31e+01     7s
   1  -1.94733479e+02 -5.92415192e+04  1.55e+04 1.11e-01  5.30e+00     7s
   2  -5.72443433e+01 -2.69780632e+04  3.29e+03 1.78e-14  1.13e+00     7s
   3  -2.57448000e+01 -6.51275528e+03  6.63e+02 9.24e-14  2.26e-01     7s
   4  -2.36372360e+01 -1.50698029e+03  4.53e+02 1.56e-13  1.26e-01     7s
   5  -1.72840461e+01 -1.38614051e+03  1.88e+02 2.84e-13  5.93e-02     7s
   6  -1.51672761e+01 -7.14978563e+02  3.95e+01 1.85e-13  1.58e-02     7s
   7  -1.47808389e+01 -3.42441772e+02  1.37e+01 2.20e-13  6.12e-03     7s
   8  -1.43845096e+01 -1.82366502e+02  3.36e+00 1.21e-13  2.33e-03     7s
   9  -1.41748184e+01 -1.29552165e+02  8.48e-01 7.28e-14  1.24e-03     7s
  10  -1.36850195e+01 -1.23099083e+02  8.19e-03 6.75e-14  9.96e-04     7s
  11  -1.40555027e+01 -5.45359800e+01  2.47e-03 2.49e-14  3.55e-04     7s
  12  -1.44698124e+01 -3.12825965e+01  1.09e-03 1.15e-14  1.46e-04     7s
  13  -1.48963053e+01 -1.95929222e+01  1.48e-04 2.66e-15  4.01e-05     7s
  14  -1.49888834e+01 -1.76545666e+01  1.12e-04 1.78e-15  2.27e-05     7s
  15  -1.49316709e+01 -1.57743884e+01  8.86e-05 8.88e-16  7.18e-06     7s
  16  -1.49997261e+01 -1.50368971e+01  2.44e-07 8.88e-16  3.16e-07     7s
  17  -1.50000000e+01 -1.50000007e+01  4.25e-13 1.78e-15  6.29e-12     7s
  18  -1.50000000e+01 -1.50000000e+01  3.37e-13 1.78e-15  6.29e-18     7s

Barrier solved model in 18 iterations and 7.34 seconds (18.22 work units)
Optimal objective -1.50000000e+01


Root crossover log...

     672 DPushes remaining with DInf 0.0000000e+00                 8s

       1 PPushes remaining with PInf 0.0000000e+00                 8s
       0 PPushes remaining with PInf 0.0000000e+00                 8s

  Push phase complete: Pinf 0.0000000e+00, Dinf 0.0000000e+00      8s


Root simplex log...

Iteration    Objective       Primal Inf.    Dual Inf.      Time
       4   -1.5000000e+01   0.000000e+00   0.000000e+00      8s
Concurrent spin time: 0.00s

Solved with barrier
       4   -1.5000000e+01   0.000000e+00   0.000000e+00      8s

Use crossover to convert LP symmetric solution to basic solution...

Root crossover log...

     755 PPushes remaining with PInf 0.0000000e+00                 8s
       0 PPushes remaining with PInf 0.0000000e+00                 8s

  Push phase complete: Pinf 0.0000000e+00, Dinf 0.0000000e+00      8s


Root simplex log...

Iteration    Objective       Primal Inf.    Dual Inf.      Time
     762   -1.5000000e+01   0.000000e+00   0.000000e+00      8s
     762   -1.5000000e+01   0.000000e+00   0.000000e+00      8s

Root relaxation: objective -1.500000e+01, 762 iterations, 2.02 seconds (2.20 work units)

    Nodes    |    Current Node    |     Objective Bounds      |     Work
 Expl Unexpl |  Obj  Depth IntInf | Incumbent    BestBd   Gap | It/Node Time

     0     0  -15.00000    0 1617    0.00000  -15.00000      -     -   21s
H    0     0                      -8.0000000  -15.00000  87.5%     -   23s
     0     0  -15.00000    0 1601   -8.00000  -15.00000  87.5%     -   51s
     0     0  -15.00000    0 1555   -8.00000  -15.00000  87.5%     -  106s
     0     0  -15.00000    0 1627   -8.00000  -15.00000  87.5%     -  130s
H    0     0                     -12.0000000  -15.00000  25.0%     -  132s
     0     0  -15.00000    0 1657  -12.00000  -15.00000  25.0%     -  133s
     0     0  -15.00000    0 1793  -12.00000  -15.00000  25.0%     -  158s
     0     0  -15.00000    0 1822  -12.00000  -15.00000  25.0%     -  160s
     0     0  -15.00000    0 1918  -12.00000  -15.00000  25.0%     -  174s
     0     0  -15.00000    0 1918  -12.00000  -15.00000  25.0%     -  189s
H    0     2                     -15.0000000  -15.00000  0.00%     -  303s
     0     2  -15.00000    0   10  -15.00000  -15.00000  0.00%     -  303s

Cutting planes:
  MIR: 8
  StrongCG: 1
  Zero half: 10

Explored 1 nodes (283238 simplex iterations) in 303.80 seconds (448.26 work units)
Thread count was 16 (of 18 available processors)

Solution count 4: -15 -12 -8 0 
No other solutions better than -15

Optimal solution found (tolerance 1.00e-04)
Best objective -1.500000000000e+01, best bound -1.500000000000e+01, gap 0.0000%
---------------------------------------------------------------------------

Multi-objectives: optimize objective 2 () ...
---------------------------------------------------------------------------


Loaded user MIP start with objective 170

Presolve removed 1 rows and 283656 columns
Presolve time: 2.47s
Presolved: 6001 rows, 258516 columns, 2424129 nonzeros
Variable types: 0 continuous, 258516 integer (258516 binary)
Found heuristic solution: objective 144.0000000
Deterministic concurrent LP optimizer: primal simplex, dual simplex, and barrier
Showing barrier log only...

Root barrier log...

Ordering time: 0.28s

Barrier statistics:
 AA' NZ     : 5.610e+05
 Factor NZ  : 1.783e+06 (roughly 80 MB of memory)
 Factor Ops : 9.585e+08 (less than 1 second per iteration)
 Threads    : 14

                  Objective                Residual
Iter       Primal          Dual         Primal    Dual     Compl     Time
   0   4.69721820e+03 -5.92030920e+03  4.55e+04 2.22e-01  7.53e+00   309s
   1   2.07416191e+03 -5.98312926e+03  1.22e+04 3.22e-01  2.06e+00   309s
   2   4.69790595e+02 -3.86413266e+03  2.05e+03 1.45e-02  3.54e-01   309s
   3   3.11210167e+02 -1.60068901e+03  1.15e+03 1.34e-03  1.95e-01   309s
   4   1.29820686e+02 -7.81034548e+02  2.51e+02 2.19e-04  4.41e-02   309s
   5   4.88479026e+01 -4.67161600e+02  7.88e+01 2.69e-15  1.45e-02   309s
   6   2.84246525e+01 -3.47449802e+02  4.42e+01 3.05e-15  8.26e-03   309s
   7   1.29356081e+01 -2.67566119e+02  1.73e+01 5.27e-15  3.62e-03   309s
   8   9.61239883e+00 -1.67209126e+02  9.96e+00 3.07e-15  2.09e-03   309s
   9   6.23722871e+00 -9.38590459e+01  2.36e+00 4.10e-15  6.78e-04   309s
  10   4.17015354e+00 -4.20158858e+01  5.63e-01 3.59e-15  2.40e-04   309s
  11   2.33788128e+00 -3.85067894e+01  7.73e-02 2.33e-15  1.51e-04   309s
  12   1.31702124e+00 -2.30690682e+01  1.30e-02 2.66e-15  8.45e-05   309s
  13   7.77958360e-01 -1.16390571e+01  2.26e-03 2.07e-15  4.23e-05   309s
  14   2.00714978e-01 -3.07291078e+00  5.32e-04 2.12e-15  1.10e-05   309s
  15   2.67492693e-02 -3.52042702e-01  4.52e-05 3.07e-15  1.27e-06   309s
  16   3.19086955e-05 -3.55429502e-04  2.24e-13 2.66e-15  1.29e-09   309s
  17   3.20638176e-11 -3.55962056e-10  3.15e-13 2.66e-15  1.30e-15   309s

Barrier solved model in 17 iterations and 309.18 seconds (457.56 work units)
Optimal objective 3.20638176e-11

  Building initial crossover basis                               310s

Root crossover log...

    1226 DPushes remaining with DInf 0.0000000e+00               311s
       0 DPushes remaining with DInf 0.0000000e+00               311s

     611 PPushes remaining with PInf 8.9678489e-03               311s
       0 PPushes remaining with PInf 0.0000000e+00               311s

  Push phase complete: Pinf 0.0000000e+00, Dinf 0.0000000e+00    311s


Root simplex log...

Iteration    Objective       Primal Inf.    Dual Inf.      Time
    1023    0.0000000e+00   0.000000e+00   0.000000e+00    311s

Solved with barrier

Use crossover to convert LP symmetric solution to basic solution...

Root crossover log...

    1205 DPushes remaining with DInf 0.0000000e+00               311s

    2428 PPushes remaining with PInf 0.0000000e+00               311s
       0 PPushes remaining with PInf 0.0000000e+00               311s

  Push phase complete: Pinf 0.0000000e+00, Dinf 0.0000000e+00    311s


Root simplex log...

Iteration    Objective       Primal Inf.    Dual Inf.      Time
    3454    0.0000000e+00   0.000000e+00   0.000000e+00    311s

Root relaxation: objective 0.000000e+00, 3454 iterations, 4.13 seconds (4.60 work units)

    Nodes    |    Current Node    |     Objective Bounds      |     Work
 Expl Unexpl |  Obj  Depth IntInf | Incumbent    BestBd   Gap | It/Node Time

     0     0    0.00000    0 3151  144.00000    0.00000   100%     -  334s
H    0     0                     133.0000000    0.00000   100%     -  335s
     0     0    0.00000    0 2859  133.00000    0.00000   100%     -  466s
     0     0    0.00000    0 2873  133.00000    0.00000   100%     -  775s
H    0     0                     127.0000000    0.00000   100%     -  777s
     0     0    0.00000    0 2839  127.00000    0.00000   100%     -  779s
     0     0    0.00000    0 2870  127.00000    0.00000   100%     -  875s
     0     0    0.00000    0 2809  127.00000    0.00000   100%     -  879s
     0     0    0.00000    0 2824  127.00000    0.00000   100%     -  926s
H    0     0                     114.0000000    0.00000   100%     -  927s
     0     0    0.00000    0 2812  114.00000    0.00000   100%     -  960s
     0     0    0.00000    0 2812  114.00000    0.00000   100%     -  985s
     0     2    0.00000    0 2812  114.00000    0.00000   100%     - 1140s
     1     4    0.00000    1 2796  114.00000    0.00000   100% 61131 1236s
     3     8    0.00000    2 2707  114.00000    0.00000   100% 34625 1329s
     7    16    0.00000    3 2643  114.00000    0.00000   100% 25572 1453s
    15    32    0.00000    4 2693  114.00000    0.00000   100% 23226 1807s
H   31    48                     105.0000000    0.00000   100% 40562 3480s
H   34    48                      96.0000000    0.00000   100% 37466 3480s
    47    64    0.00000    5 2544   96.00000    0.00000   100% 30734 3511s
    63    80    0.00000    6 2619   96.00000    0.00000   100% 29961 3545s
H   79    96                      68.0000000    0.00000   100% 25660 3675s
H   93    96                      66.0000000    0.00000   100% 24769 3675s
H   94    96                      63.0000000    0.00000   100% 24553 3675s
    95   127    0.00000    8 2430   63.00000    0.00000   100% 24674 4178s
H  126   143                      40.0000000    0.00000   100% 22954 5905s
H  128   143                      39.0000000    0.00000   100% 22926 5905s
H  131   143                      37.0000000    0.00000   100% 23000 5905s
H  137   143                      34.0000000    0.00000   100% 22678 5905s
   142   415    0.00000    9 2441   34.00000    0.00000   100% 22911 6157s
   414  1179    0.00000   25 2386   34.00000    0.00000   100% 20697 6687s
  1180  1722    0.00000   60 1948   34.00000    0.00000   100% 21969 7580s
  1724  2115    0.00000   89 1540   34.00000    0.00000   100% 32487 8593s
  2122  2442    0.00000  109 1489   34.00000    0.00000   100% 44333 9947s
  2453  2741    0.00000  117 1334   34.00000    0.00000   100% 50175 10800s

Cutting planes:
  MIR: 17
  Zero half: 20

Explored 2752 nodes (151558287 simplex iterations) in 10800.77 seconds (17271.69 work units)
Thread count was 16 (of 18 available processors)

Solution count 10: 34 37 39 ... 114

Time limit reached
Best objective 3.400000000000e+01, best bound 0.000000000000e+00, gap 100.0000%

---------------------------------------------------------------------------
Multi-objectives: stopped in 10801.43 seconds (17271.69 work units), solution count 10
Time Limit reached

