
Gurobi 11.0.0 (win64) logging started Fri Dec 20 05:55:16 2024

Set parameter LogFile to value "C:\Users\Administrator\Desktop\OptRail_Railroad_Construction\Data\Solution\AnzahlAuftraege_NEW_10\a10_o114_m6_an57_ar11\3_Objectives\costs\gurobi_a10_o114_m6_an57_ar11_costs.log"
Gurobi Optimizer version 11.0.0 build v11.0.0rc2 (win64 - Windows Server 2022.0 (20348.2))

CPU model: AMD EPYC 7513 32-Core Processor, instruction set [SSE2|AVX|AVX2]
Thread count: 18 physical cores, 18 logical processors, using up to 16 threads

Optimize a model with 2853 rows, 159429 columns and 723435 nonzeros
Model fingerprint: 0x515332e0
Variable types: 0 continuous, 159429 integer (159429 binary)
Coefficient statistics:
  Matrix range     [1e+00, 1e+01]
  Objective range  [1e+00, 2e+02]
  Bounds range     [1e+00, 1e+00]
  RHS range        [1e+00, 2e+02]

---------------------------------------------------------------------------
Multi-objectives: starting optimization with 3 objectives (1 combined) ...
---------------------------------------------------------------------------
---------------------------------------------------------------------------

Multi-objectives: optimize objective 1 (weighted) ...
---------------------------------------------------------------------------

Optimize a model with 2853 rows, 159429 columns and 723435 nonzeros
Model fingerprint: 0x3187201b
Variable types: 0 continuous, 159429 integer (159429 binary)
Coefficient statistics:
  Matrix range     [1e+00, 1e+01]
  Objective range  [3e+00, 1e+06]
  Bounds range     [1e+00, 1e+00]
  RHS range        [1e+00, 2e+02]
Found heuristic solution: objective 0.0000000
Presolve removed 108 rows and 82318 columns
Presolve time: 1.03s
Presolved: 2745 rows, 77111 columns, 648259 nonzeros
Variable types: 0 continuous, 77111 integer (76943 binary)
Deterministic concurrent LP optimizer: primal simplex, dual simplex, and barrier
Showing barrier log only...

Root barrier log...

Ordering time: 0.05s

Barrier statistics:
 AA' NZ     : 2.588e+05
 Factor NZ  : 7.620e+05 (roughly 40 MB of memory)
 Factor Ops : 2.952e+08 (less than 1 second per iteration)
 Threads    : 14

                  Objective                Residual
Iter       Primal          Dual         Primal    Dual     Compl     Time
   0  -1.30023101e+08 -7.34567127e+10  1.14e+05 5.59e+04  1.39e+07     2s
   1  -3.82696765e+07 -6.76610577e+10  3.22e+04 2.86e+05  4.09e+06     2s
   2  -1.29084290e+07 -4.71504263e+10  7.69e+03 2.78e+04  1.06e+06     2s
   3  -1.35868033e+07 -3.83346459e+10  4.78e+03 1.75e+04  6.86e+05     2s
   4  -1.36031798e+07 -3.68926411e+10  4.21e+03 1.58e+04  6.20e+05     2s
   5  -1.26396351e+07 -1.60761536e+10  2.46e+03 3.00e+03  2.93e+05     2s
   6  -1.04460036e+07 -4.16483194e+09  8.98e+02 9.64e+01  8.79e+04     2s
   7  -9.23546216e+06 -8.29070970e+08  9.83e+01 6.52e-09  1.16e+04     2s
   8  -8.92001135e+06 -3.33415191e+08  2.86e+01 4.86e-09  3.75e+03     2s
   9  -8.64103965e+06 -1.86874853e+08  5.72e+00 3.01e-09  1.49e+03     2s
  10  -8.47932926e+06 -1.46369282e+08  3.52e+00 3.07e-09  1.10e+03     2s
  11  -8.49133365e+06 -7.68291488e+07  2.97e+00 2.25e-09  6.02e+02     2s
  12  -7.32231755e+06 -7.50189102e+07  1.02e-01 2.39e-09  5.02e+02     2s
  13  -7.27503772e+06 -2.83760814e+07  2.20e-14 2.51e-09  1.36e+02     2s
  14  -7.88538598e+06 -1.47519797e+07  4.87e-14 1.74e-09  4.43e+01     2s
  15  -8.08596376e+06 -1.12748485e+07  3.82e-14 7.79e-10  2.06e+01     2s
  16  -8.91113845e+06 -9.64905642e+06  6.91e-14 6.48e-10  4.76e+00     2s
  17  -8.97831883e+06 -9.26986400e+06  9.21e-14 5.18e-10  1.88e+00     2s
  18  -8.99082062e+06 -9.10803897e+06  1.57e-13 5.87e-10  7.55e-01     2s
  19  -8.99338205e+06 -9.05425718e+06  7.63e-13 5.30e-10  3.92e-01     2s
  20  -8.99466726e+06 -9.02700778e+06  7.63e-13 4.78e-10  2.08e-01     2s
  21  -8.99521170e+06 -9.01314705e+06  1.82e-12 3.98e-10  1.16e-01     2s
  22  -8.99603174e+06 -9.00455379e+06  2.89e-12 4.48e-10  5.49e-02     2s
  23  -8.99636781e+06 -9.00184911e+06  2.36e-12 4.85e-10  3.53e-02     2s
  24  -8.99670580e+06 -9.00063245e+06  2.65e-12 4.61e-10  2.53e-02     2s
  25  -8.99695079e+06 -8.99890296e+06  5.33e-12 4.50e-10  1.26e-02     2s
  26  -8.99715271e+06 -8.99828523e+06  3.59e-12 5.51e-10  7.30e-03     2s
  27  -8.99719925e+06 -8.99808463e+06  2.29e-12 5.23e-10  5.71e-03     2s
  28  -8.99725543e+06 -8.99787726e+06  2.39e-11 4.50e-10  4.01e-03     2s
  29  -8.99727883e+06 -8.99780967e+06  2.09e-11 4.66e-10  3.42e-03     2s
  30  -8.99729777e+06 -8.99771147e+06  1.92e-11 4.06e-10  2.67e-03     2s
  31  -8.99733070e+06 -8.99762714e+06  1.23e-10 4.06e-10  1.91e-03     2s
  32  -8.99737802e+06 -8.99758175e+06  8.82e-11 4.05e-10  1.31e-03     2s
  33  -8.99739280e+06 -8.99755577e+06  4.55e-10 4.11e-10  1.05e-03     2s
  34  -8.99742289e+06 -8.99753933e+06  3.20e-10 5.00e-10  7.50e-04     2s
  35  -8.99743888e+06 -8.99751741e+06  6.39e-10 5.41e-10  5.06e-04     2s
  36  -8.99744840e+06 -8.99750245e+06  7.39e-10 4.86e-10  3.48e-04     2s
  37  -8.99746068e+06 -8.99748995e+06  9.54e-10 4.81e-10  1.89e-04     2s
  38  -8.99746723e+06 -8.99748090e+06  9.31e-10 4.63e-10  8.81e-05     3s
  39  -8.99747300e+06 -8.99747733e+06  9.10e-10 5.88e-10  2.79e-05     3s
  40  -8.99747432e+06 -8.99747577e+06  7.82e-10 5.70e-10  9.33e-06     3s
  41  -8.99747520e+06 -8.99747552e+06  2.23e-09 6.11e-10  2.11e-06     3s
  42  -8.99747539e+06 -8.99747542e+06  3.50e-10 5.93e-10  2.11e-07     3s
  43  -8.99747541e+06 -8.99747541e+06  5.52e-11 4.91e-10  1.13e-09     3s

Barrier solved model in 43 iterations and 2.59 seconds (3.93 work units)
Optimal objective -8.99747541e+06

Concurrent spin time: 0.00s

Solved with barrier

Root relaxation: objective -8.997475e+06, 12501 iterations, 1.52 seconds (1.53 work units)

    Nodes    |    Current Node    |     Objective Bounds      |     Work
 Expl Unexpl |  Obj  Depth IntInf | Incumbent    BestBd   Gap | It/Node Time

     0     0 -8997475.4    0  958    0.00000 -8997475.4      -     -    7s
H    0     0                    -5998850.283 -8997475.4  50.0%     -    9s
     0     0 -8997419.4    0 1201 -5998850.3 -8997419.4  50.0%     -   14s
H    0     0                    -6998320.574 -8997418.4  28.6%     -   15s
     0     0 -8997385.8    0  986 -6998320.6 -8997385.8  28.6%     -   16s
     0     0 -8997385.8    0  984 -6998320.6 -8997385.8  28.6%     -   16s
     0     0 -8997361.9    0 1262 -6998320.6 -8997361.9  28.6%     -   20s
     0     0 -8997361.2    0 1227 -6998320.6 -8997361.2  28.6%     -   21s
     0     0 -8997326.6    0 1182 -6998320.6 -8997326.6  28.6%     -   28s
     0     0 -8997326.1    0 1167 -6998320.6 -8997326.1  28.6%     -   29s
     0     0 -8997297.2    0 1121 -6998320.6 -8997297.2  28.6%     -   31s
     0     0 -8997289.2    0 1155 -6998320.6 -8997289.2  28.6%     -   32s
     0     0 -8997289.2    0 1156 -6998320.6 -8997289.2  28.6%     -   32s
     0     0 -8997281.9    0 1147 -6998320.6 -8997281.9  28.6%     -   35s
     0     0 -8997281.9    0 1004 -6998320.6 -8997281.9  28.6%     -   38s
H    0     0                    -6998368.574 -8997281.9  28.6%     -   41s
     0     2 -8997281.9    0 1004 -6998368.6 -8997281.9  28.6%     -   45s
     1     4 -8996937.8    1  657 -6998368.6 -8997280.3  28.6% 18317   51s
     7    16 -8996937.8    3  667 -6998368.6 -8997238.3  28.6%  3534   56s
    31    48 -8996936.0    5  735 -6998368.6 -8997236.8  28.6%  1802   67s
H   33    48                    -8996287.863 -8997236.8  0.01%  1765   67s
    63    80 -8996935.0    6  739 -8996287.9 -8997236.1  0.01%  1482   72s
    96    97 -8997228.7    6 1004 -8996287.9 -8997236.1  0.01%  1274   87s
    98    98 -8996936.1    7  965 -8996287.9 -8997236.1  0.01%  1248  100s
H   98    93                    -8996335.863 -8997236.1  0.01%  1248  104s
    99    94 -8997231.9    7  905 -8996335.9 -8997236.1  0.01%  1235  106s

Cutting planes:
  Gomory: 8
  Cover: 1
  Projected implied bound: 14
  MIR: 22
  StrongCG: 4
  Flow cover: 12
  GUB cover: 1
  Zero half: 47
  RLT: 23
  Relax-and-lift: 99

Explored 100 nodes (260997 simplex iterations) in 108.64 seconds (177.04 work units)
Thread count was 16 (of 18 available processors)

Solution count 6: -8.99634e+06 -8.99629e+06 -6.99837e+06 ... 0

Optimal solution found (tolerance 1.00e-04)
Best objective -8.996335863488e+06, best bound -8.997216363298e+06, gap 0.0098%

---------------------------------------------------------------------------
Multi-objectives: solved in 108.86 seconds (177.04 work units), solution count 6

