
Gurobi 11.0.0 (win64) logging started Fri Dec 20 13:13:52 2024

Set parameter LogFile to value "C:\Users\Administrator\Desktop\OptRail_Railroad_Construction\Data\Solution\AnzahlAuftraege_NEW_10\a10_o114_m6_an57_ar11\6_Objectives\hierarchical\gurobi_a10_o114_m6_an57_ar11_hierarchical.log"
Gurobi Optimizer version 11.0.0 build v11.0.0rc2 (win64 - Windows Server 2022.0 (20348.2))

CPU model: AMD EPYC 7513 32-Core Processor, instruction set [SSE2|AVX|AVX2]
Thread count: 18 physical cores, 18 logical processors, using up to 16 threads

Optimize a model with 2853 rows, 159429 columns and 723435 nonzeros
Model fingerprint: 0x4729f556
Variable types: 0 continuous, 159429 integer (159429 binary)
Coefficient statistics:
  Matrix range     [1e+00, 1e+01]
  Objective range  [1e+00, 2e+02]
  Bounds range     [1e+00, 1e+00]
  RHS range        [1e+00, 2e+02]

---------------------------------------------------------------------------
Multi-objectives: starting optimization with 6 objectives ... 
---------------------------------------------------------------------------

Multi-objectives: applying initial presolve ...
---------------------------------------------------------------------------

Presolve added 0 rows and 159 columns
Presolve removed 108 rows and 0 columns
Presolve time: 0.75s
Presolved: 2745 rows, 159588 columns, 648282 nonzeros
---------------------------------------------------------------------------

Multi-objectives: optimize objective 1 () ...
---------------------------------------------------------------------------

Found heuristic solution: objective 0.0000000
Presolve removed 697 rows and 82784 columns
Presolve time: 1.10s
Presolved: 2048 rows, 76804 columns, 550335 nonzeros
Variable types: 0 continuous, 76804 integer (76749 binary)
Deterministic concurrent LP optimizer: primal simplex, dual simplex, and barrier
Showing barrier log only...

Root barrier log...

Ordering time: 0.00s

Barrier statistics:
 AA' NZ     : 5.418e+04
 Factor NZ  : 1.125e+05 (roughly 12 MB of memory)
 Factor Ops : 1.703e+07 (less than 1 second per iteration)
 Threads    : 14

                  Objective                Residual
Iter       Primal          Dual         Primal    Dual     Compl     Time
   0  -2.63724254e+02 -1.61471070e+04  8.38e+04 1.47e-01  2.33e+01     2s
   1  -1.16474817e+02 -1.57314392e+04  3.34e+04 2.91e-01  9.54e+00     2s
   2  -3.15915263e+01 -1.35012007e+04  5.63e+03 4.51e-02  1.77e+00     2s
   3  -1.66775698e+01 -1.07247020e+04  1.85e+03 2.18e-02  6.73e-01     2s
   4  -1.43412719e+01 -4.84046281e+03  1.31e+03 1.47e-03  3.78e-01     2s
   5  -1.22217139e+01 -1.76122830e+03  6.29e+02 4.26e-14  1.57e-01     2s
   6  -1.05051324e+01 -1.08843635e+03  2.87e+02 4.97e-14  7.57e-02     2s
   7  -8.83369711e+00 -8.38619433e+02  1.12e+02 2.66e-14  3.74e-02     2s
   8  -8.67517271e+00 -3.46962185e+02  7.03e+01 7.11e-15  1.91e-02     2s
   9  -8.55233091e+00 -2.38299285e+02  3.96e+01 4.44e-15  1.15e-02     2s
  10  -8.45594574e+00 -1.19101447e+02  1.84e+01 2.22e-15  5.43e-03     2s
  11  -8.27826702e+00 -9.01782201e+01  4.40e+00 2.22e-15  2.51e-03     2s
  12  -7.32572867e+00 -7.77826058e+01  4.74e-02 1.67e-15  1.56e-03     2s
  13  -7.30475191e+00 -3.57312419e+01  9.06e-03 2.20e-15  5.76e-04     2s
  14  -7.71760746e+00 -2.36723192e+01  5.65e-03 1.01e-15  3.20e-04     2s
  15  -8.18384025e+00 -1.34932283e+01  2.54e-03 1.18e-15  1.06e-04     2s
  16  -8.84956107e+00 -1.02564895e+01  3.23e-04 3.90e-16  2.76e-05     2s
  17  -8.99281491e+00 -9.08532424e+00  1.54e-06 9.67e-16  1.80e-06     2s
  18  -8.99999277e+00 -9.00008534e+00  8.32e-14 1.78e-15  1.80e-09     2s
  19  -9.00000000e+00 -9.00000000e+00  1.61e-13 2.66e-15  1.81e-15     2s

Barrier solved model in 19 iterations and 2.46 seconds (4.90 work units)
Optimal objective -9.00000000e+00

Concurrent spin time: 0.11s (can be avoided by choosing Method=3)

Solved with barrier

Use crossover to convert LP symmetric solution to basic solution...

Root relaxation: objective -9.000000e+00, 704 iterations, 0.74 seconds (0.64 work units)
Total elapsed time = 5.74s (DegenMoves)

    Nodes    |    Current Node    |     Objective Bounds      |     Work
 Expl Unexpl |  Obj  Depth IntInf | Incumbent    BestBd   Gap | It/Node Time

*    0     0               0      -9.0000000   -9.00000  0.00%     -    6s

Explored 1 nodes (51594 simplex iterations) in 6.29 seconds (9.63 work units)
Thread count was 16 (of 18 available processors)

Solution count 2: -9 0 
No other solutions better than -9

Optimal solution found (tolerance 1.00e-04)
Best objective -9.000000000000e+00, best bound -9.000000000000e+00, gap 0.0000%
---------------------------------------------------------------------------

Multi-objectives: optimize objective 2 () ...
---------------------------------------------------------------------------


Loaded user MIP start with objective 114

Presolve removed 0 rows and 82489 columns
Presolve time: 0.73s
Presolved: 2746 rows, 77099 columns, 638961 nonzeros
Variable types: 0 continuous, 77099 integer (77043 binary)
Found heuristic solution: objective 67.0000000
Deterministic concurrent LP optimizer: primal simplex, dual simplex, and barrier
Showing barrier log only...

Root barrier log...

Ordering time: 0.14s

Barrier statistics:
 AA' NZ     : 2.500e+05
 Factor NZ  : 7.612e+05 (roughly 40 MB of memory)
 Factor Ops : 2.826e+08 (less than 1 second per iteration)
 Threads    : 14

                  Objective                Residual
Iter       Primal          Dual         Primal    Dual     Compl     Time
   0   1.60355445e+03 -6.04747586e+04  1.13e+05 1.35e-01  1.14e+01     8s
   1   7.60990474e+02 -5.58560250e+04  2.69e+04 2.43e-01  2.90e+00     8s
   2   2.81610604e+02 -3.57709950e+04  7.71e+03 6.49e-03  8.51e-01     8s
   3   1.91579119e+02 -2.94002047e+04  4.07e+03 3.54e-03  4.97e-01     8s
   4   1.35380772e+02 -1.12282727e+04  1.98e+03 3.89e-15  1.96e-01     8s
   5   5.66885863e+01 -6.45411678e+03  4.80e+02 9.33e-15  6.99e-02     8s
   6   1.64382235e+01 -2.92085234e+03  1.06e+02 6.22e-15  2.48e-02     8s
   7   8.78440490e+00 -1.02273238e+03  3.85e+01 2.66e-15  8.61e-03     8s
   8   5.78396099e+00 -6.71803730e+02  1.55e+01 1.33e-15  5.16e-03     8s
   9   4.18739278e+00 -4.18794627e+02  7.28e+00 1.78e-15  3.12e-03     8s
  10   2.99122730e+00 -3.01780047e+02  4.03e+00 1.93e-15  2.19e-03     8s
  11   1.07245821e+00 -1.33189859e+02  6.80e-01 1.38e-15  9.06e-04     8s
  12   5.40779851e-01 -3.58924595e+01  2.31e-01 3.30e-15  2.48e-04     8s
  13   1.74130130e-01 -6.41413117e+00  1.59e-02 3.56e-15  4.41e-05     8s
  14   2.24171721e-02 -8.61751193e-01  8.01e-05 6.22e-15  5.76e-06     8s
  15   3.88275919e-04 -1.06941889e-03  9.01e-07 4.79e-15  1.01e-08     8s
  16   6.99371714e-10 -1.44742529e-09  1.62e-12 7.99e-15  1.50e-14     8s

Barrier solved model in 16 iterations and 8.00 seconds (12.14 work units)
Optimal objective 6.99371714e-10


Root crossover log...

     451 DPushes remaining with DInf 0.0000000e+00                 8s
       0 DPushes remaining with DInf 0.0000000e+00                 8s

   36485 PPushes remaining with PInf 0.0000000e+00                 8s
       0 PPushes remaining with PInf 0.0000000e+00                 9s

  Push phase complete: Pinf 0.0000000e+00, Dinf 6.0215689e-11      9s


Root simplex log...

Iteration    Objective       Primal Inf.    Dual Inf.      Time
   36800    0.0000000e+00   0.000000e+00   0.000000e+00      9s

Solved with barrier
   36800    0.0000000e+00   0.000000e+00   0.000000e+00      9s

Root relaxation: objective 0.000000e+00, 36800 iterations, 1.73 seconds (1.81 work units)
Total elapsed time = 15.82s (DegenMoves)
Total elapsed time = 22.30s (DegenMoves)

    Nodes    |    Current Node    |     Objective Bounds      |     Work
 Expl Unexpl |  Obj  Depth IntInf | Incumbent    BestBd   Gap | It/Node Time

     0     0    0.00000    0  160   67.00000    0.00000   100%     -   25s
H    0     0                      57.0000000    0.00000   100%     -   26s
H    0     0                      53.0000000    0.00000   100%     -   26s
     0     0    0.00000    0 1350   53.00000    0.00000   100%     -   40s
H    0     0                      38.0000000    0.00000   100%     -   54s
H    0     0                      25.0000000    0.00000   100%     -   55s
     0     0    0.00000    0 1333   25.00000    0.00000   100%     -   55s
     0     0    0.50000    0  126   25.00000    0.50000  98.0%     -   69s
H    0     0                      18.0000000    0.50000  97.2%     -   70s
     0     0    0.50000    0  438   18.00000    0.50000  97.2%     -   75s
     0     0    0.50000    0 1357   18.00000    0.50000  97.2%     -   93s
     0     0    0.50000    0 1352   18.00000    0.50000  97.2%     -   96s
     0     0    0.62500    0  507   18.00000    0.62500  96.5%     -  113s
H    0     0                      14.0000000    0.69375  95.0%     -  114s
     0     0    0.69375    0  606   14.00000    0.69375  95.0%     -  115s
     0     0    0.69375    0  420   14.00000    0.69375  95.0%     -  123s
H    0     0                      13.0000000    0.69375  94.7%     -  125s
     0     0    0.69375    0  471   13.00000    0.69375  94.7%     -  133s
H    0     0                      11.0000000    0.69375  93.7%     -  135s
H    0     0                       6.0000000    0.69375  88.4%     -  136s
     0     0    0.69375    0  519    6.00000    0.69375  88.4%     -  136s
     0     0    0.69375    0  493    6.00000    0.69375  88.4%     -  144s
     0     0    0.69375    0  537    6.00000    0.69375  88.4%     -  146s
     0     0    0.69375    0  458    6.00000    0.69375  88.4%     -  153s
     0     0    0.69375    0  458    6.00000    0.69375  88.4%     -  155s
     0     2    1.00000    0  458    6.00000    1.00000  83.3%     -  179s
     1     4    1.50000    1  835    6.00000    1.00000  83.3% 24442  187s
     3     6    1.50000    2 1015    6.00000    1.00000  83.3%  9647  192s
    13    24    1.50000    4 1033    6.00000    1.00000  83.3%  3741  203s
    25    40    1.50000    5 1091    6.00000    1.00000  83.3%  3475  208s
    41    56    1.50000    6 1091    6.00000    1.00000  83.3%  2629  212s
    57    70    1.50000    7 1110    6.00000    1.00000  83.3%  2125  215s
    89   102    1.50000    9 1108    6.00000    1.00000  83.3%  1688  265s
   105   119    1.50000   10 1087    6.00000    1.00000  83.3%  1541  294s
   122   135    1.60000   11 1130    6.00000    1.00000  83.3%  1445  298s
   138   155    2.16111   11 1281    6.00000    1.00000  83.3%  1456  306s
   158   174    1.60000   12 1136    6.00000    1.00000  83.3%  1487  310s
   177   192    1.60000   13 1131    6.00000    1.00000  83.3%  1458  374s
   195   220    1.60000   14 1155    6.00000    1.00000  83.3%  1393  377s
   223   250    1.60000   16 1158    6.00000    1.00000  83.3%  1303  381s
   253   277    1.60000   18 1155    6.00000    1.00000  83.3%  1211  385s
   282   295    1.60000   19 1174    6.00000    1.00000  83.3%  1172  392s
   301   325    1.60000   20 1177    6.00000    1.00000  83.3%  1168  395s
   361   378    1.70000   21 1203    6.00000    1.00000  83.3%  1131  402s
   388   409    2.37917   23 1223    6.00000    1.00000  83.3%  1147  407s
   420   443    1.70000   23 1173    6.00000    1.00000  83.3%  1118  413s
   457   474    1.73571   24 1276    6.00000    1.00000  83.3%  1110  418s
   489   512    1.73571   26 1244    6.00000    1.00000  83.3%  1125  425s
   529   547    1.75000   29 1227    6.00000    1.00000  83.3%  1112  430s
   566   584    2.50000   30 1213    6.00000    1.00000  83.3%  1115  438s
   603   620    1.80000   31 1241    6.00000    1.00000  83.3%  1118  445s
   642   659    1.80000   33 1256    6.00000    1.00000  83.3%  1131  452s
   694   689    1.80000   34 1225    6.00000    1.00000  83.3%  1117  459s
   748   712    1.89167   37 1234    6.00000    1.00000  83.3%  1110  467s
   796   754    2.69167   38 1224    6.00000    1.00000  83.3%  1119  472s
   847   807    3.49167   40 1235    6.00000    1.00000  83.3%  1116  480s
   902   853    3.49167   43 1233    6.00000    1.00000  83.3%  1105  488s
   965   916    3.50000   46 1250    6.00000    1.00000  83.3%  1095  496s
  1032   994    3.50000   50 1199    6.00000    1.00000  83.3%  1081  502s
  1111  1079    3.50000   55 1202    6.00000    1.00000  83.3%  1051  509s
  1200  1153    3.50000   59 1174    6.00000    1.00000  83.3%  1017  515s
  1276  1260    3.50000   62 1162    6.00000    1.00000  83.3%  1004  522s
  1387  1360    3.60000   65 1196    6.00000    1.00000  83.3%   964  529s
  1497  1421    3.60000   72 1171    6.00000    1.00000  83.3%   934  536s
  1589  1488    3.68333   75 1242    6.00000    1.00000  83.3%   934  545s
  1705  1555    4.43333   78 1238    6.00000    1.00000  83.3%   924  555s
  1794  1641    4.43889   80 1208    6.00000    1.00000  83.3%   934  563s
  1887  1729    4.43889   88 1195    6.00000    1.00000  83.3%   932  573s
  1998  1818    4.43889   96 1205    6.00000    1.00000  83.3%   924  582s
  2101  1933    4.47833  107 1102    6.00000    1.00000  83.3%   919  592s
  2242  2104    4.47833  124 1159    6.00000    1.00000  83.3%   905  603s
  2444  2307    4.48333  139 1143    6.00000    1.00000  83.3%   873  619s
  2668  2308    4.19646   31  458    6.00000    1.00000  83.3%   838  651s
  2670  2309    1.71731   30  315    6.00000    1.00000  83.3%   838  684s
  2671  2310    2.88333   31  101    6.00000    1.00000  83.3%   837  701s
  2672  2311    4.13466   74 1181    6.00000    1.00000  83.3%   837  716s
  2673  2311    3.89583  118  663    6.00000    1.00000  83.3%   837  741s
  2674  2312    4.40000   51  750    6.00000    1.02206  83.0%   836  746s
  2675  2313    1.85000   38  531    6.00000    1.39286  76.8%   836  762s
  2676  2313    2.04698   38  718    6.00000    1.39286  76.8%   836  767s
  2677  2314    1.80000   36  443    6.00000    1.47619  75.4%   836  776s
  2679  2315    4.48333  150  571    6.00000    1.47619  75.4%   835  788s
  2680  2316    5.00000   81  592    6.00000    1.47619  75.4%   835  790s
  2681  2317    2.83333   77  483    6.00000    1.47619  75.4%   834  796s
H 2682  2200                       5.0000000    1.47619  70.5%   834  803s
  2683  2201    2.00000   66  482    5.00000    1.47619  70.5%   834  831s
  2684  2205    2.03333   14  746    5.00000    1.48642  70.3%   994  843s
  2686  2208    2.03333   15  924    5.00000    1.52941  69.4%   995  847s
  2690  2213    2.03333   16  918    5.00000    1.52941  69.4%   997  859s
  2698  2220    2.03333   17  940    5.00000    1.52941  69.4%  1009  867s
  2712  2231    2.03333   18  962    5.00000    1.58333  68.3%  1015  969s
  2728  2242    2.03333   19  954    5.00000    1.58333  68.3%  1017  974s
  2744  2252    2.86667   19  977    5.00000    1.58333  68.3%  1021  979s
  2760  2260    2.03333   20  965    5.00000    1.58333  68.3%  1026 1030s
  2776  2273    2.83333   20  897    5.00000    1.58333  68.3%  1033 1038s
  2794  2283    2.03333   21  942    5.00000    1.58333  68.3%  1044 1044s
  2815  2295    2.83333   21  956    5.00000    1.58333  68.3%  1051 1048s
  2839  2307    2.03333   22  955    5.00000    1.58333  68.3%  1054 1054s
  2863  2323    2.03333   23  950    5.00000    1.58333  68.3%  1057 1058s
  2887  2337    2.83333   23  882    5.00000    1.58333  68.3%  1059 1063s
  2911  2355    2.03333   24 1031    5.00000    1.58333  68.3%  1059 1068s
  2940  2369    2.03333   25  948    5.00000    1.58333  68.3%  1061 1075s
  2967  2392    2.03333   26  948    5.00000    1.58333  68.3%  1067 1082s
  3001  2404    2.03333   27  929    5.00000    1.58333  68.3%  1067 1090s
  3030  2408    2.70000   28  903    5.00000    1.58333  68.3%  1074 1095s
  3059  2417    2.70000   29  853    5.00000    1.58333  68.3%  1080 1103s
  3087  2428    2.31667   30  916    5.00000    1.58333  68.3%  1090 1108s
  3115  2439    2.32500   31  899    5.00000    1.58333  68.3%  1099 1116s
  3145  2454    2.82500   32  919    5.00000    1.58333  68.3%  1106 1122s
  3177  2459    2.82500   33  898    5.00000    1.58333  68.3%  1112 1129s
  3216  2467    3.49167   34  888    5.00000    1.58333  68.3%  1120 1138s
  3268  2474     cutoff   35         5.00000    1.58333  68.3%  1126 1146s
  3312  2490     cutoff   36         5.00000    1.58333  68.3%  1136 1154s
  3352  2509     cutoff   38         5.00000    1.58333  68.3%  1142 1164s
  3413  2539    3.73974   41 1121    5.00000    1.58333  68.3%  1144 1172s
  3473  2555    3.94175   43 1197    5.00000    1.58333  68.3%  1145 1181s
  3542  2538    2.25000   20  806    5.00000    1.58333  68.3%  1148 1192s
  3606  2506    3.25000   21  801    5.00000    1.58333  68.3%  1155 1201s
  3662  2503    3.91667   22  880    5.00000    1.58333  68.3%  1165 1212s
  3710  2496    3.58333   23  885    5.00000    1.58333  68.3%  1180 1222s
  3768  2490     cutoff   25         5.00000    1.58333  68.3%  1193 1238s
  3825  2473     cutoff   24         5.00000    1.83333  63.3%  1208 1251s
  3881  2461    3.50000   22  948    5.00000    1.83333  63.3%  1225 1263s
  3941  2453    3.58333   23  981    5.00000    1.83333  63.3%  1242 1657s
  3961  2450    3.75000   24  974    5.00000    1.83333  63.3%  1246 1670s
  4034  2445    3.58333   24  948    5.00000    1.83333  63.3%  1259 1685s
  4116  2413     cutoff   25         5.00000    1.83333  63.3%  1270 1699s
  4191  2403     cutoff   26         5.00000    2.25000  55.0%  1283 1713s
  4265  2374    3.41667   29  856    5.00000    2.25000  55.0%  1296 1725s
  4351  2317    2.75000   22  889    5.00000    2.25000  55.0%  1311 1739s
  4456  2284    3.91667   25  938    5.00000    2.41667  51.7%  1323 1754s
  4529  2263    3.58333   22  867    5.00000    2.50000  50.0%  1344 1770s
  4632  2220    3.41667   24  929    5.00000    2.50000  50.0%  1357 1786s
  4749  2170    3.91667   24  930    5.00000    2.58333  48.3%  1369 1800s
  4861  2101    3.01667   26  974    5.00000    2.66667  46.7%  1382 1816s
  4966  2053    3.50833   28 1073    5.00000    2.72917  45.4%  1401 1837s
  5067  1995     cutoff   25         5.00000    2.83333  43.3%  1423 1856s
  5162  1939    4.00000   28  891    5.00000    2.90000  42.0%  1445 1875s
  5273  1849    3.96667   28 1137    5.00000    2.98333  40.3%  1464 1894s
  5372  1739     cutoff   27         5.00000    3.08333  38.3%  1489 1916s
  5480  1631    3.58333   27  979    5.00000    3.16667  36.7%  1512 1938s
  5621  1465     cutoff   22         5.00000    3.25000  35.0%  1531 1963s
  5804  1267     cutoff   25         5.00000    3.58333  28.3%  1542 2120s
  5951  1113     cutoff   23         5.00000    3.58333  28.3%  1529 2139s

Cutting planes:
  Gomory: 6
  Cover: 7
  Projected implied bound: 10
  MIR: 15
  StrongCG: 2
  Flow cover: 32
  GUB cover: 5
  Inf proof: 8
  Zero half: 35
  RLT: 12
  Relax-and-lift: 48

Explored 6085 nodes (9734502 simplex iterations) in 2139.97 seconds (3684.82 work units)
Thread count was 16 (of 18 available processors)

Solution count 10: 5 6 11 ... 57

Optimal solution found (tolerance 1.00e-04)
Best objective 5.000000000000e+00, best bound 5.000000000000e+00, gap 0.0000%
---------------------------------------------------------------------------

Multi-objectives: optimize objective 3 () ...
---------------------------------------------------------------------------


Loaded user MIP start with objective 8600.1

Presolve removed 0 rows and 82477 columns
Presolve time: 0.74s
Presolved: 2747 rows, 77111 columns, 639087 nonzeros
Variable types: 0 continuous, 77111 integer (77055 binary)
Deterministic concurrent LP optimizer: primal simplex, dual simplex, and barrier
Showing barrier log only...

Root barrier log...

Ordering time: 0.14s

Barrier statistics:
 AA' NZ     : 2.506e+05
 Factor NZ  : 7.621e+05 (roughly 40 MB of memory)
 Factor Ops : 2.833e+08 (less than 1 second per iteration)
 Threads    : 14

                  Objective                Residual
Iter       Primal          Dual         Primal    Dual     Compl     Time
   0   4.65355122e+07 -2.01286537e+07  1.12e+05 1.17e+02  3.78e+03  2142s
   1   1.60275053e+07 -1.94727833e+07  3.87e+04 1.35e+02  1.38e+03  2142s
   2   5.30841473e+06 -1.64654162e+07  1.28e+04 4.37e+01  4.97e+02  2142s
   3   1.42900838e+06 -1.09161850e+07  3.45e+03 7.75e+00  1.61e+02  2142s
   4   5.80019831e+05 -8.07069567e+06  1.38e+03 4.94e+00  8.54e+01  2142s
   5   3.64848072e+05 -3.90468399e+06  8.63e+02 1.32e+00  4.39e+01  2142s
   6   1.24095432e+05 -2.15975927e+06  2.80e+02 2.70e-01  1.97e+01  2142s
   7   5.35988990e+04 -8.76211158e+05  1.10e+02 1.78e-01  7.76e+00  2142s
   8   2.01748134e+04 -3.65658550e+05  2.95e+01 1.47e-02  2.93e+00  2142s
   9   1.05049957e+04 -2.04407298e+05  7.12e+00 2.50e-12  1.50e+00  2142s
  10   8.77623250e+03 -1.48362694e+05  3.78e+00 2.27e-12  1.08e+00  2142s
  11   7.25127451e+03 -1.06916809e+05  1.75e+00 1.59e-12  7.69e-01  2142s
  12   6.88846579e+03 -6.39732246e+04  1.33e+00 9.09e-13  4.83e-01  2142s
  13   6.18471020e+03 -3.21081641e+04  6.43e-01 1.36e-12  2.59e-01  2142s
  14   5.56598749e+03 -7.01527033e+03  2.29e-01 2.73e-12  8.56e-02  2142s
  15   5.38256276e+03 -1.26978580e+03  1.66e-01 1.36e-12  4.63e-02  2142s
  16   5.26052769e+03  6.08110212e+02  1.21e-01 1.36e-12  3.25e-02  2142s
  17   5.11416948e+03  2.30572242e+03  7.69e-02 1.59e-12  1.97e-02  2142s
  18   5.05537601e+03  2.78525929e+03  5.94e-02 1.36e-12  1.59e-02  2142s
  19   5.02397375e+03  3.39761891e+03  5.05e-02 2.27e-12  1.16e-02  2142s
  20   4.96443306e+03  4.12558387e+03  3.36e-02 1.63e-12  6.16e-03  2142s
  21   4.91995584e+03  4.34097839e+03  2.10e-02 2.19e-12  4.21e-03  2142s
  22   4.90165341e+03  4.69008962e+03  1.55e-02 6.37e-12  1.72e-03  2142s
  23   4.87811255e+03  4.75449138e+03  7.65e-03 8.19e-12  9.74e-04  2142s
  24   4.86076188e+03  4.82665884e+03  1.80e-03 4.55e-12  2.63e-04  2142s
  25   4.85554030e+03  4.85350100e+03  2.04e-04 3.18e-12  1.81e-05  2142s
  26   4.85486197e+03  4.85479356e+03  2.72e-07 4.38e-09  4.48e-07  2142s
  27   4.85486064e+03  4.85486055e+03  4.61e-09 3.64e-12  6.90e-10  2142s
  28   4.85486062e+03  4.85486062e+03  7.69e-12 7.61e-12  1.83e-14  2142s

Barrier solved model in 28 iterations and 2142.13 seconds (3687.55 work units)
Optimal objective 4.85486062e+03


Root crossover log...

     758 DPushes remaining with DInf 0.0000000e+00              2143s
       0 DPushes remaining with DInf 0.0000000e+00              2143s

     451 PPushes remaining with PInf 0.0000000e+00              2143s
       0 PPushes remaining with PInf 0.0000000e+00              2143s

  Push phase complete: Pinf 0.0000000e+00, Dinf 1.8879120e-11   2143s


Root simplex log...

Iteration    Objective       Primal Inf.    Dual Inf.      Time
    1019    4.8548606e+03   0.000000e+00   0.000000e+00   2143s

Solved with barrier
    1019    4.8548606e+03   0.000000e+00   0.000000e+00   2143s

Root relaxation: objective 4.854861e+03, 1019 iterations, 1.66 seconds (1.57 work units)
Total elapsed time = 2145.88s (DegenMoves)

    Nodes    |    Current Node    |     Objective Bounds      |     Work
 Expl Unexpl |  Obj  Depth IntInf | Incumbent    BestBd   Gap | It/Node Time

     0     0 4854.86062    0  910 8600.09846 4854.86062  43.5%     - 2151s
H    0     0                    8502.3252458 4854.86062  42.9%     - 2152s
H    0     0                    8359.3095355 4892.65302  41.5%     - 2153s
     0     0 4892.65302    0 1059 8359.30954 4892.65302  41.5%     - 2158s
     0     0 4935.29407    0 1125 8359.30954 4935.29407  41.0%     - 2163s
     0     0 4935.29407    0 1112 8359.30954 4935.29407  41.0%     - 2164s
     0     0 4958.11460    0 1096 8359.30954 4958.11460  40.7%     - 2174s
     0     0 4958.96493    0 1091 8359.30954 4958.96493  40.7%     - 2175s
     0     0 5037.54362    0 1159 8359.30954 5037.54362  39.7%     - 2181s
     0     0 5037.56256    0 1150 8359.30954 5037.56256  39.7%     - 2182s
     0     0 5074.27014    0 1197 8359.30954 5074.27014  39.3%     - 2185s
     0     0 5086.11658    0 1170 8359.30954 5086.11658  39.2%     - 2187s
     0     0 5088.20098    0 1163 8359.30954 5088.20098  39.1%     - 2188s
     0     0 5088.20098    0 1164 8359.30954 5088.20098  39.1%     - 2188s
     0     0 5139.13514    0 1077 8359.30954 5139.13514  38.5%     - 2191s
     0     0 5145.52198    0 1141 8359.30954 5145.52198  38.4%     - 2194s
     0     0 5145.59711    0 1105 8359.30954 5145.59711  38.4%     - 2194s
     0     0 5145.59711    0 1105 8359.30954 5145.59711  38.4%     - 2194s
H    0     0                    8289.0618423 5222.77198  37.0%     - 2197s
H    0     0                    8219.1713729 5222.77198  36.5%     - 2197s
     0     0 5222.77198    0 1124 8219.17137 5222.77198  36.5%     - 2198s
     0     0 5222.77198    0 1114 8219.17137 5222.77198  36.5%     - 2201s
     0     0 5237.12271    0 1072 8219.17137 5237.12271  36.3%     - 2203s
     0     0 5237.12271    0 1067 8219.17137 5237.12271  36.3%     - 2205s
     0     0 5246.22881    0 1091 8219.17137 5246.22881  36.2%     - 2207s
     0     0 5246.22881    0 1093 8219.17137 5246.22881  36.2%     - 2208s
     0     0 5246.22881    0 1067 8219.17137 5246.22881  36.2%     - 2208s
H    0     0                    8168.9759508 5246.31157  35.8%     - 2214s
     0     0 5246.31157    0  928 8168.97595 5246.31157  35.8%     - 2214s
H    0     0                    8138.8281195 5246.31157  35.5%     - 2215s
     0     0 5246.31157    0  936 8138.82812 5246.31157  35.5%     - 2216s
     0     0 5246.31157    0  840 8138.82812 5246.31157  35.5%     - 2222s
     0     0 5246.31157    0  840 8138.82812 5246.31157  35.5%     - 2223s
     0     0 5246.45942    0  783 8138.82812 5246.45942  35.5%     - 2240s
H    0     0                    8120.8867988 5246.45942  35.4%     - 2240s
     0     0 5246.45942    0 1023 8120.88680 5246.45942  35.4%     - 2244s
     0     0 5246.45942    0 1026 8120.88680 5246.45942  35.4%     - 2250s
     0     0 5279.14365    0 1068 8120.88680 5279.14365  35.0%     - 2251s
     0     0 5283.18446    0  875 8120.88680 5283.18446  34.9%     - 2252s
     0     0 5285.95256    0 1102 8120.88680 5285.95256  34.9%     - 2253s
     0     0 5285.95256    0 1098 8120.88680 5285.95256  34.9%     - 2253s
     0     0 5432.04818    0 1105 8120.88680 5432.04818  33.1%     - 2257s
     0     0 5432.92360    0 1131 8120.88680 5432.92360  33.1%     - 2257s
     0     0 5458.32371    0 1176 8120.88680 5458.32371  32.8%     - 2260s
     0     0 5461.36207    0 1175 8120.88680 5461.36207  32.7%     - 2261s
     0     0 5461.36207    0 1173 8120.88680 5461.36207  32.7%     - 2261s
     0     0 5462.87489    0 1143 8120.88680 5462.87489  32.7%     - 2262s
     0     0 5463.32599    0 1120 8120.88680 5463.32599  32.7%     - 2263s
     0     0 5463.32599    0 1112 8120.88680 5463.32599  32.7%     - 2263s
     0     0 5463.55519    0 1137 8120.88680 5463.55519  32.7%     - 2263s
     0     0 5463.66083    0 1138 8120.88680 5463.66083  32.7%     - 2264s
     0     0 5464.08220    0 1153 8120.88680 5464.08220  32.7%     - 2265s
H    0     0                    8078.3721499 5464.08220  32.4%     - 2265s
     0     0 5464.08220    0 1146 8078.37215 5464.08220  32.4%     - 2265s
     0     0 5464.88924    0 1151 8078.37215 5464.88924  32.4%     - 2266s
     0     0 5464.88924    0  949 8078.37215 5464.88924  32.4%     - 2268s
     0     2 5464.93160    0  949 8078.37215 5464.93160  32.4%     - 2272s
     1     4 6047.54949    1  728 8078.37215 5482.97797  32.1% 21634 2277s
     7    16 6052.57930    3  812 8078.37215 5722.54226  29.2%  5203 2282s
    15    32 6063.75612    4  798 8078.37215 5723.91216  29.1%  3290 2285s
    31    48 6066.46099    5  822 8078.37215 5723.91216  29.1%  2418 2290s
H   34    48                    8034.9624689 5723.91216  28.8%  2226 2290s
H   34    48                    8012.0698671 5723.91216  28.6%  2226 2290s
H   37    48                    7907.5291513 5723.91216  27.6%  2112 2290s
H   79    96                    7215.2637108 5723.91216  20.7%  1695 2364s
H   82    96                    7162.4291248 5723.91216  20.1%  1672 2364s
H   86    96                    7126.9322016 5723.91216  19.7%  1657 2364s
H   92    96                    7042.7095322 5723.91216  18.7%  1625 2364s
    95   114 6078.15134    7  814 7042.70953 5723.91216  18.7%  1614 2366s
   134   155 6080.81911    8  642 7042.70953 5723.91216  18.7%  1623 2371s
   199   229 6103.47554   12  650 7042.70953 5723.91216  18.7%  1525 2377s
   255   288 6115.28942   17  588 7042.70953 5723.91216  18.7%  1394 2380s
   320   357 6120.34636   20  429 7042.70953 5723.91216  18.7%  1305 2385s
   395   415 6189.09431   26  405 7042.70953 5723.91216  18.7%  1242 2417s
H  401   415                    6937.4345733 5723.91216  17.5%  1238 2417s
H  425   429                    6895.3339333 5723.91216  17.0%  1233 2526s
H  427   429                    6842.6051616 5723.91216  16.3%  1230 2526s
   484   497 6143.89744   30  540 6842.60516 5723.91216  16.3%  1203 2532s
   582   603 6300.88478   39  490 6842.60516 5723.91216  16.3%  1148 2537s
   637   659 6248.27349   43  465 6842.60516 5723.91216  16.3%  1119 2540s
   749   748 6504.23142   50  516 6842.60516 5723.91216  16.3%  1098 2547s
   808   798 6784.49704   55  377 6842.60516 5724.85417  16.3%  1083 2551s
   888   851 5844.67730    7  766 6842.60516 5726.60887  16.3%  1062 2556s
  1022   891 5995.08582   11  805 6842.60516 5726.60887  16.3%  1034 2566s
  1089   926 6041.03763   13  844 6842.60516 5726.60887  16.3%  1047 2570s
  1192   996 6160.47808   19  812 6842.60516 5726.60887  16.3%  1073 2577s
  1237  1039 6240.97169   22  891 6842.60516 5726.60887  16.3%  1090 2584s
  1291  1092 6273.29880   24  822 6842.60516 5726.60887  16.3%  1106 2591s
  1355  1161 6313.55371   27  733 6842.60516 5726.60887  16.3%  1117 2596s
  1436  1192 infeasible   28      6842.60516 5726.60887  16.3%  1110 2602s
  1502  1238     cutoff   29      6842.60516 5726.60887  16.3%  1115 2608s
  1570  1277     cutoff   38      6842.60516 5731.53915  16.2%  1116 2612s
  1647  1322 6106.90120    9  840 6842.60516 5731.53915  16.2%  1117 2619s
  1716  1379 6145.94666   10  882 6842.60516 5731.53915  16.2%  1123 2625s
  1796  1443 6172.82689   11  882 6842.60516 5731.53915  16.2%  1123 2633s
  1886  1451 6298.30229   12 1062 6842.60516 5731.53915  16.2%  1136 2638s
  1954  1487     cutoff   13      6842.60516 5731.53915  16.2%  1147 2645s
  2033  1502 6366.16021   17  891 6842.60516 5731.53915  16.2%  1161 2651s
  2085  1527     cutoff   21      6842.60516 5731.53915  16.2%  1193 2657s
  2174  1533 6533.38219   32  889 6842.60516 5731.53915  16.2%  1205 2724s
  2216  1571     cutoff   35      6842.60516 5786.02767  15.4%  1218 2732s
  2311  1602 6097.19865    8  778 6842.60516 5786.02767  15.4%  1231 2741s
  2386  1641 6154.38830   11  710 6842.60516 5786.02767  15.4%  1264 2748s
  2469  1678 6614.21665   15  737 6842.60516 5786.02767  15.4%  1284 2756s
  2577  1733 6291.34618   15  670 6842.60516 5786.02767  15.4%  1290 2763s
  2684  1773 infeasible   19      6842.60516 5786.02767  15.4%  1294 2772s
  2791  1821 infeasible   17      6842.60516 5786.02767  15.4%  1308 2779s
  2888  1877 6696.25037   18  740 6842.60516 5802.67676  15.2%  1325 2786s
  3003  1946 6283.02983   13  819 6842.60516 5802.67676  15.2%  1333 2795s
  3136  2011 6474.95929   18  809 6842.60516 5832.94369  14.8%  1336 2804s
  3264  2012 6014.84480   12  840 6842.60516 5832.94369  14.8%  1345 2814s
  3266  2013 6289.28565   19  669 6842.60516 5832.94369  14.8%  1345 2830s
  3267  2014 5985.22752   11 1063 6842.60516 5832.94369  14.8%  1344 2835s
  3271  2017 6091.30256   10 1166 6842.60516 5832.94369  14.8%  1343 2840s
  3273  2018 6244.40423   22 1183 6842.60516 5832.94369  14.8%  1342 2845s
  3276  2020 6574.06798   23 1190 6842.60516 5832.94369  14.8%  1340 2850s
  3280  2023 6543.55193   29 1225 6842.60516 5832.94369  14.8%  1339 2856s
  3284  2025 6363.60729   37 1155 6842.60516 5844.21687  14.6%  1337 2862s
  3286  2027 5854.81476   10 1200 6842.60516 5846.98038  14.6%  1336 2865s
  3289  2029 6208.05639   25 1227 6842.60516 5868.45441  14.2%  1335 2870s
  3293  2031 6288.64589   29 1091 6842.60516 5869.10087  14.2%  1334 2882s
  3294  2035 6226.69860   11  749 6842.60516 5869.39290  14.2%  1377 2893s
  3296  2038 6231.25069   12  784 6842.60516 6197.61078  9.43%  1380 2896s
  3300  2045 6273.84517   13  780 6842.60516 6203.56282  9.34%  1380 2900s
  3308  2058 6274.62947   14  769 6842.60516 6222.18506  9.07%  1383 2908s
  3324  2069 6284.35793   15  628 6842.60516 6226.21009  9.01%  1398 2926s
  3356  2090 6284.35793   16  600 6842.60516 6239.71375  8.81%  1457 2933s
  3372  2101 6288.02213   16  586 6842.60516 6241.60818  8.78%  1458 3054s
H 3377  1996                    6834.2399620 6241.92402  8.67%  1458 3054s
  3388  2019 6320.19507   17  558 6834.23996 6242.69535  8.66%  1459 3057s
  3414  2034 6295.74815   18  573 6834.23996 6242.69535  8.66%  1455 3061s
  3440  2049 6315.52469   19  549 6834.23996 6244.37740  8.63%  1454 3065s
  3464  2067 6321.16769   20  548 6834.23996 6244.37740  8.63%  1453 3070s
  3519  2107 6328.87946   22  536 6834.23996 6244.37740  8.63%  1455 3076s
  3587  2156 6373.71269   25  481 6834.23996 6244.37740  8.63%  1449 3083s
  3626  2188 6557.58758   26  366 6834.23996 6244.37740  8.63%  1445 3087s
  3671  2215 6394.48037   28  511 6834.23996 6244.37740  8.63%  1440 3091s
  3767  2267 6571.91246   33  420 6834.23996 6244.37740  8.63%  1431 3097s
  3820  2283 6613.78200   35  294 6834.23996 6244.37740  8.63%  1424 3101s
  3876  2299 6715.95672   38  408 6834.23996 6244.37740  8.63%  1416 3105s
  3926  2304 6718.06602   40  406 6834.23996 6244.37740  8.63%  1415 3111s
  3964  2319 6754.23287   44  425 6834.23996 6244.37740  8.63%  1417 3116s
  4070  2321 6473.18332   17  782 6834.23996 6245.46366  8.62%  1417 3123s
  4117  2325 6541.93680   19  766 6834.23996 6245.46366  8.62%  1417 3128s
  4164  2307 6675.04426   23  740 6834.23996 6247.97850  8.58%  1421 3131s
  4199  2310 6348.05629   20  809 6834.23996 6254.65970  8.48%  1429 3136s
  4229  2316 6376.63855   22  726 6834.23996 6254.65970  8.48%  1439 3141s
  4273  2323 6401.73754   24 1019 6834.23996 6254.65970  8.48%  1449 3147s
  4339  2302 6482.40022   26  753 6834.23996 6254.65970  8.48%  1451 3154s
  4396  2308 6548.82071   28  677 6834.23996 6254.65970  8.48%  1457 3160s
  4457  2330     cutoff   30      6834.23996 6254.65970  8.48%  1455 3166s
  4548  2343 6605.25884   28  591 6834.23996 6254.65970  8.48%  1450 3172s
  4639  2339 6808.62962   36  595 6834.23996 6285.25274  8.03%  1444 3180s
  4732  2364 6344.30896   20  969 6834.23996 6285.25274  8.03%  1447 3187s
  4814  2404 6399.00162   22 1134 6834.23996 6285.25274  8.03%  1451 3192s
  4911  2435 6399.56741   23  954 6834.23996 6285.25274  8.03%  1446 3211s
  5021  2454 6519.76413   26 1013 6834.23996 6285.25274  8.03%  1442 3218s
  5129  2457 infeasible   29      6834.23996 6285.25274  8.03%  1441 3227s
  5249  2466 infeasible   29      6834.23996 6288.21273  7.99%  1435 3236s
  5376  2502 6600.98745   28  534 6834.23996 6305.28534  7.74%  1434 3247s
  5568  2514 6372.03615   17  600 6834.23996 6305.28534  7.74%  1418 3255s
  5749  2563 6516.26774   27  426 6834.23996 6307.74896  7.70%  1404 3263s
  5953  2570 6510.54575   29  606 6834.23996 6318.81400  7.54%  1389 3273s
  6209  2569     cutoff   36      6834.23996 6324.86722  7.45%  1365 3281s
  6437  2611 6425.18245   20  602 6834.23996 6325.84442  7.44%  1349 3289s
  6518  2584 6680.96906   24  976 6834.23996 6325.84442  7.44%  1343 3290s
  6657  2669 6623.14335   31  513 6834.23996 6330.56294  7.37%  1337 3300s
  6922  2677 6715.44899   31  583 6834.23996 6338.11119  7.26%  1319 3314s
  7157  2686 6708.59129   33  510 6834.23996 6341.68698  7.21%  1310 3322s
  7356  2653 6677.00454   31  505 6834.23996 6344.30896  7.17%  1304 3331s
  7586  2652 6807.85287   38  598 6834.23996 6349.23067  7.10%  1296 3340s
  7809  2656     cutoff   36      6834.23996 6352.82269  7.04%  1295 3351s
  8100  2691 6706.45495   31  472 6834.23996 6356.88868  6.98%  1284 3362s
  8416  2708 6570.48796   28  567 6834.23996 6364.36550  6.88%  1272 3373s
  8727  2711 6526.28622   21  817 6834.23996 6378.20537  6.67%  1263 3384s
  9006  2736     cutoff   25      6834.23996 6384.54449  6.58%  1259 3398s
  9371  2789 6646.94923   23 1012 6834.23996 6393.00317  6.46%  1247 3418s
  9653  2879     cutoff   28      6834.23996 6394.52634  6.43%  1241 3433s
  9998  2983     cutoff   22      6834.23996 6402.86938  6.31%  1234 3445s
 10372  3085 6781.02402   33  515 6834.23996 6413.55208  6.16%  1228 3460s
 10773  3211 6719.24123   31  474 6834.23996 6421.42681  6.04%  1220 3475s
 11117  3326 6694.88443   25  522 6834.23996 6427.07776  5.96%  1217 3488s
 11504  3463 6705.25260   27  558 6834.23996 6432.26951  5.88%  1213 3505s
 11962  3563 6639.27683   30  735 6834.23996 6440.50382  5.76%  1204 3524s
 12365  3673     cutoff   36      6834.23996 6446.82347  5.67%  1201 3539s
 12860  3773 6683.18092   24  658 6834.23996 6454.55671  5.56%  1194 3555s
 13347  3834     cutoff   30      6834.23996 6461.45773  5.45%  1188 3571s
 13822  3912 infeasible   26      6834.23996 6466.86601  5.38%  1187 3587s
 14359  4004 6813.52862   28  715 6834.23996 6475.26202  5.25%  1182 3615s
 14855  4178     cutoff   41      6834.23996 6479.70458  5.19%  1175 3633s
 15516  4225 6733.17467   29  535 6834.23996 6489.56746  5.04%  1164 3651s
 16016  4300 infeasible   29      6834.23996 6498.50100  4.91%  1167 3670s
*16632  4293              36    6831.4803661 6509.46403  4.71%  1162 3670s
 16638  4282 6743.61024   24  585 6831.48037 6509.46403  4.71%  1162 3734s
 16710  4339 6755.99868   26  619 6831.48037 6509.69155  4.71%  1162 3756s
 17045  4382     cutoff   29      6831.48037 6513.14269  4.66%  1158 3779s
 17790  4438     cutoff   29      6831.48037 6523.70726  4.51%  1153 3806s
 18409  4499 6664.91457   22  544 6831.48037 6534.13174  4.35%  1152 3827s
 19210  4612 infeasible   23      6831.48037 6547.87013  4.15%  1146 3848s
 20020  4671 6787.60541   37  468 6831.48037 6557.58758  4.01%  1141 3870s
 20828  4768     cutoff   33      6831.48037 6566.65754  3.88%  1139 3903s
 21928  4774     cutoff   23      6831.48037 6576.46262  3.73%  1129 3921s
 22627  4802 6792.08257   29  444 6831.48037 6585.12347  3.61%  1123 3941s
 23438  4793     cutoff   23      6831.48037 6593.14341  3.49%  1118 3962s
 24312  4816     cutoff   35      6831.48037 6602.81102  3.35%  1111 3983s
 25129  4798     cutoff   27      6831.48037 6609.87041  3.24%  1104 4006s
 26092  4704 6797.98585   31  489 6831.48037 6622.05630  3.07%  1098 4029s
 26935  4543 6830.69005   31  535 6831.48037 6630.55084  2.94%  1095 4059s
 27060  4543 6742.93430   24  787 6831.48037 6631.17884  2.93%  1095 4060s
 27780  4379 6790.77218   26  704 6831.48037 6638.48804  2.83%  1095 4086s
 28730  4027 6753.31248   33  385 6831.48037 6650.69858  2.65%  1094 4109s
 29449  3671 infeasible   28      6831.48037 6663.42285  2.46%  1103 4168s
 30200  3217 infeasible   25      6831.48037 6677.07824  2.26%  1111 4201s
 31103  2592 infeasible   25      6831.48037 6693.78565  2.02%  1118 4239s
 32091  1793     cutoff   29      6831.48037 6713.06183  1.73%  1124 4284s
 32471  1793     cutoff   22      6831.48037 6715.18870  1.70%  1123 4285s
 33267   807 6812.12025   32  458 6831.48037 6735.06866  1.41%  1122 4312s
 34384     0     cutoff   23      6831.48037 6781.01109  0.74%  1115 4325s

Cutting planes:
  Gomory: 26
  Cover: 33
  MIR: 36
  StrongCG: 3
  Flow cover: 48
  GUB cover: 5
  Inf proof: 44
  Zero half: 124
  RLT: 40
  Relax-and-lift: 1

Explored 35212 nodes (38819761 simplex iterations) in 4326.81 seconds (7948.09 work units)
Thread count was 16 (of 18 available processors)

Solution count 10: 6831.48 6834.24 6842.61 ... 7907.53

Optimal solution found (tolerance 1.00e-04)
Best objective 6.831480366077e+03, best bound 6.831480366077e+03, gap 0.0000%
---------------------------------------------------------------------------

Multi-objectives: optimize objective 4 () ...
---------------------------------------------------------------------------


Loaded user MIP start with objective 1744.59

Presolve removed 0 rows and 82477 columns
Presolve time: 0.78s
Presolved: 2748 rows, 77111 columns, 674801 nonzeros
Variable types: 0 continuous, 77111 integer (77055 binary)
Deterministic concurrent LP optimizer: primal simplex, dual simplex, and barrier
Showing barrier log only...

Root barrier log...

Ordering time: 0.14s

Barrier statistics:
 AA' NZ     : 2.522e+05
 Factor NZ  : 7.644e+05 (roughly 40 MB of memory)
 Factor Ops : 2.847e+08 (less than 1 second per iteration)
 Threads    : 14

                  Objective                Residual
Iter       Primal          Dual         Primal    Dual     Compl     Time
   0   2.48794991e+08 -3.71086122e+07  3.33e+06 2.95e+01  1.42e+04  4329s
   1   1.16990688e+08 -3.56674268e+07  1.57e+06 3.96e+01  6.82e+03  4329s
   2   6.32685390e+07 -3.19993669e+07  8.47e+05 1.57e+01  3.74e+03  4329s
   3   9.92687930e+06 -2.21727231e+07  1.33e+05 5.12e-13  6.95e+02  4329s
   4   1.31841399e+06 -8.40151099e+06  1.79e+04 1.60e-11  1.19e+02  4329s
   5   5.93404148e+05 -3.23199171e+06  8.20e+03 3.30e-12  4.54e+01  4329s
   6   2.57332877e+05 -2.33189210e+06  3.56e+03 2.31e-12  2.52e+01  4329s
   7   1.61532464e+05 -1.20799317e+06  2.23e+03 1.29e-12  1.35e+01  4329s
   8   1.08345385e+05 -7.52946776e+05  1.49e+03 5.45e-13  8.48e+00  4329s
   9   5.67769428e+04 -5.24980901e+05  7.68e+02 2.99e-11  5.20e+00  4329s
  10   5.30933360e+04 -4.18354778e+05  7.17e+02 4.66e-11  4.35e+00  4329s
  11   5.02764305e+04 -3.55783551e+05  6.77e+02 6.34e-11  3.84e+00  4329s
  12   3.05391584e+04 -2.50200174e+05  4.01e+02 2.04e-10  2.52e+00  4329s
  13   2.03145814e+04 -1.55582225e+05  2.58e+02 1.44e-10  1.60e+00  4329s
  14   1.48831581e+04 -1.40353238e+05  1.83e+02 1.18e-10  1.33e+00  4329s
  15   1.11132971e+04 -9.11651183e+04  1.32e+02 3.41e-11  8.99e-01  4329s
  16   8.43560576e+03 -6.33739603e+04  9.67e+01 9.55e-12  6.40e-01  4329s
  17   5.38072684e+03 -4.73926141e+04  5.72e+01 2.50e-11  4.45e-01  4329s
  18   4.40851264e+03 -2.92929818e+04  4.52e+01 2.24e-11  2.99e-01  4329s
  19   2.17698840e+03 -1.65762291e+04  1.84e+01 7.28e-12  1.55e-01  4329s
  20   1.31318315e+03 -9.90173691e+03  9.16e+00 1.59e-12  8.88e-02  4329s
  21   7.73930332e+02 -7.23765590e+03  4.08e+00 1.93e-12  5.89e-02  4329s
  22   6.74008128e+02 -4.35574676e+03  3.30e+00 4.92e-13  3.81e-02  4329s
  23   5.14902129e+02 -3.79692174e+03  2.18e+00 6.63e-13  3.16e-02  4329s
  24   4.07743325e+02 -2.60779465e+03  1.49e+00 4.55e-12  2.20e-02  4329s
  25   2.90623948e+02 -1.80402287e+03  7.62e-01 5.68e-12  1.48e-02  4329s
  26   2.31014934e+02 -1.60169172e+03  4.41e-01 6.37e-12  1.26e-02  4329s
  27   1.82237300e+02 -1.18755208e+03  2.18e-01 3.18e-12  9.30e-03  4329s
  28   1.62122498e+02 -9.95852239e+02  1.44e-01 5.91e-12  7.81e-03  4329s
  29   1.29465763e+02 -7.95850107e+02  5.21e-02 1.18e-11  6.15e-03  4329s
  30   1.06810304e+02 -4.54949666e+02  8.33e-03 1.64e-11  3.75e-03  4329s
  31   8.22233460e+01 -2.81903665e+02  1.06e-03 4.09e-12  2.41e-03  4329s
  32   7.41547352e+01 -1.69566016e+02  7.24e-04 2.27e-12  1.62e-03  4329s
  33   6.63761400e+01 -7.23093252e+01  4.28e-04 1.82e-12  9.23e-04  4329s
  34   6.08499517e+01 -2.22124333e+01  2.36e-04 6.37e-12  5.53e-04  4329s
  35   5.99772724e+01  1.13152253e+01  2.31e-04 1.36e-12  3.31e-04  4329s
  36   5.66810523e+01  3.19005915e+01  1.02e-04 7.28e-12  1.68e-04  4329s
  37   5.50316737e+01  4.13171916e+01  5.02e-05 1.09e-11  9.28e-05  4329s
  38   5.41270743e+01  4.44198593e+01  2.47e-05 1.36e-12  6.48e-05  4329s
  39   5.38788058e+01  4.70668732e+01  1.69e-05 2.73e-12  4.55e-05  4329s
  40   5.33122042e+01  5.23017351e+01  6.90e-07 7.28e-12  6.59e-06  4330s
  41   5.32534846e+01  5.31146780e+01  2.26e-07 5.46e-12  9.27e-07  4330s
  42   5.32417408e+01  5.31709309e+01  1.34e-07 1.36e-11  4.78e-07  4330s
  43   5.32249362e+01  5.32235109e+01  8.01e-09 2.73e-11  1.00e-08  4330s
  44   5.32242638e+01  5.32242637e+01  1.34e-11 4.16e-11  7.70e-13  4330s

Barrier solved model in 44 iterations and 4329.60 seconds (7951.43 work units)
Optimal objective 5.32242638e+01


Root crossover log...

     765 DPushes remaining with DInf 0.0000000e+00              4330s
       0 DPushes remaining with DInf 0.0000000e+00              4330s

    9644 PPushes remaining with PInf 0.0000000e+00              4330s
       0 PPushes remaining with PInf 0.0000000e+00              4330s

  Push phase complete: Pinf 0.0000000e+00, Dinf 9.5853941e-12   4330s


Root simplex log...

Iteration    Objective       Primal Inf.    Dual Inf.      Time
   10367    5.3224264e+01   0.000000e+00   0.000000e+00   4330s

Solved with barrier
   10367    5.3224264e+01   0.000000e+00   0.000000e+00   4330s

Root relaxation: objective 5.322426e+01, 10367 iterations, 1.83 seconds (1.86 work units)
Total elapsed time = 4339.11s (DegenMoves)
Total elapsed time = 4343.84s (DegenMoves)
Total elapsed time = 4349.41s (DegenMoves)
Total elapsed time = 4353.04s (DegenMoves)

    Nodes    |    Current Node    |     Objective Bounds      |     Work
 Expl Unexpl |  Obj  Depth IntInf | Incumbent    BestBd   Gap | It/Node Time

     0     0   53.22426    0 1089 1744.59147   53.22426  96.9%     - 4357s
H    0     0                    1498.7757652   53.22426  96.4%     - 4358s
     0     0   53.89559    0 1500 1498.77577   53.89559  96.4%     - 4375s
     0     0   54.61042    0 1412 1498.77577   54.61042  96.4%     - 4380s
     0     0   54.80018    0 1315 1498.77577   54.80018  96.3%     - 4382s
     0     0   55.30643    0 1413 1498.77577   55.30643  96.3%     - 4389s
H    0     0                    1421.3533714   55.30655  96.1%     - 4390s
     0     0   55.49867    0 1494 1421.35337   55.49867  96.1%     - 4392s
     0     0   55.50156    0 1442 1421.35337   55.50156  96.1%     - 4392s
     0     0   57.37147    0 1484 1421.35337   57.37147  96.0%     - 4399s
     0     0   57.48033    0 1434 1421.35337   57.48033  96.0%     - 4403s
     0     0   57.49559    0 1441 1421.35337   57.49559  96.0%     - 4404s
     0     0   57.49559    0 1440 1421.35337   57.49559  96.0%     - 4404s
     0     0   57.69071    0 1447 1421.35337   57.69071  95.9%     - 4406s
H    0     0                    1392.4037161   57.69856  95.9%     - 4406s
     0     0   57.69856    0 1465 1392.40372   57.69856  95.9%     - 4406s
     0     0   57.69856    0 1468 1392.40372   57.69856  95.9%     - 4407s
     0     0   57.70914    0 1446 1392.40372   57.70914  95.9%     - 4407s
     0     0   57.71338    0 1400 1392.40372   57.71338  95.9%     - 4412s
     0     2   57.71338    0 1400 1392.40372   57.71338  95.9%     - 4420s
     1     4   60.15024    1 1475 1392.40372   57.71338  95.9% 12520 4427s
     3     8   65.73056    2 1092 1392.40372   60.15361  95.7%  8399 4433s
     7    16   67.66876    3 1132 1392.40372   63.53972  95.4%  6383 4443s
    15    32   70.57654    4 1113 1392.40372   68.01703  95.1%  6143 4454s
    31    48   77.96757    5 1061 1392.40372   68.96307  95.0%  6592 4488s
H   34    48                    1367.4868657   68.97651  95.0%  7787 4488s
    47    64   83.08347    5 1127 1367.48687   68.97651  95.0% 10695 4494s
    63    80   79.18691    6 1017 1367.48687   68.97651  95.0% 10976 4499s
    79    96  101.46209    7 1104 1367.48687   68.97651  95.0%  9842 4542s
    95   117   80.30898    7  980 1367.48687   68.97651  95.0% 11521 4553s
   116   139   81.68725    9 1022 1367.48687   68.97651  95.0%  9888 4576s
   138   158   83.31991   11  999 1367.48687   68.97651  95.0%  8875 4582s
   157   178   86.49887   12 1071 1367.48687   68.97651  95.0%  8339 4604s
   177   207   92.14109   12 1183 1367.48687   68.97651  95.0%  8246 4612s
   206   238   87.73938   13 1184 1367.48687   68.97651  95.0%  9394 4637s
   237   262   99.24296   15 1061 1367.48687   68.97651  95.0% 10379 4644s
   261   293  106.93693   15 1115 1367.48687   68.97651  95.0%  9794 4673s
   292   322  100.75945   16  971 1367.48687   68.97651  95.0% 10557 4738s
   321   364  104.23502   19 1040 1367.48687   68.97651  95.0%  9839 4749s
   363   408  109.37615   24 1076 1367.48687   68.97651  95.0%  8967 4756s
   407   463  116.45298   28 1136 1367.48687   68.97651  95.0%  8197 4765s
   462   488  120.43505   34 1123 1367.48687   68.97651  95.0%  7413 4796s
H  467   488                    1367.4868172   68.97651  95.0%  7351 4796s
   487   548  122.76374   37 1141 1367.48682   68.97651  95.0%  7156 4806s
   547   604  133.61306   42 1160 1367.48682   68.97651  95.0%  6555 4819s
   603   650  135.87889   49 1144 1367.48682   68.97651  95.0%  6139 4832s
   649   669  146.18584   52 1022 1367.48682   68.97651  95.0%  5897 5041s
   668   725  146.48342   53 1021 1367.48682   68.97651  95.0%  5802 5060s
   724   794  198.05603   57 1059 1367.48682   68.97651  95.0%  5552 5075s
   793   872  163.50346   61 1089 1367.48682   68.97651  95.0%  5248 5088s
   871   902  178.59308   70 1041 1367.48682   68.97651  95.0%  4934 5121s
H  890   902                    1367.4867889   68.97651  95.0%  4879 5121s
   901   983  179.39592   71 1046 1367.48679   68.97651  95.0%  4845 5134s
   982  1086  187.27014   78 1086 1367.48679   68.97651  95.0%  4591 5146s
  1085  1177  218.35819   87  992 1367.48679   68.97651  95.0%  4291 5159s
  1176  1293  243.50408   98  985 1367.48679   68.97651  95.0%  4094 5174s
  1292  1411  269.69000  107 1015 1367.48679   68.97651  95.0%  3855 5187s
  1410  1536  306.76583  117  986 1367.48679   68.97651  95.0%  3648 5199s
  1535  1681  424.33727  131  865 1367.48679   68.97651  95.0%  3464 5216s
  1682  1805  644.92967  146  830 1367.48679   69.63079  94.9%  3275 5229s
  1820  1953  107.99899    6 1305 1367.48679   69.63079  94.9%  3132 5248s
  1996  2068  113.68230    9 1314 1367.48679   69.63079  94.9%  2946 5268s
H 1997  2068                    1367.4867507   69.63079  94.9%  2944 5268s
  2128  2231  124.74479   11 1427 1367.48675   69.63079  94.9%  2846 5282s
  2291  2356  131.63329   14 1355 1367.48675   69.63079  94.9%  2725 5302s
H 2409  2356                    1367.4867352   69.63079  94.9%  2645 5302s
  2416  2538  139.23585   18 1321 1367.48674   69.63079  94.9%  2644 5315s
  2616  2733  157.76567   20 1309 1367.48674   69.63079  94.9%  2511 5334s
  2831  2913  192.38078   24 1260 1367.48674   69.63079  94.9%  2399 5364s
  3019  3059  228.82054   29 1276 1367.48674   69.63079  94.9%  2327 5380s
  3170  3235  262.34035   31 1216 1367.48674   69.63079  94.9%  2281 5413s
  3386  3258  295.93432   39 1136 1367.48674   69.63079  94.9%  2208 5785s
  3413  3351  297.55901   40 1174 1367.48674   69.63079  94.9%  2202 5820s
H 3489  3351                    1367.4867281   69.63079  94.9%  2178 5820s
  3526  3564  424.82037   42 1079 1367.48673   69.63079  94.9%  2179 5842s
  3761  3735 infeasible   54      1367.48673   72.64770  94.7%  2118 5866s
  3981  3944   96.64918    7 1419 1367.48673   72.64770  94.7%  2081 5891s
  4225  3945   96.24565    7 1400 1367.48673   72.64770  94.7%  2026 5930s
  4227  3946  211.45009   56 1279 1367.48673   72.64770  94.7%  2025 5948s
H 4227  3748                    1367.4866765   72.64770  94.7%  2025 5962s
  4229  3750 1024.62131  386 1369 1367.48668   72.64770  94.7%  2024 5965s
  4231  3751  435.90924  173 1345 1367.48668   72.64770  94.7%  2023 5973s
  4232  3752  977.68767  372 1389 1367.48668   72.64770  94.7%  2022 5977s
  4233  3752  402.28788  120 1428 1367.48668   72.64770  94.7%  2022 5984s
  4234  3753  223.72664   91 1446 1367.48668   72.64770  94.7%  2022 5985s
  4237  3755  582.50840  132 1386 1367.48668   72.64770  94.7%  2020 5990s
  4238  3756  287.47764   61 1386 1367.48668   72.64770  94.7%  2020 6045s
  4239  3759   72.64770   14 1492 1367.48668   72.64770  94.7%  2028 6077s
  4241  3763   72.64770   15 1483 1367.48668   72.64770  94.7%  2030 6088s
  4245  3769   72.64770   16 1449 1367.48668   72.64770  94.7%  2033 6096s
  4253  3783   72.64770   17 1308 1367.48668   72.64770  94.7%  2037 6105s
H 4269  3605                    1367.4866712   72.64770  94.7%  2043 6148s
H 4271  3426                    1367.4866664   72.64770  94.7%  2052 6148s
H 4273  3256                    1367.4866512   72.64770  94.7%  2063 6148s
H 4277  3094                    1367.4866462   72.64770  94.7%  2085 6148s
  4285  3107   90.22137   18 1468 1367.48665   72.64770  94.7%  2142 6161s
  4301  3118   73.09279   19 1418 1367.48665   72.64770  94.7%  2154 6180s
  4317  3128   88.52022   19 1343 1367.48665   73.09279  94.7%  2229 6249s
  4333  3150   73.11225   20 1402 1367.48665   73.11225  94.7%  2236 6351s
H 4336  2995                    1367.4866269   73.11756  94.7%  2235 6351s
  4360  3009   75.31023   21 1373 1367.48663   73.12652  94.7%  2234 6360s
  4382  3029  102.18860   21 1474 1367.48663   75.31023  94.5%  2240 6370s
  4409  3050   78.41049   22 1536 1367.48663   75.31023  94.5%  2238 6379s
  4439  3068   96.97476   22 1408 1367.48663   78.41495  94.3%  2242 6389s
  4467  3085   78.94287   23 1517 1367.48663   78.45404  94.3%  2250 6398s
  4494  3108   79.26872   24 1410 1367.48663   78.45404  94.3%  2260 6405s
  4526  3128  104.22173   25 1303 1367.48663   78.45404  94.3%  2262 6414s
  4556  3154   81.40784   25 1384 1367.48663   78.45404  94.3%  2265 6423s
  4592  3177   85.09362   26 1440 1367.48663   78.45404  94.3%  2263 6429s
  4627  3201  108.98598   26 1256 1367.48663   78.45404  94.3%  2264 6439s
  4663  3231   87.96445   27 1391 1367.48663   78.45404  94.3%  2267 6451s
  4705  3250   95.33932   28 1402 1367.48663   78.45404  94.3%  2272 6461s
  4738  3274   94.96995   28 1541 1367.48663   78.45404  94.3%  2281 6470s
  4773  3321   96.60188   29 1366 1367.48663   78.45404  94.3%  2285 6480s
  4832  3358  101.40314   30 1401 1367.48663   78.45404  94.3%  2280 6490s
  4888  3395  104.48721   31 1374 1367.48663   78.45404  94.3%  2277 6499s
  4944  3431  107.63399   32 1244 1367.48663   78.45404  94.3%  2274 6508s
  4999  3486  131.64469   33 1293 1367.48663   78.45404  94.3%  2270 6517s
  5072  3523  137.72287   34 1245 1367.48663   78.45404  94.3%  2261 6541s
  5133  3579  152.34165   36 1279 1367.48663   78.45404  94.3%  2262 6551s
  5214  3620  160.70603   38 1225 1367.48663   78.45404  94.3%  2251 6562s
  5290  3645  243.71820   39 1210 1367.48663   78.45404  94.3%  2247 6573s
  5360  3677  165.40074   40 1211 1367.48663   78.45404  94.3%  2245 6585s
  5434  3740  180.81470   41 1213 1367.48663   78.45404  94.3%  2239 6598s
  5536  3789  186.54265   43 1206 1367.48663   78.45404  94.3%  2223 6613s
  5635  3830  191.28194   45 1211 1367.48663   78.45404  94.3%  2214 6625s
  5744  3826  197.56336   46 1121 1367.48663   78.45404  94.3%  2197 6714s
  5780  3881  209.88202   47 1175 1367.48663   78.45404  94.3%  2188 6737s
  5871  3857  264.48820   47 1149 1367.48663   78.45404  94.3%  2177 7569s
H 5879  3710                    1367.4866014   78.45404  94.3%  2175 7569s
H 5890  3568                    1367.4864576   78.45404  94.3%  2183 7569s
  5895  3593  218.70486   48 1154 1367.48646   78.45404  94.3%  2184 7669s
  5932  3680  305.98660   48 1114 1367.48646   78.45404  94.3%  2187 7689s
  6053  3776  231.29614   50 1156 1367.48646   78.45404  94.3%  2182 7710s
  6220  3863  244.44134   51 1163 1367.48646   78.45404  94.3%  2158 7727s
  6381  3946  290.69107   53 1092 1367.48646   78.45404  94.3%  2140 7745s
  6596  3965  269.45180   55 1098 1367.48646   78.45404  94.3%  2106 7767s
  6735  4044  321.36754   59 1066 1367.48646   78.45404  94.3%  2100 7787s
  6881  4088  330.18309   63 1011 1367.48646   78.45404  94.3%  2091 7959s
H 6897  3950                    1367.4864470   78.45404  94.3%  2089 7959s
  6989  4034  339.04743   67 1032 1367.48645   78.45404  94.3%  2087 7984s
  7149  4095  347.26528   70 1090 1367.48645   78.45404  94.3%  2068 8004s
  7311  4185  532.54762   73  987 1367.48645   78.45404  94.3%  2052 8024s
  7482  4239 infeasible   76      1367.48645   78.45404  94.3%  2038 8043s
  7638  4329  432.50875   78  992 1367.48645   78.45404  94.3%  2026 8067s
  7840  4439  922.40337   84  882 1367.48645   78.45404  94.3%  2009 8088s
  8064  4586  585.68907   89  894 1367.48645   78.45404  94.3%  1987 8112s
  8354  4693 infeasible   98      1367.48645   87.74177  93.6%  1960 8136s
  8696  4743   98.53725   22 1271 1367.48645   88.54998  93.5%  1926 8157s
  8903  4998  128.88206   25 1255 1367.48645   88.54998  93.5%  1911 8181s
  9265  5401  192.06728   38 1072 1367.48645   88.54998  93.5%  1878 8204s
  9848  5847  390.02822   87  887 1367.48645   88.54998  93.5%  1810 8233s
 10601  5861  539.79954  138  633 1367.48645   88.54998  93.5%  1727 8271s
 11089  6008     cutoff  184      1367.48645   98.55512  92.8%  1686 8298s
 11497  6232  186.56376   29 1076 1367.48645   99.50718  92.7%  1664 8332s
 11984  6368  173.88095   24 1204 1367.48645   99.50718  92.7%  1642 8371s
 12283  6696  294.96593   43 1024 1367.48645   99.50718  92.7%  1632 8403s
 12733  6895  488.73824   52 1032 1367.48645   99.50718  92.7%  1620 8435s
 13072  7173 infeasible   72      1367.48645  100.95093  92.6%  1621 8471s
 13500  7548  208.17526   33 1196 1367.48645  111.20726  91.9%  1616 8510s
 14040  7888  179.78077   28 1403 1367.48645  113.28022  91.7%  1598 8550s
 14521  8140  529.51262   41  878 1367.48645  113.89599  91.7%  1581 8582s
 14917  8486  453.03988   37 1159 1367.48645  115.41587  91.6%  1581 8619s
 15416  8919  193.53689   30 1099 1367.48645  117.29496  91.4%  1569 8660s
 15980  9183  625.15594   79  721 1367.48645  117.93280  91.4%  1562 8720s
 16403  9586  224.57264   23 1369 1367.48645  117.93280  91.4%  1563 8769s
 16773  9586  193.12748   21 1236 1367.48645  117.93280  91.4%  1549 8770s
 16955  9725  447.93710   30 1182 1367.48645  120.36834  91.2%  1556 8872s
 17180  9857  193.79057   26  988 1367.48645  120.67576  91.2%  1573 8930s
 17490  9981  285.77579   30 1169 1367.48645  120.67576  91.2%  1595 8983s
 17876 10236  354.14801   34 1084 1367.48645  120.67576  91.2%  1614 9035s
 18320 10455  585.12247   43 1230 1367.48645  120.67576  91.2%  1619 9088s
 18752 10861 infeasible   45      1367.48645  123.57463  91.0%  1636 9145s
 19318 11172 infeasible   39      1367.48645  126.77547  90.7%  1635 9211s
 19824 11205  265.29528   28  974 1367.48645  127.45369  90.7%  1647 9829s
 19879 11417  328.49089   32  962 1367.48645  128.32350  90.6%  1654 9905s
 20239 11684 infeasible   28      1367.48645  129.32872  90.5%  1668 9972s
 20723 11836 infeasible   26      1367.48645  131.44966  90.4%  1687 10068s
 21145 12345  227.31591   30 1059 1367.48645  132.90860  90.3%  1725 10201s
 22193 12938  283.78230   42 1228 1367.48645  134.34869  90.2%  1758 10317s
 23201 13288  278.20719   39  968 1367.48645  137.83905  89.9%  1767 10425s
 23914 13617  425.61742   23 1185 1367.48645  140.11821  89.8%  1794 10539s
 24607 13923  498.84561   22 1121 1367.48645  142.73496  89.6%  1826 10655s
 25355 14308  331.71275   20 1152 1367.48645  143.88760  89.5%  1862 10784s
 26223 14400  230.07861   35 1191 1367.48645  147.57701  89.2%  1892 10800s

Cutting planes:
  Gomory: 3
  Cover: 115
  MIR: 10
  Flow cover: 14
  GUB cover: 6
  Inf proof: 52
  Zero half: 110
  RLT: 18

Explored 26389 nodes (49978620 simplex iterations) in 10800.50 seconds (21715.06 work units)
Thread count was 16 (of 18 available processors)

Solution count 7: 1367.49 1367.49 1367.49 ... 1744.59

Time limit reached
Best objective 1.367486447004e+03, best bound 1.475770052181e+02, gap 89.2082%

---------------------------------------------------------------------------
Multi-objectives: stopped in 10804.64 seconds (21715.06 work units), solution count 10
Time Limit reached

