
Gurobi 11.0.0 (win64) logging started Thu Dec 19 19:42:54 2024

Set parameter LogFile to value "C:\Users\Administrator\Desktop\OptRail_Railroad_Construction\Data\Solution\Reduced\a5_o96_m10_an10_ar10_reduced\6_Objectives\hierarchical_tolerance\gurobi_a5_o96_m10_an10_ar10_reduced_hierarchical_tolerance_round_2.log"
Gurobi Optimizer version 11.0.0 build v11.0.0rc2 (win64 - Windows Server 2022.0 (20348.2))

CPU model: AMD EPYC 7513 32-Core Processor, instruction set [SSE2|AVX|AVX2]
Thread count: 18 physical cores, 18 logical processors, using up to 16 threads

Optimize a model with 2106 rows, 103849 columns and 839159 nonzeros
Model fingerprint: 0x58e67726
Variable types: 0 continuous, 103849 integer (103849 binary)
Coefficient statistics:
  Matrix range     [1e+00, 1e+01]
  Objective range  [1e+00, 2e+02]
  Bounds range     [1e+00, 1e+00]
  RHS range        [1e+00, 2e+02]

---------------------------------------------------------------------------
Multi-objectives: starting optimization with 6 objectives ... 
---------------------------------------------------------------------------

Multi-objectives: applying initial presolve ...
---------------------------------------------------------------------------

Presolve removed 122 rows and 11 columns
Presolve time: 0.85s
Presolved: 1984 rows, 103838 columns, 744239 nonzeros
---------------------------------------------------------------------------

Multi-objectives: optimize objective 1 () ...
---------------------------------------------------------------------------

Presolve removed 1 rows and 54225 columns
Presolve time: 0.75s
Presolved: 1983 rows, 49613 columns, 744177 nonzeros
Variable types: 0 continuous, 49613 integer (49613 binary)
Deterministic concurrent LP optimizer: primal simplex, dual simplex, and barrier
Showing barrier log only...

Root barrier log...

Ordering time: 0.01s

Barrier statistics:
 AA' NZ     : 1.912e+05
 Factor NZ  : 3.436e+05 (roughly 23 MB of memory)
 Factor Ops : 6.887e+07 (less than 1 second per iteration)
 Threads    : 13

                  Objective                Residual
Iter       Primal          Dual         Primal    Dual     Compl     Time
   0   6.72534225e+02 -4.35625161e+03  2.64e+04 0.00e+00  2.52e+00     2s
   1   1.49422835e+02 -3.69893735e+03  3.73e+03 1.04e-01  3.80e-01     2s
   2   4.19122170e+01 -1.31974787e+03  2.98e+02 2.67e-03  3.91e-02     2s
   3   1.23222616e+01 -2.32955970e+02  7.60e+01 1.45e-04  8.63e-03     2s
   4   4.98541735e+00 -9.78662559e+01  1.98e+01 2.47e-05  2.61e-03     2s
   5   2.85075313e+00 -5.16866012e+01  5.15e+00 8.58e-06  9.56e-04     2s
   6   1.68744152e+00 -2.45960785e+01  1.98e+00 2.11e-07  4.01e-04     2s
   7   9.75506232e-01 -1.43742070e+01  6.29e-01 9.29e-16  1.95e-04     2s
   8   6.33378156e-01 -5.15329291e+00  1.27e-01 8.28e-16  6.69e-05     2s
   9   4.25906348e-01 -8.97553628e-01  1.36e-02 8.57e-16  1.46e-05     2s
  10   2.69865046e-01  1.70914594e-01  4.65e-04 7.92e-16  1.03e-06     2s
  11   2.50036995e-01  2.49963727e-01  8.87e-07 1.14e-15  8.03e-10     2s
  12   2.50000043e-01  2.49999964e-01  2.52e-10 7.15e-16  8.03e-13     2s
  13   2.50000000e-01  2.50000000e-01  6.23e-13 3.58e-16  7.43e-18     2s

Barrier solved model in 13 iterations and 2.44 seconds (4.81 work units)
Optimal objective 2.50000000e-01

Concurrent spin time: 0.00s

Solved with barrier

Root relaxation: objective 2.500000e-01, 332 iterations, 1.07 seconds (1.11 work units)
Total elapsed time = 7.32s (DegenMoves)

    Nodes    |    Current Node    |     Objective Bounds      |     Work
 Expl Unexpl |  Obj  Depth IntInf | Incumbent    BestBd   Gap | It/Node Time

     0     0    0.25000    0  114          -    0.25000      -     -    8s
     0     0    0.25000    0  166          -    0.25000      -     -   11s
     0     0    0.25000    0  328          -    0.25000      -     -   11s
H    0     0                       5.0000000    0.25000  95.0%     -   16s
     0     0    0.25000    0  174    5.00000    0.25000  95.0%     -   16s
     0     0    0.25000    0   81    5.00000    0.25000  95.0%     -   20s
H    0     0                       3.0000000    0.25000  91.7%     -   21s
     0     0    0.25000    0   67    3.00000    0.25000  91.7%     -   23s
H    0     0                       2.0000000    0.25000  87.5%     -   24s
     0     2    1.00000    0   67    2.00000    1.00000  50.0%     -   29s
     1     4    1.00000    1  345    2.00000    1.00000  50.0% 25021   30s
H   13    16                       1.0000000    1.00000  0.00%  3033   33s

Cutting planes:
  MIR: 6
  Zero half: 17

Explored 15 nodes (181688 simplex iterations) in 34.13 seconds (54.67 work units)
Thread count was 16 (of 18 available processors)

Solution count 4: 1 2 3 5 

Optimal solution found (tolerance 1.00e-04)
Best objective 1.000000000000e+00, best bound 1.000000000000e+00, gap 0.0000%
---------------------------------------------------------------------------

Multi-objectives: optimize objective 2 () ...
---------------------------------------------------------------------------


Loaded user MIP start with objective 7781.62

Presolve removed 1 rows and 54185 columns
Presolve time: 0.78s
Presolved: 1984 rows, 49653 columns, 744313 nonzeros
Variable types: 0 continuous, 49653 integer (49653 binary)
Deterministic concurrent LP optimizer: primal simplex, dual simplex, and barrier
Showing barrier log only...

Root barrier log...

Ordering time: 0.03s

Barrier statistics:
 AA' NZ     : 1.914e+05
 Factor NZ  : 3.415e+05 (roughly 23 MB of memory)
 Factor Ops : 6.768e+07 (less than 1 second per iteration)
 Threads    : 14

                  Objective                Residual
Iter       Primal          Dual         Primal    Dual     Compl     Time
   0   2.51097572e+07 -6.93552530e+05  2.61e+04 1.17e+00  6.14e+00    35s
   1   4.08576499e+06 -6.25500451e+05  4.25e+03 6.06e-01  1.07e+00    35s
   2   3.53141860e+05 -2.31930898e+05  3.61e+02 9.68e-02  1.16e-01    35s
   3   9.14141286e+04 -6.03027005e+04  8.94e+01 1.26e-02  2.90e-02    35s
   4   3.27154672e+04 -2.31454516e+04  2.76e+01 4.65e-03  1.03e-02    35s
   5   1.28239070e+04 -1.02468041e+04  6.74e+00 3.02e-03  3.94e-03    36s
   6   9.52099664e+03 -4.71461105e+03  3.54e+00 1.48e-03  2.40e-03    36s
   7   7.28255838e+03 -9.63549337e+02  1.89e+00 8.74e-04  1.36e-03    36s
   8   5.59457012e+03  7.73671108e+02  6.08e-01 5.66e-04  7.73e-04    36s
   9   5.03989567e+03  2.55525183e+03  2.98e-01 2.78e-04  3.90e-04    36s
  10   4.61438170e+03  3.82267693e+03  9.96e-02 7.35e-05  1.22e-04    36s
  11   4.47792975e+03  3.98943526e+03  4.97e-02 4.85e-05  7.56e-05    36s
  12   4.35068746e+03  4.24938390e+03  8.07e-03 8.65e-06  1.57e-05    36s
  13   4.32194404e+03  4.28709406e+03  1.54e-03 3.47e-06  5.45e-06    36s
  14   4.31509417e+03  4.30352540e+03  1.79e-04 1.26e-06  1.82e-06    36s
  15   4.31356551e+03  4.31265651e+03  6.82e-06 7.51e-08  1.43e-07    36s
  16   4.31343087e+03  4.31342413e+03  6.13e-08 3.15e-15  1.05e-09    36s
  17   4.31342660e+03  4.31342660e+03  1.33e-11 4.44e-15  2.36e-14    36s

Barrier solved model in 17 iterations and 35.69 seconds (57.29 work units)
Optimal objective 4.31342660e+03


Root crossover log...

     758 DPushes remaining with DInf 0.0000000e+00                36s
       0 DPushes remaining with DInf 0.0000000e+00                36s

    7165 PPushes remaining with PInf 0.0000000e+00                36s
       0 PPushes remaining with PInf 0.0000000e+00                36s

  Push phase complete: Pinf 0.0000000e+00, Dinf 3.0564717e-12     36s


Root simplex log...

Iteration    Objective       Primal Inf.    Dual Inf.      Time
    7919    4.3134266e+03   0.000000e+00   0.000000e+00     36s

Solved with barrier

Root relaxation: objective 4.313427e+03, 7919 iterations, 0.75 seconds (0.75 work units)

    Nodes    |    Current Node    |     Objective Bounds      |     Work
 Expl Unexpl |  Obj  Depth IntInf | Incumbent    BestBd   Gap | It/Node Time

     0     0 4313.42660    0  623 7781.61946 4313.42660  44.6%     -   38s
H    0     0                    7375.5508489 4313.42660  41.5%     -   38s
H    0     0                    6634.9205307 4428.23030  33.3%     -   40s
     0     0 4428.23030    0  724 6634.92053 4428.23030  33.3%     -   40s
     0     0 4434.94745    0  724 6634.92053 4434.94745  33.2%     -   41s
     0     0 4773.12779    0  726 6634.92053 4773.12779  28.1%     -   43s
H    0     0                    6564.6740762 4773.12779  27.3%     -   43s
     0     0 4788.66557    0  725 6564.67408 4788.66557  27.1%     -   44s
     0     0 4788.66557    0  717 6564.67408 4788.66557  27.1%     -   44s
     0     0 4983.11720    0  633 6564.67408 4983.11720  24.1%     -   46s
H    0     0                    6260.0585239 4983.11720  20.4%     -   50s
     0     0 4989.33028    0  654 6260.05852 4989.33028  20.3%     -   50s
     0     0 4989.77710    0  647 6260.05852 4989.77710  20.3%     -   51s
     0     0 4989.77710    0  639 6260.05852 4989.77710  20.3%     -   51s
     0     0 5015.42794    0  687 6260.05852 5015.42794  19.9%     -   52s
H    0     0                    6178.5551705 5015.42794  18.8%     -   52s
     0     0 5020.10484    0  653 6178.55517 5020.10484  18.7%     -   52s
     0     0 5020.10484    0  655 6178.55517 5020.10484  18.7%     -   52s
     0     0 5044.93841    0  620 6178.55517 5044.93841  18.3%     -   53s
     0     0 5053.85232    0  636 6178.55517 5053.85232  18.2%     -   53s
H    0     0                    6098.9344357 5081.49670  16.7%     -   54s
     0     0 5081.49670    0  633 6098.93444 5081.49670  16.7%     -   54s
H    0     0                    5871.3924142 5081.49670  13.5%     -   54s
     0     0 5081.49670    0  625 5871.39241 5081.49670  13.5%     -   55s
     0     0 5100.37649    0  642 5871.39241 5100.37649  13.1%     -   56s
     0     0 5100.59458    0  639 5871.39241 5100.59458  13.1%     -   56s
     0     0 5101.08061    0  614 5871.39241 5101.08061  13.1%     -   56s
     0     0 5101.08061    0  613 5871.39241 5101.08061  13.1%     -   56s
     0     0 5101.40068    0  606 5871.39241 5101.40068  13.1%     -   57s
H    0     0                    5868.1810855 5101.40068  13.1%     -   57s
     0     0 5104.27931    0  621 5868.18109 5104.27931  13.0%     -   57s
     0     0 5104.27931    0  622 5868.18109 5104.27931  13.0%     -   57s
     0     0 5105.04170    0  607 5868.18109 5105.04170  13.0%     -   58s
     0     0 5105.04170    0  603 5868.18109 5105.04170  13.0%     -   58s
     0     0 5111.08643    0  622 5868.18109 5111.08643  12.9%     -   58s
H    0     0                    5866.4778008 5111.08643  12.9%     -   59s
     0     0 5121.94893    0  612 5866.47780 5121.94893  12.7%     -   59s
     0     0 5121.94893    0  614 5866.47780 5121.94893  12.7%     -   59s
     0     0 5121.94893    0  614 5866.47780 5121.94893  12.7%     -   60s
     0     0 5125.91751    0  623 5866.47780 5125.91751  12.6%     -   60s
     0     0 5130.79634    0  621 5866.47780 5130.79634  12.5%     -   60s
     0     0 5136.49947    0  562 5866.47780 5136.49947  12.4%     -   61s
     0     0 5139.37785    0  564 5866.47780 5139.37785  12.4%     -   61s
     0     0 5139.55494    0  568 5866.47780 5139.55494  12.4%     -   62s
     0     0 5147.01957    0  579 5866.47780 5147.01957  12.3%     -   62s
H    0     0                    5792.6167353 5147.01957  11.1%     -   63s
     0     0 5147.01957    0  570 5792.61674 5147.01957  11.1%     -   63s
     0     0 5150.12008    0  578 5792.61674 5150.12008  11.1%     -   63s
     0     0 5151.28792    0  604 5792.61674 5151.28792  11.1%     -   63s
     0     0 5151.28792    0  604 5792.61674 5151.28792  11.1%     -   63s
     0     0 5158.73285    0  598 5792.61674 5158.73285  10.9%     -   64s
     0     0 5160.38026    0  507 5792.61674 5160.38026  10.9%     -   64s
     0     0 5162.02768    0  501 5792.61674 5162.02768  10.9%     -   65s
     0     0 5162.02768    0  502 5792.61674 5162.02768  10.9%     -   65s
     0     0 5169.56747    0  486 5792.61674 5169.56747  10.8%     -   66s
     0     0 5169.56747    0  508 5792.61674 5169.56747  10.8%     -   66s
     0     0 5169.56747    0  506 5792.61674 5169.56747  10.8%     -   66s
     0     0 5171.48956    0  158 5792.61674 5171.48956  10.7%     -   67s
     0     0 5171.48956    0  156 5792.61674 5171.48956  10.7%     -   68s
     0     0 5172.21463    0  188 5792.61674 5172.21463  10.7%     -   68s
H    0     0                    5721.8486685 5172.21463  9.61%     -   68s
     0     0 5172.21463    0  202 5721.84867 5172.21463  9.61%     -   69s
     0     0 5175.39747    0  121 5721.84867 5175.39747  9.55%     -   70s
     0     2 5178.25493    0  121 5721.84867 5178.25493  9.50%     -   73s
     7    16 5180.86916    3  197 5721.84867 5180.86916  9.45%   866   75s
H   31    48                    5198.3833019 5181.12624  0.33%   663   80s
H   41    48                    5198.3832948 5182.15457  0.31%   560   80s
   192    68 5193.95569   10  352 5198.38329 5182.15457  0.31%   306   85s
   284   100 5194.54907   10  121 5198.38329 5184.82324  0.26%   290   90s
   290   104 5196.83226   14  187 5198.38329 5194.01666  0.08%   284   95s

Cutting planes:
  Gomory: 48
  Cover: 1
  MIR: 9
  Flow cover: 10
  Zero half: 34

Explored 295 nodes (190337 simplex iterations) in 98.52 seconds (151.68 work units)
Thread count was 16 (of 18 available processors)

Solution count 10: 5198.38 5198.38 5721.85 ... 6260.06

Optimal solution found (tolerance 1.00e-04)
Best objective 5.198383294822e+03, best bound 5.198383294822e+03, gap 0.0000%
---------------------------------------------------------------------------

Multi-objectives: optimize objective 3 () ...
---------------------------------------------------------------------------


Loaded user MIP start with objective 244.527

Presolve removed 1 rows and 54225 columns
Presolve time: 0.98s
Presolved: 1985 rows, 49613 columns, 780318 nonzeros
Variable types: 0 continuous, 49613 integer (49613 binary)
Deterministic concurrent LP optimizer: primal simplex, dual simplex, and barrier
Showing barrier log only...

Root barrier log...

Ordering time: 0.02s

Barrier statistics:
 AA' NZ     : 1.931e+05
 Factor NZ  : 3.459e+05 (roughly 23 MB of memory)
 Factor Ops : 6.981e+07 (less than 1 second per iteration)
 Threads    : 14

                  Objective                Residual
Iter       Primal          Dual         Primal    Dual     Compl     Time
   0   1.58419895e+06 -3.06341862e+05  4.10e+05 0.00e+00  4.85e+02   100s
   1   3.22089025e+05 -3.20252487e+05  8.47e+04 1.31e+01  1.03e+02   100s
   2   4.04374624e+04 -2.32037626e+05  1.07e+04 8.01e-01  1.45e+01   100s
   3   7.17797346e+03 -8.83893532e+04  1.85e+03 1.40e-01  2.90e+00   100s
   4   3.06374319e+03 -3.77979209e+04  7.57e+02 3.28e-02  1.16e+00   100s
   5   1.70305664e+03 -2.34027114e+04  4.00e+02 2.56e-02  6.24e-01   100s
   6   9.89887596e+02 -1.47351799e+04  2.17e+02 3.70e-04  3.45e-01   100s
   7   8.11318040e+02 -7.98782657e+03  1.73e+02 1.80e-04  2.28e-01   100s
   8   3.63402027e+02 -5.34051257e+03  6.85e+01 9.45e-14  1.11e-01   100s
   9   2.50509545e+02 -3.71066962e+03  4.47e+01 1.15e-13  7.28e-02   100s
  10   1.15571684e+02 -2.65889035e+03  2.02e+01 1.13e-13  4.17e-02   100s
  11   6.98580527e+01 -1.67035223e+03  1.18e+01 9.77e-14  2.41e-02   100s
  12   1.74457635e+01 -1.15612620e+03  2.11e+00 1.00e-13  1.27e-02   100s
  13   1.10638186e+01 -5.44875463e+02  1.03e+00 7.84e-14  5.83e-03   100s
  14   2.95450149e+00 -3.79791630e+02  3.53e-01 6.68e-14  3.90e-03   100s
  15   1.19585966e+00 -6.83729532e+01  1.18e-01 3.38e-14  7.02e-04   100s
  16   1.78411924e-02 -5.18257559e-01  2.18e-05 3.28e-14  5.38e-06   100s
  17   2.05714605e-07 -8.04550678e-06  2.45e-10 3.17e-14  8.28e-11   100s
  18   2.05714496e-10 -8.05326383e-09  7.35e-13 2.84e-14  8.28e-14   100s

Barrier solved model in 18 iterations and 100.37 seconds (154.95 work units)
Optimal objective 2.05714496e-10


Root crossover log...

     548 DPushes remaining with DInf 0.0000000e+00               101s
       0 DPushes remaining with DInf 0.0000000e+00               101s

     212 PPushes remaining with PInf 0.0000000e+00               101s
       0 PPushes remaining with PInf 0.0000000e+00               101s

  Push phase complete: Pinf 0.0000000e+00, Dinf 0.0000000e+00    101s


Root simplex log...

Iteration    Objective       Primal Inf.    Dual Inf.      Time
     606    0.0000000e+00   0.000000e+00   0.000000e+00    101s

Solved with barrier

Root relaxation: objective 0.000000e+00, 606 iterations, 1.44 seconds (1.47 work units)
Total elapsed time = 110.00s (DegenMoves)

    Nodes    |    Current Node    |     Objective Bounds      |     Work
 Expl Unexpl |  Obj  Depth IntInf | Incumbent    BestBd   Gap | It/Node Time

     0     0    0.00000    0  497  244.52747    0.00000   100%     -  114s
H    0     0                     175.0652502    0.00000   100%     -  115s
H    0     0                     165.3251975    0.00000   100%     -  115s
     0     0    0.00000    0  711  165.32520    0.00000   100%     -  117s
     0     0    0.00000    0  135  165.32520    0.00000   100%     -  125s
     0     0    0.00000    0  135  165.32520    0.00000   100%     -  126s
     0     0    0.00000    0  196  165.32520    0.00000   100%     -  128s
     0     0    0.00000    0  165  165.32520    0.00000   100%     -  131s
     0     0    0.00000    0  163  165.32520    0.00000   100%     -  132s
     0     0    0.00000    0  162  165.32520    0.00000   100%     -  135s
     0     0    0.00000    0  161  165.32520    0.00000   100%     -  140s
     0     0    0.00000    0  234  165.32520    0.00000   100%     -  143s
     0     0    0.00000    0  234  165.32520    0.00000   100%     -  146s
     0     2    0.00000    0  218  165.32520    0.00000   100%     -  158s
     1     4    0.00000    1  637  165.32520    0.00000   100% 15764  160s
    15    32    0.00000    4  680  165.32520    0.00000   100%  2772  169s
    31    48    0.00000    5  643  165.32520    0.00000   100%  3578  185s
H   33    48                      95.8629775    0.00000   100%  3459  185s
    63    80    0.00000    7  635   95.86298    0.00000   100%  2547  199s
    79    96    0.00000    8  637   95.86298    0.00000   100%  2371  226s
H   80    96                      69.4622199    0.00000   100%  2341  226s
    95   128    0.00000    8  648   69.46222    0.00000   100%  2423  237s
   127   241    0.00000   10  299   69.46222    0.00000   100%  4161  249s
   240   507    0.00000   11  665   69.46222    0.00000   100%  4140  266s
   506  1421    0.00000   20  328   69.46222    0.00000   100%  2920  314s
H  794  1421                      52.8015151    0.00000   100%  2772  314s
H 1304  1421                      26.4007576    0.00000   100%  2350  314s
  1420  2031    0.00000   54  211   26.40076    0.00000   100%  2352  366s
  2045  2554    0.00000   68  467   26.40076    0.00000   100%  2173  441s
  2573  2973    0.00000  128  413   26.40076    0.00000   100%  2044  525s
  3040  4250    0.00000  129  416   26.40076    0.00000   100%  1960  593s
  4377  4407    0.00000   63  345   26.40076    0.00000   100%  1830  801s
  4536  5765    0.00000   64  469   26.40076    0.00000   100%  1802  856s
  6030  7489    0.00000  107  556   26.40076    0.00000   100%  1663  907s
  7955  7490    0.00000   72  234   26.40076    0.00000   100%  1494  919s
  7957  7491    0.00000  141  216   26.40076    0.00000   100%  1493  935s
  7958  7492    0.00000   40  120   26.40076    0.00000   100%  1493  948s
  7959  7493    0.00000   76  617   26.40076    0.00000   100%  1493  953s
  7960  7493    0.00000  140  412   26.40076    0.00000   100%  1493  963s
  7962  7495    0.00000   86  456   26.40076    0.00000   100%  1492  970s
  7964  7496    0.00000   66  393   26.40076    0.00000   100%  1492  976s
  7966  7497    0.00000   19  391   26.40076    0.00000   100%  1491  986s
  7967  7498    0.00000  134  391   26.40076    0.00000   100%  1491  990s
  7968  7499    0.00000   77  391   26.40076    0.00000   100%  1491  995s
  7969  7502    0.00000   10  680   26.40076    0.00000   100%  28.2 1006s
  7975  7512    0.00000   12  588   26.40076    0.00000   100%  28.9 1011s
  7983  7526    0.00000   13  564   26.40076    0.00000   100%  30.6 1019s
  7999  7536    0.00000   14  553   26.40076    0.00000   100%  40.3 1024s
  8015  7547    0.00000   14  470   26.40076    0.00000   100%  43.1 1029s
  8031  7558    0.00000   15  458   26.40076    0.00000   100%  52.0 1032s
  8047  7566    0.00000   15  553   26.40076    0.00000   100%  55.4 1038s
  8063  7580    0.00000   16  551   26.40076    0.00000   100%  61.0 1042s
  8082  7599    0.00000   16  506   26.40076    0.00000   100%  65.1 1048s
  8109  7606    0.00000   17  538   26.40076    0.00000   100%  75.7 1133s
  8125  7611    0.00000   17  566   26.40076    0.00000   100%  78.2 1216s
  8144  7723    0.00000   18  529   26.40076    0.00000   100%  82.0 1233s
  8277  8075    0.00000   21  494   26.40076    0.00000   100%   136 1262s
  8859  8286    0.00000   34  444   26.40076    0.00000   100%   195 1309s
  9562  8235    0.00000   48  356   26.40076    0.00000   100%   265 1365s
 10365  8067    0.00000   42  331   26.40076    0.00000   100%   351 1411s
 11592  7612    0.00000   27  347   26.40076    0.00000   100%   443 1455s
 12521  7319    0.00000   29  404   26.40076    0.00000   100%   523 1500s
 13448  7008    0.00000   50  276   26.40076    0.00000   100%   593 1564s
 14366  6689    0.00000   19  349   26.40076    0.00000   100%   644 1614s
 15384  6345 infeasible   27        26.40076    0.00000   100%   700 1724s
 15436  6325 infeasible   34        26.40076    0.00000   100%   705 1921s
 15470  6372 infeasible   24        26.40076    0.00000   100%   707 1975s
 16504  5930    0.00000   49  203   26.40076    0.00000   100%   753 2039s
 17567  5478 infeasible   63        26.40076    0.00000   100%   796 2100s
 18159  5231    0.00000   49  286   26.40076    0.00000   100%   833 2205s
 18754  5017    0.00000   28  534   26.40076    0.00000   100%   864 2270s
 20031  4512    0.00000   25  505   26.40076    0.00000   100%   912 2337s
 21240  3990    0.00000   32  436   26.40076    0.00000   100%   958 2408s
 22456  3552 infeasible   30        26.40076    0.00000   100%  1006 2481s
 23711  3055    0.00000   24  530   26.40076    0.00000   100%  1046 2558s
 24998  2571    0.00000   29  362   26.40076    0.00000   100%  1084 2657s
 26026  2052 infeasible   28        26.40076    0.00000   100%  1107 2738s
 27384  1450 infeasible   27        26.40076    0.00000   100%  1148 2812s
 28476  1064 infeasible   29        26.40076    0.00000   100%  1183 2897s
 29388   603    0.00000   81   63   26.40076    0.00000   100%  1204 2977s
 30374   103    0.00000   38  486   26.40076    0.00000   100%  1224 3041s
 31167    14    0.00000   33  403   26.40076    0.00000   100%  1248 3099s
 31538    12    0.00000   34  430   26.40076    0.00000   100%  1260 3289s
 31550     0    0.00000   35  430   26.40076    0.00000   100%  1260 3327s

Cutting planes:
  Gomory: 4
  MIR: 14
  Flow cover: 17
  Zero half: 25

Explored 31602 nodes (51954249 simplex iterations) in 3327.55 seconds (8994.82 work units)
Thread count was 16 (of 18 available processors)

Solution count 7: 26.4008 52.8015 69.4622 ... 244.527

Optimal solution found (tolerance 1.00e-04)
Best objective 2.640075756489e+01, best bound 2.640075756489e+01, gap 0.0000%
---------------------------------------------------------------------------

Multi-objectives: optimize objective 4 () ...
---------------------------------------------------------------------------


Loaded user MIP start with objective 7

Presolve removed 3 rows and 55454 columns
Presolve time: 1.00s
Presolved: 1984 rows, 48384 columns, 775540 nonzeros
Variable types: 0 continuous, 48384 integer (48384 binary)
Deterministic concurrent LP optimizer: primal simplex, dual simplex, and barrier
Showing barrier log only...

Root barrier log...

Ordering time: 0.02s

Barrier statistics:
 AA' NZ     : 1.895e+05
 Factor NZ  : 3.359e+05 (roughly 23 MB of memory)
 Factor Ops : 6.672e+07 (less than 1 second per iteration)
 Threads    : 14

                  Objective                Residual
Iter       Primal          Dual         Primal    Dual     Compl     Time
   0   4.09141963e+03 -4.36339626e+03  4.08e+05 0.00e+00  6.79e+00  3329s
   1   7.03370885e+02 -4.55555560e+03  7.62e+04 1.83e-01  1.31e+00  3329s
   2   8.69137308e+01 -3.24316479e+03  8.69e+03 1.47e-02  1.72e-01  3329s
   3   2.10615756e+01 -1.06328252e+03  1.46e+03 2.23e-03  3.31e-02  3329s
   4   1.31650651e+01 -4.90047211e+02  6.40e+02 6.79e-04  1.43e-02  3329s
   5   1.04952539e+01 -2.87922062e+02  3.67e+02 2.23e-04  7.93e-03  3329s
   6   9.21140983e+00 -1.68024356e+02  2.36e+02 3.49e-05  4.72e-03  3329s
   7   8.48692759e+00 -9.33977683e+01  1.62e+02 1.67e-15  2.92e-03  3329s
   8   7.55793331e+00 -6.05876916e+01  6.74e+01 2.73e-15  1.46e-03  3329s
   9   7.33646674e+00 -3.97975418e+01  4.53e+01 1.85e-05  9.56e-04  3329s
  10   6.52126669e+00 -2.88697950e+01  1.78e+01 1.21e-15  5.38e-04  3329s
  11   6.08296542e+00 -1.64433633e+01  1.11e+01 1.01e-15  3.23e-04  3329s
  12   5.45686004e+00 -6.72136717e+00  3.96e+00 1.15e-15  1.49e-04  3329s
  13   5.12757426e+00  1.79231972e+00  9.08e-01 8.50e-16  3.65e-05  3329s
  14   5.01286684e+00  4.39532663e+00  3.50e-02 2.49e-16  6.38e-06  3329s
  15   5.00020453e+00  4.99808853e+00  7.82e-06 3.08e-16  2.20e-08  3329s
  16   5.00000000e+00  5.00000000e+00  1.07e-11 3.19e-16  3.11e-14  3330s

Barrier solved model in 16 iterations and 3329.50 seconds (8998.03 work units)
Optimal objective 5.00000000e+00

  Building initial crossover basis                              3330s

Root crossover log...

     563 DPushes remaining with DInf 0.0000000e+00              3330s
       0 DPushes remaining with DInf 0.0000000e+00              3330s

     187 PPushes remaining with PInf 2.5040596e-06              3330s
       0 PPushes remaining with PInf 0.0000000e+00              3330s

  Push phase complete: Pinf 0.0000000e+00, Dinf 0.0000000e+00   3330s


Root simplex log...

Iteration    Objective       Primal Inf.    Dual Inf.      Time
     491    5.0000000e+00   0.000000e+00   0.000000e+00   3330s

Solved with barrier

Root relaxation: objective 5.000000e+00, 491 iterations, 1.36 seconds (1.49 work units)
Total elapsed time = 3338.80s (DegenMoves)

    Nodes    |    Current Node    |     Objective Bounds      |     Work
 Expl Unexpl |  Obj  Depth IntInf | Incumbent    BestBd   Gap | It/Node Time

     0     0    5.00000    0  459    7.00000    5.00000  28.6%     - 3340s
H    0     0                       6.0000000    5.00000  16.7%     - 3343s
     0     0    5.00000    0  667    6.00000    5.00000  16.7%     - 3343s
     0     0    5.00000    0  665    6.00000    5.00000  16.7%     - 3345s
     0     0    5.00000    0  306    6.00000    5.00000  16.7%     - 3358s
     0     0    5.00000    0  303    6.00000    5.00000  16.7%     - 3359s
     0     0    5.00000    0  434    6.00000    5.00000  16.7%     - 3373s
     0     0    5.00000    0  509    6.00000    5.00000  16.7%     - 3376s
     0     0    5.00000    0  294    6.00000    5.00000  16.7%     - 3385s
     0     0    5.00000    0  262    6.00000    5.00000  16.7%     - 3385s
     0     0    5.00000    0  261    6.00000    5.00000  16.7%     - 3388s
     0     0    5.00000    0  261    6.00000    5.00000  16.7%     - 3393s
     0     2    5.00000    0  261    6.00000    5.00000  16.7%     - 3406s
     2     3    5.00000    1  261    6.00000    5.00000  16.7%  6640 3418s
     4     4    5.00000    1  274    6.00000    5.00000  16.7%  3320 3433s
     5     5    5.00000    1  161    6.00000    5.00000  16.7%  2656 3444s
     6     6    5.00000    1  139    6.00000    5.00000  16.7%  2213 3452s
     8     7    5.00000    1  181    6.00000    5.00000  16.7%  1660 3459s
     9     8    5.00000    1  200    6.00000    5.00000  16.7%  1476 3460s
    10     8    5.00000    1  143    6.00000    5.00000  16.7%  1328 3466s
    12    10    5.00000    1  114    6.00000    5.00000  16.7%  1107 3472s
    13    10    5.00000    1  165    6.00000    5.00000  16.7%  1022 3476s
    15    12    5.00000    1  171    6.00000    5.00000  16.7%   885 3481s
    17    13    5.00000    1  160    6.00000    5.00000  16.7%   781 3486s
    18    14    5.00000    1  160    6.00000    5.00000  16.7%   738 3490s
    21    21    5.00000   11  333    6.00000    5.00000  16.7% 11407 3496s
    49    51    5.00000   14  232    6.00000    5.00000  16.7%  5605 3506s
    97    96    5.00000   15  222    6.00000    5.00000  16.7%  3317 3512s
   113   112    5.00000   16  248    6.00000    5.00000  16.7%  3195 3515s
   148   147    5.00000   17  210    6.00000    5.00000  16.7%  2781 3522s
   164   219    5.00000   17  202    6.00000    5.00000  16.7%  2624 3529s
   240   251    5.00000   21  210    6.00000    5.00000  16.7%  2329 3536s
   284   257 infeasible   22         6.00000    5.00000  16.7%  2320 3599s
   304   258    5.00000   21  180    6.00000    5.00000  16.7%  2451 3613s
   353   241    5.00000   23  397    6.00000    5.00000  16.7%  2777 3636s
   402   215 infeasible   24         6.00000    5.00000  16.7%  2915 3652s
   518   197 infeasible   18         6.00000    5.00000  16.7%  2973 3778s
   576   163 infeasible   19         6.00000    5.00000  16.7%  2988 3797s
   726   155 infeasible   18         6.00000    5.00000  16.7%  2979 3823s
   808   120 infeasible   21         6.00000    5.00000  16.7%  3131 3841s
   945   113 infeasible   22         6.00000    5.00000  16.7%  3229 3903s
  1023    78 infeasible   20         6.00000    5.00000  16.7%  3295 3918s
  1146    62 infeasible   21         6.00000    5.00000  16.7%  3275 3931s
  1242    51 infeasible   20         6.00000    5.00000  16.7%  3325 3940s
  1323    30    5.00000   20  358    6.00000    5.00000  16.7%  3290 3948s
  1388     9 infeasible   21         6.00000    5.00000  16.7%  3296 3964s
  1429     0 infeasible   22         6.00000    5.00000  16.7%  3301 3967s

Cutting planes:
  Gomory: 2
  MIR: 4
  Flow cover: 10
  Inf proof: 4

Explored 1440 nodes (4994517 simplex iterations) in 3967.59 seconds (10300.42 work units)
Thread count was 16 (of 18 available processors)

Solution count 2: 6 7 

Optimal solution found (tolerance 1.00e-04)
Best objective 6.000000000000e+00, best bound 6.000000000000e+00, gap 0.0000%
---------------------------------------------------------------------------

Multi-objectives: optimize objective 5 () ...
---------------------------------------------------------------------------


Loaded user MIP start with objective 10

Presolve removed 3 rows and 55454 columns
Presolve time: 0.97s
Presolved: 1985 rows, 48384 columns, 775768 nonzeros
Variable types: 0 continuous, 48384 integer (48384 binary)
Deterministic concurrent LP optimizer: primal simplex, dual simplex, and barrier
Showing barrier log only...

Root barrier log...

Ordering time: 0.01s

Barrier statistics:
 AA' NZ     : 1.897e+05
 Factor NZ  : 3.371e+05 (roughly 23 MB of memory)
 Factor Ops : 6.704e+07 (less than 1 second per iteration)
 Threads    : 14

                  Objective                Residual
Iter       Primal          Dual         Primal    Dual     Compl     Time
   0   1.62934382e+04 -3.87100000e+02  4.04e+05 0.00e+00  8.28e-01  3969s
   1   3.08352753e+03 -4.12511180e+02  7.73e+04 1.88e-02  1.63e-01  3969s
   2   3.70126283e+02 -2.93435683e+02  9.26e+03 1.54e-03  2.16e-02  3969s
   3   7.93014918e+01 -1.75368685e+02  1.85e+03 6.87e-04  5.47e-03  3969s
   4   3.92358560e+01 -7.39946411e+01  8.43e+02 1.98e-04  2.40e-03  3969s
   5   1.93690721e+01 -4.04354300e+01  3.50e+02 1.18e-04  1.10e-03  3969s
   6   1.19066626e+01 -2.52588323e+01  1.69e+02 6.70e-05  6.06e-04  3969s
   7   9.44699599e+00 -1.55524847e+01  1.13e+02 4.73e-05  4.06e-04  3969s
   8   7.63789337e+00 -8.37423337e+00  7.32e+01 3.10e-05  2.65e-04  3969s
   9   6.88352072e+00 -5.11094014e+00  5.61e+01 2.40e-05  2.02e-04  3969s
  10   6.20056171e+00 -1.42099487e+00  4.07e+01 1.55e-05  1.41e-04  3969s
  11   5.37297203e+00  7.33318263e-01  2.34e+01 1.06e-05  8.77e-05  3969s
  12   5.08617860e+00  1.19295566e+00  1.66e+01 9.92e-06  7.00e-05  3969s
  13   5.24507488e+00  2.70572050e+00  1.34e+01 8.65e-06  6.04e-05  3969s
  14   5.96590069e+00  3.35104181e+00  8.13e+00 7.79e-06  4.92e-05  3969s
  15   7.25315455e+00  5.89848160e+00  3.37e+00 3.16e-06  2.41e-05  3969s
  16   7.78538728e+00  7.01686972e+00  9.93e-01 1.42e-06  1.10e-05  3969s
  17   7.95911162e+00  7.74679405e+00  2.12e-01 3.32e-07  2.88e-06  3969s
  18   7.99983452e+00  7.99810936e+00  3.08e-05 1.50e-09  2.37e-08  3969s
  19   8.00000000e+00  8.00000000e+00  3.47e-11 2.14e-15  3.07e-14  3970s

Barrier solved model in 19 iterations and 3969.52 seconds (10303.69 work units)
Optimal objective 8.00000000e+00


Root crossover log...

     551 DPushes remaining with DInf 0.0000000e+00              3970s
       0 DPushes remaining with DInf 0.0000000e+00              3970s

     201 PPushes remaining with PInf 1.2092315e-05              3970s
      18 PPushes remaining with PInf 0.0000000e+00              3970s
       0 PPushes remaining with PInf 0.0000000e+00              3970s

  Push phase complete: Pinf 0.0000000e+00, Dinf 4.4825255e-15   3970s


Root simplex log...

Iteration    Objective       Primal Inf.    Dual Inf.      Time
     475    8.0000000e+00   0.000000e+00   0.000000e+00   3970s

Solved with barrier

Root relaxation: objective 8.000000e+00, 475 iterations, 1.17 seconds (1.22 work units)
Total elapsed time = 3977.17s (DegenMoves)

    Nodes    |    Current Node    |     Objective Bounds      |     Work
 Expl Unexpl |  Obj  Depth IntInf | Incumbent    BestBd   Gap | It/Node Time

     0     0    8.00000    0  403   10.00000    8.00000  20.0%     - 3979s
     0     0    8.00000    0  784   10.00000    8.00000  20.0%     - 3982s
     0     0    8.00000    0  762   10.00000    8.00000  20.0%     - 3989s
     0     0    8.00000    0  502   10.00000    8.00000  20.0%     - 4000s
     0     0    8.00000    0  461   10.00000    8.00000  20.0%     - 4000s
     0     0    8.00000    0  433   10.00000    8.00000  20.0%     - 4006s
     0     0    8.00000    0  707   10.00000    8.00000  20.0%     - 4007s
     0     0    8.00000    0  573   10.00000    8.00000  20.0%     - 4015s
     0     0    8.00000    0  649   10.00000    8.00000  20.0%     - 4016s
     0     0    8.00000    0  455   10.00000    8.00000  20.0%     - 4024s
     0     0    8.00000    0  455   10.00000    8.00000  20.0%     - 4026s
     0     2    8.00000    0  455   10.00000    8.00000  20.0%     - 4037s
     3     8    8.00000    2  755   10.00000    8.00000  20.0%  4894 4040s
    15    32    8.00000    4  763   10.00000    8.00000  20.0%  2432 4047s
    31    48    8.00000    5  797   10.00000    8.00000  20.0%  3036 4065s
    79    96    8.00000    7  671   10.00000    8.00000  20.0%  2717 4072s
H   86    96                       9.0000000    8.00000  11.1%  2643 4072s
    96    97    8.00000    7  455    9.00000    8.00000  11.1%  2523 4085s
    98    98    8.00000    7  618    9.00000    8.00000  11.1%  2471 4101s
    99    99    8.00000    5  661    9.00000    8.00000  11.1%  2446 4115s
   101   100    8.00000    7  548    9.00000    8.00000  11.1%  2398 4123s
   102   101    8.00000    6  685    9.00000    8.00000  11.1%  2374 4125s
   103   102    8.00000    7  520    9.00000    8.00000  11.1%  2351 4132s
   105   103    8.00000    7  483    9.00000    8.00000  11.1%  2307 4139s
   106   104    8.00000    8  598    9.00000    8.00000  11.1%  2285 4140s
   107   104    8.00000    8  551    9.00000    8.00000  11.1%  2263 4150s
   109   106    8.00000    8  543    9.00000    8.00000  11.1%  2222 4155s
   111   107    8.00000    6  508    9.00000    8.00000  11.1%  2182 4161s
   113   108    8.00000    7  524    9.00000    8.00000  11.1%  2143 4166s
   115   110    8.00000    6  534    9.00000    8.00000  11.1%  2106 4172s
   116   110    8.00000    6  534    9.00000    8.00000  11.1%  2088 4195s
   117   114    8.00000   11  707    9.00000    8.00000  11.1%  2544 4201s
   131   133    8.00000   14  768    9.00000    8.00000  11.1%  2430 4207s
   145   143    8.00000   15  726    9.00000    8.00000  11.1%  2437 4213s
   161   141    8.00000   16  762    9.00000    8.00000  11.1%  2389 4215s
   177   150    8.00000   16  689    9.00000    8.00000  11.1%  2425 4220s
   193   153    8.00000   17  694    9.00000    8.00000  11.1%  2377 4258s
   209   159    8.00000   17  732    9.00000    8.00000  11.1%  2354 4261s
   225   166    8.00000   18  686    9.00000    8.00000  11.1%  2511 4266s
   241   176    8.00000   18  761    9.00000    8.00000  11.1%  2491 4272s
   260   183    8.00000   19  653    9.00000    8.00000  11.1%  2524 4276s
   276   191    8.00000   19  644    9.00000    8.00000  11.1%  2486 4283s
   295   198    8.00000   20  729    9.00000    8.00000  11.1%  2470 4293s
   312   266    8.00000   20  617    9.00000    8.00000  11.1%  2413 4301s
   406   289    8.00000   24  632    9.00000    8.00000  11.1%  2469 4396s
   496   404 infeasible   28         9.00000    8.00000  11.1%  2282 4430s
   858   495    8.00000   25  541    9.00000    8.00000  11.1%  2312 4495s
  1264   661 infeasible   29         9.00000    8.00000  11.1%  2014 4534s
  1951   860    8.00000   26  347    9.00000    8.00000  11.1%  1878 4638s
  2705  1065    8.00000   34  359    9.00000    8.00000  11.1%  1718 4706s
  4827   967    8.00000   32  524    9.00000    8.00000  11.1%  1487 4752s
  6131   940    8.00000   30  433    9.00000    8.00000  11.1%  1461 5080s
  6662   975 infeasible   46         9.00000    8.00000  11.1%  1459 5133s
  7946  1267 infeasible   38         9.00000    8.00000  11.1%  1457 5190s
  9334  1372    8.00000   42  486    9.00000    8.00000  11.1%  1445 5246s
 10339  1634    8.00000   31  528    9.00000    8.00000  11.1%  1453 5299s
 11859  1723    8.00000   65  531    9.00000    8.00000  11.1%  1437 5456s
 12345  1875    8.00000   66  527    9.00000    8.00000  11.1%  1431 5514s
 13876  1916    8.00000   35  464    9.00000    8.00000  11.1%  1420 5799s
 14835  1899    8.00000   47  361    9.00000    8.00000  11.1%  1411 6123s
 14951  1912 infeasible   47         9.00000    8.00000  11.1%  1411 6192s
 16829  2097 infeasible   39         9.00000    8.00000  11.1%  1405 6260s
 18822  2200 infeasible   37         9.00000    8.00000  11.1%  1395 6328s
 20515  2202    8.00000   53  484    9.00000    8.00000  11.1%  1407 6930s
 20586  2450    8.00000   54  506    9.00000    8.00000  11.1%  1408 7013s
 22002  2638 infeasible   69         9.00000    8.00000  11.1%  1411 7152s
 23862  3026    8.00000   31  479    9.00000    8.00000  11.1%  1416 7252s
 26548  3279    8.00000   33  550    9.00000    8.00000  11.1%  1416 7340s
 28508  3445    8.00000   57  491    9.00000    8.00000  11.1%  1406 7426s
 30456  3763    8.00000   46  444    9.00000    8.00000  11.1%  1408 7515s
 32402  3889 infeasible   24         9.00000    8.00000  11.1%  1405 7682s
 34008  4035    8.00000   49  401    9.00000    8.00000  11.1%  1402 7780s
 36742  4277    8.00000   37  497    9.00000    8.00000  11.1%  1404 7876s
 39427  4573    8.00000   30  592    9.00000    8.00000  11.1%  1405 7977s
 42225  4683 infeasible   22         9.00000    8.00000  11.1%  1404 8077s
 44588  4911 infeasible   24         9.00000    8.00000  11.1%  1398 8550s
 48111  4884 infeasible   63         9.00000    8.00000  11.1%  1401 8692s
 48785  4756    8.00000   54  441    9.00000    8.00000  11.1%  1406 8798s
 51564  4614 infeasible   27         9.00000    8.00000  11.1%  1414 8898s
 54031  4562 infeasible   21         9.00000    8.00000  11.1%  1426 9005s
 55872  4607    8.00000   50  536    9.00000    8.00000  11.1%  1435 9146s
 58256  4589    8.00000   58  488    9.00000    8.00000  11.1%  1445 9331s
 59752  4644 infeasible   38         9.00000    8.00000  11.1%  1452 9441s
 62301  4630    8.00000   43  478    9.00000    8.00000  11.1%  1464 9559s
 64722  4641    8.00000   22  699    9.00000    8.00000  11.1%  1474 10185s
 64973  4747    8.00000   23  649    9.00000    8.00000  11.1%  1476 10305s
 67999  4769    8.00000   43  515    9.00000    8.00000  11.1%  1482 10444s
 71554  4812 infeasible   31         9.00000    8.00000  11.1%  1485 10533s
 72985  4860    8.00000   54  491    9.00000    8.00000  11.1%  1485 10633s
 75918  4827    8.00000   19  665    9.00000    8.00000  11.1%  1484 10741s
 77719  4811    8.00000   53  521    9.00000    8.00000  11.1%  1489 10793s

Cutting planes:
  Gomory: 4
  Cover: 1
  Implied bound: 10
  MIR: 26
  Flow cover: 115
  Zero half: 117

Explored 78809 nodes (118208683 simplex iterations) in 10793.84 seconds (28160.52 work units)
Thread count was 16 (of 18 available processors)

Solution count 2: 9 10 

Time limit reached
Best objective 9.000000000000e+00, best bound 8.000000000000e+00, gap 11.1111%

---------------------------------------------------------------------------
Multi-objectives: stopped in 10794.49 seconds (28160.52 work units), solution count 10
Time Limit reached

