
Gurobi 11.0.0 (win64) logging started Fri Dec 20 07:27:32 2024

Set parameter LogFile to value "C:\Users\Administrator\Desktop\OptRail_Railroad_Construction\Data\Solution\AnzahlAuftraege_NEW_10\a10_o114_m6_an57_ar11\3_Objectives\hierarchical_tolerance\gurobi_a10_o114_m6_an57_ar11_hierarchical_tolerance_round_2.log"
Gurobi Optimizer version 11.0.0 build v11.0.0rc2 (win64 - Windows Server 2022.0 (20348.2))

CPU model: AMD EPYC 7513 32-Core Processor, instruction set [SSE2|AVX|AVX2]
Thread count: 18 physical cores, 18 logical processors, using up to 16 threads

Optimize a model with 2854 rows, 159429 columns and 723445 nonzeros
Model fingerprint: 0xbe0dc180
Variable types: 0 continuous, 159429 integer (159429 binary)
Coefficient statistics:
  Matrix range     [1e+00, 1e+01]
  Objective range  [1e+00, 2e+02]
  Bounds range     [1e+00, 1e+00]
  RHS range        [1e+00, 2e+02]

---------------------------------------------------------------------------
Multi-objectives: starting optimization with 3 objectives ... 
---------------------------------------------------------------------------

Multi-objectives: applying initial presolve ...
---------------------------------------------------------------------------

Presolve added 0 rows and 159 columns
Presolve removed 108 rows and 0 columns
Presolve time: 0.70s
Presolved: 2746 rows, 159588 columns, 648292 nonzeros
---------------------------------------------------------------------------

Multi-objectives: optimize objective 1 () ...
---------------------------------------------------------------------------

Presolve removed 0 rows and 82489 columns
Presolve time: 0.75s
Presolved: 2746 rows, 77099 columns, 638961 nonzeros
Variable types: 0 continuous, 77099 integer (77043 binary)
Deterministic concurrent LP optimizer: primal simplex, dual simplex, and barrier
Showing barrier log only...

Root barrier log...

Ordering time: 0.16s

Barrier statistics:
 AA' NZ     : 2.500e+05
 Factor NZ  : 7.882e+05 (roughly 40 MB of memory)
 Factor Ops : 2.958e+08 (less than 1 second per iteration)
 Threads    : 13

                  Objective                Residual
Iter       Primal          Dual         Primal    Dual     Compl     Time
   0   1.59431029e+03 -6.04736570e+04  1.12e+05 1.34e-01  1.13e+01     2s
   1   7.95529424e+02 -5.58130666e+04  3.07e+04 2.41e-01  3.25e+00     2s
   2   2.98631039e+02 -3.80946579e+04  9.24e+03 1.38e-02  1.00e+00     2s
   3   2.09064286e+02 -3.19507077e+04  5.37e+03 8.63e-03  6.20e-01     2s
   4   1.78039304e+02 -2.91161971e+04  4.06e+03 5.23e-03  4.93e-01     2s
   5   1.32720428e+02 -1.45095842e+04  2.32e+03 1.48e-14  2.43e-01     2s
   6   7.24279644e+01 -6.35397152e+03  8.07e+02 4.97e-15  8.83e-02     2s
   7   2.98482307e+01 -4.15463806e+03  2.71e+02 2.97e-15  4.22e-02     2s
   8   1.61089536e+01 -1.53262719e+03  1.33e+02 2.66e-15  1.69e-02     2s
   9   7.17207223e+00 -6.72447586e+02  3.95e+01 8.10e-16  6.33e-03     2s
  10   7.10067597e+00 -5.93401689e+02  3.87e+01 7.48e-16  5.76e-03     3s
  11   5.28148047e+00 -3.94357175e+02  2.21e+01 8.48e-16  3.65e-03     3s
  12   4.14802799e+00 -1.86737188e+02  1.34e+01 1.06e-15  1.89e-03     3s
  13   2.39592053e+00 -1.19091597e+02  5.03e+00 1.78e-15  1.03e-03     3s
  14   1.10031622e+00 -7.79062648e+01  2.10e+00 1.20e-15  6.11e-04     3s
  15   5.10285825e-01 -5.33952677e+01  8.68e-01 1.32e-15  3.88e-04     3s
  16   4.06344125e-01 -2.26622566e+01  6.30e-01 3.55e-15  1.75e-04     3s
  17   1.44027398e-01 -5.46316801e+00  1.39e-01 3.33e-15  4.21e-05     3s
  18   3.07830329e-02 -6.14934244e-01  1.27e-03 5.33e-15  4.71e-06     3s
  19   1.95848638e-03 -9.12524605e-03  6.43e-05 4.00e-15  9.90e-08     3s
  20   6.55563785e-08 -9.12591247e-06  2.17e-09 2.60e-15  6.02e-11     3s
  21   1.12541081e-11 -2.17248441e-11  3.72e-12 5.33e-15  3.70e-16     3s

Barrier solved model in 21 iterations and 2.73 seconds (4.62 work units)
Optimal objective 1.12541081e-11

Concurrent spin time: 0.00s

Solved with barrier

Root relaxation: objective 0.000000e+00, 36796 iterations, 1.86 seconds (1.87 work units)
Total elapsed time = 10.02s (DegenMoves)
Total elapsed time = 15.53s (DegenMoves)

    Nodes    |    Current Node    |     Objective Bounds      |     Work
 Expl Unexpl |  Obj  Depth IntInf | Incumbent    BestBd   Gap | It/Node Time

     0     0    0.00000    0  138          -    0.00000      -     -   19s
     0     0    0.00000    0  368          -    0.00000      -     -   25s
     0     0    0.50000    0  145          -    0.50000      -     -   40s
     0     0    0.50000    0  954          -    0.50000      -     -   54s
     0     0    0.50000    0 1132          -    0.50000      -     -   56s
     0     0    0.50000    0  259          -    0.50000      -     -   80s
     0     0    0.50000    0  374          -    0.50000      -     -   90s
     0     0    0.52419    0  432          -    0.52419      -     -  105s
     0     0    0.54583    0  537          -    0.54583      -     -  107s
     0     0    0.54861    0  666          -    0.54861      -     -  111s
H    0     0                       6.0000000    0.56944  90.5%     -  115s
     0     0    0.56944    0  735    6.00000    0.56944  90.5%     -  115s
     0     0    0.56944    0  857    6.00000    0.56944  90.5%     -  118s
     0     0    0.56944    0  528    6.00000    0.56944  90.5%     -  130s
     0     0    0.56944    0  411    6.00000    0.56944  90.5%     -  142s
     0     0    0.65278    0  402    6.00000    0.65278  89.1%     -  151s
     0     0    0.65278    0  415    6.00000    0.65278  89.1%     -  153s
H    0     0                       5.0000000    0.65278  86.9%     -  159s
     0     0    0.65278    0  708    5.00000    0.65278  86.9%     -  159s
     0     0    0.73611    0  399    5.00000    0.73611  85.3%     -  167s
     0     0    0.73611    0  399    5.00000    0.73611  85.3%     -  171s
     0     2    1.00000    0  399    5.00000    1.00000  80.0%     -  185s
     1     4    1.00000    1  298    5.00000    1.00000  80.0% 19686  190s
     7    16    1.00000    3  411    5.00000    1.00000  80.0%  5003  197s
    15    32    1.00000    4  668    5.00000    1.00000  80.0%  3812  206s
    31    48    1.00000    5  676    5.00000    1.00000  80.0%  5091  259s
    47    64    1.00000    6  738    5.00000    1.00000  80.0%  3855  264s
    63    80    1.00000    7  735    5.00000    1.00000  80.0%  3275  270s
    79    96    1.00000    8  787    5.00000    1.00000  80.0%  2943  319s
    95   117    1.00000    9  756    5.00000    1.00000  80.0%  2769  324s
   116   141    1.00000   10  890    5.00000    1.00000  80.0%  2668  328s
   140   164    1.00000   12  886    5.00000    1.00000  80.0%  2419  332s
   163   187    1.00000   14  925    5.00000    1.00000  80.0%  2241  337s
   188   206    1.00000   16  954    5.00000    1.00000  80.0%  2154  350s
   207   230    1.00000   18  935    5.00000    1.00000  80.0%  2141  356s
   232   255    1.00000   20 1020    5.00000    1.00000  80.0%  2100  362s
   259   286    1.27083   20 1046    5.00000    1.00000  80.0%  2015  366s
   291   312    1.00000   21  878    5.00000    1.00000  80.0%  1941  372s
   317   338    1.00000   23  866    5.00000    1.00000  80.0%  1945  378s
   343   372    1.00000   24  903    5.00000    1.00000  80.0%  1926  385s
   411   438    1.00000   29  887    5.00000    1.00000  80.0%  1830  395s
   475   504    1.14167   33  957    5.00000    1.00000  80.0%  1800  405s
   511   549    1.50000   36  898    5.00000    1.00000  80.0%  1777  412s
   556   600    1.20833   37  830    5.00000    1.00000  80.0%  1725  419s
   607   672    1.33333   40  979    5.00000    1.00000  80.0%  1663  424s
   679   726 infeasible   46         5.00000    1.00000  80.0%  1544  429s
   749   755    1.41667   53  963    5.00000    1.00000  80.0%  1468  441s
   805   794    2.91667   58  975    5.00000    1.00000  80.0%  1464  451s
   857   869    2.91667   63  973    5.00000    1.00000  80.0%  1474  459s
   933   957    2.91667   69  975    5.00000    1.00000  80.0%  1427  470s
  1024  1037 infeasible   77         5.00000    1.00000  80.0%  1364  478s
  1115  1134    3.00000   85  956    5.00000    1.00000  80.0%  1321  486s
  1219  1231    3.00000   91  937    5.00000    1.00000  80.0%  1266  494s
  1331  1307     cutoff   98         5.00000    1.00000  80.0%  1217  501s
  1444  1396    3.16667  108  939    5.00000    1.00000  80.0%  1183  512s
  1567  1484    3.16667  117  855    5.00000    1.00000  80.0%  1153  520s
  1696  1574    3.16667  127  878    5.00000    1.00000  80.0%  1119  529s
  1827  1647    3.16667  139  890    5.00000    1.00000  80.0%  1092  537s
  1967  1713    1.86667    6  793    5.00000    1.00000  80.0%  1070  633s
  2066  1823    3.66667   10  940    5.00000    1.00000  80.0%  1064  643s
  2206  1943    3.83333   20  943    5.00000    1.00000  80.0%  1049  654s
  2387  2060    3.83333   35  898    5.00000    1.00000  80.0%  1025  664s
  2601  2206    3.83333   55  881    5.00000    1.00000  80.0%   989  673s
  2828  2207    1.92500   46  399    5.00000    1.00000  80.0%   955  711s
  2830  2208    3.33333  125  179    5.00000    1.00000  80.0%   954  737s
  2831  2209    3.81481   16  561    5.00000    1.00000  80.0%   954  759s
  2832  2210    2.91667   73 1048    5.00000    1.00000  80.0%   953  771s
  2833  2210    1.96667   20  568    5.00000    1.00000  80.0%   953  793s
  2834  2211    2.26667   38 1024    5.00000    1.00000  80.0%   953  799s
  2835  2212    2.37778   45 1082    5.00000    1.00000  80.0%   952  804s
  2836  2212    1.16667   13  712    5.00000    1.10897  77.8%   952  823s
  2837  2213    3.33333  116  853    5.00000    1.10897  77.8%   952  825s
  2838  2214    2.81481   35  764    5.00000    1.17739  76.5%   951  840s
  2839  2214    4.00000   33 1028    5.00000    1.19670  76.1%   951  846s
  2840  2215    1.89583   37  765    5.00000    1.27058  74.6%   951  877s
  2842  2216    1.50000   13 1017    5.00000    1.27429  74.5%   950  882s
  2843  2217    1.50000   10  712    5.00000    1.27855  74.4%   950  891s
  2844  2218    3.66667   77 1004    5.00000    1.27867  74.4%   949  895s
  2845  2218    2.66667    9  671    5.00000    1.34212  73.2%   949  904s
  2846  2219    2.34286   13  701    5.00000    1.34212  73.2%   949  907s
  2847  2220    3.00000   82  655    5.00000    1.36402  72.7%   948  914s
  2848  2220    4.00000  195  663    5.00000    1.36402  72.7%   948  916s
  2849  2221    3.33333   26  658    5.00000    1.39259  72.1%   948  923s
  2850  2222    1.70833   20  676    5.00000    1.39521  72.1%   947  929s
  2851  2222    2.66667   14  734    5.00000    1.39521  72.1%   947  932s
  2852  2223    3.89286   86  635    5.00000    1.40234  72.0%   947  938s
  2853  2224    2.16667   48  635    5.00000    1.40554  71.9%   946  940s
  2854  2224    4.00000   38  635    5.00000    1.41166  71.8%   946 1155s
  2855  2228    1.59114   15  943    5.00000    1.57699  68.5%  1137 1168s
  2857  2231    1.59114   16  939    5.00000    1.59114  68.2%  1138 1173s
  2861  2238    1.64780   17  887    5.00000    1.59114  68.2%  1140 1183s
  2869  2251    1.69403   18  683    5.00000    1.64780  67.0%  1154 1192s
  2885  2262    1.69570   19  944    5.00000    1.69570  66.1%  1157 1320s
  2901  2271    2.51190   19  847    5.00000    1.69916  66.0%  1158 1325s
  2917  2275    1.73298   20 1009    5.00000    1.70700  65.9%  1159 1331s
  2933  2280    2.38936   20  810    5.00000    1.74190  65.2%  1162 1368s
  2949  2282    1.78308   21  993    5.00000    1.75927  64.8%  1163 1373s
  2970  2291    2.55505   21 1016    5.00000    1.78308  64.3%  1162 1379s
  2990  2302    1.79698   22  968    5.00000    1.79698  64.1%  1166 1383s
  3010  2316    1.86840   23 1009    5.00000    1.86840  62.6%  1169 1427s
  3031  2333    2.36840   23  838    5.00000    1.86840  62.6%  1174 1433s
  3056  2349    2.68487   24  948    5.00000    1.87338  62.5%  1177 1438s
  3082  2364    1.87338   25 1000    5.00000    1.87338  62.5%  1176 1465s
  3109  2378    1.97917   26 1010    5.00000    1.91474  61.7%  1178 1474s
  3140  2393    2.68487   26 1026    5.00000    1.97917  60.4%  1180 1479s
  3174  2405    2.64583   27 1018    5.00000    1.97917  60.4%  1180 1485s
  3205  2420    1.97917   27  981    5.00000    1.97917  60.4%  1182 1492s
  3241  2442    2.64583   28  968    5.00000    2.06190  58.8%  1182 1500s
  3277  2472    3.11905   30  981    5.00000    2.06190  58.8%  1180 1507s
  3325  2498    3.11905   31 1001    5.00000    2.06190  58.8%  1178 1513s
  3377  2509    3.78571   32  943    5.00000    2.06190  58.8%  1175 1518s
  3428  2530    3.78571   33  876    5.00000    2.06190  58.8%  1174 1525s
  3482  2558    3.78571   34  922    5.00000    2.06190  58.8%  1171 1532s
  3542  2578    3.28571   36  935    5.00000    2.06190  58.8%  1166 1544s
  3609  2584    3.28571   37  807    5.00000    2.06190  58.8%  1161 1550s
  3666  2600    3.78571   38  944    5.00000    2.06190  58.8%  1159 1558s
  3736  2626 infeasible   40         5.00000    2.06190  58.8%  1156 1565s
  3806  2659    4.00000   42  777    5.00000    2.06190  58.8%  1154 1571s
  3898  2662    4.00000   45  767    5.00000    2.06190  58.8%  1144 1578s
  3992  2687     cutoff   47         5.00000    2.06190  58.8%  1135 1585s
  4071  2718    4.00000   51  751    5.00000    2.06190  58.8%  1129 1591s
  4167  2736    4.00000   55  670    5.00000    2.06190  58.8%  1122 1598s
  4258  2759    4.00000   58  651    5.00000    2.06190  58.8%  1117 1605s
  4363  2794    4.00000   62  641    5.00000    2.06190  58.8%  1107 1614s
  4469  2840    4.00000   66  658    5.00000    2.06190  58.8%  1098 1622s
  4602  2870     cutoff   71         5.00000    2.06190  58.8%  1084 1649s
  4742  2940    4.00000   77  573    5.00000    2.06190  58.8%  1073 1657s
  4896  2981    4.00000   83  579    5.00000    2.06190  58.8%  1055 1670s
  5043  3035     cutoff   97         5.00000    2.06190  58.8%  1042 1679s
  5206  3105    3.21190   21 1131    5.00000    2.06190  58.8%  1025 1690s
  5368  3173    3.38030   24 1115    5.00000    2.06190  58.8%  1010 1699s
  5555  3260    3.82083   26 1034    5.00000    2.42024  51.6%   992 1710s
  5743  3354    2.52024   21 1125    5.00000    2.42857  51.4%   977 1719s
  5951  3434    2.71364   24 1196    5.00000    2.42857  51.4%   962 1730s
  6183  3372    2.86667   28 1210    5.00000    2.42857  51.4%   943 1743s
  6322  3368    3.32778   31 1264    5.00000    2.42857  51.4%   946 1754s
  6444  3403    3.34242   34 1224    5.00000    2.42857  51.4%   951 1767s
  6585  3426    3.76667   39 1225    5.00000    2.42857  51.4%   952 1780s
  6737  3457    3.47745   41 1204    5.00000    2.42857  51.4%   955 1796s
  6886  3448     cutoff   46         5.00000    2.42857  51.4%   958 1872s
