
Gurobi 11.0.0 (win64) logging started Thu Dec 19 22:43:54 2024

Set parameter LogFile to value "C:\Users\Administrator\Desktop\OptRail_Railroad_Construction\Data\Solution\AnzahlAuftraege_NEW_10\a10_o107_m5_an57_ar12\3_Objectives\weighted\gurobi_a10_o107_m5_an57_ar12_weighted.log"
Gurobi Optimizer version 11.0.0 build v11.0.0rc2 (win64 - Windows Server 2022.0 (20348.2))

CPU model: AMD EPYC 7513 32-Core Processor, instruction set [SSE2|AVX|AVX2]
Thread count: 18 physical cores, 18 logical processors, using up to 16 threads

Optimize a model with 2603 rows, 130587 columns and 642052 nonzeros
Model fingerprint: 0x0c3a1d4e
Variable types: 0 continuous, 130587 integer (130587 binary)
Coefficient statistics:
  Matrix range     [1e+00, 1e+01]
  Objective range  [1e+00, 2e+02]
  Bounds range     [1e+00, 1e+00]
  RHS range        [1e+00, 2e+02]

---------------------------------------------------------------------------
Multi-objectives: starting optimization with 3 objectives (1 combined) ...
---------------------------------------------------------------------------
---------------------------------------------------------------------------

Multi-objectives: optimize objective 1 (weighted) ...
---------------------------------------------------------------------------

Optimize a model with 2603 rows, 130587 columns and 642052 nonzeros
Model fingerprint: 0x86f97ece
Variable types: 0 continuous, 130587 integer (130587 binary)
Coefficient statistics:
  Matrix range     [1e+00, 1e+01]
  Objective range  [4e-04, 7e-01]
  Bounds range     [1e+00, 1e+00]
  RHS range        [1e+00, 2e+02]
Found heuristic solution: objective 0.0000000
Presolve removed 338 rows and 68020 columns
Presolve time: 0.80s
Presolved: 2265 rows, 62567 columns, 552008 nonzeros
Variable types: 0 continuous, 62567 integer (62565 binary)
Deterministic concurrent LP optimizer: primal simplex, dual simplex, and barrier
Showing barrier log only...

Root barrier log...

Ordering time: 0.03s

Barrier statistics:
 AA' NZ     : 2.247e+05
 Factor NZ  : 6.232e+05 (roughly 30 MB of memory)
 Factor Ops : 2.397e+08 (less than 1 second per iteration)
 Threads    : 14

                  Objective                Residual
Iter       Primal          Dual         Primal    Dual     Compl     Time
   0   4.19115654e+03 -3.81076609e+04  9.90e+04 8.40e-02  9.23e+00     1s
   1   1.25418814e+03 -3.54180188e+04  2.91e+04 2.00e-01  2.83e+00     1s
   2   4.72492640e+01 -2.46306428e+04  1.06e+03 4.34e-03  2.77e-01     1s
   3   3.35897106e+01 -7.86328588e+03  7.69e+02 1.55e-14  1.07e-01     1s
   4   1.48852568e+01 -6.71962839e+03  3.59e+02 1.29e-14  7.35e-02     1s
   5   5.48422062e+00 -3.05336020e+03  1.46e+02 1.07e-14  3.21e-02     1s
   6   1.09153279e+00 -9.87122722e+02  5.08e+01 3.77e-15  1.03e-02     1s
   7  -2.82220931e-01 -5.39858098e+02  2.64e+01 1.78e-15  5.57e-03     1s
   8  -2.43919559e+00 -3.51631379e+02  6.24e+00 1.05e-15  3.13e-03     1s
   9  -4.43709228e+00 -2.19922761e+02  8.27e-02 8.29e-16  1.76e-03     1s
  10  -5.13210097e+00 -7.58191421e+01  2.08e-02 8.01e-16  5.67e-04     1s
  11  -5.60271871e+00 -2.82360464e+01  5.60e-03 6.09e-16  1.81e-04     2s
  12  -6.13203043e+00 -1.80910969e+01  2.16e-03 3.49e-16  9.53e-05     2s
  13  -6.05722626e+00 -1.35859316e+01  1.37e-03 3.23e-16  5.99e-05     2s
  14  -6.16383382e+00 -1.05418788e+01  9.73e-04 2.49e-16  3.48e-05     2s
  15  -6.26061938e+00 -9.54385499e+00  6.62e-04 2.60e-16  2.61e-05     2s
  16  -6.33724907e+00 -8.62731554e+00  4.32e-04 2.12e-16  1.82e-05     2s
  17  -6.36569298e+00 -8.20704524e+00  3.60e-04 3.88e-16  1.46e-05     2s
  18  -6.40240873e+00 -7.68727329e+00  2.76e-04 1.44e-16  1.02e-05     2s
  19  -6.43397180e+00 -7.37666071e+00  2.10e-04 2.18e-16  7.49e-06     2s
  20  -6.45716848e+00 -7.11826577e+00  1.55e-04 9.50e-17  5.25e-06     2s
  21  -6.50129552e+00 -6.89091602e+00  7.09e-05 1.21e-16  3.10e-06     2s
  22  -6.52531289e+00 -6.72990006e+00  3.48e-05 1.11e-16  1.63e-06     2s
  23  -6.53174264e+00 -6.67205870e+00  2.65e-05 1.28e-16  1.11e-06     2s
  24  -6.53956183e+00 -6.66554682e+00  1.74e-05 1.67e-16  1.00e-06     2s
  25  -6.54392701e+00 -6.62422258e+00  1.25e-05 1.24e-16  6.38e-07     2s
  26  -6.54720020e+00 -6.59643441e+00  9.08e-06 2.22e-16  3.91e-07     2s
  27  -6.55171544e+00 -6.58495901e+00  4.60e-06 1.11e-16  2.64e-07     2s
  28  -6.55396817e+00 -6.56951715e+00  2.71e-06 1.18e-16  1.24e-07     2s
  29  -6.55510492e+00 -6.56709787e+00  1.89e-06 4.21e-16  9.53e-08     2s
  30  -6.55675620e+00 -6.56210668e+00  7.65e-07 1.67e-16  4.25e-08     2s
  31  -6.55759708e+00 -6.55957284e+00  2.47e-07 1.57e-16  1.57e-08     2s
  32  -6.55778775e+00 -6.55842137e+00  1.41e-07 1.17e-16  5.03e-09     2s
  33  -6.55801748e+00 -6.55813954e+00  2.60e-08 1.72e-16  9.70e-10     2s
  34  -6.55808123e+00 -6.55808350e+00  3.46e-10 1.63e-16  1.80e-11     2s
  35  -6.55808266e+00 -6.55808267e+00  2.25e-10 1.52e-16  2.10e-14     2s

Barrier solved model in 35 iterations and 1.91 seconds (2.90 work units)
Optimal objective -6.55808266e+00

Concurrent spin time: 0.00s

Solved with barrier

Root relaxation: objective -6.558083e+00, 5381 iterations, 1.08 seconds (1.02 work units)

    Nodes    |    Current Node    |     Objective Bounds      |     Work
 Expl Unexpl |  Obj  Depth IntInf | Incumbent    BestBd   Gap | It/Node Time

     0     0   -6.55808    0  498    0.00000   -6.55808      -     -    3s
H    0     0                      -3.5028101   -6.55808  87.2%     -    6s
H    0     0                      -4.1754909   -6.41740  53.7%     -    6s
     0     0   -6.41740    0  701   -4.17549   -6.41740  53.7%     -    8s
     0     0   -6.38388    0  922   -4.17549   -6.38388  52.9%     -   10s
     0     0   -6.38388    0  924   -4.17549   -6.38388  52.9%     -   11s
     0     0   -6.32412    0  949   -4.17549   -6.32412  51.5%     -   13s
     0     0   -6.32165    0  925   -4.17549   -6.32165  51.4%     -   14s
     0     0   -6.32126    0  939   -4.17549   -6.32126  51.4%     -   15s
     0     0   -6.32126    0  943   -4.17549   -6.32126  51.4%     -   16s
H    0     0                      -4.8864615   -6.32126  29.4%     -   16s
     0     0   -6.30485    0  826   -4.88646   -6.30485  29.0%     -   17s
     0     0   -6.30485    0  752   -4.88646   -6.30485  29.0%     -   18s
H    0     0                      -4.8896750   -6.30485  28.9%     -   19s
H    0     0                      -5.5229199   -6.30485  14.2%     -   20s
     0     2   -6.30485    0  752   -5.52292   -6.30485  14.2%     -   22s
     1     4   -6.26041    1  537   -5.52292   -6.30485  14.2% 16866   26s
     3     7   -6.26041    2  538   -5.52292   -6.26041  13.4%  8633   30s
     7    12   -6.26004    3  553   -5.52292   -6.26041  13.4%  4871   36s
    26    35   -6.25969    5  543   -5.52292   -6.25969  13.3%  2436   40s
H   27    35                      -5.5247978   -6.25969  13.3%  2345   40s
H   29    35                      -5.5256665   -6.25969  13.3%  2307   40s
H   38    35                      -6.0067796   -6.25969  4.21%  1945   40s
H   42    50                      -6.1138776   -6.25969  2.38%  1912   57s
    74    70   -6.25969    8  549   -6.11388   -6.25969  2.38%  1253   70s
   304   317   -6.25701   22  567   -6.11388   -6.25969  2.38%   433   75s
   490   518   -6.25650   39  565   -6.11388   -6.25969  2.38%   325   91s
   761   793   -6.25567   64  605   -6.11388   -6.25969  2.38%   256   95s
  1107  1100   -6.25130   86  488   -6.11388   -6.25969  2.38%   230  100s
  1417  1475   -6.24940  101  483   -6.11388   -6.25969  2.38%   215  105s
  1825  1848   -6.24223  117  486   -6.11388   -6.25969  2.38%   205  111s
  2116  2108   -6.23762  121  395   -6.11388   -6.25969  2.38%   208  115s
  2539  2542   -6.17731  129  382   -6.11388   -6.25969  2.38%   200  120s
  2887  2858   -6.17413  135  397   -6.11388   -6.25969  2.38%   193  126s
  3223  3015   -6.24014   32  752   -6.11388   -6.25969  2.38%   189  139s
  3225  3016   -6.20007   58  482   -6.11388   -6.25969  2.38%   189  144s
  3226  3017   -6.16404  149  509   -6.11388   -6.25756  2.35%   189  148s
  3228  3018   -6.24523   28  533   -6.11388   -6.24676  2.17%   189  150s
H 3231  2868                      -6.1151967   -6.17153  0.92%   189  154s
  3232  2869   -6.17012  134  482   -6.11520   -6.17012  0.90%   188  157s
  3234  2870   -6.15637   52  485   -6.11520   -6.15637  0.67%   188  161s
  3236  2872   -6.14639   66  466   -6.11520   -6.14639  0.51%   188  165s
  3241  2876   -6.14392   13  477   -6.11520   -6.14392  0.47%   211  173s
  3244  2881   -6.14167   15  440   -6.11520   -6.14167  0.43%   212  175s
  3269  2892   -6.13030   18  415   -6.11520   -6.13921  0.39%   217  183s
  3317  2888     cutoff   20        -6.11520   -6.13786  0.37%   221  185s
  3408  2873   -6.11908   24  349   -6.11520   -6.12366  0.14%   226  190s
  3591  2772   -6.11742   31  404   -6.11520   -6.12366  0.14%   231  195s
  3676  2730     cutoff   22        -6.11520   -6.11629  0.02%   232  200s

Cutting planes:
  Gomory: 73
  Cover: 5
  Clique: 4
  MIR: 25
  Flow cover: 18
  Inf proof: 1
  Zero half: 65

Explored 3686 nodes (897125 simplex iterations) in 200.91 seconds (342.97 work units)
Thread count was 16 (of 18 available processors)

Solution count 10: -6.1152 -6.11388 -6.00678 ... -3.50281
No other solutions better than -6.1152

Optimal solution found (tolerance 1.00e-04)
Best objective -6.115196698951e+00, best bound -6.115196698951e+00, gap 0.0000%

---------------------------------------------------------------------------
Multi-objectives: solved in 201.19 seconds (342.97 work units), solution count 10

