
Gurobi 11.0.0 (win64) logging started Sat Dec 21 08:38:25 2024

Set parameter LogFile to value "C:\Users\Administrator\Desktop\OptRail_Railroad_Construction\Data\Solution\AnzahlAuftraege_NEW_10\a10_o144_m6_an53_ar12\6_Objectives\weighted\gurobi_a10_o144_m6_an53_ar12_weighted.log"
Gurobi Optimizer version 11.0.0 build v11.0.0rc2 (win64 - Windows Server 2022.0 (20348.2))

CPU model: AMD EPYC 7513 32-Core Processor, instruction set [SSE2|AVX|AVX2]
Thread count: 18 physical cores, 18 logical processors, using up to 16 threads

Optimize a model with 3522 rows, 253468 columns and 1171862 nonzeros
Model fingerprint: 0x9fa52d39
Variable types: 0 continuous, 253468 integer (253468 binary)
Coefficient statistics:
  Matrix range     [1e+00, 1e+01]
  Objective range  [1e+00, 2e+02]
  Bounds range     [1e+00, 1e+00]
  RHS range        [1e+00, 2e+02]

---------------------------------------------------------------------------
Multi-objectives: starting optimization with 6 objectives (1 combined) ...
---------------------------------------------------------------------------
---------------------------------------------------------------------------

Multi-objectives: optimize objective 1 (weighted) ...
---------------------------------------------------------------------------

Optimize a model with 3522 rows, 253468 columns and 1171862 nonzeros
Model fingerprint: 0xdf236143
Variable types: 0 continuous, 253468 integer (253468 binary)
Coefficient statistics:
  Matrix range     [1e+00, 1e+01]
  Objective range  [1e-03, 5e-01]
  Bounds range     [1e+00, 1e+00]
  RHS range        [1e+00, 2e+02]
Found heuristic solution: objective 0.0000000
Presolve removed 8 rows and 131095 columns
Presolve time: 1.86s
Presolved: 3514 rows, 122373 columns, 1121047 nonzeros
Variable types: 0 continuous, 122373 integer (122154 binary)
Deterministic concurrent LP optimizer: primal simplex, dual simplex, and barrier
Showing barrier log only...

Root barrier log...

Ordering time: 0.17s

Barrier statistics:
 AA' NZ     : 4.073e+05
 Factor NZ  : 1.215e+06 (roughly 60 MB of memory)
 Factor Ops : 5.783e+08 (less than 1 second per iteration)
 Threads    : 14

                  Objective                Residual
Iter       Primal          Dual         Primal    Dual     Compl     Time
   0   4.53632329e+04 -5.05582328e+04  2.29e+05 3.44e-02  7.67e+00     3s
   1   1.75675455e+04 -4.80947799e+04  8.87e+04 1.29e-01  3.03e+00     3s
   2   2.57876404e+03 -4.19332304e+04  1.30e+04 3.08e-02  5.65e-01     3s
   3   6.10776540e+02 -1.61440676e+04  3.08e+03 2.75e-03  1.36e-01     3s
   4   4.38271818e+02 -1.16022966e+04  2.20e+03 1.52e-03  9.40e-02     3s
   5   1.28076782e+02 -6.80900173e+03  6.26e+02 1.22e-03  4.01e-02     3s
   6   8.93626398e+01 -2.60000130e+03  4.29e+02 3.55e-05  1.86e-02     3s
   7   1.96728863e+01 -1.11293564e+03  7.50e+01 3.06e-14  5.90e-03     3s
   8   7.81674958e+00 -9.11022284e+02  2.00e+01 2.35e-14  4.07e-03     3s
   9   3.14609266e+00 -4.98600764e+02  5.36e+00 1.32e-14  2.15e-03     3s
  10   1.20290060e+00 -3.58574585e+02  1.51e+00 9.05e-15  1.50e-03     3s
  11   5.72314606e-01 -3.00317823e+02  5.46e-01 7.55e-15  1.24e-03     3s
  12   1.14667270e-01 -2.21179074e+02  1.70e-02 1.30e-05  9.05e-04     3s
  13  -2.90705564e-01 -9.17198251e+01  4.62e-03 2.33e-06  3.73e-04     3s
  14  -6.00477685e-01 -5.64562093e+01  2.45e-03 1.53e-07  2.27e-04     3s
  15  -1.00612063e+00 -3.81073407e+01  1.27e-03 1.02e-15  1.51e-04     3s
  16  -1.24774169e+00 -3.54202958e+01  8.60e-04 7.77e-16  1.39e-04     3s
  17  -1.37091626e+00 -2.21577710e+01  6.88e-04 5.96e-16  8.46e-05     3s
  18  -1.75668859e+00 -1.75315710e+01  2.35e-04 4.51e-16  6.42e-05     4s
  19  -1.85919991e+00 -1.09010017e+01  1.58e-04 3.46e-16  3.68e-05     4s
  20  -1.99063785e+00 -9.92383329e+00  9.66e-05 3.96e-16  3.23e-05     4s
  21  -2.10731358e+00 -7.65510131e+00  5.94e-05 2.95e-16  2.26e-05     4s
  22  -2.15119133e+00 -6.34603311e+00  5.00e-05 2.41e-16  1.71e-05     4s
  23  -2.21139138e+00 -5.18901679e+00  3.94e-05 1.82e-16  1.21e-05     4s
  24  -2.27442457e+00 -5.04399325e+00  3.00e-05 2.22e-16  1.13e-05     4s
  25  -2.37572232e+00 -4.39812886e+00  1.63e-05 1.95e-16  8.22e-06     4s
  26  -2.42207867e+00 -4.07753396e+00  1.24e-05 1.65e-16  6.73e-06     4s
  27  -2.47850143e+00 -3.80709261e+00  8.27e-06 1.46e-16  5.40e-06     4s
  28  -2.50095044e+00 -3.45740551e+00  6.83e-06 1.63e-16  3.89e-06     4s
  29  -2.54409324e+00 -3.22378127e+00  4.15e-06 1.72e-16  2.76e-06     4s
  30  -2.56826395e+00 -3.10674827e+00  2.89e-06 2.22e-16  2.19e-06     4s
  31  -2.59812861e+00 -2.91211052e+00  1.44e-06 1.26e-16  1.28e-06     4s
  32  -2.59907661e+00 -2.89328905e+00  1.39e-06 2.66e-16  1.20e-06     4s
  33  -2.60702683e+00 -2.81731696e+00  1.01e-06 1.56e-16  8.55e-07     4s
  34  -2.62060930e+00 -2.76438313e+00  4.80e-07 1.35e-16  5.85e-07     4s
  35  -2.62731234e+00 -2.71637762e+00  2.76e-07 1.54e-16  3.62e-07     4s
  36  -2.63114948e+00 -2.68714142e+00  1.68e-07 1.33e-16  2.28e-07     4s
  37  -2.63329399e+00 -2.67306340e+00  1.10e-07 1.56e-16  1.62e-07     4s
  38  -2.63447625e+00 -2.65253614e+00  7.40e-08 2.07e-16  7.34e-08     4s
  39  -2.63598893e+00 -2.64355339e+00  3.37e-08 1.56e-16  3.08e-08     4s
  40  -2.63718457e+00 -2.63874615e+00  6.95e-09 1.30e-16  6.35e-09     4s
  41  -2.63756228e+00 -2.63768538e+00  3.75e-10 2.28e-16  5.00e-10     4s
  42  -2.63760872e+00 -2.63760885e+00  3.90e-12 1.49e-16  5.27e-13     4s
  43  -2.63760879e+00 -2.63760879e+00  6.41e-12 1.40e-16  1.03e-16     4s

Barrier solved model in 43 iterations and 4.33 seconds (7.05 work units)
Optimal objective -2.63760879e+00

Concurrent spin time: 0.00s

Solved with barrier

Root relaxation: objective -2.637609e+00, 3931 iterations, 2.33 seconds (2.48 work units)
Total elapsed time = 5.18s (DegenMoves)

    Nodes    |    Current Node    |     Objective Bounds      |     Work
 Expl Unexpl |  Obj  Depth IntInf | Incumbent    BestBd   Gap | It/Node Time

     0     0   -2.63761    0  637    0.00000   -2.63761      -     -    6s
H    0     0                      -1.4165001   -2.63761  86.2%     -   15s
     0     0   -2.59330    0  829   -1.41650   -2.59330  83.1%     -   22s
H    0     0                      -2.2774159   -2.59328  13.9%     -   36s
     0     0   -2.59328    0  830   -2.27742   -2.59328  13.9%     -   37s
     0     0   -2.57439    0  904   -2.27742   -2.57439  13.0%     -   44s
     0     0   -2.57365    0  920   -2.27742   -2.57365  13.0%     -   45s
     0     0   -2.56497    0 1034   -2.27742   -2.56497  12.6%     -   52s
     0     0   -2.56489    0 1026   -2.27742   -2.56489  12.6%     -   53s
     0     0   -2.56405    0 1046   -2.27742   -2.56405  12.6%     -   57s
     0     0   -2.56395    0 1042   -2.27742   -2.56395  12.6%     -   59s
     0     0   -2.56356    0  944   -2.27742   -2.56356  12.6%     -   63s
     0     0   -2.56356    0  946   -2.27742   -2.56356  12.6%     -   63s
     0     0   -2.56341    0  900   -2.27742   -2.56341  12.6%     -   64s
     0     0   -2.56334    0  892   -2.27742   -2.56334  12.6%     -   66s
     0     0   -2.56333    0  889   -2.27742   -2.56333  12.6%     -   67s
     0     0   -2.56330    0  892   -2.27742   -2.56330  12.6%     -   68s
     0     0   -2.56330    0  895   -2.27742   -2.56330  12.6%     -   68s
     0     0   -2.56317    0  932   -2.27742   -2.56317  12.5%     -   70s
     0     0   -2.56219    0  976   -2.27742   -2.56219  12.5%     -   74s
     0     0   -2.56215    0  983   -2.27742   -2.56215  12.5%     -   76s
     0     0   -2.56205    0  873   -2.27742   -2.56205  12.5%     -   77s
     0     0   -2.56201    0  877   -2.27742   -2.56201  12.5%     -   78s
     0     0   -2.56087    0 1012   -2.27742   -2.56087  12.4%     -   81s
     0     0   -2.56087    0 1007   -2.27742   -2.56087  12.4%     -   82s
     0     0   -2.56055    0  846   -2.27742   -2.56055  12.4%     -   84s
     0     0   -2.56055    0  847   -2.27742   -2.56055  12.4%     -   84s
     0     0   -2.56055    0  834   -2.27742   -2.56055  12.4%     -   86s
     0     2   -2.55467    0  817   -2.27742   -2.55467  12.2%     -  106s
     1     4   -2.55467    1  858   -2.27742   -2.55467  12.2% 10469  111s
     3     8   -2.54951    2 1083   -2.27742   -2.55467  12.2%  6443  116s
     7    16   -2.54835    3  799   -2.27742   -2.55218  12.1%  4237  122s
    15    32   -2.50041    4 1057   -2.27742   -2.54562  11.8%  4610  129s
H   31    42                      -2.2858660   -2.53161  10.8%  3602  185s
H   39    42                      -2.2858660   -2.53161  10.8%  3691  185s
    47    48   -2.44106    6  578   -2.28587   -2.53161  10.8%  3410  194s
    63    62   -2.43245    7  541   -2.28587   -2.53161  10.8%  2986  197s
    79    76   -2.43394    7  644   -2.28587   -2.44227  6.84%  2737  279s
    95   103   -2.43236    8  549   -2.28587   -2.44227  6.84%  2390  282s
   155   145   -2.42883   12  388   -2.28587   -2.44227  6.84%  1735  286s
   217   185   -2.41132   15  615   -2.28587   -2.44227  6.84%  1512  290s
   304   265   -2.40807   19  605   -2.28587   -2.44227  6.84%  1279  295s
   472   404   -2.37844   29  578   -2.28587   -2.44227  6.84%   978  301s
   579   517   -2.37451   38  449   -2.28587   -2.44227  6.84%   888  305s
   721   635   -2.36662   47  302   -2.28587   -2.44227  6.84%   801  312s
   888   787   -2.35657   50  572   -2.28587   -2.44227  6.84%   718  317s
   988   880   -2.35506   62  493   -2.28587   -2.44227  6.84%   681  320s
  1215  1088   -2.31007   76  232   -2.28587   -2.44227  6.84%   609  326s
  1346  1214   -2.32133   91  167   -2.28587   -2.44227  6.84%   574  331s
  1643  1489 infeasible  117        -2.28587   -2.43764  6.64%   514  338s
  1810  1596   -2.40407    9  581   -2.28587   -2.43764  6.64%   486  341s
  1952  1674   -2.39097   13  600   -2.28587   -2.43764  6.64%   473  345s
  2199  1876   -2.37121   27  652   -2.28587   -2.43764  6.64%   455  352s
  2337  1941   -2.30418   33  376   -2.28587   -2.42883  6.25%   452  358s
  2454  2027   -2.30870    6  822   -2.28587   -2.42883  6.25%   456  362s
  2586  2028   -2.40085   19  834   -2.28587   -2.42883  6.25%   457  427s
  2588  2029   -2.33766   40  627   -2.28587   -2.42883  6.25%   456  443s
H 2588  1927                      -2.2902527   -2.42883  6.05%   456  452s
  2589  1928   -2.36862   13  840   -2.29025   -2.42883  6.05%   456  461s
H 2589  1832                      -2.2989534   -2.42883  5.65%   456  466s
  2591  1833   -2.40569   14  858   -2.29895   -2.42883  5.65%   456  470s
  2592  1834   -2.32488   57 1122   -2.29895   -2.42883  5.65%   456  485s
  2593  1835   -2.30220   24 1001   -2.29895   -2.42883  5.65%   455  494s
  2594  1835   -2.39329   13  938   -2.29895   -2.42883  5.65%   455  525s
  2596  1837   -2.36799   12 1158   -2.29895   -2.42883  5.65%   455  536s
  2598  1838   -2.32289   83  950   -2.29895   -2.42883  5.65%   455  544s
  2599  1839   -2.35165   15  949   -2.29895   -2.42883  5.65%   454  548s
  2600  1839   -2.39706    9  949   -2.29895   -2.42883  5.65%   454  558s
  2601  1843   -2.42883   15  791   -2.29895   -2.42883  5.65%   492  568s
  2603  1844   -2.42883   16  954   -2.29895   -2.42883  5.65%   495  574s
  2607  1847   -2.42883   17 1037   -2.29895   -2.42883  5.65%   501  580s
  2613  1846   -2.41932   18  270   -2.29895   -2.42883  5.65%   508  585s
  2634  1852   -2.40048   20  516   -2.29895   -2.42883  5.65%   519  595s
  2682  1885   -2.36451   22  501   -2.29895   -2.42019  5.27%   534  601s
  2730  1907   -2.39106   24  525   -2.29895   -2.41844  5.20%   541  605s
  2801  1942   -2.36262   27  266   -2.29895   -2.41844  5.20%   556  648s
  2818  1946   -2.34757   27  387   -2.29895   -2.41844  5.20%   558  693s
H 2820  1852                      -2.2989535   -2.41844  5.20%   557  693s
  2839  1877   -2.36099   28  267   -2.29895   -2.41844  5.20%   559  695s
  2924  1913   -2.31208   31  207   -2.29895   -2.41844  5.20%   564  700s
  3039  1933   -2.31846   35  618   -2.29895   -2.41844  5.20%   565  705s
  3172  1968   -2.31824   41  430   -2.29895   -2.41844  5.20%   566  711s
  3315  1974   -2.30178   49  572   -2.29895   -2.41770  5.17%   565  717s
  3359  1989   -2.33325   24  375   -2.29895   -2.41770  5.17%   571  720s
  3464  2052   -2.31723   30  286   -2.29895   -2.41770  5.17%   582  726s
  3629  2062   -2.36418   23  468   -2.29895   -2.41353  4.98%   581  733s
  3691  2081   -2.35104   25  454   -2.29895   -2.41353  4.98%   586  736s
  3752  2097   -2.32116   27  284   -2.29895   -2.41239  4.93%   588  741s
  3835  2123   -2.35354   25  567   -2.29895   -2.41239  4.93%   590  745s
  3994  2188   -2.30804   41  544   -2.29895   -2.41142  4.89%   593  751s
  4109  2213   -2.35778   26  535   -2.29895   -2.41142  4.89%   593  755s
  4362  2268   -2.39949   26  555   -2.29895   -2.40690  4.70%   590  764s
  4463  2299   -2.39207   28  488   -2.29895   -2.40690  4.70%   592  769s
  4584  2328   -2.37150   31  527   -2.29895   -2.40690  4.70%   593  775s
  4828  2374   -2.35296   39  572   -2.29895   -2.40690  4.70%   599  785s
  4983  2393   -2.33885   49  567   -2.29895   -2.40690  4.70%   598  790s
  5098  2403     cutoff   62        -2.29895   -2.40464  4.60%   602  795s
  5216  2415   -2.31637   28  525   -2.29895   -2.40212  4.49%   610  800s
  5359  2464   -2.32424   27  429   -2.29895   -2.39824  4.32%   615  805s
  5539  2485   -2.36690   28  571   -2.29895   -2.39824  4.32%   615  821s
  5693  2511   -2.34483   31  573   -2.29895   -2.39824  4.32%   618  827s
  5906  2468   -2.33990   32  619   -2.29895   -2.39824  4.32%   618  914s
  5938  2624   -2.33705   34  604   -2.29895   -2.39824  4.32%   618  924s
  6179  2622     cutoff   38        -2.29895   -2.38126  3.58%   614  966s
  6384  2695   -2.35231   29  520   -2.29895   -2.37922  3.49%   612 1009s
  6644  2777     cutoff   36        -2.29895   -2.37907  3.48%   606 1032s
  6956  2839   -2.31918   36  542   -2.29895   -2.37705  3.40%   598 1064s
  7270  3007   -2.31188   37  622   -2.29895   -2.37564  3.34%   591 1091s
  7671  3048   -2.32009   37  185   -2.29895   -2.37542  3.33%   579 1118s
  8032  3167   -2.33511   40  157   -2.29895   -2.37440  3.28%   574 1150s
  8473  3211   -2.31602   35  203   -2.29895   -2.37269  3.21%   565 1204s
  8625  3437   -2.35766   36  449   -2.29895   -2.37176  3.17%   563 1231s
  9054  3602   -2.35993   40  195   -2.29895   -2.37102  3.13%   554 1275s
  9403  3792   -2.33234   48  148   -2.29895   -2.37076  3.12%   550 1309s
  9793  3991   -2.35647   36  624   -2.29895   -2.36988  3.09%   546 1359s
 10235  4317   -2.32583   47  370   -2.29895   -2.36859  3.03%   540 1373s
 10895  4566   -2.33595   32  435   -2.29895   -2.36617  2.92%   531 1384s
 11415  4777   -2.31629   41  157   -2.29895   -2.36572  2.90%   527 1396s
 12120  5130   -2.30545   42  207   -2.29895   -2.36460  2.86%   522 1412s
 12970  5390   -2.31570   38  569   -2.29895   -2.36319  2.79%   512 1426s
 13726  5746   -2.33925   39  150   -2.29895   -2.36238  2.76%   508 1443s
 14742  5986   -2.34670   28  601   -2.29895   -2.36059  2.68%   496 1480s
 15428  6368   -2.32087   44  157   -2.29895   -2.36059  2.68%   492 1496s
 16360  6686   -2.30829   49  313   -2.29895   -2.35934  2.63%   484 1525s
 17083  6700   -2.32895   42  385   -2.29895   -2.35801  2.57%   480 1661s
 17101  7019   -2.31533   43  398   -2.29895   -2.35800  2.57%   480 1720s
 18013  7398     cutoff   39        -2.29895   -2.35736  2.54%   473 1767s
 18919  7741   -2.31851   45  326   -2.29895   -2.35642  2.50%   467 1787s
 20109  8089   -2.30321   42  497   -2.29895   -2.35532  2.45%   460 1809s
 21294  8855   -2.31468   47  183   -2.29895   -2.35401  2.39%   456 1856s
 23651  8999     cutoff   60        -2.29895   -2.35228  2.32%   449 1888s
 24282  9349   -2.30452   31  175   -2.29895   -2.35151  2.29%   448 1908s
 25434  9562   -2.32123   65  443   -2.29895   -2.35089  2.26%   442 1953s
 26126  9970     cutoff   44        -2.29895   -2.35057  2.25%   441 1973s
 27259 10388   -2.32175   38  418   -2.29895   -2.34932  2.19%   437 1995s
 28567 10738   -2.31511   46  411   -2.29895   -2.34863  2.16%   431 2017s
 30068 11085   -2.31208   42  196   -2.29895   -2.34735  2.11%   425 2040s
 31576 11442   -2.33186   35  482   -2.29895   -2.34666  2.08%   421 2062s
 33105 11826   -2.32247   45  567   -2.29895   -2.34563  2.03%   417 2087s
 34726 12142   -2.30101   31  298   -2.29895   -2.34471  1.99%   412 2110s
 36293 12487   -2.31165   30  385   -2.29895   -2.34395  1.96%   409 2135s
 37959 12874   -2.30222   28  220   -2.29895   -2.34304  1.92%   405 2162s
 39736 13205     cutoff   43        -2.29895   -2.34224  1.88%   401 2190s
 41781 13727     cutoff   39        -2.29895   -2.34150  1.85%   396 2688s
 45757 13809     cutoff   51        -2.29895   -2.34002  1.79%   388 2713s
 47162 13912     cutoff   54        -2.29895   -2.33881  1.73%   389 2737s
 48857 13860     cutoff   40        -2.29895   -2.33786  1.69%   388 2760s
 50343 13887   -2.30941   45  330   -2.29895   -2.33704  1.66%   388 2800s
 51709 13866   -2.32364   38  405   -2.29895   -2.33636  1.63%   389 2825s
 53296 13918   -2.31496   42  293   -2.29895   -2.33536  1.58%   389 2853s
 55020 13913   -2.31128   56  215   -2.29895   -2.33441  1.54%   388 2878s
 56763 13948   -2.30009   43  100   -2.29895   -2.33350  1.50%   387 2906s
 58694 13910   -2.30005   48  400   -2.29895   -2.33266  1.47%   385 2932s
 60621 13806     cutoff   40        -2.29895   -2.33166  1.42%   383 2955s
 62255 13753   -2.31510   61  429   -2.29895   -2.33080  1.39%   384 3001s
 63727 13583   -2.30815   39  142   -2.29895   -2.33012  1.36%   383 3025s
 65574 13416     cutoff   37        -2.29895   -2.32907  1.31%   382 3050s
 67495 13356   -2.31406   46  438   -2.29895   -2.32800  1.26%   381 3078s
 69620 13123   -2.32269   52   50   -2.29895   -2.32718  1.23%   378 3103s
 71591 12887   -2.30040   56  112   -2.29895   -2.32619  1.18%   376 3146s
 73364 12613   -2.31288   32  328   -2.29895   -2.32548  1.15%   374 3172s
 75311 12337   -2.30616   40  424   -2.29895   -2.32452  1.11%   372 3199s
 77573 11954     cutoff   54        -2.29895   -2.32360  1.07%   369 3223s
 79359 11716   -2.31457   42  117   -2.29895   -2.32272  1.03%   368 3248s
 81197 11368     cutoff   45        -2.29895   -2.32216  1.01%   366 3271s
 82999 10989     cutoff   47        -2.29895   -2.32120  0.97%   364 3295s
 84884 10615   -2.30029   55  228   -2.29895   -2.32054  0.94%   362 3320s
 86783 10107   -2.31247   40  434   -2.29895   -2.31963  0.90%   360 3345s
 88750  9557     cutoff   61        -2.29895   -2.31863  0.86%   358 3369s
 90654  9034     cutoff   38        -2.29895   -2.31769  0.82%   357 3394s
 92321  9034   -2.30949   66  376   -2.29895   -2.31762  0.81%   354 3395s
 92728  8493     cutoff   45        -2.29895   -2.31697  0.78%   354 3419s
 94801  7894     cutoff   48        -2.29895   -2.31599  0.74%   351 3444s
 96268  7894 infeasible   50        -2.29895   -2.31586  0.74%   349 3445s
 96784  7289   -2.30630   50  269   -2.29895   -2.31525  0.71%   349 3468s
 98705  6467     cutoff   31        -2.29895   -2.31414  0.66%   346 3491s
 100668  5671     cutoff   42        -2.29895   -2.31309  0.61%   344 3516s
 102728  4655   -2.30773   42  114   -2.29895   -2.31172  0.56%   341 3539s
 104758  3583   -2.30721   44  185   -2.29895   -2.31048  0.50%   338 3560s
 106836  2307     cutoff   38        -2.29895   -2.30915  0.44%   335 3583s
 109173   843     cutoff   71        -2.29895   -2.30680  0.34%   331 3605s
 111614     0     cutoff   42        -2.29895   -2.30393  0.22%   325 3617s

Cutting planes:
  Gomory: 2
  Cover: 1
  Clique: 2
  MIR: 10
  Flow cover: 44
  Inf proof: 10
  Zero half: 125
  RLT: 2

Explored 113020 nodes (36389522 simplex iterations) in 3620.21 seconds (3839.30 work units)
Thread count was 16 (of 18 available processors)

Solution count 8: -2.29895 -2.29895 -2.29025 ... 0

Optimal solution found (tolerance 1.00e-04)
Best objective -2.298953428414e+00, best bound -2.298953466239e+00, gap 0.0000%

---------------------------------------------------------------------------
Multi-objectives: solved in 3620.63 seconds (3839.30 work units), solution count 8

