
Gurobi 11.0.0 (win64) logging started Sat Dec 21 02:40:36 2024

Set parameter LogFile to value "C:\Users\Administrator\Desktop\OptRail_Railroad_Construction\Data\Solution\AnzahlAuftraege_NEW_10\a10_o128_m6_an51_ar13\6_Objectives\hierarchical\gurobi_a10_o128_m6_an51_ar13_hierarchical.log"
Gurobi Optimizer version 11.0.0 build v11.0.0rc2 (win64 - Windows Server 2022.0 (20348.2))

CPU model: AMD EPYC 7513 32-Core Processor, instruction set [SSE2|AVX|AVX2]
Thread count: 18 physical cores, 18 logical processors, using up to 16 threads

Optimize a model with 3373 rows, 205717 columns and 1025257 nonzeros
Model fingerprint: 0x2b3bafef
Variable types: 0 continuous, 205717 integer (205717 binary)
Coefficient statistics:
  Matrix range     [1e+00, 1e+01]
  Objective range  [1e+00, 2e+02]
  Bounds range     [1e+00, 1e+00]
  RHS range        [1e+00, 2e+02]

---------------------------------------------------------------------------
Multi-objectives: starting optimization with 6 objectives ... 
---------------------------------------------------------------------------

Multi-objectives: applying initial presolve ...
---------------------------------------------------------------------------

Presolve added 0 rows and 207 columns
Presolve removed 114 rows and 0 columns
Presolve time: 0.97s
Presolved: 3259 rows, 205924 columns, 907394 nonzeros
---------------------------------------------------------------------------

Multi-objectives: optimize objective 1 () ...
---------------------------------------------------------------------------

Found heuristic solution: objective 0.0000000
Presolve removed 779 rows and 106571 columns
Presolve time: 1.34s
Presolved: 2480 rows, 99353 columns, 753193 nonzeros
Variable types: 0 continuous, 99353 integer (99284 binary)
Deterministic concurrent LP optimizer: primal simplex, dual simplex, and barrier
Showing barrier log only...

Root barrier log...

Ordering time: 0.02s

Barrier statistics:
 AA' NZ     : 8.962e+04
 Factor NZ  : 1.756e+05 (roughly 18 MB of memory)
 Factor Ops : 3.149e+07 (less than 1 second per iteration)
 Threads    : 14

                  Objective                Residual
Iter       Primal          Dual         Primal    Dual     Compl     Time
   0  -6.42416786e+02 -5.28958381e+04  1.39e+05 2.31e-01  5.39e+01     3s
   1  -1.70229770e+02 -5.11935501e+04  3.63e+04 5.03e-01  1.46e+01     3s
   2  -2.08658673e+01 -4.08570024e+04  2.36e+03 1.74e-13  1.36e+00     3s
   3  -1.23123424e+01 -2.79827480e+04  1.37e+03 9.06e-14  8.00e-01     3s
   4  -8.85852598e+00 -1.05445379e+04  2.96e+02 4.44e-14  2.15e-01     3s
   5  -8.68805753e+00 -2.94840714e+03  1.60e+02 2.49e-14  7.78e-02     3s
   6  -8.56846720e+00 -1.30238114e+03  3.10e+01 1.07e-14  2.38e-02     3s
   7  -8.44020014e+00 -8.55431210e+02  1.15e+01 4.34e-15  1.35e-02     3s
   8  -8.25202949e+00 -4.22508732e+02  3.47e+00 7.11e-15  6.11e-03     3s
   9  -7.90292285e+00 -2.87538740e+02  2.18e-01 5.33e-15  3.64e-03     3s
  10  -7.16295678e+00 -2.18248321e+02  1.50e-02 6.22e-15  2.68e-03     3s
  11  -7.23529702e+00 -5.83289378e+01  5.98e-04 3.03e-15  6.30e-04     3s
  12  -7.70822504e+00 -3.42597621e+01  2.18e-04 1.48e-15  3.27e-04     3s
  13  -7.99087153e+00 -2.46355420e+01  1.25e-04 1.00e-15  2.05e-04     3s
  14  -8.00616304e+00 -2.14159306e+01  1.21e-04 1.33e-15  1.65e-04     3s
  15  -8.16770963e+00 -1.36212422e+01  8.40e-05 8.88e-16  6.72e-05     3s
  16  -8.21883833e+00 -1.29884425e+01  7.71e-05 9.30e-16  5.87e-05     3s
  17  -8.31391830e+00 -1.09045114e+01  6.27e-05 8.88e-16  3.19e-05     3s
  18  -8.42542495e+00 -8.78518549e+00  1.87e-05 1.78e-15  4.43e-06     3s
  19  -8.48158975e+00 -8.55790316e+00  3.84e-06 8.88e-16  9.40e-07     3s
  20  -8.49996476e+00 -8.50008937e+00  5.04e-09 8.88e-16  1.53e-09     3s
  21  -8.49999996e+00 -8.50000009e+00  2.69e-13 8.88e-16  1.53e-12     3s
  22  -8.50000000e+00 -8.50000000e+00  3.14e-13 8.88e-16  3.85e-18     3s

Barrier solved model in 22 iterations and 3.19 seconds (6.68 work units)
Optimal objective -8.50000000e+00

Concurrent spin time: 0.00s

Solved with barrier

Use crossover to convert LP symmetric solution to basic solution...

Root relaxation: objective -8.500000e+00, 864 iterations, 1.09 seconds (1.03 work units)
Total elapsed time = 5.33s (DegenMoves)

    Nodes    |    Current Node    |     Objective Bounds      |     Work
 Expl Unexpl |  Obj  Depth IntInf | Incumbent    BestBd   Gap | It/Node Time

     0     0   -8.50000    0   50    0.00000   -8.50000      -     -    8s
H    0     0                      -4.0000000   -8.50000   113%     -    8s
H    0     0                      -5.0000000   -8.50000  70.0%     -    9s
     0     0   -8.50000    0   52   -5.00000   -8.50000  70.0%     -    9s
H    0     0                      -6.0000000   -8.50000  41.7%     -   21s
H    0     0                      -7.0000000   -8.50000  21.4%     -   21s
H    0     0                      -8.0000000   -8.50000  6.25%     -   21s

Cutting planes:
  MIR: 2
  Zero half: 11

Explored 1 nodes (58290 simplex iterations) in 21.41 seconds (28.18 work units)
Thread count was 16 (of 18 available processors)

Solution count 6: -8 -7 -6 ... 0
No other solutions better than -8

Optimal solution found (tolerance 1.00e-04)
Best objective -8.000000000000e+00, best bound -8.000000000000e+00, gap 0.0000%
---------------------------------------------------------------------------

Multi-objectives: optimize objective 2 () ...
---------------------------------------------------------------------------


Loaded user MIP start with objective 128

Presolve removed 72 rows and 106371 columns
Presolve time: 1.67s
Presolved: 3188 rows, 99553 columns, 885913 nonzeros
Variable types: 0 continuous, 99553 integer (99484 binary)
Found heuristic solution: objective 73.0000000
Deterministic concurrent LP optimizer: primal simplex, dual simplex, and barrier
Showing barrier log only...

Root barrier log...

Ordering time: 0.22s

Barrier statistics:
 AA' NZ     : 3.313e+05
 Factor NZ  : 1.012e+06 (roughly 50 MB of memory)
 Factor Ops : 4.213e+08 (less than 1 second per iteration)
 Threads    : 14

                  Objective                Residual
Iter       Primal          Dual         Primal    Dual     Compl     Time
   0   2.21112068e+03 -5.47603320e+04  1.65e+05 7.53e-02  9.74e+00    24s
   1   1.25591809e+03 -5.17108351e+04  5.42e+04 1.86e-01  3.30e+00    24s
   2   3.81340823e+02 -3.96952430e+04  1.36e+04 1.15e-02  8.91e-01    24s
   3   2.41862308e+02 -2.54781829e+04  7.10e+03 1.47e-03  4.36e-01    24s
   4   1.29227539e+02 -9.54269021e+03  2.54e+03 6.22e-15  1.40e-01    24s
   5   1.84804449e+01 -5.67037155e+03  3.88e+02 7.99e-15  4.16e-02    24s
   6   4.00879117e+00 -3.31742523e+03  7.51e+01 6.66e-15  1.90e-02    24s
   7   1.63420380e+00 -1.32483869e+03  2.54e+01 6.10e-15  7.36e-03    24s
   8   1.08024651e+00 -1.08857275e+03  1.07e+01 5.11e-15  5.76e-03    24s
   9   4.61579236e-01 -7.31575326e+02  3.91e+00 3.55e-15  3.79e-03    24s
  10   1.20612386e-01 -5.23013145e+02  2.68e+00 2.66e-15  2.72e-03    24s
  11   8.42661554e-02 -4.01535327e+02  2.06e+00 1.72e-15  2.09e-03    24s
  12   6.39045572e-02 -2.55084209e+02  1.10e+00 1.23e-15  1.33e-03    24s
  13   7.82433075e-02 -1.85642303e+02  4.42e-01 1.60e-15  9.64e-04    24s
  14   8.87160161e-02 -1.00153389e+02  1.28e-02 1.71e-15  5.06e-04    24s
  15   5.21598072e-02 -2.70420635e+01  6.18e-03 1.35e-15  1.36e-04    24s
  16   5.05903081e-02 -1.98856096e+01  6.05e-03 9.47e-16  1.00e-04    24s
  17   3.66126231e-02 -1.03304120e+01  3.95e-03 7.37e-16  5.22e-05    24s
  18   2.78209266e-02 -6.22465678e+00  3.41e-03 3.53e-16  3.15e-05    24s
  19   8.18074093e-03 -4.29599512e+00  2.68e-03 3.21e-16  2.17e-05    24s
  20   8.00999837e-03 -2.40130248e+00  2.38e-03 2.29e-16  1.21e-05    24s
  21   2.14962872e-03 -1.41684382e-01  2.23e-12 2.95e-16  7.18e-07    24s
  22   2.21928050e-06 -2.72999267e-04  4.03e-12 3.02e-16  1.37e-09    25s
  23   2.29551477e-12 -2.82041732e-10  2.34e-12 3.30e-16  1.42e-15    25s

Barrier solved model in 23 iterations and 24.55 seconds (32.90 work units)
Optimal objective 2.29551477e-12

  Building initial crossover basis                                25s

Root crossover log...

     580 DPushes remaining with DInf 0.0000000e+00                26s

     470 PPushes remaining with PInf 0.0000000e+00                26s
       0 PPushes remaining with PInf 0.0000000e+00                26s

  Push phase complete: Pinf 0.0000000e+00, Dinf 0.0000000e+00     26s


Root simplex log...

Iteration    Objective       Primal Inf.    Dual Inf.      Time
     473    0.0000000e+00   0.000000e+00   0.000000e+00     26s

Solved with barrier

Root relaxation: objective 0.000000e+00, 473 iterations, 2.75 seconds (2.71 work units)

    Nodes    |    Current Node    |     Objective Bounds      |     Work
 Expl Unexpl |  Obj  Depth IntInf | Incumbent    BestBd   Gap | It/Node Time

     0     0    0.00000    0 1892   73.00000    0.00000   100%     -   43s
H    0     0                      54.0000000    0.00000   100%     -   43s
     0     0    0.00000    0 1798   54.00000    0.00000   100%     -   63s
H    0     0                      47.0000000    0.00000   100%     -   93s
     0     0    0.00000    0 1782   47.00000    0.00000   100%     -   93s
     0     0    0.00000    0 1769   47.00000    0.00000   100%     -  132s
H    0     0                      37.0000000    0.00000   100%     -  133s
     0     0    0.00000    0 1749   37.00000    0.00000   100%     -  168s
     0     0    0.00000    0 1755   37.00000    0.00000   100%     -  184s
H    0     0                      22.0000000    0.00000   100%     -  184s
     0     0    0.00000    0 1755   22.00000    0.00000   100%     -  199s
H    0     0                      13.0000000    0.00000   100%     -  221s
H    0     2                      11.0000000    0.00000   100%     -  249s
     0     2    0.00000    0 1755   11.00000    0.00000   100%     -  249s
     1     4    0.00000    1 1443   11.00000    0.00000   100% 38226  276s
     3     8    0.00000    2 1150   11.00000    0.00000   100% 24358  290s
     7    14    0.04545    3 1270   11.00000    0.00000   100% 12538  299s
    15    26    0.12500    4 1260   11.00000    0.00000   100%  7421  333s
H   29    42                      10.0000000    0.00000   100%  8771  624s
H   32    42                       9.0000000    0.00000   100%  8423  624s
H   35    42                       7.0000000    0.00000   100%  8188  624s
H   40    42                       6.0000000    0.00000   100%  7768  624s
    45    58    0.25000    6 1265    6.00000    0.00000   100%  9238  637s
    61    74    0.25000    7 1268    6.00000    0.00000   100%  9257  651s
H   77    90                       2.0000000    0.00000   100%  8898  662s
H   87    90                       1.0000000    0.00000   100%  8160  662s
    94    63    0.00000    8 1755    1.00000    0.00000   100%  8076  696s
    96    64    0.00000    5 1631    1.00000    0.00000   100%  7908  725s
    97    65    0.00000    5 1563    1.00000    0.00000   100%  7827  795s
    98    66    0.00000    7 1532    1.00000    0.00000   100%  7747  802s
    99    66    0.00000    8 1526    1.00000    0.00000   100%  7668  820s
   100    67    0.00000    9 1511    1.00000    0.00000   100%  7592  825s
   101    68    0.00000    8 1511    1.00000    0.00000   100%  7517  838s
H  101    64                       0.0000000    0.00000  0.00%  7517  847s

Cutting planes:
  Clique: 3
  MIR: 1
  Flow cover: 3
  Zero half: 6
  RLT: 1

Explored 101 nodes (1042212 simplex iterations) in 847.30 seconds (1121.45 work units)
Thread count was 16 (of 18 available processors)

Solution count 10: 0 1 2 ... 22

Optimal solution found (tolerance 1.00e-04)
Best objective 0.000000000000e+00, best bound 0.000000000000e+00, gap 0.0000%
---------------------------------------------------------------------------

Multi-objectives: optimize objective 3 () ...
---------------------------------------------------------------------------


Loaded user MIP start with objective 9291.76

Presolve added 321 rows and 0 columns
Presolve removed 0 rows and 106955 columns
Presolve time: 3.19s
Presolved: 3582 rows, 98969 columns, 661974 nonzeros
Variable types: 0 continuous, 98969 integer (98969 binary)
Deterministic concurrent LP optimizer: primal simplex, dual simplex, and barrier
Showing barrier log only...

Root barrier log...

Ordering time: 0.05s

Barrier statistics:
 AA' NZ     : 2.267e+05
 Factor NZ  : 8.194e+05 (roughly 50 MB of memory)
 Factor Ops : 2.645e+08 (less than 1 second per iteration)
 Threads    : 14

                  Objective                Residual
Iter       Primal          Dual         Primal    Dual     Compl     Time
   0   9.62575382e+07 -2.14172912e+07  1.69e+05 9.81e+01  3.92e+03   851s
   1   2.67553645e+07 -2.06132565e+07  4.69e+04 1.26e+02  1.15e+03   851s
   2   1.29608715e+07 -1.73673414e+07  2.27e+04 2.78e+01  5.66e+02   851s
   3   1.00648005e+06 -1.00291453e+07  1.74e+03 9.96e-01  8.11e+01   851s
   4   6.60319134e+05 -5.48583335e+06  1.14e+03 4.04e-01  4.54e+01   851s
   5   4.79476121e+05 -3.40282297e+06  8.20e+02 1.62e-01  2.92e+01   851s
   6   6.97196131e+04 -2.18098178e+06  1.02e+02 6.72e-02  1.25e+01   851s
   7   2.86880445e+04 -1.35705133e+06  3.07e+01 5.45e-02  7.29e+00   851s
   8   1.76116937e+04 -9.72488051e+05  1.22e+01 5.52e-02  5.11e+00   851s
   9   1.35554832e+04 -8.01124530e+05  5.66e+00 3.63e-02  4.17e+00   852s
  10   1.24244492e+04 -5.98887307e+05  2.62e+00 8.12e-03  3.16e+00   852s
  11   1.02449646e+04 -3.49799125e+05  1.56e-01 1.82e-12  1.85e+00   852s
  12   9.08954444e+03 -1.90968636e+05  6.78e-02 9.59e-13  1.03e+00   852s
  13   8.06978630e+03 -1.02863413e+05  1.80e-02 1.15e-12  5.67e-01   852s
  14   7.33083550e+03 -4.28528000e+04  6.32e-03 1.36e-12  2.55e-01   852s
  15   6.93388776e+03 -1.48760135e+04  9.04e-02 9.27e-13  1.11e-01   852s
  16   6.60332054e+03 -8.07502923e+03  2.43e-03 9.19e-13  7.45e-02   852s
  17   6.29108173e+03 -5.40841157e+03  5.92e-03 7.81e-13  5.92e-02   852s
  18   6.13902453e+03 -3.07141976e+03  1.28e-02 8.22e-13  4.65e-02   852s
  19   6.02178375e+03 -1.51422582e+02  1.06e-02 1.25e-12  3.11e-02   852s
  20   5.86459412e+03  1.43202241e+03  6.13e-03 6.82e-13  2.23e-02   852s
  21   5.79476567e+03  3.05649846e+03  4.44e-03 6.17e-13  1.38e-02   852s
  22   5.75882230e+03  3.70244014e+03  3.76e-03 7.44e-13  1.04e-02   852s
  23   5.70857096e+03  4.28003402e+03  2.92e-03 4.55e-13  7.20e-03   852s
  24   5.62297504e+03  4.80434669e+03  1.59e-03 6.82e-13  4.12e-03   852s
  25   5.58220179e+03  5.27547562e+03  1.07e-03 6.25e-13  1.55e-03   852s
  26   5.56796846e+03  5.31407104e+03  9.01e-04 3.28e-13  1.28e-03   852s
  27   5.54822612e+03  5.34205775e+03  6.75e-04 3.22e-13  1.04e-03   852s
  28   5.54056827e+03  5.36903918e+03  5.90e-04 6.21e-13  8.65e-04   852s
  29   5.51306061e+03  5.43155485e+03  2.89e-04 5.26e-13  4.11e-04   852s
  30   5.50200643e+03  5.45911290e+03  1.79e-04 9.09e-13  2.16e-04   852s
  31   5.49751012e+03  5.46075917e+03  1.35e-04 6.82e-13  1.85e-04   852s
  32   5.48670906e+03  5.47049504e+03  3.23e-05 4.55e-13  8.16e-05   852s
  33   5.48383433e+03  5.47948517e+03  8.42e-06 6.25e-13  2.19e-05   852s
  34   5.48274510e+03  5.48253528e+03  8.35e-07 5.68e-13  1.06e-06   852s
  35   5.48258477e+03  5.48258456e+03  1.33e-11 7.37e-13  1.06e-09   852s
  36   5.48258461e+03  5.48258461e+03  1.45e-10 5.43e-13  1.85e-12   852s

Barrier solved model in 36 iterations and 852.13 seconds (1128.52 work units)
Optimal objective 5.48258461e+03


Root crossover log...

    2343 DPushes remaining with DInf 0.0000000e+00               852s
       0 DPushes remaining with DInf 0.0000000e+00               852s

    6027 PPushes remaining with PInf 0.0000000e+00               852s
       0 PPushes remaining with PInf 0.0000000e+00               852s

  Push phase complete: Pinf 0.0000000e+00, Dinf 1.0207835e-11    852s


Root simplex log...

Iteration    Objective       Primal Inf.    Dual Inf.      Time
    8051    5.4825846e+03   0.000000e+00   0.000000e+00    852s

Solved with barrier
    8051    5.4825846e+03   0.000000e+00   0.000000e+00    852s

Root relaxation: objective 5.482585e+03, 8051 iterations, 1.44 seconds (1.41 work units)

    Nodes    |    Current Node    |     Objective Bounds      |     Work
 Expl Unexpl |  Obj  Depth IntInf | Incumbent    BestBd   Gap | It/Node Time

     0     0 5482.58461    0  558 9291.75556 5482.58461  41.0%     -  856s
     0     0 5489.38337    0  637 9291.75556 5489.38337  40.9%     -  858s
     0     0 5500.44585    0  722 9291.75556 5500.44585  40.8%     -  861s
H    0     0                    8558.7605165 5500.44585  35.7%     -  862s
H    0     0                    7550.8919940 5500.44585  27.2%     -  863s
     0     0 5502.07710    0  777 7550.89199 5502.07710  27.1%     -  864s
     0     0 5573.67495    0  543 7550.89199 5573.67495  26.2%     -  873s
     0     0 5583.11749    0  590 7550.89199 5583.11749  26.1%     -  875s
     0     0 5590.14661    0  643 7550.89199 5590.14661  26.0%     -  876s
     0     0 5605.90397    0  621 7550.89199 5605.90397  25.8%     -  877s
     0     0 5610.09590    0  566 7550.89199 5610.09590  25.7%     -  879s
     0     0 5615.99055    0  648 7550.89199 5615.99055  25.6%     -  880s
     0     0 5618.35777    0  638 7550.89199 5618.35777  25.6%     -  881s
     0     0 5626.76211    0  672 7550.89199 5626.76211  25.5%     -  883s
     0     0 5634.66617    0  608 7550.89199 5634.66617  25.4%     -  885s
     0     0 5734.39603    0  745 7550.89199 5734.39603  24.1%     -  887s
     0     0 5918.08352    0  485 7550.89199 5918.08352  21.6%     -  891s
H    0     0                    7175.0446699 5918.08352  17.5%     -  892s
H    0     0                    6669.2115221 5918.08352  11.3%     -  896s
     0     0 5932.36211    0  528 6669.21152 5932.36211  11.0%     -  898s
     0     0 5932.36211    0  263 6669.21152 5932.36211  11.0%     -  904s
H    0     0                    6399.5246007 5932.36211  7.30%     -  907s
     0     0 5932.36211    0  403 6399.52460 5932.36211  7.30%     -  907s
     0     0 5942.10096    0  398 6399.52460 5942.10096  7.15%     -  912s
     0     0 5943.94441    0  401 6399.52460 5943.94441  7.12%     -  913s
     0     0 5943.94441    0  406 6399.52460 5943.94441  7.12%     -  913s
     0     0 5946.83489    0  452 6399.52460 5946.83489  7.07%     -  914s
     0     0 5946.83489    0  452 6399.52460 5946.83489  7.07%     -  914s
     0     0 5946.83489    0  460 6399.52460 5946.83489  7.07%     -  915s
     0     0 5949.11724    0  252 6399.52460 5949.11724  7.04%     -  917s
     0     0 5949.11724    0  275 6399.52460 5949.11724  7.04%     -  918s
     0     0 5949.11724    0  300 6399.52460 5949.11724  7.04%     -  918s
H    0     0                    6342.0560174 5949.11724  6.20%     -  918s
     0     0 5949.11724    0  292 6342.05602 5949.11724  6.20%     -  919s
     0     0 5949.11724    0  294 6342.05602 5949.11724  6.20%     -  920s
     0     0 5949.38647    0  395 6342.05602 5949.38647  6.19%     -  922s
     0     0 5949.38647    0  406 6342.05602 5949.38647  6.19%     -  922s
     0     0 5949.38647    0  437 6342.05602 5949.38647  6.19%     -  923s
     0     0 5949.38647    0  491 6342.05602 5949.38647  6.19%     -  924s
     0     0 5949.56798    0  397 6342.05602 5949.56798  6.19%     -  926s
     0     0 5949.64323    0  426 6342.05602 5949.64323  6.19%     -  927s
     0     0 5949.64323    0  451 6342.05602 5949.64323  6.19%     -  928s
     0     0 5949.64323    0  473 6342.05602 5949.64323  6.19%     -  928s
     0     0 5949.64323    0  457 6342.05602 5949.64323  6.19%     -  929s
     0     0 5949.64323    0  367 6342.05602 5949.64323  6.19%     -  931s
     0     0 5949.64323    0  438 6342.05602 5949.64323  6.19%     -  932s
     0     0 5949.64323    0  399 6342.05602 5949.64323  6.19%     -  934s
     0     0 5949.64323    0  399 6342.05602 5949.64323  6.19%     -  935s
H    0     0                    6303.2966281 5949.77589  5.61%     -  937s
H    0     2                    6294.4169065 5949.77589  5.48%     -  940s
     0     2 5949.77589    0  375 6294.41691 5949.77589  5.48%     -  940s
    15    32 5949.77589    4  484 6294.41691 5949.77589  5.48%  2500  945s
H   31    48                    6256.6348127 5949.77589  4.90%  1683  951s
H   34    48                    6237.7525955 5949.77589  4.62%  1715  951s
    63    80 5979.46922    6  541 6237.75260 5955.69290  4.52%  2032  956s
    80    81 5955.69290    0  777 6237.75260 5955.69290  4.52%  2045  963s
    82    82 5955.69290    0  262 6237.75260 5955.69290  4.52%  1995  968s
    84    84 5966.09014    0  263 6237.75260 5966.09014  4.36%  1948  970s
    91    88 5981.58482    0  579 6237.75260 5981.58482  4.11%  1798  975s
    99    95 5990.71091    0  245 6237.75260 5990.71091  3.96%  2034  982s
   103    98 5996.06576    0  571 6237.75260 5996.06576  3.87%  1955  985s
   109   102 6019.05631    0  553 6237.75260 6019.05631  3.51%  1847  990s
   113   105 6022.57107    0  280 6237.75260 6022.57107  3.45%  1782  995s
   120   118 6028.17551   24  409 6237.75260 6024.07105  3.43%  2357 1000s
H  148   133                    6057.5437798 6024.07105  0.55%  2253 1004s
H  152   127                    6057.5437737 6024.07105  0.55%  2213 1004s
   160   119     cutoff   26      6057.54377 6024.07105  0.55%  2184 1005s
H  313   129                    6057.5436967 6025.65972  0.53%  1259 1009s
   327   140 6039.58084   31  432 6057.54370 6030.08381  0.45%  1223 1010s
H  371   126                    6057.5436138 6031.47228  0.43%  1101 1011s
   476   170 6051.57821   45  777 6057.54361 6032.17958  0.42%   919 1017s
   483   175 6051.57821   37  349 6057.54361 6032.17958  0.42%   905 1020s
   530   199 6035.36500   38  464 6057.54361 6032.17958  0.42%   945 1025s
   725   226 6051.55512   44  298 6057.54361 6036.04374  0.35%   774 1030s
  1101   269 6055.04639   51  222 6057.54361 6036.04374  0.35%   565 1035s
  1536   349     cutoff   78      6057.54361 6036.19654  0.35%   455 1040s
  1679   497 6051.57821   45   69 6057.54361 6051.57821  0.10%   430 1048s
  2300   556 6051.57821   56   38 6057.54361 6051.57821  0.10%   349 1056s
  3163   676     cutoff   61      6057.54361 6051.57821  0.10%   293 1065s
  4096   774 6056.28435   58  114 6057.54361 6051.57821  0.10%   257 1076s
  4747   801 6051.57821   55  100 6057.54361 6051.57821  0.10%   239 1088s
  5930   902     cutoff   62      6057.54361 6051.57821  0.10%   218 1099s
  6956   975     cutoff   73      6057.54361 6051.57821  0.10%   206 1109s
  8160   974     cutoff   66      6057.54361 6051.57821  0.10%   196 1118s
  9513   969     cutoff   58      6057.54361 6051.57821  0.10%   188 1125s
 10169   984     cutoff   47      6057.54361 6051.57821  0.10%   185 1132s
 11267  1078 6052.59037   67  171 6057.54361 6051.57821  0.10%   181 1140s
 12522  1067 6053.40844   77  106 6057.54361 6051.57821  0.10%   175 1151s
 13801  1071 6051.57821   63   52 6057.54361 6051.57821  0.10%   170 1159s
 14748  1071 6053.40844   74   88 6057.54361 6051.57821  0.10%   168 1160s
 15118  1077 6053.81530   56   41 6057.54361 6051.57821  0.10%   167 1194s
 15144  1045     cutoff   57      6057.54361 6051.57821  0.10%   167 1202s
 16313  1045     cutoff   50      6057.54361 6051.57821  0.10%   164 1210s
 17366  1017     cutoff   51      6057.54361 6051.57821  0.10%   162 1217s
 18351   840 6055.80659   49  153 6057.54361 6051.57821  0.10%   161 1223s
 19171   722 6053.81530   46   68 6057.54361 6051.95106  0.09%   161 1231s
 20158   697     cutoff   50      6057.54361 6053.81530  0.06%   158 1252s
 22427   535 6053.81530   52   98 6057.54361 6053.81530  0.06%   151 1271s
 24903   375     cutoff   47      6057.54361 6053.81530  0.06%   144 1284s
 26558   268 6053.81530   63  142 6057.54361 6053.81530  0.06%   139 1295s
 28265    37     cutoff   48      6057.54361 6053.81530  0.06%   136 1305s

Cutting planes:
  Gomory: 43
  Cover: 15
  Clique: 1
  MIR: 20
  StrongCG: 4
  Flow cover: 9
  GUB cover: 1
  Inf proof: 11
  Zero half: 35

Explored 29885 nodes (4308018 simplex iterations) in 1306.52 seconds (1461.94 work units)
Thread count was 16 (of 18 available processors)

Solution count 10: 6057.54 6057.54 6237.75 ... 7175.04

Optimal solution found (tolerance 1.00e-04)
Best objective 6.057543613858e+03, best bound 6.057543613858e+03, gap 0.0000%
---------------------------------------------------------------------------

Multi-objectives: optimize objective 4 () ...
---------------------------------------------------------------------------


Loaded user MIP start with objective 925.666

Presolve added 320 rows and 0 columns
Presolve removed 0 rows and 107164 columns
Presolve time: 3.42s
Presolved: 3582 rows, 98760 columns, 693674 nonzeros
Variable types: 0 continuous, 98760 integer (98760 binary)
Deterministic concurrent LP optimizer: primal simplex, dual simplex, and barrier
Showing barrier log only...

Root barrier log...

Ordering time: 0.16s

Barrier statistics:
 AA' NZ     : 2.301e+05
 Factor NZ  : 8.372e+05 (roughly 50 MB of memory)
 Factor Ops : 2.651e+08 (less than 1 second per iteration)
 Threads    : 14

                  Objective                Residual
Iter       Primal          Dual         Primal    Dual     Compl     Time
   0   3.13341275e+08 -3.49679058e+07  1.65e+06 2.85e+01  1.28e+04  1311s
   1   9.21633022e+07 -3.22968460e+07  4.85e+05 3.43e+01  3.89e+03  1311s
   2   2.55939851e+07 -2.18554023e+07  1.35e+05 2.47e-12  1.14e+03  1311s
   3   6.49877110e+06 -1.17340486e+07  3.44e+04 4.41e-13  3.02e+02  1311s
   4   3.46766338e+06 -8.56538358e+06  1.85e+04 3.55e-13  1.66e+02  1311s
   5   1.99981745e+06 -6.42195009e+06  1.08e+04 5.12e-13  9.97e+01  1311s
   6   1.05622525e+06 -4.25092173e+06  5.84e+03 3.31e-11  5.46e+01  1311s
   7   4.65816392e+05 -2.56685251e+06  2.60e+03 1.82e-12  2.65e+01  1311s
   8   3.16003398e+05 -1.56012078e+06  1.77e+03 3.47e-12  1.66e+01  1311s
   9   1.18934616e+05 -8.40062700e+05  6.60e+02 1.09e-11  7.36e+00  1311s
  10   6.24188549e+04 -6.93148448e+05  3.41e+02 1.09e-11  5.09e+00  1311s
  11   4.38391036e+04 -3.39377791e+05  2.36e+02 1.27e-11  2.76e+00  1311s
  12   2.89239604e+04 -2.48275214e+05  1.53e+02 1.46e-11  1.92e+00  1311s
  13   2.10982612e+04 -1.93801637e+05  1.09e+02 9.09e-12  1.46e+00  1311s
  14   1.70198538e+04 -1.48869206e+05  8.69e+01 1.36e-11  1.14e+00  1311s
  15   1.66014417e+04 -1.15582545e+05  8.47e+01 9.09e-12  9.63e-01  1311s
  16   8.60127042e+03 -8.57151294e+04  4.14e+01 1.18e-11  6.21e-01  1311s
  17   4.69198636e+03 -6.60696820e+04  2.08e+01 1.82e-11  4.30e-01  1311s
  18   2.14438174e+03 -3.90372905e+04  7.91e+00 1.14e-11  2.36e-01  1311s
  19   1.37074115e+03 -2.48013803e+04  4.19e+00 7.28e-12  1.47e-01  1312s
  20   1.17676916e+03 -1.97005789e+04  3.36e+00 6.82e-12  1.17e-01  1312s
  21   8.64721838e+02 -1.84076335e+04  2.11e+00 5.91e-12  1.05e-01  1312s
  22   6.91865276e+02 -1.32939933e+04  1.44e+00 4.55e-12  7.54e-02  1312s
  23   6.34893193e+02 -8.85640394e+03  1.22e+00 2.50e-12  5.17e-02  1312s
  24   5.47228817e+02 -6.56232677e+03  9.38e-01 1.36e-12  3.87e-02  1312s
  25   4.86574220e+02 -5.64140535e+03  7.65e-01 1.36e-12  3.31e-02  1312s
  26   4.06578676e+02 -4.36858302e+03  5.64e-01 6.82e-13  2.57e-02  1312s
  27   3.55728156e+02 -3.17446509e+03  4.46e-01 9.09e-13  1.90e-02  1312s
  28   2.94486062e+02 -2.43852252e+03  3.13e-01 7.96e-13  1.46e-02  1312s
  29   2.43925870e+02 -1.61366736e+03  2.14e-01 3.41e-13  9.84e-03  1312s
  30   1.99948050e+02 -1.22325225e+03  1.41e-01 1.73e-13  7.46e-03  1312s
  31   1.51839581e+02 -8.38043904e+02  7.40e-02 3.41e-13  5.12e-03  1312s
  32   1.37659155e+02 -5.91348563e+02  5.52e-02 3.98e-13  3.76e-03  1312s
  33   1.28630198e+02 -4.52429868e+02  4.54e-02 3.41e-13  3.00e-03  1312s
  34   1.21040583e+02 -3.33878358e+02  3.82e-02 2.84e-13  2.34e-03  1312s
  35   1.10822355e+02 -2.27462521e+02  2.95e-02 1.71e-13  1.74e-03  1312s
  36   1.09709085e+02 -2.03303303e+02  2.85e-02 9.34e-14  1.61e-03  1312s
  37   1.03002600e+02 -1.75151904e+02  2.34e-02 1.71e-13  1.43e-03  1312s
  38   9.75133992e+01 -1.24560403e+02  1.97e-02 1.02e-13  1.14e-03  1312s
  39   9.34834306e+01 -7.54496685e+01  1.69e-02 1.42e-13  8.68e-04  1312s
  40   9.01471068e+01 -5.33426499e+01  1.49e-02 7.09e-14  7.38e-04  1312s
  41   8.32473670e+01 -2.81007831e+01  1.11e-02 6.79e-14  5.72e-04  1312s
  42   8.30347377e+01 -2.10244666e+01  1.07e-02 8.53e-14  5.34e-04  1312s
  43   7.60435303e+01 -1.35757030e+01  6.83e-03 9.60e-14  4.58e-04  1312s
  44   7.51482236e+01 -9.09198338e+00  6.45e-03 8.40e-14  4.30e-04  1312s
  45   7.24916606e+01  4.74139378e+00  5.11e-03 8.53e-14  3.46e-04  1312s
  46   6.95372733e+01  1.87512532e+01  3.53e-03 7.47e-14  2.59e-04  1312s
  47   6.63505531e+01  2.63483013e+01  2.03e-03 1.11e-13  2.03e-04  1312s
  48   6.51899541e+01  3.29723293e+01  1.53e-03 6.58e-14  1.64e-04  1312s
  49   6.40062094e+01  3.81670561e+01  1.06e-03 7.11e-14  1.31e-04  1312s
  50   6.28579332e+01  4.47044103e+01  6.83e-04 6.78e-14  9.20e-05  1312s
  51   6.17172283e+01  4.81270555e+01  3.88e-04 1.05e-13  6.88e-05  1312s
  52   6.10496582e+01  5.34521933e+01  2.00e-04 8.76e-14  3.85e-05  1312s
  53   6.06847146e+01  5.86354062e+01  1.20e-04 1.42e-13  1.04e-05  1312s
  54   6.01865301e+01  5.96203387e+01  2.52e-05 7.48e-14  2.87e-06  1312s
  55   6.00637493e+01  5.99654454e+01  4.26e-06 9.07e-14  4.99e-07  1312s
  56   6.00310869e+01  6.00309833e+01  3.09e-09 1.42e-13  5.25e-10  1312s
  57   6.00310561e+01  6.00310560e+01  2.46e-10 8.42e-14  1.66e-13  1312s

Barrier solved model in 57 iterations and 1312.38 seconds (1470.37 work units)
Optimal objective 6.00310561e+01


Root crossover log...

    2184 DPushes remaining with DInf 0.0000000e+00              1312s
       0 DPushes remaining with DInf 0.0000000e+00              1312s

    3674 PPushes remaining with PInf 0.0000000e+00              1312s
       0 PPushes remaining with PInf 0.0000000e+00              1313s

  Push phase complete: Pinf 0.0000000e+00, Dinf 9.1812669e-13   1313s


Root simplex log...

Iteration    Objective       Primal Inf.    Dual Inf.      Time
    5727    6.0031056e+01   0.000000e+00   0.000000e+00   1313s

Solved with barrier
    5727    6.0031056e+01   0.000000e+00   0.000000e+00   1313s

Root relaxation: objective 6.003106e+01, 5727 iterations, 2.19 seconds (2.18 work units)

    Nodes    |    Current Node    |     Objective Bounds      |     Work
 Expl Unexpl |  Obj  Depth IntInf | Incumbent    BestBd   Gap | It/Node Time

     0     0   60.03106    0 1151  925.66563   60.03106  93.5%     - 1319s
     0     0   62.11524    0 1170  925.66563   62.11524  93.3%     - 1321s
     0     0   62.62034    0 1260  925.66563   62.62034  93.2%     - 1322s
H    0     0                     807.0676464   62.62034  92.2%     - 1323s
     0     0   63.76742    0 1368  807.06765   63.76742  92.1%     - 1324s
     0     0   71.48041    0 1056  807.06765   71.48041  91.1%     - 1336s
     0     0   73.61310    0 1078  807.06765   73.61310  90.9%     - 1338s
     0     0   73.90258    0 1107  807.06765   73.90258  90.8%     - 1339s
     0     0   76.15277    0 1184  807.06765   76.15277  90.6%     - 1341s
     0     0   77.37981    0 1238  807.06765   77.37981  90.4%     - 1343s
     0     0   78.01410    0 1123  807.06765   78.01410  90.3%     - 1344s
     0     0   80.41497    0 1113  807.06765   80.41497  90.0%     - 1347s
     0     0   86.63342    0 1051  807.06765   86.63342  89.3%     - 1349s
     0     0  108.23856    0  756  807.06765  108.23856  86.6%     - 1351s
     0     0  108.54558    0  695  807.06765  108.54558  86.6%     - 1352s
     0     0  108.55658    0  697  807.06765  108.55658  86.5%     - 1352s
H    0     0                     755.9085722  108.55658  85.6%     - 1354s
     0     0  117.04101    0  788  755.90857  117.04101  84.5%     - 1356s
     0     0  117.04101    0  683  755.90857  117.04101  84.5%     - 1381s
     0     0  119.89746    0  748  755.90857  119.89746  84.1%     - 1384s
H    0     0                     673.4464596  119.89746  82.2%     - 1385s
     0     0  120.27979    0  749  673.44646  120.27979  82.1%     - 1385s
     0     0  133.96341    0  818  673.44646  133.96341  80.1%     - 1387s
     0     0  133.96341    0  695  673.44646  133.96341  80.1%     - 1402s
     0     0  146.18555    0  892  673.44646  146.18555  78.3%     - 1405s
     0     0  146.87275    0  893  673.44646  146.87275  78.2%     - 1406s
     0     0  146.87275    0  892  673.44646  146.87275  78.2%     - 1406s
     0     0  155.12812    0  901  673.44646  155.12812  77.0%     - 1408s
     0     0  155.88183    0  861  673.44646  155.88183  76.9%     - 1408s
     0     0  155.88183    0  870  673.44646  155.88183  76.9%     - 1409s
     0     0  166.87876    0  919  673.44646  166.87876  75.2%     - 1410s
     0     0  166.87876    0  925  673.44646  166.87876  75.2%     - 1411s
     0     0  166.87876    0  926  673.44646  166.87876  75.2%     - 1411s
     0     0  166.87876    0  882  673.44646  166.87876  75.2%     - 1412s
     0     0  166.87876    0  893  673.44646  166.87876  75.2%     - 1412s
     0     0  166.87876    0  892  673.44646  166.87876  75.2%     - 1413s
     0     0  166.87876    0  902  673.44646  166.87876  75.2%     - 1413s
     0     0  166.87876    0  881  673.44646  166.87876  75.2%     - 1414s
     0     0  168.70549    0  881  673.44646  168.70549  74.9%     - 1415s
     0     2  175.34796    0  880  673.44646  175.34796  74.0%     - 1419s
     1     5  189.06604    1  904  673.44646  175.72726  73.9%  4329 1421s
     7    16  273.22741    3  706  673.44646  204.64647  69.6%  2458 1426s
    31    40  323.33675    5  759  673.44646  232.21463  65.5%  1856 1440s
    63    70  385.83661    7  624  673.44646  232.26680  65.5%  1642 1445s
    79    86  417.43082    8  591  673.44646  232.26680  65.5%  1531 1452s
   113   120  417.43082    9  598  673.44646  232.26680  65.5%  1351 1456s
   149   140  462.81552   10  620  673.44646  232.26680  65.5%  1247 1460s
   190   146 infeasible   11       673.44646  232.26680  65.5%  1278 1465s
   253   167 infeasible   13       673.44646  232.74982  65.4%  1333 1471s
   280   182  271.76616    6  853  673.44646  232.74982  65.4%  1346 1475s
   334   203  356.59751    8  610  673.44646  232.74982  65.4%  1330 1480s
   394   235  443.99295   11  346  673.44646  232.74982  65.4%  1274 1505s
   477   266 infeasible   18       673.44646  234.62277  65.2%  1162 1510s
   574   296 infeasible    7       673.44646  234.62277  65.2%  1083 1517s
   709   324  511.51518   12  379  673.44646  234.62277  65.2%   948 1541s
   742   331  549.47786   14  364  673.44646  234.62277  65.2%   915 1560s
   870   361     cutoff   25       673.44646  234.62277  65.2%   826 1566s
   963   388     cutoff   34       673.44646  238.49892  64.6%   787 1570s
  1059   473  437.92702   14  520  673.44646  238.49892  64.6%   800 1576s
  1165   517  458.00328   15  418  673.44646  238.49892  64.6%   768 1580s
  1395   603 infeasible   23       673.44646  254.22859  62.2%   712 1586s
  1462   654  309.50638    9  827  673.44646  254.22859  62.2%   718 1591s
  1591   731  378.19518   12  577  673.44646  254.22859  62.2%   705 1595s
  1738   775  447.55975   20  591  673.44646  259.91872  61.4%   686 1600s
  1970   936  359.96013   15  633  673.44646  265.01857  60.6%   683 1608s
  2177   945  442.81294   24  470  673.44646  265.01857  60.6%   661 1706s
  2212  1013 infeasible   25       673.44646  275.68391  59.1%   664 1712s
  2388  1088  344.61631   12  601  673.44646  275.68391  59.1%   652 1717s
  2583  1159  553.00952   16  576  673.44646  285.92850  57.5%   648 1722s
  2746  1234  418.27671   13  636  673.44646  287.21907  57.4%   645 1727s
  2924  1298  329.87152   12  639  673.44646  288.28961  57.2%   644 1731s
  3053  1403  527.90365   22  414  673.44646  290.89749  56.8%   651 1737s
  3295  1536  367.26173   19  491  673.44646  292.36543  56.6%   642 1743s
  3546  1537  639.20160   34 1368  673.44646  292.36543  56.6%   634 1757s
  3548  1538  417.43082    9  718  673.44646  292.36543  56.6%   633 1766s
  3551  1540  307.67521   15  909  673.44646  292.36543  56.6%   633 1771s
  3554  1542  556.80699   18  892  673.44646  292.36543  56.6%   632 1775s
  3559  1546  330.36279   12  881  673.44646  314.03216  53.4%   631 1781s
  3562  1553  325.11368   16  734  673.44646  317.77655  52.8%   644 1785s
  3590  1580  326.49086   19  778  673.44646  326.49086  51.5%   648 1794s
  3606  1586  338.47880   19  688  673.44646  326.49086  51.5%   650 1796s
  3654  1589  354.55668   21  718  673.44646  338.54848  49.7%   662 1801s
  3710  1595  414.42398   23  677  673.44646  338.54848  49.7%   671 1806s
  3805  1571  421.52402   25  688  673.44646  338.54848  49.7%   676 1811s
  3868  1566  517.50514   27  599  673.44646  338.54848  49.7%   676 1815s
  3962  1539  553.07484   29  685  673.44646  338.54848  49.7%   681 1820s
  4036  1531  590.78062   30  581  673.44646  338.54848  49.7%   682 1834s
  4055  1526  592.91850   31  573  673.44646  338.54848  49.7%   681 1837s
  4149  1509 infeasible   36       673.44646  338.54848  49.7%   679 1841s
  4256  1484  626.32388   40  525  673.44646  338.54848  49.7%   680 1845s
  4388  1442  636.71371   44  370  673.44646  338.54848  49.7%   676 1856s
  4497  1410     cutoff   48       673.44646  365.14776  45.8%   672 1861s
  4548  1394  534.64347   30  473  673.44646  390.85059  42.0%   675 1869s
  4600  1383     cutoff   33       673.44646  390.85059  42.0%   675 1876s
  4721  1358  453.13870   22  592  673.44646  415.68331  38.3%   674 1880s
  4899  1307     cutoff   29       673.44646  415.68331  38.3%   669 1885s
  5125  1214     cutoff   29       673.44646  447.58325  33.5%   662 1919s
  5147  1205     cutoff   27       673.44646  466.50165  30.7%   662 1931s
  5446  1140  575.12142   37  423  673.44646  517.41628  23.2%   643 1937s
  5653  1076  595.54441   28  452  673.44646  528.04027  21.6%   629 1941s
  5920  1008  608.12607   41  251  673.44646  528.04027  21.6%   613 1946s
  6338   979  672.50824   66   69  673.44646  571.20580  15.2%   584 1951s
  6822   933  672.50824   62   75  673.44646  584.12580  13.3%   553 1957s
  7408   910     cutoff   58       673.44646  601.05117  10.7%   517 1964s
  8176   887  661.21884   50  238  673.44646  631.35114  6.25%   476 1972s
  9099  1075  672.50824   56   46  673.44646  643.97036  4.38%   434 1983s
 10186  1323     cutoff   61       673.44646  659.46928  2.08%   393 1993s
 11457  1252  668.06299   63  189  673.44646  662.44731  1.63%   354 2004s
 12249  1252     cutoff   49       673.44646  662.56306  1.62%   333 2005s
 13006  1116     cutoff   69       673.44646  664.96722  1.26%   315 2019s
 13891  1116  672.50824   51   20  673.44646  666.30705  1.06%   297 2020s
 14554   985  673.35999   57   82  673.44646  672.50824  0.14%   284 2035s
H14645   985                     673.4464587  672.50824  0.14%   283 2035s
 15110   423     cutoff   67       673.44646  672.50824  0.14%   275 2065s
 18264    80     cutoff   69       673.44646  672.56148  0.13%   232 2079s
 18974    80  673.42265   55   54  673.44646  672.56148  0.13%   224 2080s

Cutting planes:
  Gomory: 12
  Cover: 54
  Implied bound: 1
  Clique: 6
  MIR: 12
  StrongCG: 1
  Flow cover: 5
  Inf proof: 12
  Zero half: 74
  RLT: 1

Explored 19495 nodes (4433892 simplex iterations) in 2082.67 seconds (2410.05 work units)
Thread count was 16 (of 18 available processors)

Solution count 5: 673.446 673.446 755.909 ... 925.666

Optimal solution found (tolerance 1.00e-04)
Best objective 6.734464587169e+02, best bound 6.734464587144e+02, gap 0.0000%
---------------------------------------------------------------------------

Multi-objectives: optimize objective 5 () ...
---------------------------------------------------------------------------


Loaded user MIP start with objective 6

Presolve added 320 rows and 0 columns
Presolve removed 0 rows and 107164 columns
Presolve time: 3.83s
Presolved: 3583 rows, 98760 columns, 734592 nonzeros
Variable types: 0 continuous, 98760 integer (98760 binary)
Deterministic concurrent LP optimizer: primal simplex, dual simplex, and barrier
Showing barrier log only...

Root barrier log...

Ordering time: 0.16s

Barrier statistics:
 AA' NZ     : 2.317e+05
 Factor NZ  : 8.403e+05 (roughly 50 MB of memory)
 Factor Ops : 2.667e+08 (less than 1 second per iteration)
 Threads    : 14

                  Objective                Residual
Iter       Primal          Dual         Primal    Dual     Compl     Time
   0   1.00919940e+05 -5.36424000e+04  4.50e+06 0.00e+00  1.38e+01  2088s
   1   2.65761173e+04 -4.98807894e+04  1.19e+06 3.25e-02  3.81e+00  2088s
   2   8.30965781e+03 -3.34781110e+04  3.71e+05 6.38e-16  1.23e+00  2088s
   3   2.14157856e+03 -1.71645021e+04  9.53e+04 4.58e-16  3.29e-01  2088s
   4   1.22485103e+03 -1.31832550e+04  5.45e+04 7.15e-16  1.98e-01  2088s
   5   7.42395388e+02 -9.65964458e+03  3.29e+04 3.61e-16  1.24e-01  2088s
   6   3.51772584e+02 -6.17692853e+03  1.55e+04 8.88e-16  6.41e-02  2088s
   7   2.11802984e+02 -3.76033658e+03  9.22e+03 1.38e-14  3.74e-02  2088s
   8   1.31077032e+02 -2.56900680e+03  5.62e+03 3.55e-15  2.38e-02  2088s
   9   5.85130539e+01 -1.02305893e+03  2.38e+03 2.40e-14  9.52e-03  2088s
  10   2.95287125e+01 -7.83604389e+02  1.12e+03 7.11e-15  5.97e-03  2088s
  11   2.09487823e+01 -4.14185799e+02  7.70e+02 7.11e-15  3.44e-03  2088s
  12   1.62080915e+01 -3.15889101e+02  5.80e+02 1.42e-14  2.61e-03  2088s
  13   1.04389919e+01 -2.31344277e+02  3.60e+02 1.95e-14  1.79e-03  2088s
  14   7.96441187e+00 -1.61480805e+02  2.55e+02 8.88e-15  1.26e-03  2088s
  15   7.06343691e+00 -1.20974168e+02  2.20e+02 1.24e-14  9.97e-04  2088s
  16   6.75546118e+00 -9.95338503e+01  2.07e+02 9.77e-15  8.68e-04  2088s
  17   4.26678485e+00 -8.25411910e+01  1.13e+02 2.66e-15  6.18e-04  2088s
  18   3.59086784e+00 -6.16965549e+01  8.56e+01 6.22e-15  4.65e-04  2088s
  19   3.03144334e+00 -5.03038639e+01  5.95e+01 4.44e-15  3.64e-04  2088s
  20   2.51776175e+00 -3.78602597e+01  3.83e+01 3.55e-15  2.66e-04  2088s
  21   2.41005848e+00 -3.07337894e+01  2.98e+01 8.44e-15  2.17e-04  2088s
  22   2.40369769e+00 -2.42228953e+01  2.36e+01 1.20e-14  1.76e-04  2088s
  23   2.36462815e+00 -1.94200998e+01  1.78e+01 4.44e-15  1.43e-04  2088s
  24   2.46648544e+00 -1.50981590e+01  1.47e+01 2.22e-15  1.17e-04  2088s
  25   2.57279108e+00 -1.27462047e+01  1.06e+01 1.33e-15  9.86e-05  2089s
  26   2.78203792e+00 -9.22444794e+00  8.64e+00 3.55e-15  7.85e-05  2089s
  27   2.89734019e+00 -7.45242584e+00  7.66e+00 1.33e-15  6.83e-05  2089s
  28   3.07874016e+00 -4.92885434e+00  6.17e+00 3.11e-15  5.36e-05  2089s
  29   3.39000196e+00 -1.48371963e+00  4.00e+00 9.90e-16  3.32e-05  2089s
  30   3.58367991e+00  1.36889576e+00  2.79e+00 2.00e-15  1.69e-05  2089s
  31   3.65557886e+00  2.01748052e+00  2.31e+00 1.22e-15  1.29e-05  2089s
  32   3.67484098e+00  2.21028753e+00  2.18e+00 8.88e-16  1.17e-05  2089s
  33   3.74476309e+00  2.62785380e+00  1.72e+00 4.15e-16  8.99e-06  2089s
  34   3.83903676e+00  3.15969450e+00  1.10e+00 6.66e-16  5.47e-06  2089s
  35   3.86856201e+00  3.39661973e+00  8.99e-01 5.28e-16  4.01e-06  2089s
  36   3.95629520e+00  3.72594788e+00  3.10e-01 6.87e-16  1.69e-06  2089s
  37   3.99965757e+00  3.91331374e+00  1.34e-03 6.66e-16  4.44e-07  2089s
  38   3.99999841e+00  3.99997741e+00  3.12e-07 6.66e-16  1.85e-10  2089s
  39   4.00000000e+00  4.00000000e+00  2.27e-11 8.63e-16  4.08e-15  2089s

Barrier solved model in 39 iterations and 2088.84 seconds (2418.31 work units)
Optimal objective 4.00000000e+00


Root crossover log...

    1447 DPushes remaining with DInf 0.0000000e+00              2090s
       0 DPushes remaining with DInf 0.0000000e+00              2090s

     443 PPushes remaining with PInf 0.0000000e+00              2090s
       0 PPushes remaining with PInf 0.0000000e+00              2090s

  Push phase complete: Pinf 0.0000000e+00, Dinf 0.0000000e+00   2090s


Root simplex log...

Iteration    Objective       Primal Inf.    Dual Inf.      Time
    1084    4.0000000e+00   0.000000e+00   0.000000e+00   2090s

Solved with barrier
    1084    4.0000000e+00   0.000000e+00   0.000000e+00   2090s

Root relaxation: objective 4.000000e+00, 1084 iterations, 3.08 seconds (2.75 work units)
Total elapsed time = 2097.26s (DegenMoves)
Total elapsed time = 2100.51s (DegenMoves)

    Nodes    |    Current Node    |     Objective Bounds      |     Work
 Expl Unexpl |  Obj  Depth IntInf | Incumbent    BestBd   Gap | It/Node Time

     0     0    4.00000    0  319    6.00000    4.00000  33.3%     - 2106s
     0     0    4.00000    0  677    6.00000    4.00000  33.3%     - 2115s
     0     0    4.00000    0  902    6.00000    4.00000  33.3%     - 2126s
     0     0    4.00000    0 1183    6.00000    4.00000  33.3%     - 2150s
     0     0    4.00000    0 1000    6.00000    4.00000  33.3%     - 2161s
     0     0    4.00000    0 1029    6.00000    4.00000  33.3%     - 2166s
     0     0    4.00000    0 1003    6.00000    4.00000  33.3%     - 2170s
     0     0    4.00000    0 1216    6.00000    4.00000  33.3%     - 2174s
     0     0    4.00000    0  885    6.00000    4.00000  33.3%     - 2179s
     0     0    4.00000    0  727    6.00000    4.00000  33.3%     - 2182s
     0     0    4.00000    0  775    6.00000    4.00000  33.3%     - 2189s
     0     0    4.00000    0  753    6.00000    4.00000  33.3%     - 2192s
     0     0    4.00000    0  344    6.00000    4.00000  33.3%     - 2218s
     0     0    4.00000    0  343    6.00000    4.00000  33.3%     - 2244s
     0     0    4.00000    0  345    6.00000    4.00000  33.3%     - 2247s
     0     0    4.00000    0  349    6.00000    4.00000  33.3%     - 2249s
     0     0    4.00000    0  344    6.00000    4.00000  33.3%     - 2266s
     0     0    4.00000    0  619    6.00000    4.00000  33.3%     - 2269s
     0     0    4.00000    0  610    6.00000    4.00000  33.3%     - 2273s
     0     0    4.00000    0  355    6.00000    4.00000  33.3%     - 2285s
     0     0    4.00000    0  532    6.00000    4.00000  33.3%     - 2287s
     0     0    4.00000    0  556    6.00000    4.00000  33.3%     - 2295s
     0     0    4.00000    0  570    6.00000    4.00000  33.3%     - 2295s
     0     0    4.00000    0  533    6.00000    4.00000  33.3%     - 2300s
     0     0    4.00000    0  535    6.00000    4.00000  33.3%     - 2301s
     0     0    4.00000    0  446    6.00000    4.00000  33.3%     - 2306s
     0     0    4.00000    0  315    6.00000    4.00000  33.3%     - 2310s
     0     2    4.00000    0  288    6.00000    4.00000  33.3%     - 2324s
     1     5    4.00000    1  693    6.00000    4.00000  33.3% 26339 2330s
     3     8    4.00000    2  681    6.00000    4.00000  33.3% 10799 2335s
    15    27    4.00000    4  588    6.00000    4.00000  33.3%  8087 2348s
    31    41    4.00000    5  685    6.00000    4.00000  33.3% 10757 2383s
    47    55    4.00000    6  723    6.00000    4.00000  33.3%  8860 2386s
    63    69    4.00886    7  705    6.00000    4.00000  33.3%  6980 2390s
    79    83    4.01582    8  712    6.00000    4.00000  33.3%  5825 2396s
    95   100    4.05074    8  694    6.00000    4.00000  33.3%  5078 2402s
   117   113    4.03469    9  741    6.00000    4.00000  33.3%  4436 2405s
   138   125    4.05820    9  654    6.00000    4.00000  33.3%  4010 2472s
   181   158    4.13129   11  655    6.00000    4.00000  33.3%  3349 2477s
   206   176    4.13377   12  617    6.00000    4.00000  33.3%  3130 2482s
   228   195    4.86632   14  454    6.00000    4.00000  33.3%  3008 2485s
   282   220    4.90210   17  563    6.00000    4.00000  33.3%  2690 2495s
   338   250    4.55458    7  634    6.00000    4.00000  33.3%  2583 2504s
   368   253 infeasible   11         6.00000    4.00000  33.3%  2567 2506s
   403   261    5.00000   15  324    6.00000    4.00000  33.3%  2515 2510s
   432   271 infeasible   15         6.00000    4.00000  33.3%  2531 2516s
   472   275    4.00000    8  701    6.00000    4.00000  33.3%  2483 2635s
   490   276    4.46092    9  631    6.00000    4.00000  33.3%  2515 2675s
   534   284    4.87103   10  570    6.00000    4.00000  33.3%  2471 2680s
   589   279    4.48419   10  649    6.00000    4.00000  33.3%  2420 2686s
   640   284    4.48777   11  652    6.00000    4.00000  33.3%  2397 2692s
   688   287    4.46127    7  609    6.00000    4.00000  33.3%  2385 2877s
   709   272    4.65652    8  634    6.00000    4.03466  32.8%  2395 2884s
   771   258     cutoff    9         6.00000    4.06140  32.3%  2369 2889s
   831   237     cutoff   11         6.00000    4.17901  30.3%  2364 2895s
   889   235 infeasible   18         6.00000    4.25375  29.1%  2377 2901s
   957   233     cutoff   11         6.00000    4.43637  26.1%  2362 2909s
  1017   267    5.00000   15  390    6.00000    4.54046  24.3%  2385 2915s
  1089   288    5.00000   18  432    6.00000    4.54046  24.3%  2351 2922s
  1150   301    5.00000   22  384    6.00000    4.54046  24.3%  2354 2929s
  1195   300     cutoff   26         6.00000    4.54046  24.3%  2402 2937s
  1266   305     cutoff   24         6.00000    4.56100  24.0%  2402 2943s
  1333   301 infeasible   25         6.00000    4.86155  19.0%  2414 2951s
  1399   315    5.00000   25  463    6.00000    4.86155  19.0%  2424 2958s
  1470   332    5.00000   28  443    6.00000    5.00000  16.7%  2428 2967s
  1548   455    5.00000   16  498    6.00000    5.00000  16.7%  2433 2997s
  1934   523    5.00000   34  499    6.00000    5.00000  16.7%  2398 3036s
  2462   663 infeasible   26         6.00000    5.00000  16.7%  2424 3080s
  3164   778 infeasible   21         6.00000    5.00000  16.7%  2386 3136s
  3969   930     cutoff   29         6.00000    5.00000  16.7%  2397 3202s
  4905  1063    5.00000   23  321    6.00000    5.00000  16.7%  2414 3274s
  5734  1063    5.00000   20  429    6.00000    5.00000  16.7%  2419 3275s
  5933  1171 infeasible   22         6.00000    5.00000  16.7%  2420 3349s
  7053  1359    5.00000   32  403    6.00000    5.00000  16.7%  2422 3426s
  8162  1360    5.00000   20  902    6.00000    5.00000  16.7%  2434 3452s
  8164  1361    5.00000   12  726    6.00000    5.00000  16.7%  2433 3473s
  8165  1362    5.00000   13  724    6.00000    5.00000  16.7%  2433 3475s
  8171  1367    5.00000   19  751    6.00000    5.00000  16.7%  2437 3486s
  8174  1369    5.00000   24  835    6.00000    5.00000  16.7%  2436 3490s
  8189  1379    5.00000   27  809    6.00000    5.00000  16.7%  2432 3495s
  8196  1385    5.00000   24  717    6.00000    5.00000  16.7%  2498 3504s
  8197  1386    5.00000   28  827    6.00000    5.00000  16.7%  2498 3505s
  8201  1389    5.00000   42  191    6.00000    5.00000  16.7%  2496 3514s
  8203  1390    5.00000   18  102    6.00000    5.00000  16.7%  2496 3517s
  8205  1391    5.00000   23  231    6.00000    5.00000  16.7%  2495 3520s
  8209  1394    5.00000   17  191    6.00000    5.00000  16.7%  2494 3526s
  8213  1397    5.00000   24  168    6.00000    5.00000  16.7%  2493 3531s
  8216  1400    5.00000   23  295    6.00000    5.00000  16.7%  2510 3536s
  8219  1402    5.00000   10  210    6.00000    5.00000  16.7%  2509 3540s
  8224  1406    5.00000   28  269    6.00000    5.00000  16.7%  2508 3545s
  8231  1410    5.00000   23  223    6.00000    5.00000  16.7%  2506 3550s
  8236  1419    5.00000   50  421    6.00000    5.00000  16.7%  2519 3555s
  8280  1460    5.00000   53  391    6.00000    5.00000  16.7%  2516 3560s
  8312  1479 infeasible   54         6.00000    5.00000  16.7%  2517 3568s
  8328  1491    5.00000   55  262    6.00000    5.00000  16.7%  2516 3571s
  8381  1513    5.00000   57  360    6.00000    5.00000  16.7%  2515 3577s
  8399  1543    5.00000   58  338    6.00000    5.00000  16.7%  2518 3580s
  8443  1555    5.00000   59  360    6.00000    5.00000  16.7%  2520 3594s
  8491  1593    5.00000   60  399    6.00000    5.00000  16.7%  2520 3607s
  8570  1709    5.00000   64  466    6.00000    5.00000  16.7%  2515 3616s
  8889  1655    5.00000   65  410    6.00000    5.00000  16.7%  2483 3630s
  9377  1506    5.00000   70  358    6.00000    5.00000  16.7%  2440 3725s
  9487  1504 infeasible   71         6.00000    5.00000  16.7%  2432 3741s
 10086  1413 infeasible   59         6.00000    5.00000  16.7%  2381 3758s
 10937  1090    5.00000   75  241    6.00000    5.00000  16.7%  2303 3777s
 11949   807 infeasible   66         6.00000    5.00000  16.7%  2222 3795s
 12748   628    5.00000   66  345    6.00000    5.00000  16.7%  2172 3834s
 13073   627    5.00000   68  176    6.00000    5.00000  16.7%  2154 3883s
 13271   672 infeasible   71         6.00000    5.00000  16.7%  2142 3906s
 14356   670    5.00000   59  215    6.00000    5.00000  16.7%  2083 4048s
 14514   640    5.00000   60  298    6.00000    5.00000  16.7%  2073 4074s
 15780   640    5.00000   63  414    6.00000    5.00000  16.7%  2014 4099s
 17003   622 infeasible   66         6.00000    5.00000  16.7%  1967 4134s
 17830   626 infeasible   67         6.00000    5.00000  16.7%  1945 4159s
 18366   674 infeasible   65         6.00000    5.00000  16.7%  1934 4184s
 19643   655 infeasible   62         6.00000    5.00000  16.7%  1901 4223s
 20420   696 infeasible   82         6.00000    5.00000  16.7%  1885 4250s
 21815   643    5.00000   66  404    6.00000    5.00000  16.7%  1852 4279s
 23286   624 infeasible   75         6.00000    5.00000  16.7%  1823 4307s
 24557   593 infeasible   62         6.00000    5.00000  16.7%  1810 4338s
 25877   589 infeasible   71         6.00000    5.00000  16.7%  1794 4388s
 26563   534    5.00000   74  329    6.00000    5.00000  16.7%  1787 4419s
 28054   498 infeasible   74         6.00000    5.00000  16.7%  1768 4450s
 29420   506 infeasible   65         6.00000    5.00000  16.7%  1761 4482s
 30731   393    5.00000   72  333    6.00000    5.00000  16.7%  1753 4514s
 32270   342    5.00000   61  478    6.00000    5.00000  16.7%  1740 4544s
 33444   342 infeasible   64         6.00000    5.00000  16.7%  1732 4545s
 33611   296    5.00000   68  440    6.00000    5.00000  16.7%  1731 4599s
 34117   233    5.00000   69  308    6.00000    5.00000  16.7%  1730 4638s
 35307   167 infeasible   61         6.00000    5.00000  16.7%  1723 4672s
 36746    81    5.00000   69  321    6.00000    5.00000  16.7%  1714 4716s
 37563    22    5.00000   70  410    6.00000    5.00000  16.7%  1708 4744s
 38124     2 infeasible   69         6.00000    5.00000  16.7%  1704 4810s

Cutting planes:
  Gomory: 15
  Cover: 2
  Clique: 2
  MIR: 3
  Flow cover: 6
  GUB cover: 3
  Inf proof: 1
  Zero half: 25

Explored 38238 nodes (65232227 simplex iterations) in 4812.33 seconds (9046.44 work units)
Thread count was 16 (of 18 available processors)

Solution count 1: 6 

Optimal solution found (tolerance 1.00e-04)
Best objective 6.000000000000e+00, best bound 6.000000000000e+00, gap 0.0000%
---------------------------------------------------------------------------

Multi-objectives: optimize objective 6 () ...
---------------------------------------------------------------------------


Loaded user MIP start with objective 7

Presolve added 319 rows and 0 columns
Presolve removed 0 rows and 107164 columns
Presolve time: 3.64s
Presolved: 3583 rows, 98760 columns, 734592 nonzeros
Variable types: 0 continuous, 98760 integer (98760 binary)
Deterministic concurrent LP optimizer: primal simplex, dual simplex, and barrier
Showing barrier log only...

Root barrier log...

Ordering time: 0.16s

Barrier statistics:
 AA' NZ     : 2.317e+05
 Factor NZ  : 8.403e+05 (roughly 50 MB of memory)
 Factor Ops : 2.667e+08 (less than 1 second per iteration)
 Threads    : 14

                  Objective                Residual
Iter       Primal          Dual         Primal    Dual     Compl     Time
   0   1.20883742e+05 -5.36424000e+04  4.50e+06 0.00e+00  1.39e+01  4818s
   1   3.00508726e+04 -4.98235703e+04  1.12e+06 3.73e-02  3.61e+00  4818s
   2   9.36998562e+03 -3.28114972e+04  3.49e+05 2.36e-15  1.16e+00  4818s
   3   2.49811924e+03 -1.65197670e+04  9.27e+04 8.53e-16  3.19e-01  4818s
   4   1.20480067e+03 -8.39691220e+03  4.46e+04 4.58e-16  1.45e-01  4818s
   5   4.48491930e+02 -6.02381833e+03  1.65e+04 2.75e-14  6.68e-02  4818s
   6   2.84515777e+02 -4.76545853e+03  1.04e+04 2.04e-14  4.63e-02  4818s
   7   1.49315807e+02 -3.13632225e+03  5.38e+03 1.69e-14  2.68e-02  4818s
   8   7.45803203e+01 -1.96516007e+03  2.61e+03 1.60e-14  1.50e-02  4818s
   9   3.29321045e+01 -1.21961237e+03  1.04e+03 1.60e-13  8.17e-03  4818s
  10   2.66457490e+01 -8.32310979e+02  8.05e+02 3.91e-14  5.73e-03  4818s
  11   1.77700432e+01 -5.67011720e+02  4.90e+02 1.55e-13  3.78e-03  4818s
  12   1.47124843e+01 -4.50299109e+02  3.85e+02 1.79e-13  3.00e-03  4818s
  13   9.66391665e+00 -2.94784617e+02  1.89e+02 1.78e-14  1.86e-03  4818s
  14   8.18237684e+00 -2.28723091e+02  1.33e+02 5.33e-15  1.42e-03  4818s
  15   6.64208792e+00 -1.41960293e+02  7.11e+01 5.31e-16  8.72e-04  4818s
  16   5.86890437e+00 -1.03897176e+02  3.76e+01 6.94e-16  6.21e-04  4818s
  17   5.56885246e+00 -7.31662350e+01  2.67e+01 7.71e-16  4.47e-04  4818s
  18   5.38699679e+00 -5.11760678e+01  1.88e+01 6.13e-16  3.23e-04  4818s
  19   5.31036744e+00 -4.91727312e+01  1.58e+01 9.07e-16  3.07e-04  4818s
  20   5.24385524e+00 -3.82729209e+01  9.91e+00 7.27e-16  2.41e-04  4818s
  21   5.43859298e+00 -3.30705110e+01  7.07e+00 6.92e-16  2.11e-04  4818s
  22   5.61797162e+00 -2.63810913e+01  5.97e+00 7.77e-16  1.77e-04  4818s
  23   5.91549034e+00 -2.24584272e+01  4.55e+00 1.11e-15  1.55e-04  4818s
  24   6.28430571e+00 -1.56102104e+01  2.91e+00 8.88e-16  1.19e-04  4818s
  25   6.41676084e+00 -9.08966641e+00  1.95e+00 1.78e-15  8.39e-05  4818s
  26   6.45296684e+00 -6.66444480e+00  1.77e+00 1.88e-15  7.13e-05  4818s
  27   6.50036041e+00 -4.78251574e+00  1.36e+00 1.18e-15  6.08e-05  4818s
  28   6.52606995e+00 -9.92869284e-01  1.14e+00 1.09e-15  4.12e-05  4818s
  29   6.52290584e+00  7.21895708e-01  1.05e+00 8.70e-16  3.23e-05  4818s
  30   6.52664582e+00  2.29240086e+00  5.71e-01 1.08e-15  2.30e-05  4818s
  31   6.53343214e+00  3.46195820e+00  5.45e-01 9.02e-16  1.71e-05  4818s
  32   6.51223404e+00  4.04223277e+00  3.82e-01 1.07e-15  1.36e-05  4818s
  33   6.48356503e+00  4.94746711e+00  2.43e-01 3.11e-15  8.46e-06  4818s
  34   6.44287332e+00  5.15839019e+00  1.22e-01 3.11e-15  6.86e-06  4818s
  35   6.40349979e+00  5.81214232e+00  3.43e-02 7.99e-15  3.14e-06  4818s
  36   6.37265036e+00  6.21063122e+00  7.65e-03 7.55e-15  8.77e-07  4818s

Barrier performed 36 iterations in 4818.44 seconds (9054.61 work units)
Objective cutoff exceeded


Solved with barrier

Root relaxation: cutoff, 0 iterations, 53.67 seconds (1.49 work units)

    Nodes    |    Current Node    |     Objective Bounds      |     Work
 Expl Unexpl |  Obj  Depth IntInf | Incumbent    BestBd   Gap | It/Node Time

     0     0     cutoff    0         7.00000    7.00000  0.00%     - 4870s

Explored 1 nodes (0 simplex iterations) in 4870.67 seconds (9054.62 work units)
Thread count was 16 (of 18 available processors)

Solution count 1: 7 

Optimal solution found (tolerance 1.00e-04)
Best objective 7.000000000000e+00, best bound 7.000000000000e+00, gap 0.0000%

---------------------------------------------------------------------------
Multi-objectives: solved in 4870.74 seconds (9054.62 work units), solution count 10

