
Gurobi 11.0.0 (win64) logging started Fri Dec 20 19:14:55 2024

Set parameter LogFile to value "C:\Users\Administrator\Desktop\OptRail_Railroad_Construction\Data\Solution\AnzahlAuftraege_NEW_10\a10_o128_m6_an51_ar13\3_Objectives\weighted\gurobi_a10_o128_m6_an51_ar13_weighted.log"
Gurobi Optimizer version 11.0.0 build v11.0.0rc2 (win64 - Windows Server 2022.0 (20348.2))

CPU model: AMD EPYC 7513 32-Core Processor, instruction set [SSE2|AVX|AVX2]
Thread count: 18 physical cores, 18 logical processors, using up to 16 threads

Optimize a model with 3373 rows, 205717 columns and 1025257 nonzeros
Model fingerprint: 0xfdefc3c2
Variable types: 0 continuous, 205717 integer (205717 binary)
Coefficient statistics:
  Matrix range     [1e+00, 1e+01]
  Objective range  [1e+00, 2e+02]
  Bounds range     [1e+00, 1e+00]
  RHS range        [1e+00, 2e+02]

---------------------------------------------------------------------------
Multi-objectives: starting optimization with 3 objectives (1 combined) ...
---------------------------------------------------------------------------
---------------------------------------------------------------------------

Multi-objectives: optimize objective 1 (weighted) ...
---------------------------------------------------------------------------

Optimize a model with 3373 rows, 205717 columns and 1025257 nonzeros
Model fingerprint: 0x827dc0d0
Variable types: 0 continuous, 205717 integer (205717 binary)
Coefficient statistics:
  Matrix range     [1e+00, 1e+01]
  Objective range  [9e-04, 7e-01]
  Bounds range     [1e+00, 1e+00]
  RHS range        [1e+00, 2e+02]
Found heuristic solution: objective 0.0000000
Presolve removed 114 rows and 105988 columns
Presolve time: 1.41s
Presolved: 3259 rows, 99729 columns, 907363 nonzeros
Variable types: 0 continuous, 99729 integer (99522 binary)
Deterministic concurrent LP optimizer: primal simplex, dual simplex, and barrier
Showing barrier log only...

Root barrier log...

Ordering time: 0.17s

Barrier statistics:
 AA' NZ     : 3.439e+05
 Factor NZ  : 1.062e+06 (roughly 50 MB of memory)
 Factor Ops : 4.847e+08 (less than 1 second per iteration)
 Threads    : 14

                  Objective                Residual
Iter       Primal          Dual         Primal    Dual     Compl     Time
   0   6.71297712e+03 -7.23513949e+04  1.66e+05 2.85e-02  1.28e+01     2s
   1   2.04652966e+03 -6.77399633e+04  5.01e+04 1.87e-01  4.00e+00     2s
   2   2.30814474e+02 -5.18429893e+04  5.63e+03 2.31e-02  6.31e-01     2s
   3   1.58582157e+02 -3.89003966e+04  3.90e+03 1.37e-02  4.26e-01     2s
   4   9.84740039e+01 -2.87079357e+04  2.40e+03 8.98e-03  2.75e-01     2s
   5   4.90864120e+01 -2.34371295e+04  1.21e+03 6.82e-03  1.80e-01     2s
   6   6.04808595e+00 -1.15680537e+04  1.70e+02 2.69e-03  6.57e-02     2s
   7   2.15750967e-01 -3.84402636e+03  3.08e+01 1.02e-03  2.04e-02     3s
   8  -6.21159118e-01 -2.23982708e+03  1.29e+01 5.80e-04  1.17e-02     3s
   9  -1.38467346e+00 -1.45555565e+03  2.63e+00 3.57e-04  7.39e-03     3s
  10  -2.04700570e+00 -8.58083167e+02  4.69e-02 2.05e-04  4.30e-03     3s
  11  -3.70166349e+00 -2.29253185e+02  1.77e-04 4.72e-05  1.13e-03     3s
  12  -4.32842557e+00 -1.04549046e+02  8.47e-05 1.83e-05  5.00e-04     3s
  13  -4.58459228e+00 -5.03694661e+01  5.73e-05 5.15e-06  2.28e-04     3s
  14  -4.83563731e+00 -3.30439283e+01  3.29e-05 2.83e-06  1.41e-04     3s
  15  -5.09642066e+00 -2.48140367e+01  2.19e-05 1.81e-06  9.84e-05     3s
  16  -5.09070547e+00 -2.38752575e+01  2.18e-05 1.73e-06  9.37e-05     3s
  17  -5.10619889e+00 -1.95781382e+01  1.95e-05 1.07e-06  7.22e-05     3s
  18  -5.44741718e+00 -1.42661452e+01  7.54e-06 4.64e-07  4.40e-05     3s
  19  -5.49976086e+00 -1.12840760e+01  6.49e-06 3.00e-07  2.89e-05     3s
  20  -5.53597984e+00 -1.00136830e+01  4.98e-06 2.46e-07  2.23e-05     3s
  21  -5.56842350e+00 -8.15042359e+00  3.75e-06 1.51e-07  1.29e-05     3s
  22  -5.60592279e+00 -7.24844377e+00  2.92e-06 4.33e-08  8.19e-06     3s
  23  -5.67970214e+00 -6.74586231e+00  1.62e-06 1.89e-08  5.32e-06     3s
  24  -5.72325720e+00 -6.30656139e+00  9.82e-07 1.10e-08  2.91e-06     3s
  25  -5.72901756e+00 -6.19324257e+00  9.12e-07 8.19e-09  2.32e-06     3s
  26  -5.74123317e+00 -6.11779477e+00  7.66e-07 6.36e-09  1.88e-06     3s
  27  -5.76914682e+00 -6.01568658e+00  4.30e-07 4.07e-09  1.23e-06     3s
  28  -5.79138497e+00 -5.91513464e+00  2.02e-07 2.37e-10  6.17e-07     3s
  29  -5.80118525e+00 -5.89781293e+00  1.22e-07 2.96e-16  4.82e-07     3s
  30  -5.80821106e+00 -5.87163310e+00  6.95e-08 2.86e-16  3.16e-07     3s
  31  -5.80997549e+00 -5.85950410e+00  5.84e-08 1.82e-16  2.47e-07     3s
  32  -5.81523141e+00 -5.84657385e+00  2.58e-08 4.02e-16  1.56e-07     3s
  33  -5.81742940e+00 -5.82577374e+00  1.38e-08 3.51e-16  4.16e-08     3s
  34  -5.81863796e+00 -5.82351869e+00  7.91e-09 2.64e-16  2.43e-08     3s
  35  -5.81976462e+00 -5.82103187e+00  2.76e-09 5.31e-16  6.32e-09     3s
  36  -5.82040076e+00 -5.82042314e+00  5.43e-11 3.56e-16  1.12e-10     3s
  37  -5.82041706e+00 -5.82041707e+00  6.21e-12 3.45e-16  2.61e-14     3s

Barrier solved model in 37 iterations and 3.27 seconds (5.06 work units)
Optimal objective -5.82041706e+00

Concurrent spin time: 0.00s

Solved with barrier

Root relaxation: objective -5.820417e+00, 6265 iterations, 1.72 seconds (1.75 work units)
Total elapsed time = 5.00s (DegenMoves)

    Nodes    |    Current Node    |     Objective Bounds      |     Work
 Expl Unexpl |  Obj  Depth IntInf | Incumbent    BestBd   Gap | It/Node Time

     0     0   -5.82042    0  404    0.00000   -5.82042      -     -    7s
H    0     0                      -3.5169767   -5.82042  65.5%     -    9s
     0     0   -5.81481    0  585   -3.51698   -5.81481  65.3%     -   12s
     0     0   -5.81477    0  615   -3.51698   -5.81477  65.3%     -   16s
     0     0   -5.81401    0  746   -3.51698   -5.81401  65.3%     -   23s
H    0     0                      -3.5279440   -5.81401  64.8%     -   24s
     0     0   -5.81401    0  567   -3.52794   -5.81401  64.8%     -   26s
     0     0   -5.52987    0  727   -3.52794   -5.52987  56.7%     -   36s
H    0     0                      -4.8160239   -5.52987  14.8%     -   37s
     0     0   -5.52987    0  725   -4.81602   -5.52987  14.8%     -   39s
     0     0   -5.52987    0  690   -4.81602   -5.52987  14.8%     -   41s
H    0     0                      -4.8287889   -5.52987  14.5%     -   42s
     0     0   -5.52987    0  797   -4.82879   -5.52987  14.5%     -   43s
     0     0   -5.52987    0  828   -4.82879   -5.52987  14.5%     -   44s
     0     0   -5.52987    0  650   -4.82879   -5.52987  14.5%     -   47s
H    0     0                      -4.8295268   -5.52987  14.5%     -   51s
     0     2   -5.52987    0  650   -4.82953   -5.52987  14.5%     -   55s
     1     4   -5.52987    1  745   -4.82953   -5.52987  14.5% 27845   67s
     3     8   -5.49560    2  454   -4.82953   -5.52545  14.4% 17336   78s
     7    16   -5.49560    3  439   -4.82953   -5.52530  14.4% 10408   90s
    15    32   -5.49486    4  381   -4.82953   -5.51358  14.2% 10375  114s
H   31    48                      -5.4090533   -5.51332  1.93% 19265  136s
H   43    48                      -5.4414072   -5.51332  1.32% 14442  136s
H   44    48                      -5.4424402   -5.51332  1.30% 14143  136s
    47    55   -5.49483    6  502   -5.44244   -5.51332  1.30% 13371  141s
    63    62   -5.49483    7  501   -5.44244   -5.51332  1.30% 10364  145s
    79    70   -5.49482    8  489   -5.44244   -5.51332  1.30%  8502  156s
H   84    70                      -5.4437491   -5.51332  1.28%  8032  156s
H   89    70                      -5.4799978   -5.51332  0.61%  7654  156s
    95    85   -5.49482    9  573   -5.48000   -5.51332  0.61%  7254  160s
   167   136   -5.49474   14  565   -5.48000   -5.51332  0.61%  4547  166s
   213   163   -5.49424   15  563   -5.48000   -5.51332  0.61%  3806  171s
   265   211   -5.49391   17  607   -5.48000   -5.51332  0.61%  3266  177s
   329   275   -5.49391   21  607   -5.48000   -5.51332  0.61%  2796  181s
   398   338   -5.49391   26  610   -5.48000   -5.51332  0.61%  2455  186s
   484   416   -5.49391   29  597   -5.48000   -5.51332  0.61%  2151  191s
   571   497   -5.49391   31  579   -5.48000   -5.51332  0.61%  1945  198s
   619   518   -5.49391   33  605   -5.48000   -5.51332  0.61%  1850  202s
   667   554   -5.49391   35  585   -5.48000   -5.51332  0.61%  1777  206s
   788   656   -5.49379   41  570   -5.48000   -5.51332  0.61%  1604  213s
H  861   665                      -5.4805179   -5.51332  0.60%  1521  286s
H  865   665                      -5.4845694   -5.51332  0.52%  1519  286s
H  874   665                      -5.4850766   -5.51332  0.51%  1517  286s
H  878   665                      -5.4857729   -5.51332  0.50%  1515  286s
   883   691   -5.49368   47  469   -5.48577   -5.51332  0.50%  1511  297s
   920   759   -5.49363   48  597   -5.48577   -5.51332  0.50%  1487  301s
  1002   787   -5.49280   50  649   -5.48577   -5.51332  0.50%  1417  305s
  1062   835   -5.49280   51  653   -5.48577   -5.51332  0.50%  1378  310s
  1251   956   -5.49272   78  718   -5.48577   -5.51332  0.50%  1261  317s
  1362   969   -5.49268   89  739   -5.48577   -5.51332  0.50%  1204  357s
  1387  1084   -5.49268   90  738   -5.48577   -5.51332  0.50%  1202  362s
  1544  1176   -5.49264  105  773   -5.48577   -5.51332  0.50%  1126  367s
  1679  1289   -5.49264  124  721   -5.48577   -5.51332  0.50%  1077  371s
  1846  1412   -5.49263  145  755   -5.48577   -5.51332  0.50%  1014  377s
  2033  1529   -5.49261  167  712   -5.48577   -5.51332  0.50%   956  384s
  2216  1678   -5.49259  193  779   -5.48577   -5.51332  0.50%   906  389s
  2437  1837   -5.49257  221  805   -5.48577   -5.51332  0.50%   853  394s
  2647  2007   -5.49254  247  814   -5.48577   -5.51332  0.50%   810  399s
  2898  2145   -5.49252  281  696   -5.48577   -5.51332  0.50%   763  405s
  3121  2315   -5.49251  318  695   -5.48577   -5.51332  0.50%   733  410s
  3388  2498   -5.49247  333  815   -5.48577   -5.51332  0.50%   700  416s
  3675  2700   -5.49244  376  741   -5.48577   -5.51332  0.50%   666  422s
  3960  2898   -5.49241  404  758   -5.48577   -5.51332  0.50%   638  430s
  4218  3198   -5.49240  433  776   -5.48577   -5.51332  0.50%   619  437s
  4590  3574   -5.49238  476  668   -5.48577   -5.51332  0.50%   588  446s
  4986  3575   -5.49139  178  650   -5.48577   -5.51332  0.50%   559  469s
  4988  3576   -5.48984  279  416   -5.48577   -5.51332  0.50%   558  479s
  4989  3577   -5.48988  260  617   -5.48577   -5.51332  0.50%   558  485s
  4991  3578   -5.49139  442  829   -5.48577   -5.51332  0.50%   558  495s
  4993  3580   -5.49083  216  655   -5.48577   -5.51332  0.50%   558  507s
  4994  3580   -5.49258   50  755   -5.48577   -5.51332  0.50%   558  514s
  4995  3581   -5.49153  283  733   -5.48577   -5.51332  0.50%   558  516s
  4996  3582   -5.49255  224  788   -5.48577   -5.51332  0.50%   558  520s
  4999  3584   -5.49340   80  674   -5.48577   -5.51332  0.50%   557  526s
  5000  3584   -5.49278  127  674   -5.48577   -5.51332  0.50%   557  546s
  5001  3588   -5.49451   14  499   -5.48577   -5.51332  0.50%   587  565s
  5003  3591   -5.49451   15  503   -5.48577   -5.51332  0.50%   588  571s
  5015  3605   -5.49432   17  530   -5.48577   -5.50235  0.30%   596  580s
  5031  3612   -5.49432   18  538   -5.48577   -5.50204  0.30%   667  592s
  5047  3620   -5.49406   19  556   -5.48577   -5.50117  0.28%   670  595s
  5079  3619   -5.49348   20  618   -5.48577   -5.50017  0.26%   677  601s
  5117  3613   -5.49336   21  532   -5.48577   -5.49968  0.25%   685  606s
  5163  3616   -5.49236   22  554   -5.48577   -5.49770  0.22%   687  610s
  5238  3642   -5.49265   24  489   -5.48577   -5.49770  0.22%   691  618s
  5258  3657   -5.49265   25  399   -5.48577   -5.49770  0.22%   693  620s
  5311  3680   -5.49028   26  396   -5.48577   -5.49770  0.22%   698  625s
H 5414  3531                      -5.4865601   -5.49770  0.20%   702  633s
H 5440  3365                      -5.4873472   -5.49770  0.19%   704  677s
  5458  3383   -5.49074   29  455   -5.48735   -5.49770  0.19%   705  680s
  5512  3374   -5.49147   30  395   -5.48735   -5.49770  0.19%   705  749s
  5532  3396     cutoff   30        -5.48735   -5.49770  0.19%   706  752s
  5596  3393   -5.49028   32  430   -5.48735   -5.49770  0.19%   707  766s
  5701  3422   -5.49021   34  297   -5.48735   -5.49770  0.19%   708  773s
  5781  3444   -5.49094   36  360   -5.48735   -5.49770  0.19%   709  776s
  5960  3508   -5.49067   39  370   -5.48735   -5.49770  0.19%   705  783s
  6077  3535   -5.48866   40  436   -5.48735   -5.49770  0.19%   699  785s
  6314  3512   -5.49014   44  370   -5.48735   -5.49770  0.19%   691  792s
  6394  3551     cutoff   48        -5.48735   -5.49770  0.19%   693  795s
  6594  3584   -5.48949   57  365   -5.48735   -5.49770  0.19%   691  802s
  6696  3593   -5.48945   60  376   -5.48735   -5.49770  0.19%   692  805s
  6893  3622   -5.48839   64  180   -5.48735   -5.49601  0.16%   694  813s
  7001  3630   -5.49571   20  574   -5.48735   -5.49571  0.15%   694  817s
  7123  3643   -5.49046   28  377   -5.48735   -5.49302  0.10%   694  821s
  7246  3661 infeasible   58        -5.48735   -5.49236  0.09%   693  825s
  7400  3707   -5.49009   32  447   -5.48735   -5.49225  0.09%   690  831s
  7611  3730   -5.48936   26  513   -5.48735   -5.49225  0.09%   685  838s
  7835  3739   -5.48754   37  324   -5.48735   -5.49221  0.09%   682  843s
  8031  3718   -5.48801   25  397   -5.48735   -5.49220  0.09%   679  848s
  8234  3690   -5.48872   28  432   -5.48735   -5.49208  0.09%   678  854s
  8375  3716   -5.49029   25  479   -5.48735   -5.49208  0.09%   680  858s
  8552  3742   -5.48942   28  519   -5.48735   -5.49208  0.09%   680  864s
  8804  3751   -5.48950   33  437   -5.48735   -5.49192  0.08%   676  870s
  8999  3814   -5.48975   35  136   -5.48735   -5.49192  0.08%   675  877s
  9261  3841   -5.48782   62  124   -5.48735   -5.49172  0.08%   669  882s
  9540  3938   -5.48907   31  430   -5.48735   -5.49133  0.07%   664  892s
  9954  3901   -5.48787   45  358   -5.48735   -5.49127  0.07%   657  900s
 10324  3929   -5.48970   37  329   -5.48735   -5.49120  0.07%   652  909s
 10716  3936     cutoff   26        -5.48735   -5.49102  0.07%   649  918s
 11123  4012   -5.48787   33  280   -5.48735   -5.49091  0.06%   647  929s
 11724  3909     cutoff   29        -5.48735   -5.49076  0.06%   638  974s
 12261  4132   -5.48782   45   53   -5.48735   -5.49052  0.06%   634  989s
 13257  4041     cutoff   28        -5.48735   -5.49031  0.05%   616 1006s
 14233  4033     cutoff   38        -5.48735   -5.49009  0.05%   608 1026s
 15567  4253   -5.48831   36  429   -5.48735   -5.48994  0.05%   593 1047s
 17017  4655   -5.48770   55  217   -5.48735   -5.48978  0.04%   576 1068s
 18544  4932     cutoff   39        -5.48735   -5.48960  0.04%   559 1088s
 19999  5074   -5.48798   37  248   -5.48735   -5.48937  0.04%   546 1128s
 20688  5550   -5.48782   40  154   -5.48735   -5.48923  0.03%   541 1157s
 22885  5756 infeasible   33        -5.48735   -5.48871  0.02%   519 1171s
 23991  6101   -5.48753   52  109   -5.48735   -5.48853  0.02%   509 1183s
 25622  6729   -5.48790   34  165   -5.48735   -5.48813  0.01%   493 1204s
 27814  7383     cutoff   38        -5.48735   -5.48795  0.01%   470 1234s
 31125  8021   -5.48774   49  324   -5.48735   -5.48790  0.01%   439 1261s
 34119  8362   -5.48776   51  136   -5.48735   -5.48790  0.01%   416 1285s
 36079  8964     cutoff   53        -5.48735   -5.48790  0.01%   405 1310s
 38848  9400     cutoff   53        -5.48735   -5.48790  0.01%   390 1337s
 40892 10145   -5.48757   55  152   -5.48735   -5.48790  0.01%   381 1368s
 43666 11712   -5.48782   46   57   -5.48735   -5.48790  0.01%   370 1443s
 48846 12632   -5.48790   50  194   -5.48735   -5.48790  0.01%   354 1492s
 52061 13070   -5.48774   62  169   -5.48735   -5.48790  0.01%   344 1622s
 53615 13552   -5.48754   60  194   -5.48735   -5.48790  0.01%   339 1663s
 56375 13552   -5.48784   44  159   -5.48735   -5.48789  0.01%   333 1665s

Cutting planes:
  Gomory: 17
  Cover: 101
  Implied bound: 2
  Clique: 3
  MIR: 12
  Flow cover: 10
  GUB cover: 1
  Inf proof: 29
  Zero half: 80
  RLT: 1

Explored 56759 nodes (18960884 simplex iterations) in 1666.25 seconds (2524.15 work units)
Thread count was 16 (of 18 available processors)

Solution count 10: -5.48735 -5.48656 -5.48577 ... -5.44141

Optimal solution found (tolerance 1.00e-04)
Best objective -5.487347247495e+00, best bound -5.487874399151e+00, gap 0.0096%

---------------------------------------------------------------------------
Multi-objectives: solved in 1670.91 seconds (2524.15 work units), solution count 10

