
Gurobi 11.0.0 (win64) logging started Wed Dec 25 11:54:33 2024

Set parameter LogFile to value "C:\Users\Administrator\Desktop\OptRail_Railroad_Construction\Data\Solution\AnzahlAuftraege_NEW_40\a40_o476_m22_an215_ar51\6_Objectives\costs\gurobi_a40_o476_m22_an215_ar51_costs.log"
Gurobi Optimizer version 11.0.0 build v11.0.0rc2 (win64 - Windows Server 2022.0 (20348.2))

CPU model: AMD EPYC 7513 32-Core Processor, instruction set [SSE2|AVX|AVX2]
Thread count: 18 physical cores, 18 logical processors, using up to 16 threads

Optimize a model with 38347 rows, 9908773 columns and 49324588 nonzeros
Model fingerprint: 0xca14f781
Variable types: 0 continuous, 9908773 integer (9908773 binary)
Coefficient statistics:
  Matrix range     [1e+00, 1e+01]
  Objective range  [1e+00, 2e+02]
  Bounds range     [1e+00, 1e+00]
  RHS range        [1e+00, 2e+02]

---------------------------------------------------------------------------
Multi-objectives: starting optimization with 6 objectives (1 combined) ...
---------------------------------------------------------------------------
---------------------------------------------------------------------------

Multi-objectives: optimize objective 1 (weighted) ...
---------------------------------------------------------------------------

Optimize a model with 38347 rows, 9908773 columns and 49324588 nonzeros
Model fingerprint: 0x7a553893
Variable types: 0 continuous, 9908773 integer (9908773 binary)
Coefficient statistics:
  Matrix range     [1e+00, 1e+01]
  Objective range  [3e+00, 1e+06]
  Bounds range     [1e+00, 1e+00]
  RHS range        [1e+00, 2e+02]
Found heuristic solution: objective 0.0000000
Presolve removed 464 rows and 5339607 columns (presolve time = 5s) ...
Presolve removed 464 rows and 5339607 columns (presolve time = 10s) ...
Presolve removed 464 rows and 5339607 columns (presolve time = 16s) ...
Presolve removed 464 rows and 5339607 columns (presolve time = 20s) ...
Presolve removed 577 rows and 5339607 columns (presolve time = 25s) ...
Presolve removed 577 rows and 5339607 columns (presolve time = 30s) ...
Presolve removed 577 rows and 5339629 columns (presolve time = 35s) ...
Presolve removed 577 rows and 5339629 columns (presolve time = 40s) ...
Presolve removed 577 rows and 5339629 columns (presolve time = 46s) ...
Presolve removed 577 rows and 5339629 columns (presolve time = 50s) ...
Presolve removed 577 rows and 5339629 columns (presolve time = 55s) ...
Presolve removed 577 rows and 5339629 columns (presolve time = 60s) ...
Presolve removed 577 rows and 5339629 columns (presolve time = 66s) ...
Presolve removed 577 rows and 5339629 columns (presolve time = 71s) ...
Presolve added 38 rows and 0 columns
Presolve removed 0 rows and 5339014 columns
Presolve time: 70.85s
Presolved: 38385 rows, 4569759 columns, 46750048 nonzeros
Variable types: 0 continuous, 4569759 integer (4569144 binary)
Deterministic concurrent LP optimizer: primal simplex, dual simplex, and barrier
Showing barrier log only...

Root barrier log...

Elapsed ordering time = 5s
Ordering time: 6.33s

Barrier statistics:
 AA' NZ     : 1.480e+07
 Factor NZ  : 6.120e+07 (roughly 2.3 GB of memory)
 Factor Ops : 2.126e+11 (roughly 1 second per iteration)
 Threads    : 14

                  Objective                Residual
Iter       Primal          Dual         Primal    Dual     Compl     Time
   0   1.24271770e+10 -5.07458369e+12  3.78e+06 2.77e+04  3.51e+07   107s
   1   8.73039565e+09 -4.99262832e+12  2.67e+06 2.17e+05  2.50e+07   108s
   2   4.24614615e+09 -4.81607088e+12  1.28e+06 8.57e+04  1.21e+07   110s
   3   1.08001952e+09 -4.30403867e+12  3.19e+05 8.01e-08  3.25e+06   112s
   4   6.04017492e+08 -3.67193352e+12  1.88e+05 4.10e-08  1.94e+06   114s
   5   5.49727425e+08 -2.54178374e+12  1.74e+05 1.02e-08  1.55e+06   115s
   6   4.48507570e+08 -2.05642493e+12  1.46e+05 5.28e-07  1.23e+06   117s
   7   3.15663451e+08 -1.04823287e+12  1.08e+05 9.57e-08  7.91e+05   119s
   8   2.78475478e+08 -9.68034606e+11  9.78e+04 7.82e-08  7.15e+05   120s
   9   2.50268814e+08 -8.21599340e+11  8.96e+04 6.33e-08  6.40e+05   122s
  10   2.93994270e+07 -7.93659766e+11  2.06e+04 4.47e-08  2.13e+05   123s
  11  -3.01989469e+07 -2.51090285e+11  1.64e+03 2.98e-08  3.69e+04   125s
  12  -3.70199048e+07 -6.73979264e+10  8.01e+01 5.22e-08  7.82e+03   127s
  13  -3.72571846e+07 -3.12483758e+10  2.89e+01 8.57e-08  3.62e+03   129s
  14  -3.72784918e+07 -1.71050844e+10  1.11e+01 4.38e-08  1.95e+03   130s
  15  -3.69903572e+07 -1.65539927e+10  6.21e+00 4.10e-08  1.86e+03   131s
  16  -3.61887912e+07 -1.47734311e+10  9.47e-01 3.73e-08  1.62e+03   133s
  17  -3.50290093e+07 -1.18524400e+10  1.86e-02 3.07e-08  1.29e+03   135s
  18  -3.48755368e+07 -2.64237763e+09  4.50e-03 7.17e-09  2.85e+02   137s
  19  -3.39211997e+07 -1.71802606e+09  1.82e-03 4.63e-09  1.84e+02   138s
  20  -3.40698390e+07 -9.12249335e+08  1.17e-03 3.14e-09  9.60e+01   140s
  21  -3.56569573e+07 -2.44378480e+08  4.10e-04 2.05e-09  2.28e+01   141s
  22  -3.61756676e+07 -1.71923610e+08  3.52e-04 2.22e-09  1.48e+01   143s
  23  -3.67578510e+07 -7.38085414e+07  2.47e-04 7.62e-10  4.05e+00   144s
  24  -3.74446694e+07 -4.50262975e+07  9.03e-13 7.29e-10  8.28e-01   146s
  25  -3.74922870e+07 -4.41822540e+07  2.78e-13 6.91e-10  7.31e-01   148s
  26  -3.74954384e+07 -4.38641070e+07  2.92e-13 6.28e-10  6.96e-01   149s
  27  -3.75162896e+07 -4.13905145e+07  3.49e-13 3.72e-10  4.23e-01   151s
  28  -3.75419261e+07 -4.05014448e+07  3.19e-13 3.25e-10  3.23e-01   152s
  29  -3.75659619e+07 -3.95221189e+07  2.53e-13 2.04e-10  2.14e-01   154s
  30  -3.75820935e+07 -3.90723754e+07  5.15e-13 2.33e-10  1.63e-01   156s
  31  -3.75865554e+07 -3.87918440e+07  4.67e-13 2.33e-10  1.32e-01   158s
  32  -3.75958041e+07 -3.85057423e+07  4.73e-13 1.16e-10  9.94e-02   159s
  33  -3.76002764e+07 -3.84311445e+07  4.18e-13 1.16e-10  9.08e-02   161s
  34  -3.76049727e+07 -3.84126418e+07  5.80e-13 1.16e-10  8.83e-02   162s
  35  -3.76207029e+07 -3.82352596e+07  4.96e-13 1.16e-10  6.72e-02   165s
  36  -3.76375062e+07 -3.80654039e+07  7.79e-13 1.16e-10  4.68e-02   167s
  37  -3.76429130e+07 -3.80199327e+07  6.57e-13 1.16e-10  4.12e-02   169s
  38  -3.76528716e+07 -3.79811494e+07  8.60e-13 1.16e-10  3.59e-02   171s
  39  -3.76593625e+07 -3.79168490e+07  1.33e-12 1.16e-10  2.81e-02   173s
  40  -3.76660795e+07 -3.78861928e+07  2.00e-12 1.16e-10  2.41e-02   176s
  41  -3.76721179e+07 -3.78457193e+07  4.21e-12 1.16e-10  1.90e-02   178s
  42  -3.76741148e+07 -3.78107458e+07  3.86e-12 1.16e-10  1.49e-02   180s
  43  -3.76757304e+07 -3.77940931e+07  5.25e-12 2.33e-10  1.29e-02   182s
  44  -3.76784656e+07 -3.77792160e+07  6.66e-12 1.16e-10  1.10e-02   184s
  45  -3.76801393e+07 -3.77567271e+07  7.74e-12 1.16e-10  8.37e-03   186s
  46  -3.76816755e+07 -3.77496674e+07  7.88e-12 1.16e-10  7.43e-03   189s
  47  -3.76822935e+07 -3.77463701e+07  1.02e-11 1.16e-10  7.00e-03   191s
  48  -3.76834047e+07 -3.77365413e+07  1.18e-11 2.33e-10  5.81e-03   193s
  49  -3.76844654e+07 -3.77276456e+07  1.17e-11 1.16e-10  4.72e-03   195s
  50  -3.76848147e+07 -3.77250935e+07  1.25e-11 1.16e-10  4.40e-03   197s
  51  -3.76849488e+07 -3.77231806e+07  1.34e-11 2.33e-10  4.18e-03   199s
  52  -3.76853918e+07 -3.77200853e+07  1.19e-11 2.33e-10  3.79e-03   201s
  53  -3.76856756e+07 -3.77183928e+07  1.03e-11 2.33e-10  3.58e-03   204s
  54  -3.76860625e+07 -3.77159146e+07  9.96e-12 1.16e-10  3.26e-03   206s
  55  -3.76862602e+07 -3.77130916e+07  7.93e-12 2.33e-10  2.93e-03   208s
  56  -3.76864057e+07 -3.77115299e+07  7.55e-12 2.33e-10  2.75e-03   210s
  57  -3.76867401e+07 -3.77095345e+07  9.23e-12 1.16e-10  2.49e-03   212s
  58  -3.76869072e+07 -3.77067798e+07  9.92e-12 2.33e-10  2.17e-03   214s
  59  -3.76870368e+07 -3.77056524e+07  9.55e-12 2.33e-10  2.03e-03   217s
  60  -3.76873252e+07 -3.77041636e+07  1.04e-11 2.33e-10  1.84e-03   219s
  61  -3.76873889e+07 -3.77036740e+07  1.06e-11 2.33e-10  1.78e-03   220s
  62  -3.76878094e+07 -3.77025217e+07  1.48e-11 2.33e-10  1.61e-03   223s
  63  -3.76879149e+07 -3.77016441e+07  1.76e-11 1.16e-10  1.50e-03   225s
  64  -3.76879740e+07 -3.77011501e+07  1.80e-11 2.33e-10  1.44e-03   227s
  65  -3.76881813e+07 -3.77000341e+07  1.25e-11 2.33e-10  1.30e-03   229s
  66  -3.76883251e+07 -3.76988519e+07  1.59e-11 2.33e-10  1.15e-03   231s
  67  -3.76884831e+07 -3.76981660e+07  2.19e-11 2.33e-10  1.06e-03   234s
  68  -3.76886533e+07 -3.76974149e+07  2.69e-11 2.33e-10  9.57e-04   236s
  69  -3.76887413e+07 -3.76970319e+07  2.63e-11 2.33e-10  9.06e-04   238s
  70  -3.76888918e+07 -3.76957034e+07  1.08e-11 2.33e-10  7.44e-04   240s
  71  -3.76890007e+07 -3.76949804e+07  1.14e-11 2.33e-10  6.53e-04   242s
  72  -3.76891418e+07 -3.76944864e+07  1.85e-11 2.33e-10  5.84e-04   245s
  73  -3.76892133e+07 -3.76940317e+07  1.89e-11 2.33e-10  5.27e-04   247s
  74  -3.76892539e+07 -3.76936012e+07  2.00e-11 1.16e-10  4.75e-04   249s
  75  -3.76893092e+07 -3.76932123e+07  1.77e-11 1.16e-10  4.26e-04   251s
  76  -3.76893895e+07 -3.76929033e+07  1.43e-11 2.33e-10  3.84e-04   254s
  77  -3.76894371e+07 -3.76924808e+07  1.34e-11 2.33e-10  3.33e-04   256s
  78  -3.76895146e+07 -3.76920679e+07  9.68e-12 1.16e-10  2.79e-04   258s
  79  -3.76895758e+07 -3.76919467e+07  1.70e-11 2.33e-10  2.59e-04   260s
  80  -3.76896086e+07 -3.76915980e+07  4.54e-11 2.33e-10  2.17e-04   263s
  81  -3.76896378e+07 -3.76914638e+07  3.33e-11 2.33e-10  2.00e-04   265s
  82  -3.76896597e+07 -3.76914119e+07  3.08e-11 2.33e-10  1.91e-04   267s
  83  -3.76896975e+07 -3.76912723e+07  7.12e-11 2.33e-10  1.72e-04   269s
  84  -3.76897190e+07 -3.76910533e+07  7.25e-11 3.49e-10  1.46e-04   271s
  85  -3.76897557e+07 -3.76909089e+07  6.32e-11 2.33e-10  1.26e-04   274s
  86  -3.76897881e+07 -3.76906283e+07  7.64e-11 3.49e-10  9.18e-05   276s
  87  -3.76897982e+07 -3.76904963e+07  5.56e-11 2.33e-10  7.63e-05   278s
  88  -3.76898204e+07 -3.76903638e+07  7.00e-11 2.33e-10  5.94e-05   280s
  89  -3.76898493e+07 -3.76902643e+07  7.30e-11 2.33e-10  4.54e-05   283s
  90  -3.76898753e+07 -3.76901926e+07  2.15e-10 2.33e-10  3.47e-05   285s
  91  -3.76898845e+07 -3.76901432e+07  2.50e-10 1.16e-10  2.83e-05   287s
  92  -3.76898918e+07 -3.76901076e+07  1.89e-10 1.16e-10  2.36e-05   289s
  93  -3.76898945e+07 -3.76900884e+07  1.83e-10 2.33e-10  2.12e-05   292s
  94  -3.76899015e+07 -3.76900527e+07  2.26e-10 2.33e-10  1.65e-05   295s
  95  -3.76899067e+07 -3.76900143e+07  2.45e-10 1.16e-10  1.18e-05   297s
  96  -3.76899086e+07 -3.76900025e+07  2.40e-10 1.16e-10  1.03e-05   300s
  97  -3.76899128e+07 -3.76899845e+07  1.91e-10 1.16e-10  7.83e-06   303s
  98  -3.76899163e+07 -3.76899659e+07  1.55e-10 1.16e-10  5.42e-06   306s
  99  -3.76899192e+07 -3.76899618e+07  6.77e-10 2.33e-10  4.65e-06   309s
 100  -3.76899209e+07 -3.76899457e+07  6.05e-10 1.16e-10  2.71e-06   312s
 101  -3.76899222e+07 -3.76899397e+07  9.51e-09 2.33e-10  1.91e-06   314s
 102  -3.76899233e+07 -3.76899306e+07  4.87e-09 2.33e-10  8.01e-07   317s
 103  -3.76899239e+07 -3.76899274e+07  5.25e-08 2.33e-10  3.82e-07   321s
 104  -3.76899245e+07 -3.76899254e+07  1.23e-08 2.33e-10  9.90e-08   325s
 105  -3.76899245e+07 -3.76899249e+07  7.83e-08 2.33e-10  3.89e-08   327s
 106  -3.76899246e+07 -3.76899248e+07  3.14e-08 2.33e-10  1.84e-08   329s
 107  -3.76899246e+07 -3.76899247e+07  2.56e-08 1.16e-10  1.02e-08   331s

Barrier solved model in 107 iterations and 331.18 seconds (632.55 work units)
Optimal objective -3.76899246e+07


Root crossover log...

   23994 DPushes remaining with DInf 0.0000000e+00               332s
    2812 DPushes remaining with DInf 0.0000000e+00               335s
     146 DPushes remaining with DInf 0.0000000e+00               340s
       0 DPushes remaining with DInf 0.0000000e+00               342s

    7850 PPushes remaining with PInf 6.8669575e-03               342s
       0 PPushes remaining with PInf 6.2228285e-01               342s

  Push phase complete: Pinf 6.2228285e-01, Dinf 4.3655916e-01    342s


Root simplex log...

Iteration    Objective       Primal Inf.    Dual Inf.      Time
   30828   -3.7689925e+07   0.000000e+00   4.365591e-01    343s
   32142   -3.7689925e+07   0.000000e+00   8.869995e+03    349s
   33663   -3.7689925e+07   0.000000e+00   2.879157e+01    358s
   34503   -3.7689925e+07   3.546803e-01   0.000000e+00    365s
   34623   -3.7689925e+07   1.138071e-01   0.000000e+00    374s
   34675   -3.7689925e+07   0.000000e+00   0.000000e+00    378s
Concurrent spin time: 85.91s (can be avoided by choosing Method=3)

Solved with barrier

Root relaxation: objective -3.768992e+07, 34675 iterations, 383.68 seconds (413.29 work units)
Total elapsed time = 494.56s (DegenMoves)
Total elapsed time = 497.57s (DegenMoves)
Total elapsed time = 507.07s (DegenMoves)

    Nodes    |    Current Node    |     Objective Bounds      |     Work
 Expl Unexpl |  Obj  Depth IntInf | Incumbent    BestBd   Gap | It/Node Time

     0     0 -3.769e+07    0 10302    0.00000 -3.769e+07      -     -  524s
     0     0 -3.769e+07    0 10863    0.00000 -3.769e+07      -     - 4551s
     0     0 -3.769e+07    0 10905    0.00000 -3.769e+07      -     - 9434s

Cutting planes:
  Implied bound: 104
  MIR: 91
  StrongCG: 1
  GUB cover: 1
  Zero half: 26

Explored 1 nodes (156842 simplex iterations) in 11171.96 seconds (16189.19 work units)
Thread count was 16 (of 18 available processors)

Solution count 1: 0 

Time limit reached
Best objective 0.000000000000e+00, best bound -3.768989987454e+07, gap -

---------------------------------------------------------------------------
Multi-objectives: stopped in 11172.96 seconds (16189.19 work units), solution count 1
Time Limit reached


Gurobi 11.0.0 (win64) logging started Thu Dec 26 11:40:46 2024

Set parameter LogFile to value "C:\Users\Administrator\Desktop\OptRail_Railroad_Construction\Data\Solution\AnzahlAuftraege_NEW_40\a40_o476_m22_an215_ar51\6_Objectives\costs\gurobi_a40_o476_m22_an215_ar51_costs.log"
