
Gurobi 11.0.0 (win64) logging started Fri Dec 20 07:27:32 2024

Set parameter LogFile to value "C:\Users\Administrator\Desktop\OptRail_Railroad_Construction\Data\Solution\AnzahlAuftraege_NEW_10\a10_o114_m6_an57_ar11\3_Objectives\hierarchical_tolerance\gurobi_a10_o114_m6_an57_ar11_hierarchical_tolerance_round_2.log"
Gurobi Optimizer version 11.0.0 build v11.0.0rc2 (win64 - Windows Server 2022.0 (20348.2))

CPU model: AMD EPYC 7513 32-Core Processor, instruction set [SSE2|AVX|AVX2]
Thread count: 18 physical cores, 18 logical processors, using up to 16 threads

Optimize a model with 2854 rows, 159429 columns and 723445 nonzeros
Model fingerprint: 0xbe0dc180
Variable types: 0 continuous, 159429 integer (159429 binary)
Coefficient statistics:
  Matrix range     [1e+00, 1e+01]
  Objective range  [1e+00, 2e+02]
  Bounds range     [1e+00, 1e+00]
  RHS range        [1e+00, 2e+02]

---------------------------------------------------------------------------
Multi-objectives: starting optimization with 3 objectives ... 
---------------------------------------------------------------------------

Multi-objectives: applying initial presolve ...
---------------------------------------------------------------------------

Presolve added 0 rows and 159 columns
Presolve removed 108 rows and 0 columns
Presolve time: 0.70s
Presolved: 2746 rows, 159588 columns, 648292 nonzeros
---------------------------------------------------------------------------

Multi-objectives: optimize objective 1 () ...
---------------------------------------------------------------------------

Presolve removed 0 rows and 82489 columns
Presolve time: 0.75s
Presolved: 2746 rows, 77099 columns, 638961 nonzeros
Variable types: 0 continuous, 77099 integer (77043 binary)
Deterministic concurrent LP optimizer: primal simplex, dual simplex, and barrier
Showing barrier log only...

Root barrier log...

Ordering time: 0.16s

Barrier statistics:
 AA' NZ     : 2.500e+05
 Factor NZ  : 7.882e+05 (roughly 40 MB of memory)
 Factor Ops : 2.958e+08 (less than 1 second per iteration)
 Threads    : 13

                  Objective                Residual
Iter       Primal          Dual         Primal    Dual     Compl     Time
   0   1.59431029e+03 -6.04736570e+04  1.12e+05 1.34e-01  1.13e+01     2s
   1   7.95529424e+02 -5.58130666e+04  3.07e+04 2.41e-01  3.25e+00     2s
   2   2.98631039e+02 -3.80946579e+04  9.24e+03 1.38e-02  1.00e+00     2s
   3   2.09064286e+02 -3.19507077e+04  5.37e+03 8.63e-03  6.20e-01     2s
   4   1.78039304e+02 -2.91161971e+04  4.06e+03 5.23e-03  4.93e-01     2s
   5   1.32720428e+02 -1.45095842e+04  2.32e+03 1.48e-14  2.43e-01     2s
   6   7.24279644e+01 -6.35397152e+03  8.07e+02 4.97e-15  8.83e-02     2s
   7   2.98482307e+01 -4.15463806e+03  2.71e+02 2.97e-15  4.22e-02     2s
   8   1.61089536e+01 -1.53262719e+03  1.33e+02 2.66e-15  1.69e-02     2s
   9   7.17207223e+00 -6.72447586e+02  3.95e+01 8.10e-16  6.33e-03     2s
  10   7.10067597e+00 -5.93401689e+02  3.87e+01 7.48e-16  5.76e-03     3s
  11   5.28148047e+00 -3.94357175e+02  2.21e+01 8.48e-16  3.65e-03     3s
  12   4.14802799e+00 -1.86737188e+02  1.34e+01 1.06e-15  1.89e-03     3s
  13   2.39592053e+00 -1.19091597e+02  5.03e+00 1.78e-15  1.03e-03     3s
  14   1.10031622e+00 -7.79062648e+01  2.10e+00 1.20e-15  6.11e-04     3s
  15   5.10285825e-01 -5.33952677e+01  8.68e-01 1.32e-15  3.88e-04     3s
  16   4.06344125e-01 -2.26622566e+01  6.30e-01 3.55e-15  1.75e-04     3s
  17   1.44027398e-01 -5.46316801e+00  1.39e-01 3.33e-15  4.21e-05     3s
  18   3.07830329e-02 -6.14934244e-01  1.27e-03 5.33e-15  4.71e-06     3s
  19   1.95848638e-03 -9.12524605e-03  6.43e-05 4.00e-15  9.90e-08     3s
  20   6.55563785e-08 -9.12591247e-06  2.17e-09 2.60e-15  6.02e-11     3s
  21   1.12541081e-11 -2.17248441e-11  3.72e-12 5.33e-15  3.70e-16     3s

Barrier solved model in 21 iterations and 2.73 seconds (4.62 work units)
Optimal objective 1.12541081e-11

Concurrent spin time: 0.00s

Solved with barrier

Root relaxation: objective 0.000000e+00, 36796 iterations, 1.86 seconds (1.87 work units)
Total elapsed time = 10.02s (DegenMoves)
Total elapsed time = 15.53s (DegenMoves)

    Nodes    |    Current Node    |     Objective Bounds      |     Work
 Expl Unexpl |  Obj  Depth IntInf | Incumbent    BestBd   Gap | It/Node Time

     0     0    0.00000    0  138          -    0.00000      -     -   19s
     0     0    0.00000    0  368          -    0.00000      -     -   25s
     0     0    0.50000    0  145          -    0.50000      -     -   40s
     0     0    0.50000    0  954          -    0.50000      -     -   54s
     0     0    0.50000    0 1132          -    0.50000      -     -   56s
     0     0    0.50000    0  259          -    0.50000      -     -   80s
     0     0    0.50000    0  374          -    0.50000      -     -   90s
     0     0    0.52419    0  432          -    0.52419      -     -  105s
     0     0    0.54583    0  537          -    0.54583      -     -  107s
     0     0    0.54861    0  666          -    0.54861      -     -  111s
H    0     0                       6.0000000    0.56944  90.5%     -  115s
     0     0    0.56944    0  735    6.00000    0.56944  90.5%     -  115s
     0     0    0.56944    0  857    6.00000    0.56944  90.5%     -  118s
     0     0    0.56944    0  528    6.00000    0.56944  90.5%     -  130s
     0     0    0.56944    0  411    6.00000    0.56944  90.5%     -  142s
     0     0    0.65278    0  402    6.00000    0.65278  89.1%     -  151s
     0     0    0.65278    0  415    6.00000    0.65278  89.1%     -  153s
H    0     0                       5.0000000    0.65278  86.9%     -  159s
     0     0    0.65278    0  708    5.00000    0.65278  86.9%     -  159s
     0     0    0.73611    0  399    5.00000    0.73611  85.3%     -  167s
     0     0    0.73611    0  399    5.00000    0.73611  85.3%     -  171s
     0     2    1.00000    0  399    5.00000    1.00000  80.0%     -  185s
     1     4    1.00000    1  298    5.00000    1.00000  80.0% 19686  190s
     7    16    1.00000    3  411    5.00000    1.00000  80.0%  5003  197s
    15    32    1.00000    4  668    5.00000    1.00000  80.0%  3812  206s
    31    48    1.00000    5  676    5.00000    1.00000  80.0%  5091  259s
    47    64    1.00000    6  738    5.00000    1.00000  80.0%  3855  264s
    63    80    1.00000    7  735    5.00000    1.00000  80.0%  3275  270s
    79    96    1.00000    8  787    5.00000    1.00000  80.0%  2943  319s
    95   117    1.00000    9  756    5.00000    1.00000  80.0%  2769  324s
   116   141    1.00000   10  890    5.00000    1.00000  80.0%  2668  328s
   140   164    1.00000   12  886    5.00000    1.00000  80.0%  2419  332s
   163   187    1.00000   14  925    5.00000    1.00000  80.0%  2241  337s
   188   206    1.00000   16  954    5.00000    1.00000  80.0%  2154  350s
   207   230    1.00000   18  935    5.00000    1.00000  80.0%  2141  356s
   232   255    1.00000   20 1020    5.00000    1.00000  80.0%  2100  362s
   259   286    1.27083   20 1046    5.00000    1.00000  80.0%  2015  366s
   291   312    1.00000   21  878    5.00000    1.00000  80.0%  1941  372s
   317   338    1.00000   23  866    5.00000    1.00000  80.0%  1945  378s
   343   372    1.00000   24  903    5.00000    1.00000  80.0%  1926  385s
   411   438    1.00000   29  887    5.00000    1.00000  80.0%  1830  395s
   475   504    1.14167   33  957    5.00000    1.00000  80.0%  1800  405s
   511   549    1.50000   36  898    5.00000    1.00000  80.0%  1777  412s
   556   600    1.20833   37  830    5.00000    1.00000  80.0%  1725  419s
   607   672    1.33333   40  979    5.00000    1.00000  80.0%  1663  424s
   679   726 infeasible   46         5.00000    1.00000  80.0%  1544  429s
   749   755    1.41667   53  963    5.00000    1.00000  80.0%  1468  441s
   805   794    2.91667   58  975    5.00000    1.00000  80.0%  1464  451s
   857   869    2.91667   63  973    5.00000    1.00000  80.0%  1474  459s
   933   957    2.91667   69  975    5.00000    1.00000  80.0%  1427  470s
  1024  1037 infeasible   77         5.00000    1.00000  80.0%  1364  478s
  1115  1134    3.00000   85  956    5.00000    1.00000  80.0%  1321  486s
  1219  1231    3.00000   91  937    5.00000    1.00000  80.0%  1266  494s
  1331  1307     cutoff   98         5.00000    1.00000  80.0%  1217  501s
  1444  1396    3.16667  108  939    5.00000    1.00000  80.0%  1183  512s
  1567  1484    3.16667  117  855    5.00000    1.00000  80.0%  1153  520s
  1696  1574    3.16667  127  878    5.00000    1.00000  80.0%  1119  529s
  1827  1647    3.16667  139  890    5.00000    1.00000  80.0%  1092  537s
  1967  1713    1.86667    6  793    5.00000    1.00000  80.0%  1070  633s
  2066  1823    3.66667   10  940    5.00000    1.00000  80.0%  1064  643s
  2206  1943    3.83333   20  943    5.00000    1.00000  80.0%  1049  654s
  2387  2060    3.83333   35  898    5.00000    1.00000  80.0%  1025  664s
  2601  2206    3.83333   55  881    5.00000    1.00000  80.0%   989  673s
  2828  2207    1.92500   46  399    5.00000    1.00000  80.0%   955  711s
  2830  2208    3.33333  125  179    5.00000    1.00000  80.0%   954  737s
  2831  2209    3.81481   16  561    5.00000    1.00000  80.0%   954  759s
  2832  2210    2.91667   73 1048    5.00000    1.00000  80.0%   953  771s
  2833  2210    1.96667   20  568    5.00000    1.00000  80.0%   953  793s
  2834  2211    2.26667   38 1024    5.00000    1.00000  80.0%   953  799s
  2835  2212    2.37778   45 1082    5.00000    1.00000  80.0%   952  804s
  2836  2212    1.16667   13  712    5.00000    1.10897  77.8%   952  823s
  2837  2213    3.33333  116  853    5.00000    1.10897  77.8%   952  825s
  2838  2214    2.81481   35  764    5.00000    1.17739  76.5%   951  840s
  2839  2214    4.00000   33 1028    5.00000    1.19670  76.1%   951  846s
  2840  2215    1.89583   37  765    5.00000    1.27058  74.6%   951  877s
  2842  2216    1.50000   13 1017    5.00000    1.27429  74.5%   950  882s
  2843  2217    1.50000   10  712    5.00000    1.27855  74.4%   950  891s
  2844  2218    3.66667   77 1004    5.00000    1.27867  74.4%   949  895s
  2845  2218    2.66667    9  671    5.00000    1.34212  73.2%   949  904s
  2846  2219    2.34286   13  701    5.00000    1.34212  73.2%   949  907s
  2847  2220    3.00000   82  655    5.00000    1.36402  72.7%   948  914s
  2848  2220    4.00000  195  663    5.00000    1.36402  72.7%   948  916s
  2849  2221    3.33333   26  658    5.00000    1.39259  72.1%   948  923s
  2850  2222    1.70833   20  676    5.00000    1.39521  72.1%   947  929s
  2851  2222    2.66667   14  734    5.00000    1.39521  72.1%   947  932s
  2852  2223    3.89286   86  635    5.00000    1.40234  72.0%   947  938s
  2853  2224    2.16667   48  635    5.00000    1.40554  71.9%   946  940s
  2854  2224    4.00000   38  635    5.00000    1.41166  71.8%   946 1155s
  2855  2228    1.59114   15  943    5.00000    1.57699  68.5%  1137 1168s
  2857  2231    1.59114   16  939    5.00000    1.59114  68.2%  1138 1173s
  2861  2238    1.64780   17  887    5.00000    1.59114  68.2%  1140 1183s
  2869  2251    1.69403   18  683    5.00000    1.64780  67.0%  1154 1192s
  2885  2262    1.69570   19  944    5.00000    1.69570  66.1%  1157 1320s
  2901  2271    2.51190   19  847    5.00000    1.69916  66.0%  1158 1325s
  2917  2275    1.73298   20 1009    5.00000    1.70700  65.9%  1159 1331s
  2933  2280    2.38936   20  810    5.00000    1.74190  65.2%  1162 1368s
  2949  2282    1.78308   21  993    5.00000    1.75927  64.8%  1163 1373s
  2970  2291    2.55505   21 1016    5.00000    1.78308  64.3%  1162 1379s
  2990  2302    1.79698   22  968    5.00000    1.79698  64.1%  1166 1383s
  3010  2316    1.86840   23 1009    5.00000    1.86840  62.6%  1169 1427s
  3031  2333    2.36840   23  838    5.00000    1.86840  62.6%  1174 1433s
  3056  2349    2.68487   24  948    5.00000    1.87338  62.5%  1177 1438s
  3082  2364    1.87338   25 1000    5.00000    1.87338  62.5%  1176 1465s
  3109  2378    1.97917   26 1010    5.00000    1.91474  61.7%  1178 1474s
  3140  2393    2.68487   26 1026    5.00000    1.97917  60.4%  1180 1479s
  3174  2405    2.64583   27 1018    5.00000    1.97917  60.4%  1180 1485s
  3205  2420    1.97917   27  981    5.00000    1.97917  60.4%  1182 1492s
  3241  2442    2.64583   28  968    5.00000    2.06190  58.8%  1182 1500s
  3277  2472    3.11905   30  981    5.00000    2.06190  58.8%  1180 1507s
  3325  2498    3.11905   31 1001    5.00000    2.06190  58.8%  1178 1513s
  3377  2509    3.78571   32  943    5.00000    2.06190  58.8%  1175 1518s
  3428  2530    3.78571   33  876    5.00000    2.06190  58.8%  1174 1525s
  3482  2558    3.78571   34  922    5.00000    2.06190  58.8%  1171 1532s
  3542  2578    3.28571   36  935    5.00000    2.06190  58.8%  1166 1544s
  3609  2584    3.28571   37  807    5.00000    2.06190  58.8%  1161 1550s
  3666  2600    3.78571   38  944    5.00000    2.06190  58.8%  1159 1558s
  3736  2626 infeasible   40         5.00000    2.06190  58.8%  1156 1565s
  3806  2659    4.00000   42  777    5.00000    2.06190  58.8%  1154 1571s
  3898  2662    4.00000   45  767    5.00000    2.06190  58.8%  1144 1578s
  3992  2687     cutoff   47         5.00000    2.06190  58.8%  1135 1585s
  4071  2718    4.00000   51  751    5.00000    2.06190  58.8%  1129 1591s
  4167  2736    4.00000   55  670    5.00000    2.06190  58.8%  1122 1598s
  4258  2759    4.00000   58  651    5.00000    2.06190  58.8%  1117 1605s
  4363  2794    4.00000   62  641    5.00000    2.06190  58.8%  1107 1614s
  4469  2840    4.00000   66  658    5.00000    2.06190  58.8%  1098 1622s
  4602  2870     cutoff   71         5.00000    2.06190  58.8%  1084 1649s
  4742  2940    4.00000   77  573    5.00000    2.06190  58.8%  1073 1657s
  4896  2981    4.00000   83  579    5.00000    2.06190  58.8%  1055 1670s
  5043  3035     cutoff   97         5.00000    2.06190  58.8%  1042 1679s
  5206  3105    3.21190   21 1131    5.00000    2.06190  58.8%  1025 1690s
  5368  3173    3.38030   24 1115    5.00000    2.06190  58.8%  1010 1699s
  5555  3260    3.82083   26 1034    5.00000    2.42024  51.6%   992 1710s
  5743  3354    2.52024   21 1125    5.00000    2.42857  51.4%   977 1719s
  5951  3434    2.71364   24 1196    5.00000    2.42857  51.4%   962 1730s
  6183  3372    2.86667   28 1210    5.00000    2.42857  51.4%   943 1743s
  6322  3368    3.32778   31 1264    5.00000    2.42857  51.4%   946 1754s
  6444  3403    3.34242   34 1224    5.00000    2.42857  51.4%   951 1767s
  6585  3426    3.76667   39 1225    5.00000    2.42857  51.4%   952 1780s
  6737  3457    3.47745   41 1204    5.00000    2.42857  51.4%   955 1796s
  6886  3448     cutoff   46         5.00000    2.42857  51.4%   958 1872s
  6962  3496     cutoff   49         5.00000    2.63333  47.3%   960 1886s
  7123  3547    3.09524   21  836    5.00000    2.63333  47.3%   963 1901s
  7323  3572    3.90000   25  813    5.00000    2.63333  47.3%   963 1917s
  7516  3613    4.00000   40  748    5.00000    2.63333  47.3%   963 1932s
  7685  3683    4.00000   60  747    5.00000    2.63333  47.3%   964 1947s
  7901  3755    4.00000   79  752    5.00000    2.63333  47.3%   961 1962s
  8141  3893    4.00000   99  782    5.00000    2.63333  47.3%   955 1980s
  8433  3768    4.00000  119  732    5.00000    2.91667  41.7%   943 1996s
  8631  3732     cutoff   22         5.00000    3.09524  38.1%   953 2013s
  8895  3646     cutoff   27         5.00000    3.11607  37.7%   957 2030s
  9116  3567    4.00000   34  775    5.00000    3.14048  37.2%   966 2050s
  9368  3457     cutoff   34         5.00000    3.17857  36.4%   975 2069s
  9656  3297 infeasible   35         5.00000    3.27222  34.6%   981 2090s
  9839  3226    3.96875   33  780    5.00000    3.33333  33.3%   999 2111s
 10064  3109     cutoff   53         5.00000    3.38030  32.4%  1011 2134s
 10333  3008     cutoff   36         5.00000    3.45556  30.9%  1022 2155s
 10765  2885    3.96875   26  838    5.00000    3.65357  26.9%  1019 2178s
 11226  2805 infeasible   37         5.00000    3.83333  23.3%  1018 2207s
 11848  2632    4.00000   38  736    5.00000    3.83333  23.3%  1012 2236s
 12403  2439    4.00000   34  788    5.00000    3.93214  21.4%  1007 2267s
 12955  2156 infeasible   73         5.00000    3.96875  20.6%  1006 2370s
 13261  1330     cutoff   35         5.00000    4.00000  20.0%  1010 2427s
 14329   434     cutoff   38         5.00000    4.00000  20.0%  1009 2470s
 15255     0     cutoff  107         5.00000    4.00000  20.0%  1026 2491s

Cutting planes:
  Gomory: 1
  Cover: 10
  Projected implied bound: 1
  MIR: 14
  StrongCG: 1
  Flow cover: 84
  GUB cover: 7
  Inf proof: 16
  Zero half: 36
  RLT: 27
  Relax-and-lift: 9

Explored 15689 nodes (16632742 simplex iterations) in 2492.28 seconds (5018.63 work units)
Thread count was 16 (of 18 available processors)

Solution count 2: 5 6 

Optimal solution found (tolerance 1.00e-04)
Best objective 5.000000000000e+00, best bound 5.000000000000e+00, gap 0.0000%
---------------------------------------------------------------------------

Multi-objectives: optimize objective 2 () ...
---------------------------------------------------------------------------


Loaded user MIP start with objective 8988.91

Presolve removed 0 rows and 82477 columns
Presolve time: 0.73s
Presolved: 2747 rows, 77111 columns, 639087 nonzeros
Variable types: 0 continuous, 77111 integer (77055 binary)
Found heuristic solution: objective 8905.0723131
Deterministic concurrent LP optimizer: primal simplex, dual simplex, and barrier
Showing barrier log only...

Root barrier log...

Ordering time: 0.14s

Barrier statistics:
 AA' NZ     : 2.506e+05
 Factor NZ  : 7.894e+05 (roughly 40 MB of memory)
 Factor Ops : 2.967e+08 (less than 1 second per iteration)
 Threads    : 14

                  Objective                Residual
Iter       Primal          Dual         Primal    Dual     Compl     Time
   0   4.63524289e+07 -1.99263865e+07  1.12e+05 1.08e+02  3.72e+03  2494s
   1   1.73889220e+07 -1.92649126e+07  4.20e+04 1.31e+02  1.47e+03  2494s
   2   5.62908873e+06 -1.60301113e+07  1.36e+04 4.54e+01  5.12e+02  2494s
   3   9.17521300e+05 -9.87955193e+06  2.20e+03 2.01e+00  1.20e+02  2494s
   4   4.67507598e+05 -5.91201597e+06  1.11e+03 5.71e-01  6.28e+01  2494s
   5   2.67666289e+05 -2.06799490e+06  6.27e+02 1.59e-12  2.54e+01  2494s
   6   1.90415616e+05 -1.81255539e+06  4.41e+02 1.25e-12  2.01e+01  2494s
   7   5.31857513e+04 -6.99452722e+05  1.09e+02 5.64e-02  6.53e+00  2494s
   8   2.56248074e+04 -3.04570794e+05  4.30e+01 5.68e-13  2.74e+00  2494s
   9   1.14389761e+04 -1.87862123e+05  9.57e+00 8.07e-12  1.42e+00  2494s
  10   9.55009464e+03 -1.65705922e+05  5.53e+00 6.71e-12  1.21e+00  2494s
  11   7.08621593e+03 -9.71619121e+04  1.28e+00 1.07e-11  6.96e-01  2494s
  12   6.15475933e+03 -8.09649490e+04  3.57e-01 8.64e-12  5.69e-01  2494s
  13   5.78309954e+03 -3.75814923e+04  1.35e-01 7.28e-12  2.83e-01  2494s
  14   5.52742023e+03 -1.74374731e+04  7.21e-02 3.64e-12  1.51e-01  2494s
  15   5.47486203e+03 -1.21230023e+04  6.22e-02 2.08e-12  1.16e-01  2494s
  16   5.38463805e+03 -4.32761987e+03  5.06e-02 2.73e-12  6.48e-02  2494s
  17   5.12998672e+03 -6.35882898e+02  2.31e-02 2.61e-12  3.82e-02  2494s
  18   5.02265553e+03  2.06300718e+03  1.36e-02 4.55e-12  1.98e-02  2494s
  19   4.98140574e+03  2.22623852e+03  1.04e-02 4.55e-12  1.83e-02  2494s
  20   4.96720281e+03  3.29041344e+03  9.24e-03 5.46e-12  1.13e-02  2494s
  21   4.91782464e+03  3.96904737e+03  4.92e-03 5.46e-12  6.39e-03  2494s
  22   4.89029824e+03  4.19957349e+03  2.84e-03 4.55e-12  4.62e-03  2494s
  23   4.88062316e+03  4.56432364e+03  1.87e-03 4.07e-12  2.16e-03  2494s
  24   4.86065994e+03  4.82504076e+03  3.99e-04 4.29e-12  2.57e-04  2494s
  25   4.85489692e+03  4.85429404e+03  1.47e-06 4.55e-12  3.99e-06  2494s
  26   4.85486545e+03  4.85468629e+03  1.87e-07 6.37e-12  1.18e-06  2494s
  27   4.85486311e+03  4.85485968e+03  9.16e-08 5.07e-12  3.27e-08  2494s
  28   4.85486062e+03  4.85486062e+03  1.98e-12 3.22e-12  4.97e-13  2494s

Barrier solved model in 28 iterations and 2494.44 seconds (5021.37 work units)
Optimal objective 4.85486062e+03

  Building initial crossover basis                              2495s

Root crossover log...

     754 DPushes remaining with DInf 0.0000000e+00              2495s
       0 DPushes remaining with DInf 0.0000000e+00              2495s

     383 PPushes remaining with PInf 0.0000000e+00              2495s
       0 PPushes remaining with PInf 0.0000000e+00              2495s

  Push phase complete: Pinf 0.0000000e+00, Dinf 1.8188710e-11   2495s


Root simplex log...

Iteration    Objective       Primal Inf.    Dual Inf.      Time
    1108    4.8548606e+03   0.000000e+00   0.000000e+00   2495s

Solved with barrier
    1108    4.8548606e+03   0.000000e+00   0.000000e+00   2495s

Root relaxation: objective 4.854861e+03, 1108 iterations, 1.89 seconds (1.73 work units)

    Nodes    |    Current Node    |     Objective Bounds      |     Work
 Expl Unexpl |  Obj  Depth IntInf | Incumbent    BestBd   Gap | It/Node Time

     0     0 4854.86062    0  748 8905.07231 4854.86062  45.5%     - 2501s
H    0     0                    8136.6013141 4854.86062  40.3%     - 2502s
H    0     0                    7899.0471656 4854.86062  38.5%     - 2503s
     0     0 4892.65302    0 1008 7899.04717 4892.65302  38.1%     - 2507s
H    0     0                    7890.0345509 4935.29407  37.4%     - 2510s
     0     0 4935.29407    0 1154 7890.03455 4935.29407  37.4%     - 2510s
     0     0 4936.35395    0 1063 7890.03455 4936.35395  37.4%     - 2512s
     0     0 4936.35395    0  479 7890.03455 4936.35395  37.4%     - 2524s
H    0     0                    7699.8616270 4936.35395  35.9%     - 2524s
     0     0 4936.35395    0  501 7699.86163 4936.35395  35.9%     - 2525s
     0     0 4936.35395    0  908 7699.86163 4936.35395  35.9%     - 2529s
     0     0 4936.35395    0 1056 7699.86163 4936.35395  35.9%     - 2531s
     0     0 4936.35395    0  530 7699.86163 4936.35395  35.9%     - 2537s
H    0     0                    7693.3173528 4936.35395  35.8%     - 2538s
     0     0 4997.20876    0  787 7693.31735 4997.20876  35.0%     - 2541s
H    0     0                    7479.8853317 4997.20876  33.2%     - 2547s
     0     0 4997.20876    0  533 7479.88533 4997.20876  33.2%     - 2547s
     0     0 4997.20876    0  533 7479.88533 4997.20876  33.2%     - 2549s
     0     2 4997.20876    0  464 7479.88533 4997.20876  33.2%     - 2561s
     1     4 5726.40676    1  623 7479.88533 4997.20876  33.2% 18412 2566s
     7    16 5729.24453    3  719 7479.88533 4997.20876  33.2%  4059 2572s
    15    32 5730.74663    4  718 7479.88533 4997.20876  33.2%  2470 2580s
H   31    48                    7411.6639978 4997.20876  32.6%  3272 2595s
H   31    48                    7264.2805471 4997.20876  31.2%  3272 2595s
H   35    48                    7021.4582013 4997.20876  28.8%  2975 2595s
    63    80 5734.59235    7  641 7021.45820 4997.20876  28.8%  1985 2600s
H   79    96                    6770.1270102 4997.20876  26.2%  1731 2644s
H   81    96                    6449.3596543 4997.20876  22.5%  1692 2644s
H   93    96                    6417.6745540 4997.20876  22.1%  1536 2644s
    95   116 5734.59235    9  647 6417.67455 4997.20876  22.1%  1525 2647s
   139   164 5734.59235   12  580 6417.67455 4997.20876  22.1%  1257 2651s
   163   241 5734.59235   14  558 6417.67455 4997.20876  22.1%  1154 2655s
   240   324 5734.59235   20  534 6417.67455 4997.20876  22.1%   928 2661s
   323   419 5734.59235   26  495 6417.67455 4997.20876  22.1%   789 2665s
H  418   437                    6378.2024991 4997.20876  21.7%   704 2681s
   436   559 5734.59235   32  408 6378.20250 4997.20876  21.7%   698 2685s
   558   658 5734.59235   37  364 6378.20250 4997.20876  21.7%   649 2692s
   657   751 5734.59235   44  334 6378.20250 4997.20876  21.7%   627 2701s
   750   970 5735.21056   55  575 6378.20250 4997.20876  21.7%   621 2708s
   969  1373 5840.58115   76  460 6378.20250 4997.20876  21.7%   599 2719s
  1415  1607 infeasible  116      6378.20250 4997.20876  21.7%   534 2730s
H 1684  1837                    6312.6854823 4997.20876  20.8%   543 2744s
  1940  2179 5061.63228   23  799 6312.68548 4997.20876  20.8%   561 2758s
  2313  2476 5075.22943   52  531 6312.68548 4997.20876  20.8%   574 2774s
  2695  2781 5193.92095   81  391 6312.68548 4997.20876  20.8%   599 2790s
  3102  3126 5928.09810  111  486 6312.68548 4997.20876  20.8%   623 2807s
  3545  3127 5999.01199  120  533 6312.68548 4997.20876  20.8%   644 2829s
  3547  3128 5067.62265   35  596 6312.68548 4997.20876  20.8%   643 2845s
  3548  3129 5728.33933   42  548 6312.68548 4997.20876  20.8%   643 2859s
  3549  3130 5736.19835   41  747 6312.68548 4997.20876  20.8%   643 2862s
  3550  3130 5473.13298   94  745 6312.68548 4997.20876  20.8%   643 2866s
H 3550  2973                    6304.7264264 4997.20876  20.7%   643 2880s
  3552  2975 4998.23798   10  899 6304.72643 4997.20876  20.7%   642 2886s
  3553  2975 5233.05674   61  548 6304.72643 4997.20876  20.7%   642 2896s
  3555  2977 5478.25184   84  559 6304.72643 4997.20876  20.7%   642 2904s
  3556  2977 5755.02245   99  559 6304.72643 4997.20876  20.7%   642 2906s
H 3556  2828                    6303.3049688 4997.20876  20.7%   642 2910s
  3560  2832 5736.19835   39  646 6303.30497 4997.20876  20.7%   693 2935s
  3561  2833 4997.20876   39  557 6303.30497 4997.20876  20.7%   693 2943s
  3563  2834 5570.01645   93  805 6303.30497 4997.20876  20.7%   693 2951s
  3565  2836 6191.05732   73  621 6303.30497 4997.20876  20.7%   692 2964s
  3566  2836 5807.87783   62  769 6303.30497 4997.20876  20.7%   692 2966s
H 3566  2694                    6287.8599481 4997.20876  20.5%   692 2974s
  3568  2696 5127.58684   38  914 6287.85995 4997.20876  20.5%   692 2976s
  3569  2696 5948.76140  101  763 6287.85995 4997.20876  20.5%   692 2983s
  3570  2697 5557.68850   87  763 6287.85995 4997.20876  20.5%   691 2985s
  3571  2698 4997.20876   12  763 6287.85995 4997.20876  20.5%   691 2992s
  3572  2701 5726.40676   24  714 6287.85995 4997.20876  20.5%   759 3007s
  3574  2705 5731.92382   25  753 6287.85995 4997.20876  20.5%   761 3011s
  3578  2711 5742.37732   26  794 6287.85995 4997.20876  20.5%   762 3015s
  3586  2725 5742.75132   27  762 6287.85995 4997.20876  20.5%   763 3023s
  3602  2735 5743.04374   28  718 6287.85995 4997.20876  20.5%   775 3027s
H 3610  2597                    6283.1666594 4997.20876  20.5%   774 3027s
  3618  2610 5753.42771   28  680 6283.16666 4997.20876  20.5%   775 3030s
H 3650  2503                    6176.8672942 4997.20876  19.1%   776 3050s
H 3653  2380                    6048.8584360 4997.20876  17.4%   778 3050s
H 3656  2263                    6018.7190897 4997.20876  17.0%   778 3050s
H 3662  2151                    6009.6883686 4997.20876  16.8%   778 3050s
  3683  2181 5753.16190   30  675 6009.68837 4997.20876  16.8%   779 3056s
H 3703  2087                    5933.5703431 4997.20876  15.8%   780 3194s
H 3703  1987                    5882.5453371 4997.20876  15.1%   780 3194s
H 3704  1892                    5881.6795104 4997.20876  15.0%   780 3194s
H 3710  1800                    5847.8443209 4997.20876  14.5%   781 3194s
H 3716  1713                    5839.4791213 4997.20876  14.4%   781 3194s
  3719  1736 5753.16190   32  585 5839.47912 4997.20876  14.4%   780 3197s
  3743  1761 5753.16190   33  606 5839.47912 4997.20876  14.4%   781 3213s
  3776  1779 5753.16190   34  591 5839.47912 4997.20876  14.4%   780 3216s
  3836  1806 5753.16190   36  599 5839.47912 4997.20876  14.4%   782 3420s
H 3842  1723                    5823.1521692 4997.20876  14.2%   782 3420s
  3852  1807 5760.50394   36  518 5823.15217 4997.20876  14.2%   782 3426s
  3939  1825 5753.16190   39  466 5823.15217 4997.20876  14.2%   782 3744s
  3986  1955 5753.16190   40  383 5823.15217 4997.20876  14.2%   782 3753s
  4132  2108 5753.16190   46  345 5823.15217 4997.20876  14.2%   780 3764s
  4334  2241 5753.50587   54  466 5823.15217 4997.20876  14.2%   782 3778s
  4580  2297 infeasible   60      5823.15217 4997.20876  14.2%   782 3794s
  4804  2386 5131.94908   51  545 5823.15217 4997.20876  14.2%   788 3808s
  4990  2374 5330.34412   65  524 5823.15217 4997.20876  14.2%   794 3923s
  5051  2555 5395.66661   66  471 5823.15217 4997.20876  14.2%   795 3941s
  5310  2623 5127.19589   53  559 5823.15217 4997.20876  14.2%   796 3957s
  5554  2743 5246.43015   57  505 5823.15217 4997.20876  14.2%   801 3973s
  5841  2870 5376.30788   61  495 5823.15217 4997.20876  14.2%   798 3992s
  6164  2948 5769.69718   82  363 5823.15217 4997.20876  14.2%   792 4009s
  6458  3046 5307.78105   53  328 5823.15217 4997.20876  14.2%   792 4024s
  6727  3169 5211.91921   53  633 5823.15217 4997.20876  14.2%   795 4041s
  7072  3247 5516.34793   69  553 5823.15217 4997.20876  14.2%   785 4059s
  7393  3391 5795.62672  100  535 5823.15217 4997.20876  14.2%   780 4076s
  7749  3587 5484.06411   52  596 5823.15217 4997.20876  14.2%   780 4095s
  8145  3794 5118.11769   41  712 5823.15217 4997.20876  14.2%   782 4117s
  8587  3971 5651.21151   70  523 5823.15217 4997.20876  14.2%   779 4137s
  8892  4230 5149.66809   46  488 5823.15217 4997.20876  14.2%   779 4156s
  9240  4506 5209.12318   42  510 5823.15217 4997.20876  14.2%   785 4176s
  9602  4558 5091.86804   37  721 5823.15217 4997.20876  14.2%   791 4351s
  9658  4573 5125.08071   38  430 5823.15217 4997.20876  14.2%   793 4777s
H 9661  4573                    5823.1521240 4997.20876  14.2%   793 4777s
  9674  4802 5136.38938   38  594 5823.15212 4997.20876  14.2%   793 4800s
  9980  5137 5356.87414   47  721 5823.15212 4997.20876  14.2%   794 4827s
 10489  5339 5096.38237   37  395 5823.15212 4997.20876  14.2%   795 4844s
 10692  5339 5424.41589   55  735 5823.15212 4997.20876  14.2%   798 4845s
 10741  5527 5357.97364   56  447 5823.15212 4997.20876  14.2%   799 4889s
 11037  5835 5108.61309   34  852 5823.15212 4997.20876  14.2%   799 4912s
 11446  6041 5529.04436   53  692 5823.15212 4997.20876  14.2%   804 4932s
 11735  6216 5368.33226   46  581 5823.15212 4997.20876  14.2%   809 4954s
 12037  6350 5147.16406   33  807 5823.15212 4997.20876  14.2%   813 4974s
 12297  6539 5044.44034   33  813 5823.15212 4997.20876  14.2%   828 4994s
 12509  6745 5266.07594   45  784 5823.15212 4997.20876  14.2%   833 5019s
 12910  6940 5814.11043   67  663 5823.15212 4997.20876  14.2%   834 5044s
 13296  7190 5302.92579   58  650 5823.15212 4997.20876  14.2%   837 5066s
 13688  7564 5135.97224   54  643 5823.15212 4997.20876  14.2%   843 5093s
 14373  7953 5799.50270   85  725 5823.15212 5003.79589  14.1%   839 5123s
 15024  8278 5397.85754   69  627 5823.15212 5006.74798  14.0%   837 5152s
 15563  8506 5283.02175   40  609 5823.15212 5007.10090  14.0%   842 5182s
 16110  8773     cutoff   61      5823.15212 5007.10090  14.0%   851 5208s
 16539  9053     cutoff   54      5823.15212 5007.10090  14.0%   864 5241s
 17120  9461     cutoff   43      5823.15212 5007.10090  14.0%   873 5271s
 17778  9865 5612.21728   51  597 5823.15212 5010.04356  14.0%   880 5302s
 18464 10323 5567.34871   47  609 5823.15212 5013.19081  13.9%   886 5333s
 19142 10819 5698.61216   67  224 5823.15212 5017.79097  13.8%   896 5366s
 19920 11299 5483.41239   60  805 5823.15212 5018.45732  13.8%   905 5399s
 20690 11815 5588.94171   48  494 5823.15212 5018.45732  13.8%   915 5445s
 21529 12357 5675.44325   60  729 5823.15212 5018.45732  13.8%   933 5483s
 22464 12713 5632.04684   55  320 5823.15212 5020.37103  13.8%   939 5516s
 23048 12752 5800.84869   64  393 5823.15212 5024.03708  13.7%   941 5966s
H23085 12752                    5823.1519859 5024.03708  13.7%   942 5966s
 23121 13456 5629.01921   66  600 5823.15199 5024.10865  13.7%   942 6011s
 24276 13828 5762.29062   72  545 5823.15199 5033.29264  13.6%   944 6052s
 25093 14365 5709.98152   55  587 5823.15199 5036.03795  13.5%   940 6096s
 26319 14828 5234.15742   37  825 5823.15199 5043.01213  13.4%   941 6137s
 27077 15421 5314.03974   38  609 5823.15199 5043.92575  13.4%   945 6183s
 28293 15869 5726.18939   66  659 5823.15199 5047.44492  13.3%   946 6227s
 29074 16627 5773.83677   61  522 5823.15199 5054.11112  13.2%   948 6276s
 30275 17230 5707.61915   58  733 5823.15199 5056.55388  13.2%   951 6323s
 31351 17902 5763.56849   48  786 5823.15199 5062.11522  13.1%   947 6370s
 32499 18640 5188.82094   37  672 5823.15199 5065.09343  13.0%   950 6424s
 33816 19308 5324.34124   40  885 5823.15199 5071.27830  12.9%   948 6478s
 34944 20135 5394.61079   36  672 5823.15199 5074.23313  12.9%   954 6531s
 36270 20948 5465.18476   41  677 5823.15199 5077.66160  12.8%   958 6619s
 37702 22011 5444.20513   45  684 5823.15199 5086.40841  12.7%   961 6680s
 39386 23011 5813.64495   67  487 5823.15199 5089.54538  12.6%   960 6739s
 40995 23930     cutoff   73      5823.15199 5094.62666  12.5%   962 6800s
 42697 23931 5687.99927   64  533 5823.15199 5100.33146  12.4%   965 7899s
 42699 23932 5624.71037   67  535 5823.15199 5100.33146  12.4%   965 7918s
 42700 23933 5593.41731   50  524 5823.15199 5100.33146  12.4%   965 7931s
 42702 23934 5319.41832   55 1054 5823.15199 5153.36354  11.5%   964 7942s
 42703 23935 5243.62048   43 1015 5823.15199 5243.62048  10.0%   964 7947s
 42704 23936 5732.85458   62  935 5823.15199 5336.03895  8.37%   964 7954s
 42705 23936 5489.16146   43 1018 5823.15199 5347.43818  8.17%   964 7962s
 42706 23937 5349.73117   50  942 5823.15199 5349.73117  8.13%   964 7968s
 42707 23938 5505.22637   42  975 5823.15199 5349.76892  8.13%   964 7974s
 42708 23938 5497.63589   56  755 5823.15199 5355.04437  8.04%   964 8008s
 42709 23939 5491.85440   47  865 5823.15199 5355.04437  8.04%   964 8034s
 42710 23940 5454.79508   68  778 5823.15199 5357.50226  8.00%   964 8062s
 42711 23940 5796.22064   57  866 5823.15199 5357.68469  7.99%   964 8087s
 42712 23941 5360.21827   52  755 5823.15199 5360.21827  7.95%   964 8117s
 42713 23942 5360.38960   45  913 5823.15199 5360.38960  7.95%   964 8141s
 42714 23942 5404.29272   56  769 5823.15199 5360.43538  7.95%   964 8170s
 42715 23943 5637.45163   43  828 5823.15199 5360.43538  7.95%   964 8194s
 42716 23944 5784.00119   66  789 5823.15199 5362.15084  7.92%   964 8219s
 42717 23944 5776.55146   97  900 5823.15199 5362.37534  7.91%   964 8244s
 42718 23945 5697.83211   49  649 5823.15199 5362.82553  7.91%   964 8273s
 42719 23946 5489.42273   59  790 5823.15199 5362.82553  7.91%   964 8298s
 42720 23946 5524.33532   62  737 5823.15199 5363.15601  7.90%   964 8327s
 42721 23947 5363.40175   56  717 5823.15199 5363.40175  7.90%   964 8351s
 42722 23948 5371.98517   54  693 5823.15199 5363.42147  7.89%   964 8381s
 42723 23948 5363.43048   38  767 5823.15199 5363.43048  7.89%   964 8405s
 42724 23949 5398.29850   69  712 5823.15199 5363.65516  7.89%   964 8432s
 42725 23950 5365.44579   44  787 5823.15199 5363.65516  7.89%   964 8457s
 42726 23950 5726.43468   64  693 5823.15199 5364.01732  7.88%   964 8486s
 42727 23951 5657.30742   50  777 5823.15199 5364.01732  7.88%   964 8511s
 42728 23952 5735.93385   67  717 5823.15199 5364.07047  7.88%   964 8538s
 42729 23952 5455.29330   90  827 5823.15199 5364.08234  7.88%   964 8564s
 42730 23953 5774.54343   69  743 5823.15199 5365.66929  7.86%   964 8592s
 42731 23954 5649.71194   46  836 5823.15199 5365.66929  7.86%   964 8616s
 42732 23954 5656.72957   63  736 5823.15199 5365.81799  7.85%   964 8643s
 42733 23955 5527.22652   64  807 5823.15199 5365.81799  7.85%   964 8669s
 42734 23956 5544.66020   44  801 5823.15199 5366.03463  7.85%   964 8700s
 42735 23956 5616.62564   69  903 5823.15199 5366.03463  7.85%   964 8724s
 42736 23957 5366.03463   32  859 5823.15199 5366.03463  7.85%   964 8753s
 42737 23958 5366.03463   61  787 5823.15199 5366.03463  7.85%   964 8777s
 42738 23958 5366.03913   40  787 5823.15199 5366.03913  7.85%   964 8795s
 42739 23962 5794.68085   39  492 5823.15199 5366.75853  7.84%   978 8823s
 42741 23965 5794.68085   40  457 5823.15199 5595.94347  3.90%   978 8825s
 42745 23970 5794.68085   41  448 5823.15199 5595.94347  3.90%   978 8830s
 42753 23975 5802.53333   42  446 5823.15199 5595.94347  3.90%   979 8839s
 42767 23973 5807.64388   43  405 5823.15199 5666.41198  2.69%   984 8852s
 42783 23978     cutoff   44      5823.15199 5685.87681  2.36%   985 8855s
 42815 23980 5761.08875   45  706 5823.15199 5714.49467  1.87%   986 8875s
 42873 23977     cutoff   47      5823.15199 5752.46353  1.21%   986 8881s
 42940 23984 5784.20232   48  371 5823.15199 5752.46353  1.21%   985 8886s
 43004 23975 5806.56061   48  435 5823.15199 5752.46353  1.21%   985 8890s
*43032 22766              54    5821.8354959 5752.46353  1.19%   984 8890s
 43111 22779 5817.32896   51  405 5821.83550 5752.46353  1.19%   983 8897s
 43192 22755 5786.66869   46  394 5821.83550 5758.86527  1.08%   982 8901s
 43268 22731 5797.55641   48  417 5821.83550 5758.86527  1.08%   982 8906s
 43348 22699     cutoff   51      5821.83550 5771.47223  0.87%   981 8911s
 43425 22671 5807.94809   47  725 5821.83550 5777.02721  0.77%   981 8931s
 43507 22660 5803.01243   50  375 5821.83550 5777.02721  0.77%   980 8936s
 43632 22629 5810.90148   58  460 5821.83550 5777.02721  0.77%   978 8942s
 43695 22610 5820.52922   63  405 5821.83550 5777.84643  0.76%   977 8945s
 43844 22567 5801.92586   50  439 5821.83550 5777.84643  0.76%   974 8951s
 43984 22525 infeasible   58      5821.83550 5788.34080  0.58%   972 8957s
 44054 22497 5790.79833   50  597 5821.83550 5788.34080  0.58%   971 8961s
 44198 22440 5796.77161   57  633 5821.83550 5788.34080  0.58%   970 8968s
 44273 22407 5801.71588   60  595 5821.83550 5788.34080  0.58%   969 8972s
 44349 22364 5806.27380   63  608 5821.83550 5788.34080  0.58%   968 8976s
 44530 22225 5818.29716   56  590 5821.83550 5803.15111  0.32%   966 8984s
 44637 22169 5819.73700   55  295 5821.83550 5805.92935  0.27%   965 8988s
 44744 22124 5809.56156   52  198 5821.83550 5808.76927  0.22%   964 8993s
 44861 22065     cutoff   58      5821.83550 5809.46647  0.21%   962 8997s
 44947 22027 5816.20464   58  193 5821.83550 5811.02433  0.19%   961 9000s

Cutting planes:
  Gomory: 19
  Cover: 50
  Implied bound: 2
  Clique: 144
  MIR: 34
  StrongCG: 2
  Flow cover: 148
  Inf proof: 7
  Zero half: 156
  RLT: 1
  Relax-and-lift: 7

Explored 44994 nodes (43390045 simplex iterations) in 9001.32 seconds (15139.32 work units)
Thread count was 16 (of 18 available processors)

Solution count 10: 5821.84 5823.15 5823.15 ... 6009.69

Optimal solution found (tolerance 1.00e-04)
Best objective 5.821835495947e+03, best bound 5.821835495947e+03, gap 0.0000%
---------------------------------------------------------------------------

Multi-objectives: optimize objective 3  ...
---------------------------------------------------------------------------


Loaded user MIP start with objective 0


Explored 0 nodes (0 simplex iterations) in 9002.16 seconds (15139.32 work units)
Thread count was 1 (of 18 available processors)

Solution count 1: 0 

Optimal solution found (tolerance 1.00e-04)
Best objective 0.000000000000e+00, best bound 0.000000000000e+00, gap 0.0000%

---------------------------------------------------------------------------
Multi-objectives: solved in 9002.19 seconds (15139.32 work units), solution count 10

