
Gurobi 10.0.3 (mac64[arm]) logging started Sun Mar 16 11:08:10 2025

Set parameter LogFile to value "/Users/niklas/Desktop/Diplomarbeit/OptRail_Railroad_Construction/Data/Solution_math_model/AnzahlAuftraege_NEW_25/a25_o306_m13_an127_ar31/6_Objectives/construction_fulfillment/gurobi_a25_o306_m13_an127_ar31_construction_fulfillment.log"
Gurobi Optimizer version 10.0.3 build v10.0.3rc0 (mac64[arm])

CPU model: Apple M1 Pro
Thread count: 8 physical cores, 8 logical processors, using up to 16 threads

Warning: Thread count (16) is larger than processor count (8)
         Reduce the value of the Threads parameter to improve performance


Optimize a model with 15342 rows, 2608311 columns and 13895596 nonzeros
Model fingerprint: 0x99ee3a4f
Variable types: 0 continuous, 2608311 integer (2608311 binary)
Coefficient statistics:
  Matrix range     [1e+00, 1e+01]
  Objective range  [1e+00, 1e+00]
  Bounds range     [1e+00, 1e+00]
  RHS range        [1e+00, 2e+02]
Found heuristic solution: objective -0.0000000
Presolve removed 2949 rows and 1360224 columns (presolve time = 5s) ...
Presolve removed 3938 rows and 1360228 columns (presolve time = 10s) ...
Presolve removed 2953 rows and 1359243 columns
Presolve time: 13.25s
Presolved: 12389 rows, 1249068 columns, 12679134 nonzeros
Variable types: 0 continuous, 1249068 integer (1249068 binary)
Found heuristic solution: objective 1.0000000
Deterministic concurrent LP optimizer: primal simplex, dual simplex, and barrier
Showing barrier log only...

Root barrier log...

Ordering time: 0.01s

Barrier statistics:
 AA' NZ     : 4.972e+05
 Factor NZ  : 1.157e+06 (roughly 100 MB of memory)
 Factor Ops : 6.337e+08 (less than 1 second per iteration)
 Threads    : 14

                  Objective                Residual
Iter       Primal          Dual         Primal    Dual     Compl     Time
   0   3.75927953e+03  2.01268438e+04  7.35e+05 1.72e+00  3.60e+01    18s
   1   1.39017731e+03  1.99449634e+04  2.48e+05 2.21e-01  1.22e+01    18s
   2   3.42907945e+02  1.53315445e+04  5.60e+04 5.33e-14  2.80e+00    19s
   3   6.59137156e+01  7.63699772e+03  6.73e+03 4.97e-14  3.51e-01    19s
   4   5.15650439e+01  2.14091494e+03  3.78e+03 2.10e-13  1.90e-01    19s
   5   4.75392107e+01  1.25532242e+03  2.56e+03 3.55e-13  1.29e-01    19s
   6   4.34025371e+01  1.03158994e+03  2.02e+03 2.44e-12  1.02e-01    19s
   7   3.29255500e+01  8.03331520e+02  9.59e+02 4.26e-13  4.89e-02    19s
   8   2.56874421e+01  5.45056918e+02  1.04e+02 2.79e-12  6.24e-03    19s
   9   2.51296266e+01  4.41085073e+02  4.52e+01 1.56e-13  3.07e-03    19s
  10   2.44652561e+01  3.09575365e+02  2.52e+01 1.28e-13  1.81e-03    19s
  11   2.38688685e+01  2.23358095e+02  1.79e+01 8.53e-14  1.26e-03    19s
  12   2.35638568e+01  1.73803776e+02  1.59e+01 6.57e-14  1.06e-03    19s
  13   2.28102015e+01  1.35725708e+02  4.79e+00 4.80e-14  4.76e-04    19s
  14   2.18476797e+01  1.08450945e+02  7.42e-03 3.55e-14  2.12e-04    19s
  15   2.18257071e+01  3.95552938e+01  1.31e-03 5.33e-15  4.01e-05    19s
  16   2.23934626e+01  2.68978951e+01  4.31e-04 1.78e-15  1.01e-05    19s
  17   2.24856816e+01  2.28308079e+01  6.74e-06 3.55e-15  7.47e-07    19s
  18   2.24999833e+01  2.25003304e+01  1.04e-13 3.55e-15  7.47e-10    19s
  19   2.25000000e+01  2.25000000e+01  9.98e-14 4.44e-15  7.54e-16    19s

Barrier solved model in 19 iterations and 19.34 seconds (77.38 work units)
Optimal objective 2.25000000e+01

  Building initial crossover basis                                20s

Root crossover log...

    1166 DPushes remaining with DInf 0.0000000e+00                21s
       0 DPushes remaining with DInf 0.0000000e+00                21s

      10 PPushes remaining with PInf 2.1285200e-05                21s
       0 PPushes remaining with PInf 0.0000000e+00                21s

  Push phase complete: Pinf 0.0000000e+00, Dinf 0.0000000e+00     21s


Root simplex log...

Iteration    Objective       Primal Inf.    Dual Inf.      Time
      56    2.2500000e+01   0.000000e+00   0.000000e+00     21s
Concurrent spin time: 0.00s

Solved with barrier
      56    2.2500000e+01   0.000000e+00   0.000000e+00     21s

Use crossover to convert LP symmetric solution to basic solution...

Root crossover log...

    3371 DPushes remaining with DInf 0.0000000e+00                21s
       0 DPushes remaining with DInf 0.0000000e+00                21s

    4042 PPushes remaining with PInf 0.0000000e+00                21s
       0 PPushes remaining with PInf 0.0000000e+00                22s

  Push phase complete: Pinf 0.0000000e+00, Dinf 4.7534754e-12     22s


Root simplex log...

Iteration    Objective       Primal Inf.    Dual Inf.      Time
    4257    2.2500000e+01   0.000000e+00   0.000000e+00     22s
    4257    2.2500000e+01   0.000000e+00   0.000000e+00     22s

Root relaxation: objective 2.250000e+01, 4257 iterations, 7.19 seconds (11.68 work units)

    Nodes    |    Current Node    |     Objective Bounds      |     Work
 Expl Unexpl |  Obj  Depth IntInf | Incumbent    BestBd   Gap | It/Node Time

     0     0   22.50000    0 4229    1.00000   22.50000  2150%     -   61s
H    0     0                       2.0000000   22.50000  1025%     -   62s
H    0     0                      16.0000000   22.50000  40.6%     -   70s
     0     0   22.50000    0 4098   16.00000   22.50000  40.6%     -  173s
     0     0   22.50000    0 4029   16.00000   22.50000  40.6%     -  309s
     0     0   22.50000    0 4060   16.00000   22.50000  40.6%     -  478s
H    0     0                      18.0000000   22.50000  25.0%     -  486s
     0     0   22.50000    0 4109   18.00000   22.50000  25.0%     -  665s
     0     0   22.50000    0 4192   18.00000   22.50000  25.0%     -  674s
     0     0   22.50000    0 4192   18.00000   22.50000  25.0%     -  714s
     0     2   22.50000    0 4192   18.00000   22.50000  25.0%     -  865s

Gurobi 10.0.3 (mac64[arm]) logging started Sun Mar 16 11:23:46 2025

Set parameter LogFile to value "/Users/niklas/Desktop/Diplomarbeit/OptRail_Railroad_Construction/Data/Solution_math_model/AnzahlAuftraege_NEW_25/a25_o306_m13_an127_ar31/6_Objectives/construction_fulfillment/gurobi_a25_o306_m13_an127_ar31_construction_fulfillment.log"
Gurobi Optimizer version 10.0.3 build v10.0.3rc0 (mac64[arm])

CPU model: Apple M1 Pro
Thread count: 8 physical cores, 8 logical processors, using up to 16 threads

Warning: Thread count (16) is larger than processor count (8)
         Reduce the value of the Threads parameter to improve performance


Optimize a model with 9969 rows, 2608311 columns and 4371712 nonzeros
Model fingerprint: 0xd9a273e6
Variable types: 0 continuous, 2608311 integer (2608311 binary)
Coefficient statistics:
  Matrix range     [1e+00, 1e+01]
  Objective range  [1e+00, 1e+00]
  Bounds range     [1e+00, 1e+00]
  RHS range        [1e+00, 2e+02]
Found heuristic solution: objective -0.0000000
Presolve removed 6 rows and 1360228 columns (presolve time = 5s) ...
Presolve removed 6 rows and 1360228 columns
Presolve time: 5.74s
Presolved: 9963 rows, 1248083 columns, 4334316 nonzeros
Variable types: 0 continuous, 1248083 integer (1248083 binary)
Found heuristic solution: objective 1.0000000
Deterministic concurrent LP optimizer: primal simplex, dual simplex, and barrier
Showing barrier log only...

Root barrier log...

Ordering time: 0.00s

Barrier statistics:
 AA' NZ     : 2.848e+05
 Factor NZ  : 7.075e+05 (roughly 60 MB of memory)
 Factor Ops : 3.937e+08 (less than 1 second per iteration)
 Threads    : 14

                  Objective                Residual
Iter       Primal          Dual         Primal    Dual     Compl     Time
   0   2.18558802e+03  3.68364935e+03  3.22e+05 7.22e-01  2.43e+01     8s
   1   2.01787137e+02  3.87019125e+03  4.54e+04 8.53e-14  3.55e+00     8s
   2   5.02153025e+01  2.71796077e+03  4.36e+03 2.49e-14  3.51e-01     8s
   3   3.64045547e+01  1.03999478e+03  1.63e+03 1.42e-14  1.31e-01     8s
   4   3.51531791e+01  6.04375620e+02  1.35e+03 4.97e-13  1.04e-01     8s
   5   3.42558721e+01  4.09995615e+02  9.95e+02 2.84e-14  7.66e-02     8s
   6   2.64699653e+01  4.25147742e+02  2.20e+02 4.97e-14  1.80e-02     8s
   7   2.54067127e+01  3.93579483e+02  8.09e+01 2.84e-14  7.39e-03     8s
   8   2.51339913e+01  3.41277266e+02  6.17e+01 4.26e-14  5.63e-03     8s
   9   2.48397804e+01  2.18941172e+02  3.56e+01 1.11e-12  3.21e-03     8s
  10   2.38636893e+01  1.83175783e+02  1.80e+01 8.10e-13  1.84e-03     8s
  11   2.24308540e+01  1.26149371e+02  9.25e+00 5.58e-13  1.03e-03     8s
  12   2.21826307e+01  1.03715085e+02  3.32e+00 4.32e-13  5.33e-04     8s
  13   2.20820425e+01  8.49512535e+01  9.42e-01 3.27e-13  3.02e-04     8s
  14   2.20018120e+01  4.94683546e+01  1.83e-02 1.23e-13  1.17e-04     8s
  15   2.19050045e+01  2.96799484e+01  1.21e-03 3.55e-14  3.04e-05     8s
  16   2.21853623e+01  2.51968687e+01  5.00e-04 1.07e-14  1.16e-05     8s
  17   2.24896914e+01  2.33978069e+01  2.62e-05 3.55e-15  3.32e-06     8s
  18   2.24999819e+01  2.25008972e+01  1.89e-13 3.55e-15  3.32e-09     8s
  19   2.25000000e+01  2.25000000e+01  4.71e-14 3.55e-15  3.32e-15     8s

Barrier solved model in 19 iterations and 8.48 seconds (23.68 work units)
Optimal objective 2.25000000e+01


Root crossover log...

     280 DPushes remaining with DInf 0.0000000e+00                 9s
       0 DPushes remaining with DInf 0.0000000e+00                 9s

       3 PPushes remaining with PInf 0.0000000e+00                 9s
       0 PPushes remaining with PInf 0.0000000e+00                 9s

  Push phase complete: Pinf 0.0000000e+00, Dinf 0.0000000e+00      9s


Root simplex log...

Iteration    Objective       Primal Inf.    Dual Inf.      Time
     138    2.2500000e+01   0.000000e+00   0.000000e+00      9s
Concurrent spin time: 0.00s

Solved with barrier
     138    2.2500000e+01   0.000000e+00   0.000000e+00      9s

Use crossover to convert LP symmetric solution to basic solution...

Root crossover log...

       0 DPushes remaining with DInf 0.0000000e+00                10s

    5196 PPushes remaining with PInf 0.0000000e+00                10s
       0 PPushes remaining with PInf 0.0000000e+00                10s

  Push phase complete: Pinf 0.0000000e+00, Dinf 2.6032509e-12     10s


Root simplex log...

Iteration    Objective       Primal Inf.    Dual Inf.      Time
    5509    2.2500000e+01   0.000000e+00   0.000000e+00     10s
    5509    2.2500000e+01   0.000000e+00   0.000000e+00     10s

Root relaxation: objective 2.250000e+01, 5509 iterations, 3.72 seconds (4.90 work units)
