
Gurobi 11.0.0 (win64) logging started Mon Dec 23 03:27:54 2024

Set parameter LogFile to value "C:\Users\Administrator\Desktop\OptRail_Railroad_Construction\Data\Solution\AnzahlAuftraege_NEW_20\a20_o236_m12_an106_ar24\6_Objectives\weighted\gurobi_a20_o236_m12_an106_ar24_weighted.log"
Gurobi Optimizer version 11.0.0 build v11.0.0rc2 (win64 - Windows Server 2022.0 (20348.2))

CPU model: AMD EPYC 7513 32-Core Processor, instruction set [SSE2|AVX|AVX2]
Thread count: 18 physical cores, 18 logical processors, using up to 16 threads

Optimize a model with 10080 rows, 1295900 columns and 6236021 nonzeros
Model fingerprint: 0x91275d4a
Variable types: 0 continuous, 1295900 integer (1295900 binary)
Coefficient statistics:
  Matrix range     [1e+00, 1e+01]
  Objective range  [1e+00, 2e+02]
  Bounds range     [1e+00, 1e+00]
  RHS range        [1e+00, 2e+02]

---------------------------------------------------------------------------
Multi-objectives: starting optimization with 6 objectives (1 combined) ...
---------------------------------------------------------------------------
---------------------------------------------------------------------------

Multi-objectives: optimize objective 1 (weighted) ...
---------------------------------------------------------------------------

Optimize a model with 10080 rows, 1295900 columns and 6236021 nonzeros
Model fingerprint: 0x3ee2dbb1
Variable types: 0 continuous, 1295900 integer (1295900 binary)
Coefficient statistics:
  Matrix range     [1e+00, 1e+01]
  Objective range  [1e-03, 5e-01]
  Bounds range     [1e+00, 1e+00]
  RHS range        [1e+00, 2e+02]
Found heuristic solution: objective 0.0000000
Presolve removed 412 rows and 675401 columns (presolve time = 5s) ...
Presolve added 1082 rows and 0 columns
Presolve removed 0 rows and 673907 columns
Presolve time: 8.42s
Presolved: 11162 rows, 621993 columns, 5911720 nonzeros
Variable types: 0 continuous, 621993 integer (620499 binary)
Deterministic concurrent LP optimizer: primal simplex, dual simplex, and barrier
Showing barrier log only...

Root barrier log...

Ordering time: 0.78s

Barrier statistics:
 AA' NZ     : 1.859e+06
 Factor NZ  : 6.311e+06 (roughly 300 MB of memory)
 Factor Ops : 5.893e+09 (less than 1 second per iteration)
 Threads    : 14

                  Objective                Residual
Iter       Primal          Dual         Primal    Dual     Compl     Time
   0   2.57197135e+05 -3.35045143e+05  6.74e+05 4.14e-02  1.04e+01    13s
   1   1.03513375e+05 -3.17203889e+05  2.71e+05 1.52e-01  4.25e+00    13s
   2   2.40162422e+04 -2.79361347e+05  6.29e+04 3.98e-02  1.11e+00    13s
   3   8.13736685e+03 -1.68847792e+05  2.13e+04 1.87e-03  3.85e-01    14s
   4   6.11596741e+03 -1.50495792e+05  1.60e+04 1.44e-03  3.02e-01    14s
   5   4.38088183e+03 -8.33081127e+04  1.15e+04 4.46e-05  1.83e-01    14s
   6   2.92671299e+03 -2.31120769e+04  7.66e+03 3.22e-15  8.77e-02    14s
   7   1.35196675e+03 -1.09776446e+04  3.52e+03 2.66e-15  3.97e-02    14s
   8   4.20596401e+02 -4.34056514e+03  1.08e+03 3.38e-14  1.28e-02    14s
   9   1.41295382e+02 -3.02628463e+03  3.45e+02 1.64e-14  5.39e-03    14s
  10   8.47662415e+01 -2.26492293e+03  1.97e+02 1.24e-14  3.50e-03    15s
  11   5.72393785e+01 -1.65175288e+03  1.28e+02 9.33e-15  2.40e-03    15s
  12   3.99530415e+01 -8.25683922e+02  8.74e+01 5.11e-15  1.37e-03    15s
  13   5.82182419e+00 -3.60588086e+02  1.36e+01 1.89e-15  3.98e-04    15s
  14   8.35783690e-01 -1.68347135e+02  4.91e+00 2.53e-15  1.75e-04    15s
  15  -2.23035621e-01 -1.65648245e+02  3.35e+00 2.72e-15  1.59e-04    15s
  16  -7.37167736e-01 -1.59694406e+02  2.63e+00 3.27e-15  1.48e-04    15s
  17  -1.56563714e+00 -1.48886080e+02  1.60e+00 4.27e-15  1.30e-04    16s
  18  -2.74956832e+00 -9.49111925e+01  6.93e-02 2.92e-15  7.61e-05    16s
  19  -3.23036650e+00 -4.61760724e+01  2.14e-02 1.54e-15  3.52e-05    16s
  20  -3.52867233e+00 -3.23071836e+01  1.69e-02 1.35e-15  2.35e-05    16s
  21  -3.93724391e+00 -2.76783156e+01  1.66e-01 1.15e-15  1.93e-05    16s
  22  -4.42182726e+00 -2.27628034e+01  9.88e-02 9.06e-16  1.49e-05    16s
  23  -4.61939743e+00 -2.11924712e+01  8.35e-02 7.94e-16  1.34e-05    17s
  24  -5.19804152e+00 -1.76937242e+01  5.85e-02 6.34e-16  1.01e-05    17s
  25  -5.69065136e+00 -1.60258996e+01  4.43e-02 5.67e-16  8.34e-06    17s
  26  -6.12749103e+00 -1.38919717e+01  2.92e-02 4.31e-16  6.25e-06    17s
  27  -6.40790232e+00 -1.21694303e+01  2.14e-02 3.06e-16  4.63e-06    17s
  28  -6.60924558e+00 -1.16689636e+01  1.69e-02 3.51e-16  4.07e-06    18s
  29  -6.77357413e+00 -1.08068904e+01  1.39e-02 3.10e-16  3.24e-06    18s
  30  -6.96201449e+00 -9.93354157e+00  1.04e-02 2.60e-16  2.39e-06    18s
  31  -7.04604201e+00 -9.48758817e+00  8.96e-03 2.22e-16  1.96e-06    18s
  32  -7.19817617e+00 -9.23342104e+00  6.34e-03 2.79e-16  1.63e-06    18s
  33  -7.23878867e+00 -8.87187919e+00  5.66e-03 1.67e-16  1.31e-06    19s
  34  -7.29487228e+00 -8.68589441e+00  4.74e-03 1.47e-16  1.12e-06    19s
  35  -7.41119564e+00 -8.38607497e+00  2.84e-03 3.20e-16  7.82e-07    19s
  36  -7.47054720e+00 -8.29404316e+00  1.93e-03 1.37e-16  6.61e-07    19s
  37  -7.50629920e+00 -8.11968499e+00  1.50e-03 1.85e-16  4.92e-07    19s
  38  -7.54960259e+00 -8.07380745e+00  9.73e-04 1.33e-16  4.20e-07    20s
  39  -7.56590132e+00 -7.97802273e+00  7.82e-04 1.24e-16  3.31e-07    20s
  40  -7.58617236e+00 -7.90196813e+00  5.50e-04 1.48e-16  2.53e-07    20s
  41  -7.60914611e+00 -7.80070873e+00  3.01e-04 1.67e-16  1.54e-07    20s
  42  -7.62261859e+00 -7.74639309e+00  1.75e-04 1.08e-16  9.93e-08    20s
  43  -7.63164941e+00 -7.70678878e+00  1.00e-04 2.10e-16  6.03e-08    20s
  44  -7.63810176e+00 -7.68155061e+00  4.56e-05 1.11e-16  3.48e-08    21s
  45  -7.63987832e+00 -7.66766992e+00  3.08e-05 1.64e-16  2.23e-08    21s
  46  -7.64172648e+00 -7.65733319e+00  1.89e-05 9.42e-17  1.25e-08    21s
  47  -7.64304770e+00 -7.65438128e+00  1.08e-05 1.12e-16  9.09e-09    21s
  48  -7.64383138e+00 -7.65088920e+00  6.04e-06 2.25e-16  5.66e-09    21s
  49  -7.64431231e+00 -7.64926230e+00  3.48e-06 9.46e-17  3.97e-09    21s
  50  -7.64445610e+00 -7.64908963e+00  2.84e-06 1.16e-16  3.71e-09    21s
  51  -7.64465922e+00 -7.64754943e+00  1.81e-06 1.11e-16  2.32e-09    22s
  52  -7.64483039e+00 -7.64692502e+00  1.02e-06 3.34e-16  1.68e-09    22s
  53  -7.64499998e+00 -7.64535947e+00  2.86e-07 1.94e-16  2.88e-10    22s
  54  -7.64509680e+00 -7.64511585e+00  2.64e-08 1.11e-16  1.53e-11    22s
  55  -7.64510806e+00 -7.64510809e+00  1.73e-10 2.73e-16  1.92e-14    22s

Barrier solved model in 55 iterations and 22.30 seconds (44.31 work units)
Optimal objective -7.64510806e+00


Root crossover log...

    6521 DPushes remaining with DInf 0.0000000e+00                22s
       0 DPushes remaining with DInf 0.0000000e+00                23s

    8152 PPushes remaining with PInf 0.0000000e+00                23s
       0 PPushes remaining with PInf 0.0000000e+00                23s

  Push phase complete: Pinf 0.0000000e+00, Dinf 2.0893226e-14     23s


Root simplex log...

Iteration    Objective       Primal Inf.    Dual Inf.      Time
   14492   -7.6451081e+00   0.000000e+00   0.000000e+00     23s
Concurrent spin time: 1.91s (can be avoided by choosing Method=3)

Solved with barrier

Root relaxation: objective -7.645108e+00, 14492 iterations, 15.39 seconds (17.91 work units)
Total elapsed time = 31.02s (DegenMoves)
Total elapsed time = 37.33s (DegenMoves)

    Nodes    |    Current Node    |     Objective Bounds      |     Work
 Expl Unexpl |  Obj  Depth IntInf | Incumbent    BestBd   Gap | It/Node Time

     0     0   -7.64511    0 3265    0.00000   -7.64511      -     -   42s
H    0     0                      -3.3739797   -7.64511   127%     -   83s
     0     0   -7.59103    0 3932   -3.37398   -7.59103   125%     -  414s
H    0     0                      -3.3975816   -7.59102   123%     -  893s
     0     0   -7.59102    0 3942   -3.39758   -7.59102   123%     -  894s
     0     0   -7.52006    0 4697   -3.39758   -7.52006   121%     - 1348s
H    0     0                      -4.5275063   -7.52006  66.1%     - 1417s
     0     0   -7.51373    0 5103   -4.52751   -7.51373  66.0%     - 1554s
     0     0   -7.44052    0 5606   -4.52751   -7.44052  64.3%     - 2037s
     0     0   -7.43392    0 5665   -4.52751   -7.43392  64.2%     - 2299s
     0     0   -7.40044    0 6509   -4.52751   -7.40044  63.5%     - 2775s
H    0     0                      -4.6512484   -7.40044  59.1%     - 2839s
     0     0   -7.39470    0 6461   -4.65125   -7.39470  59.0%     - 3072s
     0     0   -7.37877    0 6236   -4.65125   -7.37877  58.6%     - 3467s
     0     0   -7.37628    0 6335   -4.65125   -7.37628  58.6%     - 3657s
     0     0   -7.36966    0 6530   -4.65125   -7.36966  58.4%     - 3992s
H    0     0                      -4.9281054   -7.36966  49.5%     - 4076s
     0     0   -7.36845    0 6535   -4.92811   -7.36845  49.5%     - 4257s
     0     0   -7.36195    0 7254   -4.92811   -7.36195  49.4%     - 4560s
H    0     0                      -4.9805781   -7.36194  47.8%     - 7777s
     0     0   -7.36138    0 7115   -4.98058   -7.36138  47.8%     - 7905s
     0     0   -7.35762    0 6088   -4.98058   -7.35762  47.7%     - 8168s
H    0     0                      -5.1501261   -7.35762  42.9%     - 8211s
     0     0   -7.35716    0 6062   -5.15013   -7.35716  42.9%     - 8425s
     0     0   -7.35464    0 6226   -5.15013   -7.35464  42.8%     - 8668s
     0     0   -7.35364    0 6143   -5.15013   -7.35364  42.8%     - 8831s
     0     0   -7.35078    0 6191   -5.15013   -7.35078  42.7%     - 9005s
H    0     0                      -5.2330234   -7.35078  40.5%     - 9089s
     0     0   -7.35059    0 5647   -5.23302   -7.35059  40.5%     - 9218s
     0     0   -7.35055    0 5607   -5.23302   -7.35055  40.5%     - 9310s
     0     0   -7.34908    0 5707   -5.23302   -7.34908  40.4%     - 9480s
     0     0   -7.34884    0 5851   -5.23302   -7.34884  40.4%     - 9523s
     0     0   -7.34883    0 5910   -5.23302   -7.34883  40.4%     - 9602s
     0     0   -7.34584    0 6024   -5.23302   -7.34584  40.4%     - 9840s
H    0     0                      -5.3311469   -7.34584  37.8%     - 10059s
     0     0   -7.34553    0 6007   -5.33115   -7.34553  37.8%     - 10238s
     0     0   -7.34538    0 5969   -5.33115   -7.34538  37.8%     - 10341s
     0     0   -7.34536    0 5947   -5.33115   -7.34536  37.8%     - 10352s
     0     0   -7.34418    0 6295   -5.33115   -7.34418  37.8%     - 10521s
     0     0   -7.34410    0 5859   -5.33115   -7.34410  37.8%     - 10594s
     0     0          -    0        -5.33115   -7.34410  37.8%     - 10800s

Cutting planes:
  Cover: 3
  Implied bound: 5
  MIR: 48
  Zero half: 28
  RLT: 15
  Relax-and-lift: 2565
  BQP: 7

Explored 1 nodes (1004033 simplex iterations) in 10800.11 seconds (23095.73 work units)
Thread count was 16 (of 18 available processors)

Solution count 10: -5.33115 -5.23302 -5.15013 ... 0

Time limit reached
Best objective -5.331146907734e+00, best bound -7.344100250432e+00, gap 37.7584%

---------------------------------------------------------------------------
Multi-objectives: stopped in 10800.54 seconds (23095.73 work units), solution count 10
Time Limit reached

