
Gurobi 10.0.3 (mac64[arm]) logging started Wed Apr 16 14:46:09 2025

Set parameter LogFile to value "/Users/niklas/Desktop/Diplomarbeit/OptRail_Railroad_Construction/Data/Solution_math_model/Reduced/a3_o80_m10_an10_ar9_reduced/1_Objectives/construction_fulfillment/gurobi_a3_o80_m10_an10_ar9_reduced_construction_fulfillment.log"
Gurobi Optimizer version 10.0.3 build v10.0.3rc0 (mac64[arm])

CPU model: Apple M1 Pro
Thread count: 8 physical cores, 8 logical processors, using up to 16 threads

Warning: Thread count (16) is larger than processor count (8)
         Reduce the value of the Threads parameter to improve performance


Optimize a model with 1625 rows, 72262 columns and 549291 nonzeros
Model fingerprint: 0x4cd440ab
Variable types: 0 continuous, 72262 integer (72262 binary)
Coefficient statistics:
  Matrix range     [1e+00, 1e+01]
  Objective range  [1e+00, 1e+00]
  Bounds range     [1e+00, 1e+00]
  RHS range        [1e+00, 2e+02]
Found heuristic solution: objective -0.0000000
Presolve removed 316 rows and 37450 columns
Presolve time: 0.38s
Presolved: 1309 rows, 34812 columns, 389174 nonzeros
Variable types: 0 continuous, 34812 integer (34812 binary)
Deterministic concurrent LP optimizer: primal and dual simplex
Showing first log only...

Concurrent spin time: 0.00s

Solved with dual simplex

Use crossover to convert LP symmetric solution to basic solution...

Root relaxation: objective 3.000000e+00, 1601 iterations, 0.12 seconds (0.26 work units)

    Nodes    |    Current Node    |     Objective Bounds      |     Work
 Expl Unexpl |  Obj  Depth IntInf | Incumbent    BestBd   Gap | It/Node Time

*    0     0               0       3.0000000    3.00000  0.00%     -    0s

Explored 1 nodes (14530 simplex iterations) in 0.99 seconds (3.02 work units)
Thread count was 16 (of 8 available processors)

Solution count 2: 3 -0 

Optimal solution found (tolerance 1.00e-04)
Best objective 3.000000000000e+00, best bound 3.000000000000e+00, gap 0.0000%

Gurobi 10.0.3 (mac64[arm]) logging started Wed Apr 16 14:49:40 2025

Set parameter LogFile to value "/Users/niklas/Desktop/Diplomarbeit/OptRail_Railroad_Construction/Data/Solution_math_model/Reduced/a3_o80_m10_an10_ar9_reduced/1_Objectives/construction_fulfillment/gurobi_a3_o80_m10_an10_ar9_reduced_construction_fulfillment.log"
Gurobi Optimizer version 10.0.3 build v10.0.3rc0 (mac64[arm])

CPU model: Apple M1 Pro
Thread count: 8 physical cores, 8 logical processors, using up to 16 threads

Warning: Thread count (16) is larger than processor count (8)
         Reduce the value of the Threads parameter to improve performance


Optimize a model with 1625 rows, 72262 columns and 549291 nonzeros
Model fingerprint: 0x4cd440ab
Variable types: 0 continuous, 72262 integer (72262 binary)
Coefficient statistics:
  Matrix range     [1e+00, 1e+01]
  Objective range  [1e+00, 1e+00]
  Bounds range     [1e+00, 1e+00]
  RHS range        [1e+00, 2e+02]
Found heuristic solution: objective -0.0000000
Presolve removed 316 rows and 37450 columns
Presolve time: 0.39s
Presolved: 1309 rows, 34812 columns, 389174 nonzeros
Variable types: 0 continuous, 34812 integer (34812 binary)
Deterministic concurrent LP optimizer: primal and dual simplex
Showing first log only...

Concurrent spin time: 0.00s

Solved with dual simplex

Use crossover to convert LP symmetric solution to basic solution...

Root relaxation: objective 3.000000e+00, 1601 iterations, 0.12 seconds (0.26 work units)

    Nodes    |    Current Node    |     Objective Bounds      |     Work
 Expl Unexpl |  Obj  Depth IntInf | Incumbent    BestBd   Gap | It/Node Time

*    0     0               0       3.0000000    3.00000  0.00%     -    0s

Explored 1 nodes (14530 simplex iterations) in 1.01 seconds (3.02 work units)
Thread count was 16 (of 8 available processors)

Solution count 2: 3 -0 

Optimal solution found (tolerance 1.00e-04)
Best objective 3.000000000000e+00, best bound 3.000000000000e+00, gap 0.0000%

Gurobi 10.0.3 (mac64[arm]) logging started Wed Apr 16 14:50:42 2025

Set parameter LogFile to value "/Users/niklas/Desktop/Diplomarbeit/OptRail_Railroad_Construction/Data/Solution_math_model/Reduced/a3_o80_m10_an10_ar9_reduced/1_Objectives/construction_fulfillment/gurobi_a3_o80_m10_an10_ar9_reduced_construction_fulfillment.log"
Gurobi Optimizer version 10.0.3 build v10.0.3rc0 (mac64[arm])

CPU model: Apple M1 Pro
Thread count: 8 physical cores, 8 logical processors, using up to 16 threads

Warning: Thread count (16) is larger than processor count (8)
         Reduce the value of the Threads parameter to improve performance


Optimize a model with 1625 rows, 72262 columns and 549291 nonzeros
Model fingerprint: 0x4cd440ab
Variable types: 0 continuous, 72262 integer (72262 binary)
Coefficient statistics:
  Matrix range     [1e+00, 1e+01]
  Objective range  [1e+00, 1e+00]
  Bounds range     [1e+00, 1e+00]
  RHS range        [1e+00, 2e+02]
Found heuristic solution: objective -0.0000000
Presolve removed 316 rows and 37450 columns
Presolve time: 0.39s
Presolved: 1309 rows, 34812 columns, 389174 nonzeros
Variable types: 0 continuous, 34812 integer (34812 binary)
Deterministic concurrent LP optimizer: primal and dual simplex
Showing first log only...

Concurrent spin time: 0.00s

Solved with dual simplex

Use crossover to convert LP symmetric solution to basic solution...

Root relaxation: objective 3.000000e+00, 1601 iterations, 0.12 seconds (0.26 work units)

    Nodes    |    Current Node    |     Objective Bounds      |     Work
 Expl Unexpl |  Obj  Depth IntInf | Incumbent    BestBd   Gap | It/Node Time

*    0     0               0       3.0000000    3.00000  0.00%     -    0s

Explored 1 nodes (14530 simplex iterations) in 0.98 seconds (3.02 work units)
Thread count was 16 (of 8 available processors)

Solution count 2: 3 -0 

Optimal solution found (tolerance 1.00e-04)
Best objective 3.000000000000e+00, best bound 3.000000000000e+00, gap 0.0000%

Gurobi 10.0.3 (mac64[arm]) logging started Wed Apr 16 14:51:46 2025

Set parameter LogFile to value "/Users/niklas/Desktop/Diplomarbeit/OptRail_Railroad_Construction/Data/Solution_math_model/Reduced/a3_o80_m10_an10_ar9_reduced/1_Objectives/construction_fulfillment/gurobi_a3_o80_m10_an10_ar9_reduced_construction_fulfillment.log"
Gurobi Optimizer version 10.0.3 build v10.0.3rc0 (mac64[arm])

CPU model: Apple M1 Pro
Thread count: 8 physical cores, 8 logical processors, using up to 16 threads

Warning: Thread count (16) is larger than processor count (8)
         Reduce the value of the Threads parameter to improve performance


Optimize a model with 1625 rows, 72262 columns and 549291 nonzeros
Model fingerprint: 0x4cd440ab
Variable types: 0 continuous, 72262 integer (72262 binary)
Coefficient statistics:
  Matrix range     [1e+00, 1e+01]
  Objective range  [1e+00, 1e+00]
  Bounds range     [1e+00, 1e+00]
  RHS range        [1e+00, 2e+02]
Found heuristic solution: objective -0.0000000
Presolve removed 316 rows and 37450 columns
Presolve time: 0.38s
Presolved: 1309 rows, 34812 columns, 389174 nonzeros
Variable types: 0 continuous, 34812 integer (34812 binary)
Deterministic concurrent LP optimizer: primal and dual simplex
Showing first log only...

Concurrent spin time: 0.00s

Solved with dual simplex

Use crossover to convert LP symmetric solution to basic solution...

Root relaxation: objective 3.000000e+00, 1601 iterations, 0.13 seconds (0.26 work units)

    Nodes    |    Current Node    |     Objective Bounds      |     Work
 Expl Unexpl |  Obj  Depth IntInf | Incumbent    BestBd   Gap | It/Node Time

*    0     0               0       3.0000000    3.00000  0.00%     -    0s

Explored 1 nodes (14530 simplex iterations) in 0.99 seconds (3.02 work units)
Thread count was 16 (of 8 available processors)

Solution count 2: 3 -0 

Optimal solution found (tolerance 1.00e-04)
Best objective 3.000000000000e+00, best bound 3.000000000000e+00, gap 0.0000%
