
Gurobi 11.0.0 (win64) logging started Mon Dec 23 15:31:16 2024

Set parameter LogFile to value "C:\Users\Administrator\Desktop\OptRail_Railroad_Construction\Data\Solution\AnzahlAuftraege_NEW_25\a25_o306_m13_an127_ar31\3_Objectives\weighted\gurobi_a25_o306_m13_an127_ar31_weighted.log"
Gurobi Optimizer version 11.0.0 build v11.0.0rc2 (win64 - Windows Server 2022.0 (20348.2))

CPU model: AMD EPYC 7513 32-Core Processor, instruction set [SSE2|AVX|AVX2]
Thread count: 18 physical cores, 18 logical processors, using up to 16 threads

Optimize a model with 15342 rows, 2608311 columns and 13895596 nonzeros
Model fingerprint: 0x30f54eeb
Variable types: 0 continuous, 2608311 integer (2608311 binary)
Coefficient statistics:
  Matrix range     [1e+00, 1e+01]
  Objective range  [1e+00, 2e+02]
  Bounds range     [1e+00, 1e+00]
  RHS range        [1e+00, 2e+02]

---------------------------------------------------------------------------
Multi-objectives: starting optimization with 3 objectives (1 combined) ...
---------------------------------------------------------------------------
---------------------------------------------------------------------------

Multi-objectives: optimize objective 1 (weighted) ...
---------------------------------------------------------------------------

Optimize a model with 15342 rows, 2608311 columns and 13895596 nonzeros
Model fingerprint: 0xf4dcfdf0
Variable types: 0 continuous, 2608311 integer (2608311 binary)
Coefficient statistics:
  Matrix range     [1e+00, 1e+01]
  Objective range  [2e-04, 7e-01]
  Bounds range     [1e+00, 1e+00]
  RHS range        [1e+00, 2e+02]
Found heuristic solution: objective 0.0000000
Presolve removed 133 rows and 1359814 columns (presolve time = 5s) ...
Presolve removed 160 rows and 1359840 columns (presolve time = 10s) ...
Presolve removed 160 rows and 1359840 columns (presolve time = 15s) ...
Presolve removed 160 rows and 1359840 columns
Presolve time: 17.76s
Presolved: 15182 rows, 1248471 columns, 13770798 nonzeros
Variable types: 0 continuous, 1248471 integer (1248471 binary)
Deterministic concurrent LP optimizer: primal simplex, dual simplex, and barrier
Showing barrier log only...

Root barrier log...

Ordering time: 1.48s

Barrier statistics:
 AA' NZ     : 4.057e+06
 Factor NZ  : 1.417e+07 (roughly 600 MB of memory)
 Factor Ops : 2.348e+10 (less than 1 second per iteration)
 Threads    : 14

                  Objective                Residual
Iter       Primal          Dual         Primal    Dual     Compl     Time
   0   1.91874166e+05 -9.01660835e+05  2.13e+06 4.16e-02  2.69e+01    26s
   1   1.42178788e+05 -8.94528052e+05  1.58e+06 2.03e-01  2.01e+01    27s
   2   4.62360088e+04 -8.75633733e+05  5.13e+05 6.13e-02  6.75e+00    27s
   3   1.72945242e+04 -7.82150797e+05  1.91e+05 1.11e-14  2.60e+00    28s
   4   5.53010670e+03 -6.74651017e+05  6.13e+04 2.66e-15  9.60e-01    28s
   5   4.90521378e+03 -5.45970677e+05  5.44e+04 2.89e-15  7.94e-01    28s
   6   4.13917319e+03 -3.79801688e+05  4.60e+04 3.77e-15  5.92e-01    29s
   7   3.32931376e+03 -2.79490544e+05  3.70e+04 5.33e-15  4.48e-01    29s
   8   2.78852521e+03 -7.44550574e+04  3.10e+04 7.11e-15  2.83e-01    29s
   9   1.62594034e+03 -2.56947635e+04  1.81e+04 9.95e-14  1.54e-01    30s
  10   3.76635391e+01 -8.01653024e+03  4.74e+02 2.38e-13  6.95e-03    30s
  11   1.23094107e+01 -3.43537445e+03  2.07e+02 9.59e-14  2.96e-03    30s
  12  -4.40135201e-01 -1.73217782e+03  8.89e+01 4.44e-14  1.35e-03    31s
  13  -7.38031498e+00 -1.00291645e+03  4.06e+01 3.06e-14  6.85e-04    31s
  14  -1.14811776e+01 -7.57220371e+02  1.11e+01 2.28e-14  3.76e-04    31s
  15  -1.22954468e+01 -5.16291438e+02  3.65e+00 1.53e-14  2.28e-04    32s
  16  -1.22322878e+01 -4.20574446e+02  4.65e-01 1.24e-14  1.69e-04    32s
  17  -1.21808929e+01 -1.51324270e+02  2.44e-02 3.60e-15  5.67e-05    32s
  18  -1.25778237e+01 -5.90685841e+01  1.05e-02 1.31e-15  1.88e-05    33s
  19  -1.30090888e+01 -4.77257623e+01  6.26e-03 7.81e-16  1.40e-05    33s
  20  -1.32834126e+01 -3.77676828e+01  4.93e-03 7.38e-16  9.86e-06    33s
  21  -1.35840405e+01 -3.35064881e+01  3.88e-03 4.79e-16  8.01e-06    34s
  22  -1.38913983e+01 -2.84997284e+01  2.80e-03 5.82e-16  5.87e-06    34s
  23  -1.42583371e+01 -2.41504963e+01  2.13e-02 3.40e-16  3.97e-06    34s
  24  -1.44882244e+01 -2.18228853e+01  1.59e-02 3.25e-16  2.95e-06    35s
  25  -1.46831311e+01 -2.08097430e+01  1.27e-02 3.43e-16  2.46e-06    35s
  26  -1.48445314e+01 -2.03889046e+01  1.02e-02 3.58e-16  2.22e-06    36s
  27  -1.49777504e+01 -1.89130480e+01  8.33e-03 3.08e-16  1.58e-06    36s
  28  -1.51535358e+01 -1.76864702e+01  6.09e-03 3.28e-16  1.02e-06    37s
  29  -1.52875631e+01 -1.71187473e+01  4.65e-03 3.13e-16  7.35e-07    37s
  30  -1.53603312e+01 -1.67259717e+01  3.92e-03 3.83e-16  5.48e-07    38s
  31  -1.54642573e+01 -1.64385029e+01  2.98e-03 4.18e-16  3.91e-07    39s
  32  -1.55015710e+01 -1.62745827e+01  2.64e-03 3.52e-16  3.11e-07    39s
  33  -1.55669642e+01 -1.61737554e+01  2.03e-03 2.63e-16  2.44e-07    40s
  34  -1.56187937e+01 -1.60856277e+01  1.57e-03 3.01e-16  1.88e-07    40s
  35  -1.56657475e+01 -1.59944813e+01  1.15e-03 5.57e-16  1.32e-07    41s
  36  -1.56920767e+01 -1.59223250e+01  8.98e-04 3.15e-16  9.26e-08    41s
  37  -1.57134015e+01 -1.58736640e+01  7.19e-04 3.52e-16  6.45e-08    42s
  38  -1.57356515e+01 -1.58476498e+01  5.34e-04 2.75e-16  4.51e-08    42s
  39  -1.57427654e+01 -1.58339609e+01  4.71e-04 3.16e-16  3.67e-08    43s
  40  -1.57556839e+01 -1.58206998e+01  3.61e-04 2.93e-16  2.62e-08    43s
  41  -1.57700779e+01 -1.58146487e+01  2.33e-04 7.59e-16  1.80e-08    44s
  42  -1.57717740e+01 -1.58071697e+01  2.18e-04 3.75e-16  1.43e-08    44s
  43  -1.57797349e+01 -1.58043287e+01  1.48e-04 3.39e-16  9.92e-09    45s
  44  -1.57853044e+01 -1.58007901e+01  9.67e-05 3.62e-16  6.25e-09    45s
  45  -1.57897425e+01 -1.57983218e+01  5.64e-05 3.12e-16  3.46e-09    46s
  46  -1.57902225e+01 -1.57981665e+01  5.23e-05 4.07e-16  3.21e-09    46s
  47  -1.57909290e+01 -1.57981134e+01  4.60e-05 4.73e-16  2.90e-09    47s
  48  -1.57921740e+01 -1.57972267e+01  3.48e-05 2.68e-16  2.04e-09    47s
  49  -1.57948080e+01 -1.57967185e+01  1.19e-05 3.90e-16  7.71e-10    47s
  50  -1.57957349e+01 -1.57963397e+01  3.70e-06 5.20e-16  2.44e-10    48s
  51  -1.57960050e+01 -1.57962469e+01  1.46e-06 3.54e-16  9.76e-11    48s
  52  -1.57961734e+01 -1.57962039e+01  7.78e-08 4.33e-16  1.22e-11    48s
  53  -1.57961866e+01 -1.57961875e+01  5.13e-08 3.51e-16  3.39e-13    49s
  54  -1.57961867e+01 -1.57961870e+01  7.49e-08 3.81e-16  1.07e-13    49s
  55  -1.57961868e+01 -1.57961868e+01  2.98e-08 3.99e-16  2.15e-14    49s

Barrier solved model in 55 iterations and 49.49 seconds (107.41 work units)
Optimal objective -1.57961868e+01


Root crossover log...

    9953 DPushes remaining with DInf 0.0000000e+00                50s
     216 DPushes remaining with DInf 0.0000000e+00                50s
       0 DPushes remaining with DInf 0.0000000e+00                50s

   52976 PPushes remaining with PInf 3.4383891e-05                50s
       0 PPushes remaining with PInf 0.0000000e+00                51s

  Push phase complete: Pinf 0.0000000e+00, Dinf 4.2400748e-14     51s


Root simplex log...

Iteration    Objective       Primal Inf.    Dual Inf.      Time
   62433   -1.5796187e+01   0.000000e+00   0.000000e+00     51s
Concurrent spin time: 3.62s (can be avoided by choosing Method=3)

Solved with barrier

Root relaxation: objective -1.579619e+01, 62433 iterations, 35.25 seconds (44.74 work units)
Total elapsed time = 121.78s (DegenMoves)
Total elapsed time = 129.29s (DegenMoves)
Total elapsed time = 169.41s (DegenMoves)
Total elapsed time = 220.91s (DegenMoves)

    Nodes    |    Current Node    |     Objective Bounds      |     Work
 Expl Unexpl |  Obj  Depth IntInf | Incumbent    BestBd   Gap | It/Node Time

     0     0  -15.79619    0 3299    0.00000  -15.79619      -     -  248s
H    0     0                      -9.6283861  -15.79619  64.1%     -  569s
     0     0  -15.76104    0 3585   -9.62839  -15.76104  63.7%     - 1032s
H    0     0                     -12.1224232  -15.76104  30.0%     - 1969s
     0     0  -15.76033    0 3607  -12.12242  -15.76033  30.0%     - 2454s
     0     0  -15.69308    0 3436  -12.12242  -15.69308  29.5%     - 2865s
     0     0  -15.69299    0 3367  -12.12242  -15.69299  29.5%     - 2936s
     0     0  -15.65054    0 3477  -12.12242  -15.65054  29.1%     - 9655s
H    0     0                     -13.4224728  -15.65054  16.6%     - 10154s
     0     0          -    0       -13.42247  -15.65054  16.6%     - 10800s

Cutting planes:
  Cover: 1
  Clique: 34
  MIR: 57
  Zero half: 223

Explored 1 nodes (984428 simplex iterations) in 10800.21 seconds (24445.45 work units)
Thread count was 16 (of 18 available processors)

Solution count 4: -13.4225 -12.1224 -9.62839 0 

Time limit reached
Best objective -1.342247281863e+01, best bound -1.565053525651e+01, gap 16.5995%

---------------------------------------------------------------------------
Multi-objectives: stopped in 10800.83 seconds (24445.45 work units), solution count 4
Time Limit reached

