
Gurobi 11.0.0 (win64) logging started Thu Dec 19 17:38:16 2024

Set parameter LogFile to value "C:\Users\Administrator\Desktop\OptRail_Railroad_Construction\Data\Solution\Reduced\a3_o80_m10_an10_ar9_reduced\3_Objectives\hierarchical\gurobi_a3_o80_m10_an10_ar9_reduced_hierarchical.log"
Gurobi Optimizer version 11.0.0 build v11.0.0rc2 (win64 - Windows Server 2022.0 (20348.2))

CPU model: AMD EPYC 7513 32-Core Processor, instruction set [SSE2|AVX|AVX2]
Thread count: 18 physical cores, 18 logical processors, using up to 16 threads

Optimize a model with 1625 rows, 72262 columns and 549291 nonzeros
Model fingerprint: 0xb2f82ab7
Variable types: 0 continuous, 72262 integer (72262 binary)
Coefficient statistics:
  Matrix range     [1e+00, 1e+01]
  Objective range  [1e+00, 2e+02]
  Bounds range     [1e+00, 1e+00]
  RHS range        [1e+00, 2e+02]

---------------------------------------------------------------------------
Multi-objectives: starting optimization with 3 objectives ... 
---------------------------------------------------------------------------

Multi-objectives: applying initial presolve ...
---------------------------------------------------------------------------

Presolve removed 147 rows and 1 columns
Presolve time: 0.45s
Presolved: 1478 rows, 72261 columns, 416360 nonzeros
---------------------------------------------------------------------------

Multi-objectives: optimize objective 1 () ...
---------------------------------------------------------------------------

Found heuristic solution: objective 0.0000000
Presolve removed 162 rows and 37449 columns
Presolve time: 0.49s
Presolved: 1316 rows, 34812 columns, 401193 nonzeros
Variable types: 0 continuous, 34812 integer (34812 binary)
Deterministic concurrent LP optimizer: primal and dual simplex
Showing primal log only...

Concurrent spin time: 0.01s

Solved with dual simplex

Use crossover to convert LP symmetric solution to basic solution...

Root relaxation: objective -3.000000e+00, 1895 iterations, 0.23 seconds (0.32 work units)

    Nodes    |    Current Node    |     Objective Bounds      |     Work
 Expl Unexpl |  Obj  Depth IntInf | Incumbent    BestBd   Gap | It/Node Time

*    0     0               0      -3.0000000   -3.00000  0.00%     -    2s

Explored 1 nodes (16110 simplex iterations) in 2.11 seconds (3.93 work units)
Thread count was 16 (of 18 available processors)

Solution count 2: -3 0 
No other solutions better than -3

Optimal solution found (tolerance 1.00e-04)
Best objective -3.000000000000e+00, best bound -3.000000000000e+00, gap 0.0000%
---------------------------------------------------------------------------

Multi-objectives: optimize objective 2 () ...
---------------------------------------------------------------------------


Loaded user MIP start with objective 80

Presolve removed 2 rows and 37371 columns
Presolve time: 0.42s
Presolved: 1477 rows, 34890 columns, 416166 nonzeros
Variable types: 0 continuous, 34890 integer (34890 binary)
Found heuristic solution: objective 63.0000000
Deterministic concurrent LP optimizer: primal and dual simplex
Showing primal log only...


Solved with primal simplex

Use crossover to convert LP symmetric solution to basic solution...

Root relaxation: objective 2.100000e+01, 3291 iterations, 0.20 seconds (0.27 work units)
Total elapsed time = 5.47s (DegenMoves)

    Nodes    |    Current Node    |     Objective Bounds      |     Work
 Expl Unexpl |  Obj  Depth IntInf | Incumbent    BestBd   Gap | It/Node Time

     0     0   21.00000    0  283   63.00000   21.00000  66.7%     -    6s
H    0     0                      55.0000000   21.00000  61.8%     -    6s
     0     0   21.33333    0  531   55.00000   21.33333  61.2%     -    9s
H    0     0                      52.0000000   21.33333  59.0%     -   16s
     0     0   31.50000    0  689   52.00000   31.50000  39.4%     -   18s
H    0     0                      50.0000000   31.50000  37.0%     -   18s
     0     0   36.00000    0  715   50.00000   36.00000  28.0%     -   20s
     0     0   36.00000    0  688   50.00000   36.00000  28.0%     -   20s
     0     0   37.50000    0  685   50.00000   37.50000  25.0%     -   20s
H    0     0                      45.0000000   37.50000  16.7%     -   21s
     0     0   38.00000    0  683   45.00000   38.00000  15.6%     -   21s
     0     0   38.00000    0  678   45.00000   38.00000  15.6%     -   21s
     0     0   38.00000    0   24   45.00000   38.00000  15.6%     -   25s
H    0     0                      39.0000000   38.00000  2.56%     -   26s
H    0     0                      38.0000000   38.00000  0.00%     -   26s
     0     0   38.00000    0   24   38.00000   38.00000  0.00%     -   26s

Cutting planes:
  Implied bound: 1
  MIR: 44
  Zero half: 43

Explored 1 nodes (85985 simplex iterations) in 26.59 seconds (37.37 work units)
Thread count was 16 (of 18 available processors)

Solution count 8: 38 39 45 ... 80

Optimal solution found (tolerance 1.00e-04)
Best objective 3.800000000000e+01, best bound 3.800000000000e+01, gap 0.0000%
---------------------------------------------------------------------------

Multi-objectives: optimize objective 3 () ...
---------------------------------------------------------------------------


Loaded user MIP start with objective 7407.78

Presolve removed 2 rows and 37353 columns
Presolve time: 0.40s
Presolved: 1478 rows, 34908 columns, 416264 nonzeros
Variable types: 0 continuous, 34908 integer (34908 binary)
Deterministic concurrent LP optimizer: primal and dual simplex
Showing primal log only...


Root simplex log...

Iteration    Objective       Primal Inf.    Dual Inf.      Time
       0    3.9378053e+02   2.330000e+02   3.865196e+10     27s

Solved with dual simplex

Root simplex log...

Iteration    Objective       Primal Inf.    Dual Inf.      Time
    3934    3.3378392e+03   0.000000e+00   0.000000e+00     28s

Root relaxation: objective 3.337839e+03, 3934 iterations, 0.85 seconds (0.97 work units)

    Nodes    |    Current Node    |     Objective Bounds      |     Work
 Expl Unexpl |  Obj  Depth IntInf | Incumbent    BestBd   Gap | It/Node Time

     0     0 3337.83919    0  234 7407.78341 3337.83919  54.9%     -   28s
H    0     0                    7138.7962132 3337.83919  53.2%     -   29s
H    0     0                    7094.7402843 3337.83919  53.0%     -   29s
     0     0 3348.77259    0  423 7094.74028 3348.77259  52.8%     -   29s
     0     0 3557.31170    0  368 7094.74028 3557.31170  49.9%     -   33s
H    0     0                    6541.0700825 3557.31170  45.6%     -   33s
     0     0 3563.33781    0  391 6541.07008 3563.33781  45.5%     -   33s
     0     0 3725.64638    0  358 6541.07008 3725.64638  43.0%     -   33s
     0     0 3725.64638    0  341 6541.07008 3725.64638  43.0%     -   34s
     0     0 3730.39370    0  338 6541.07008 3730.39370  43.0%     -   34s
     0     0 3759.40393    0  370 6541.07008 3759.40393  42.5%     -   34s
     0     0 3759.40393    0  343 6541.07008 3759.40393  42.5%     -   35s
H    0     0                    6434.9620541 3759.40393  41.6%     -   35s
     0     0 3794.94115    0  166 6434.96205 3794.94115  41.0%     -   36s
     0     0 3795.64246    0  211 6434.96205 3795.64246  41.0%     -   36s
H    0     0                    6341.8456935 3795.64246  40.1%     -   36s
     0     0 3795.64246    0  273 6341.84569 3795.64246  40.1%     -   36s
     0     0 3795.64246    0  141 6341.84569 3795.64246  40.1%     -   37s
H    0     0                    3892.1160210 3795.64246  2.48%     -   39s
     0     0 3796.81238    0  230 3892.11602 3796.81238  2.45%     -   40s
     0     0 3796.81238    0  377 3892.11602 3796.81238  2.45%     -   41s
H    0     0                    3846.7335215 3796.81238  1.30%     -   41s
     0     0 3796.81238    0  369 3846.73352 3796.81238  1.30%     -   42s
     0     0 3796.81238    0  392 3846.73352 3796.81238  1.30%     -   42s
     0     0 3796.81238    0  395 3846.73352 3796.81238  1.30%     -   42s
     0     0 3844.72695    0  378 3846.73352 3844.72695  0.05%     -   42s
     0     0 3844.72695    0  261 3846.73352 3844.72695  0.05%     -   43s
     0     0 3844.72695    0  268 3846.73352 3844.72695  0.05%     -   43s
     0     0 3844.72695    0  352 3846.73352 3844.72695  0.05%     -   43s
     0     0 3844.72695    0  351 3846.73352 3844.72695  0.05%     -   43s
     0     0 3844.72695    0  318 3846.73352 3844.72695  0.05%     -   43s
     0     0 3844.72695    0  309 3846.73352 3844.72695  0.05%     -   43s
     0     0 3844.72695    0  283 3846.73352 3844.72695  0.05%     -   43s
     0     0 3844.72695    0  276 3846.73352 3844.72695  0.05%     -   44s
     0     0 3844.72695    0  307 3846.73352 3844.72695  0.05%     -   44s
     0     0 3844.72695    0  283 3846.73352 3844.72695  0.05%     -   44s
     0     0 3844.72695    0   49 3846.73352 3844.72695  0.05%     -   44s
     0     0 3844.72695    0   49 3846.73352 3844.72695  0.05%     -   44s
     0     0 3844.72695    0   29 3846.73352 3844.72695  0.05%     -   44s
H    0     0                    3844.7269497 3844.72695  0.00%     -   44s
     0     0 3844.72695    0   29 3844.72695 3844.72695  0.00%     -   44s

Cutting planes:
  Gomory: 10
  MIR: 46
  Zero half: 59
  RLT: 3

Explored 1 nodes (73838 simplex iterations) in 44.67 seconds (61.92 work units)
Thread count was 16 (of 18 available processors)

Solution count 9: 3844.73 3846.73 3892.12 ... 7407.78

Optimal solution found (tolerance 1.00e-04)
Best objective 3.844726949713e+03, best bound 3.844726949713e+03, gap 0.0000%

---------------------------------------------------------------------------
Multi-objectives: solved in 44.71 seconds (61.92 work units), solution count 10

