
Gurobi 11.0.0 (win64) logging started Thu Dec 19 18:31:11 2024

Set parameter LogFile to value "C:\Users\Administrator\Desktop\OptRail_Railroad_Construction\Data\Solution\Reduced\a3_o80_m10_an10_ar9_reduced\6_Objectives\weighted\gurobi_a3_o80_m10_an10_ar9_reduced_weighted.log"
Gurobi Optimizer version 11.0.0 build v11.0.0rc2 (win64 - Windows Server 2022.0 (20348.2))

CPU model: AMD EPYC 7513 32-Core Processor, instruction set [SSE2|AVX|AVX2]
Thread count: 18 physical cores, 18 logical processors, using up to 16 threads

Optimize a model with 1625 rows, 72262 columns and 549291 nonzeros
Model fingerprint: 0x70ef9dc2
Variable types: 0 continuous, 72262 integer (72262 binary)
Coefficient statistics:
  Matrix range     [1e+00, 1e+01]
  Objective range  [1e+00, 2e+02]
  Bounds range     [1e+00, 1e+00]
  RHS range        [1e+00, 2e+02]

---------------------------------------------------------------------------
Multi-objectives: starting optimization with 6 objectives (1 combined) ...
---------------------------------------------------------------------------
---------------------------------------------------------------------------

Multi-objectives: optimize objective 1 (weighted) ...
---------------------------------------------------------------------------

Optimize a model with 1625 rows, 72262 columns and 549291 nonzeros
Model fingerprint: 0xda0d18a2
Variable types: 0 continuous, 72262 integer (72262 binary)
Coefficient statistics:
  Matrix range     [1e+00, 1e+01]
  Objective range  [9e-04, 5e-01]
  Bounds range     [1e+00, 1e+00]
  RHS range        [1e+00, 2e+02]
Found heuristic solution: objective 0.0000000
Presolve removed 148 rows and 37351 columns
Presolve time: 0.58s
Presolved: 1477 rows, 34911 columns, 416347 nonzeros
Variable types: 0 continuous, 34911 integer (34911 binary)
Deterministic concurrent LP optimizer: primal and dual simplex
Showing primal log only...

Concurrent spin time: 0.65s (can be avoided by choosing Method=3)

Solved with dual simplex

Root relaxation: objective -7.402165e-01, 9097 iterations, 1.89 seconds (2.34 work units)

    Nodes    |    Current Node    |     Objective Bounds      |     Work
 Expl Unexpl |  Obj  Depth IntInf | Incumbent    BestBd   Gap | It/Node Time

     0     0   -0.74022    0  501    0.00000   -0.74022      -     -    2s
H    0     0                      -0.0881508   -0.74022   740%     -    4s
H    0     0                      -0.3743228   -0.74008  97.7%     -    4s
     0     0   -0.73620    0  546   -0.37432   -0.73620  96.7%     -    5s
     0     0   -0.71992    0  548   -0.37432   -0.71992  92.3%     -    7s
     0     0   -0.70130    0  550   -0.37432   -0.70130  87.4%     -    8s
     0     0   -0.69648    0  548   -0.37432   -0.69648  86.1%     -    9s
     0     0   -0.65735    0  546   -0.37432   -0.65735  75.6%     -   10s
     0     0   -0.65700    0  568   -0.37432   -0.65700  75.5%     -   10s
     0     0   -0.65700    0  517   -0.37432   -0.65700  75.5%     -   10s
     0     2   -0.65700    0  517   -0.37432   -0.65700  75.5%     -   12s
     7    16   -0.63973    3  305   -0.37432   -0.64006  71.0%  1769   15s
H   31    48                      -0.5150312   -0.62217  20.8%  1201   24s
H   35    48                      -0.5553784   -0.62217  12.0%  1098   24s
    47    49   -0.59253    5  308   -0.55538   -0.62217  12.0%   972   25s
   247   152   -0.57159   19  193   -0.55538   -0.61772  11.2%   418   39s
H  262   152                      -0.5553784   -0.61772  11.2%   410   39s
   267   184   -0.57159   20  146   -0.55538   -0.61772  11.2%   407   40s
   788   518     cutoff   13        -0.55538   -0.60904  9.66%   205   45s
  1439   830   -0.55599   12  313   -0.55538   -0.60134  8.28%   151   50s
  2267  1352   -0.59815   14  237   -0.55538   -0.59852  7.77%   127   55s
  3081  1709   -0.58094   21  233   -0.55538   -0.59598  7.31%   113   60s
  3547  1790   -0.56352   11  517   -0.55538   -0.59598  7.31%   108   67s
  3549  1791   -0.57319   21  484   -0.55538   -0.59598  7.31%   108   71s
  3551  1793   -0.57286   25  594   -0.55538   -0.59598  7.31%   108   76s
  3554  1795   -0.57286   19  599   -0.55538   -0.59598  7.31%   107   80s
  3557  1797   -0.57286   25  540   -0.55538   -0.59598  7.31%   107   86s
  3560  1804   -0.59598   16  341   -0.55538   -0.59598  7.31%   118   91s
  3596  1808   -0.59598   20  312   -0.55538   -0.59598  7.31%   126  101s
  3644  1803   -0.59598   23  312   -0.55538   -0.59598  7.31%   132  108s
  3734  1814     cutoff   26        -0.55538   -0.59598  7.31%   137  110s
  4127  1869   -0.58472   32  208   -0.55538   -0.59598  7.31%   140  115s
  4642  1924   -0.56970   37  197   -0.55538   -0.59598  7.31%   138  120s
  5218  2041   -0.59598   27  335   -0.55538   -0.59598  7.31%   137  125s
  5839  2164   -0.55555   46  176   -0.55538   -0.59598  7.31%   136  130s
  6523  2275   -0.58444   48  228   -0.55538   -0.58907  6.07%   136  135s
  7138  2440   -0.57317   60  119   -0.55538   -0.58907  6.07%   134  140s
  8066  2554   -0.55933   54  200   -0.55538   -0.58898  6.05%   133  146s
  8630  2701   -0.57426   44  221   -0.55538   -0.58612  5.53%   132  150s
  9629  3117   -0.56477   62  139   -0.55538   -0.58282  4.94%   131  155s
 10698  3610   -0.56787   61  163   -0.55538   -0.57426  3.40%   129  160s
 11222  4088   -0.57317   56  145   -0.55538   -0.57425  3.40%   129  165s
 11796  4213   -0.57332   54  222   -0.55538   -0.57425  3.40%   128  175s
 12880  4505   -0.56988   56  159   -0.55538   -0.57391  3.34%   125  185s
 13944  4513   -0.56324   42  109   -0.55538   -0.57391  3.34%   123  207s
 13968  4775   -0.56160   44   33   -0.55538   -0.57391  3.34%   123  213s
 15101  5053   -0.57045   45  158   -0.55538   -0.57391  3.34%   121  219s
 16289  5256   -0.56324   31  138   -0.55538   -0.57391  3.34%   119  226s
 17484  5417   -0.57391   47   93   -0.55538   -0.57391  3.34%   118  232s
 18452  5537   -0.57391   41  105   -0.55538   -0.57391  3.34%   118  236s
 19125  5699   -0.57227   44   42   -0.55538   -0.57391  3.34%   117  243s
 20458  6077     cutoff   38        -0.55538   -0.57391  3.34%   117  256s
 22172  6108   -0.57115   47  158   -0.55538   -0.57391  3.34%   116  260s
 22660  6310   -0.56324   37  153   -0.55538   -0.57391  3.34%   116  265s
 23791  6488   -0.57391   38  132   -0.55538   -0.57391  3.34%   116  271s
 24743  6699   -0.56238   43  177   -0.55538   -0.57391  3.34%   115  277s
 25804  6910   -0.56160   49  116   -0.55538   -0.57391  3.34%   115  283s
 26992  7094   -0.56980   45  158   -0.55538   -0.57391  3.34%   114  288s
 27965  7282   -0.57391   43  135   -0.55538   -0.57391  3.34%   114  295s
 29253  7443     cutoff   46        -0.55538   -0.57391  3.34%   113  301s
 30456  7594   -0.56522   59  174   -0.55538   -0.57391  3.34%   113  308s
 31643  7783   -0.57391   41  140   -0.55538   -0.57391  3.34%   113  314s
 32645  7993   -0.56283   44  148   -0.55538   -0.57391  3.34%   113  320s
 33627  8346   -0.56396   42  208   -0.55538   -0.57391  3.34%   113  326s
 34584  8674     cutoff   78        -0.55538   -0.57331  3.23%   113  333s
 35827  8863     cutoff   42        -0.55538   -0.57327  3.22%   113  341s
 37099  9153     cutoff   43        -0.55538   -0.57319  3.21%   113  351s
 39149  9451     cutoff   36        -0.55538   -0.57319  3.21%   113  363s
 41090  9708     cutoff   49        -0.55538   -0.57319  3.21%   113  446s
 42380 10271   -0.56252   44   97   -0.55538   -0.57319  3.21%   113  465s
 45918 10735   -0.56088   44  119   -0.55538   -0.57319  3.21%   114  482s
 48751 11120   -0.56231   41  104   -0.55538   -0.57319  3.21%   114  496s
 51274 11434   -0.57319   40   86   -0.55538   -0.57319  3.21%   115  509s
 53195 11434     cutoff   39        -0.55538   -0.57319  3.21%   115  510s
 53460 11814   -0.56250   49  174   -0.55538   -0.57319  3.21%   115  520s
 55472 12183     cutoff   79        -0.55538   -0.57319  3.21%   115  531s
 57303 12559   -0.57154   71  162   -0.55538   -0.57317  3.20%   116  539s
 58125 12559   -0.56086   62   73   -0.55538   -0.57317  3.20%   117  540s
 58935 12911   -0.56250   71  124   -0.55538   -0.57317  3.20%   117  548s
 60544 13331   -0.57033   56  185   -0.55538   -0.57317  3.20%   119  557s
 62247 13669   -0.57122   48   25   -0.55538   -0.57317  3.20%   120  572s
 64194 13901   -0.57286   41   35   -0.55538   -0.57286  3.15%   120  583s
 66360 14180     cutoff   57        -0.55538   -0.57286  3.15%   120  594s
 68109 14180     cutoff   40        -0.55538   -0.57286  3.15%   121  595s
 68254 14440   -0.57286   44  135   -0.55538   -0.57286  3.15%   120  604s
 70084 14509   -0.56137   45  143   -0.55538   -0.57286  3.15%   121  609s
 70462 14748   -0.56055   46  103   -0.55538   -0.57286  3.15%   121  619s
 71988 14748   -0.57286   32  119   -0.55538   -0.57286  3.15%   121  620s
 72346 14879   -0.56683   48  111   -0.55538   -0.57286  3.15%   121  629s
 73921 14951   -0.56395   37   71   -0.55538   -0.57286  3.15%   121  639s
 75688 14969     cutoff   42        -0.55538   -0.57227  3.04%   121  649s
 77494 15110   -0.55964   60   10   -0.55538   -0.57122  2.85%   121  656s
 78726 15290   -0.55985   53  116   -0.55538   -0.57052  2.73%   121  664s
 80095 15382   -0.55985   63  139   -0.55538   -0.57052  2.73%   123  671s
 81488 15509   -0.55964   79  116   -0.55538   -0.57052  2.73%   124  679s
 82939 15611     cutoff   41        -0.55538   -0.57045  2.71%   125  691s
 84616 15844     cutoff   62        -0.55538   -0.56984  2.60%   125  701s
 86337 16007     cutoff   54        -0.55538   -0.56890  2.43%   126  709s
 87642 16124   -0.56533   51   78   -0.55538   -0.56843  2.35%   127  718s
 89112 16003   -0.55720   57   96   -0.55538   -0.56787  2.25%   127  734s
 89910 15410     cutoff   40        -0.55538   -0.56787  2.25%   127  745s
 92679 13510     cutoff   45        -0.55538   -0.56324  1.41%   129  753s
 93771 12430     cutoff   55        -0.55538   -0.56324  1.41%   129  756s
 94955 11243     cutoff   39        -0.55538   -0.56324  1.41%   128  761s
 96405  9939     cutoff   54        -0.55538   -0.56264  1.31%   128  765s
 97794  8506   -0.56219   34  163   -0.55538   -0.56252  1.29%   128  772s
 99478  6932     cutoff   55        -0.55538   -0.56250  1.28%   128  777s
 101069  5430     cutoff   63        -0.55538   -0.56250  1.28%   129  786s
 102926  3609   -0.56137   46  169   -0.55538   -0.56219  1.23%   130  794s
 104091  3609     cutoff   42        -0.55538   -0.56219  1.23%   130  795s
 106498   655     cutoff   57        -0.55538   -0.55985  0.81%   131  804s
 108108     0     cutoff   55        -0.55538   -0.55777  0.43%   132  807s

Cutting planes:
  Gomory: 1
  Cover: 14
  Implied bound: 20
  MIR: 27
  Flow cover: 8
  Inf proof: 16
  Zero half: 17

Explored 108779 nodes (14404497 simplex iterations) in 808.28 seconds (701.97 work units)
Thread count was 16 (of 18 available processors)

Solution count 6: -0.555378 -0.555378 -0.515031 ... 0

Optimal solution found (tolerance 1.00e-04)
Best objective -5.553783801209e-01, best bound -5.553783801209e-01, gap 0.0000%

---------------------------------------------------------------------------
Multi-objectives: solved in 808.58 seconds (701.97 work units), solution count 6

