
Gurobi 11.0.0 (win64) logging started Sat Dec 21 15:52:24 2024

Set parameter LogFile to value "C:\Users\Administrator\Desktop\OptRail_Railroad_Construction\Data\Solution\AnzahlAuftraege_NEW_15\a15_o170_m9_an80_ar18\3_Objectives\weighted\gurobi_a15_o170_m9_an80_ar18_weighted.log"
Gurobi Optimizer version 11.0.0 build v11.0.0rc2 (win64 - Windows Server 2022.0 (20348.2))

CPU model: AMD EPYC 7513 32-Core Processor, instruction set [SSE2|AVX|AVX2]
Thread count: 18 physical cores, 18 logical processors, using up to 16 threads

Optimize a model with 6275 rows, 542172 columns and 2491325 nonzeros
Model fingerprint: 0x7c602450
Variable types: 0 continuous, 542172 integer (542172 binary)
Coefficient statistics:
  Matrix range     [1e+00, 1e+01]
  Objective range  [1e+00, 2e+02]
  Bounds range     [1e+00, 1e+00]
  RHS range        [1e+00, 2e+02]

---------------------------------------------------------------------------
Multi-objectives: starting optimization with 3 objectives (1 combined) ...
---------------------------------------------------------------------------
---------------------------------------------------------------------------

Multi-objectives: optimize objective 1 (weighted) ...
---------------------------------------------------------------------------

Optimize a model with 6275 rows, 542172 columns and 2491325 nonzeros
Model fingerprint: 0xd425dbab
Variable types: 0 continuous, 542172 integer (542172 binary)
Coefficient statistics:
  Matrix range     [1e+00, 1e+01]
  Objective range  [7e-04, 7e-01]
  Bounds range     [1e+00, 1e+00]
  RHS range        [1e+00, 2e+02]
Found heuristic solution: objective 0.0000000
Presolve removed 274 rows and 283613 columns
Presolve time: 3.19s
Presolved: 6001 rows, 258559 columns, 2424497 nonzeros
Variable types: 0 continuous, 258559 integer (258559 binary)
Deterministic concurrent LP optimizer: primal simplex, dual simplex, and barrier
Showing barrier log only...

Root barrier log...

Ordering time: 0.42s

Barrier statistics:
 AA' NZ     : 9.314e+05
 Factor NZ  : 2.854e+06 (roughly 130 MB of memory)
 Factor Ops : 1.872e+09 (less than 1 second per iteration)
 Threads    : 14

                  Objective                Residual
Iter       Primal          Dual         Primal    Dual     Compl     Time
   0   1.96713683e+04 -1.77528428e+05  3.21e+05 4.58e-02  1.27e+01     5s
   1   1.14755165e+04 -1.69295516e+05  1.87e+05 2.23e-01  7.40e+00     5s
   2   2.29888730e+03 -1.51200091e+05  3.72e+04 4.90e-02  1.65e+00     5s
   3   8.56187576e+02 -1.00829722e+05  1.39e+04 1.13e-02  6.27e-01     5s
   4   5.30229829e+02 -5.82127565e+04  8.66e+03 6.59e-04  3.50e-01     5s
   5   4.44145169e+02 -3.66757987e+04  7.27e+03 2.17e-03  2.56e-01     5s
   6   3.44687646e+02 -2.81329980e+04  5.67e+03 4.69e-04  1.94e-01     6s
   7   2.44857091e+02 -7.92612371e+03  4.05e+03 2.18e-14  1.08e-01     6s
   8   1.56672379e+01 -2.48057379e+03  3.08e+02 1.49e-05  1.17e-02     6s
   9   1.24966314e-01 -9.82937323e+02  6.73e+01 8.47e-06  3.30e-03     6s
  10  -3.47457539e+00 -5.34116298e+02  3.30e+01 2.22e-15  1.70e-03     6s
  11  -5.07726328e+00 -3.37038956e+02  2.16e+01 1.33e-15  1.08e-03     6s
  12  -7.77833839e+00 -2.76440201e+02  4.39e+00 1.28e-15  6.06e-04     6s
  13  -8.09422162e+00 -2.28178394e+02  1.40e+00 9.71e-16  4.54e-04     6s
  14  -8.07974646e+00 -9.20642003e+01  3.33e-02 1.47e-15  1.67e-04     6s
  15  -8.70356453e+00 -3.97660725e+01  8.78e-03 9.19e-16  6.06e-05     6s
  16  -9.00832458e+00 -2.85528219e+01  5.52e-03 6.72e-16  3.80e-05     6s
  17  -9.17449080e+00 -1.82540743e+01  2.89e-03 3.90e-16  1.76e-05     6s
  18  -9.27468419e+00 -1.58562614e+01  2.20e-03 3.08e-16  1.27e-05     6s
  19  -9.38645812e+00 -1.49885279e+01  4.79e-03 2.64e-16  1.08e-05     6s
  20  -9.47735399e+00 -1.47837346e+01  1.26e-02 2.17e-16  1.02e-05     6s
  21  -9.65996241e+00 -1.33296118e+01  9.04e-03 1.78e-16  7.08e-06     6s
  22  -9.80620852e+00 -1.21123746e+01  4.35e-03 1.38e-16  4.45e-06     7s
  23  -9.86093053e+00 -1.17123830e+01  3.74e-03 1.11e-16  3.57e-06     7s
  24  -9.93819073e+00 -1.12232158e+01  2.72e-03 3.68e-16  2.48e-06     7s
  25  -9.99646753e+00 -1.11331975e+01  2.01e-03 1.11e-16  2.19e-06     7s
  26  -1.00510347e+01 -1.08455117e+01  1.31e-03 5.82e-17  1.53e-06     7s
  27  -1.00976539e+01 -1.06527541e+01  8.05e-04 1.25e-16  1.07e-06     7s
  28  -1.01211339e+01 -1.04804001e+01  5.84e-04 1.11e-16  6.92e-07     7s
  29  -1.01445878e+01 -1.03741325e+01  3.87e-04 1.11e-16  4.42e-07     7s
  30  -1.01593552e+01 -1.03019103e+01  2.84e-04 1.11e-16  2.75e-07     7s
  31  -1.01670555e+01 -1.02800966e+01  2.33e-04 1.11e-16  2.18e-07     7s
  32  -1.01715796e+01 -1.02612848e+01  2.03e-04 1.11e-16  1.73e-07     7s
  33  -1.01809823e+01 -1.02504835e+01  1.45e-04 1.67e-16  1.34e-07     7s
  34  -1.01884867e+01 -1.02367640e+01  9.84e-05 1.11e-16  9.30e-08     7s
  35  -1.01929921e+01 -1.02267515e+01  7.11e-05 2.50e-16  6.50e-08     8s
  36  -1.01959731e+01 -1.02185722e+01  5.39e-05 1.39e-16  4.35e-08     8s
  37  -1.02005395e+01 -1.02153056e+01  2.79e-05 2.50e-16  2.84e-08     8s
  38  -1.02019490e+01 -1.02150104e+01  2.06e-05 1.11e-16  2.52e-08     8s
  39  -1.02036651e+01 -1.02102035e+01  1.13e-05 1.39e-16  1.26e-08     8s
  40  -1.02044520e+01 -1.02072077e+01  7.48e-06 1.11e-16  5.31e-09     8s
  41  -1.02052234e+01 -1.02064035e+01  3.79e-06 2.22e-16  2.27e-09     8s
  42  -1.02053896e+01 -1.02061970e+01  3.04e-06 1.11e-16  1.56e-09     8s
  43  -1.02057262e+01 -1.02061162e+01  1.55e-06 1.11e-16  7.51e-10     8s
  44  -1.02060117e+01 -1.02061012e+01  2.76e-07 3.33e-16  1.72e-10     8s
  45  -1.02060826e+01 -1.02060830e+01  5.78e-10 2.22e-16  8.11e-13     8s
  46  -1.02060828e+01 -1.02060828e+01  1.54e-11 2.19e-16  2.49e-17     8s

Barrier solved model in 46 iterations and 8.34 seconds (14.85 work units)
Optimal objective -1.02060828e+01


Root crossover log...

    3538 DPushes remaining with DInf 0.0000000e+00                 8s
       0 DPushes remaining with DInf 0.0000000e+00                 8s

   12476 PPushes remaining with PInf 0.0000000e+00                 8s
       0 PPushes remaining with PInf 0.0000000e+00                 9s

  Push phase complete: Pinf 0.0000000e+00, Dinf 4.9778974e-15      9s


Root simplex log...

Iteration    Objective       Primal Inf.    Dual Inf.      Time
   15669   -1.0206083e+01   0.000000e+00   0.000000e+00      9s
Concurrent spin time: 0.23s

Solved with barrier

Root relaxation: objective -1.020608e+01, 15669 iterations, 5.35 seconds (6.13 work units)
Total elapsed time = 13.78s (DegenMoves)
Total elapsed time = 15.72s (DegenMoves)
Total elapsed time = 20.20s (DegenMoves)

    Nodes    |    Current Node    |     Objective Bounds      |     Work
 Expl Unexpl |  Obj  Depth IntInf | Incumbent    BestBd   Gap | It/Node Time

     0     0  -10.20608    0 1263    0.00000  -10.20608      -     -   24s
H    0     0                      -6.2371541  -10.20608  63.6%     -   55s
     0     0  -10.19554    0 1533   -6.23715  -10.19554  63.5%     -   85s
H    0     0                      -6.3060915  -10.19554  61.7%     -  109s
     0     0  -10.18792    0 1519   -6.30609  -10.18792  61.6%     -  180s
     0     0  -10.17251    0 1489   -6.30609  -10.17251  61.3%     -  333s
     0     0  -10.17251    0 1473   -6.30609  -10.17251  61.3%     -  336s
     0     0  -10.15982    0 1631   -6.30609  -10.15982  61.1%     -  362s
H    0     0                      -6.3073171  -10.15982  61.1%     -  381s
     0     0  -10.15978    0 1641   -6.30732  -10.15978  61.1%     -  382s
     0     0  -10.15207    0 1657   -6.30732  -10.15207  61.0%     -  400s
     0     0  -10.15205    0 1666   -6.30732  -10.15205  61.0%     -  405s
     0     0  -10.14799    0 1780   -6.30732  -10.14799  60.9%     -  456s
     0     0  -10.14779    0 1806   -6.30732  -10.14779  60.9%     -  494s
     0     0  -10.14410    0 1763   -6.30732  -10.14410  60.8%     -  553s
H    0     0                      -6.8467489  -10.14410  48.2%     -  558s
     0     0  -10.14406    0 1792   -6.84675  -10.14406  48.2%     -  561s
     0     0  -10.14025    0 1873   -6.84675  -10.14025  48.1%     -  578s
     0     0  -10.14023    0 1829   -6.84675  -10.14023  48.1%     -  610s
     0     0  -10.13904    0 1775   -6.84675  -10.13904  48.1%     -  622s
H    0     0                      -7.4872496  -10.13904  35.4%     -  625s
     0     0  -10.13904    0 1796   -7.48725  -10.13904  35.4%     -  628s
     0     0  -10.13602    0 1856   -7.48725  -10.13602  35.4%     -  675s
H    0     0                      -7.5859874  -10.13602  33.6%     -  726s
     0     0  -10.13592    0 1912   -7.58599  -10.13592  33.6%     -  747s
     0     0  -10.13511    0 1914   -7.58599  -10.13511  33.6%     -  778s
H    0     0                      -8.4451807  -10.13511  20.0%     -  799s
     0     0  -10.13511    0 1911   -8.44518  -10.13511  20.0%     -  802s
     0     0  -10.13333    0 1832   -8.44518  -10.13333  20.0%     -  848s
     0     0  -10.13333    0 1829   -8.44518  -10.13333  20.0%     -  852s
     0     0  -10.13185    0 1929   -8.44518  -10.13185  20.0%     -  869s
H    0     0                      -8.5266385  -10.13185  18.8%     -  875s
     0     0  -10.13180    0 1857   -8.52664  -10.13180  18.8%     -  882s
     0     0  -10.13070    0 1919   -8.52664  -10.13070  18.8%     -  923s
     0     0  -10.13048    0 1877   -8.52664  -10.13048  18.8%     -  952s
     0     0  -10.13025    0 1843   -8.52664  -10.13025  18.8%     -  965s
H    0     0                      -8.6542441  -10.13025  17.1%     -  967s
     0     0  -10.13025    0 1861   -8.65424  -10.13025  17.1%     -  969s
     0     0  -10.12997    0 1820   -8.65424  -10.12997  17.1%     -  978s
H    0     0                      -8.8446496  -10.12997  14.5%     -  994s
     0     0  -10.12997    0 1817   -8.84465  -10.12997  14.5%     -  994s
     0     0  -10.12811    0 1889   -8.84465  -10.12811  14.5%     - 1009s
H    0     0                      -8.8954645  -10.12811  13.9%     - 1025s
     0     0  -10.12811    0 1901   -8.89546  -10.12811  13.9%     - 1026s
     0     0  -10.12753    0 1953   -8.89546  -10.12753  13.9%     - 1054s
H    0     0                      -8.9482513  -10.12753  13.2%     - 1075s
     0     0  -10.12747    0 1946   -8.94825  -10.12747  13.2%     - 1084s
     0     0  -10.12631    0 1964   -8.94825  -10.12631  13.2%     - 1121s
H    0     0                      -8.9551440  -10.12631  13.1%     - 1134s
     0     0  -10.12631    0 1967   -8.95514  -10.12631  13.1%     - 1137s
     0     0  -10.12537    0 2021   -8.95514  -10.12537  13.1%     - 1149s
     0     0  -10.12517    0 2060   -8.95514  -10.12517  13.1%     - 1156s
     0     0  -10.12516    0 2035   -8.95514  -10.12516  13.1%     - 1164s
H    0     0                      -8.9810974  -10.12516  12.7%     - 1168s
     0     0  -10.12516    0 2034   -8.98110  -10.12516  12.7%     - 1168s
     0     0  -10.12501    0 2011   -8.98110  -10.12501  12.7%     - 1177s
     0     0  -10.12501    0 1984   -8.98110  -10.12501  12.7%     - 1181s
     0     0  -10.12472    0 2068   -8.98110  -10.12472  12.7%     - 1194s
H    0     0                      -8.9959608  -10.12472  12.5%     - 1202s
     0     0  -10.12466    0 2063   -8.99596  -10.12466  12.5%     - 1216s
     0     0  -10.12457    0 1855   -8.99596  -10.12457  12.5%     - 1234s
H    0     0                      -9.0001814  -10.12457  12.5%     - 1245s
     0     0  -10.12377    0 1959   -9.00018  -10.12377  12.5%     - 1259s
H    0     0                      -9.0059440  -10.12377  12.4%     - 1264s
     0     0  -10.12377    0 1969   -9.00594  -10.12377  12.4%     - 1266s
     0     0  -10.12366    0 1935   -9.00594  -10.12366  12.4%     - 1291s
     0     0  -10.12366    0 1936   -9.00594  -10.12366  12.4%     - 1300s
     0     0  -10.12364    0 1892   -9.00594  -10.12364  12.4%     - 1304s
     0     0  -10.12345    0 1854   -9.00594  -10.12345  12.4%     - 1311s
H    0     0                      -9.0077521  -10.12345  12.4%     - 1383s
H    0     0                      -9.0154157  -10.12345  12.3%     - 1389s
H    0     2                      -9.5292898  -10.12345  6.24%     - 1494s
     0     2  -10.12345    0 1839   -9.52929  -10.12345  6.24%     - 1494s
     1     4  -10.12341    1 1939   -9.52929  -10.12345  6.24% 29218 1508s
     3     8  -10.12334    2 2010   -9.52929  -10.12336  6.23% 13642 1530s
     7    16  -10.12293    3 1923   -9.52929  -10.12293  6.23%  9838 1555s
    15    30  -10.12197    4 1959   -9.52929  -10.12285  6.23%  8257 1657s
H   31    46                      -9.5322944  -10.12196  6.19% 11815 1988s
H   31    46                      -9.5799317  -10.12196  5.66% 11815 1988s
H   32    46                      -9.5826253  -10.12196  5.63% 13952 1988s
H   33    46                      -9.5871447  -10.12196  5.58% 15861 1988s
H   34    46                      -9.6170711  -10.12196  5.25% 18198 1989s
H   41    46                      -9.6448331  -10.12196  4.95% 26103 1989s
    47    62  -10.12084    6 1997   -9.64483  -10.12196  4.95% 32897 2019s
    63    78  -10.12064    6 2032   -9.64483  -10.12196  4.95% 25864 2075s
    79    94  -10.12046    7 2013   -9.64483  -10.12196  4.95% 21776 2105s
H   84    94                      -9.6450532  -10.12196  4.94% 20656 2105s
H   87    94                      -9.6894949  -10.12196  4.46% 20052 2105s
    95   112  -10.12022    8 1985   -9.68949  -10.12196  4.46% 18717 2146s
   113   134  -10.12010    9 1989   -9.68949  -10.12196  4.46% 16380 2171s
H  135   150                      -9.6909259  -10.12196  4.45% 14264 2336s
H  136   150                      -9.6949624  -10.12196  4.40% 14199 2336s
H  138   150                      -9.6983801  -10.12196  4.37% 14040 2336s
H  139   150                      -9.7094724  -10.12196  4.25% 13971 2336s
H  150   150                      -9.7108201  -10.12196  4.23% 13384 2336s
   151   169  -10.11885   12 1970   -9.71082  -10.12196  4.23% 14189 2557s
   170   189  -10.11845   12 1897   -9.71082  -10.12196  4.23% 20287 2593s
   190   205  -10.11799   13 2031   -9.71082  -10.12196  4.23% 18701 2737s
H  191   205                      -9.7123927  -10.12196  4.22% 18603 2737s
H  195   205                      -9.7158739  -10.12196  4.18% 18292 2737s
   206   229  -10.11719   14 1981   -9.71587  -10.12196  4.18% 17580 2772s
   230   258  -10.11783   14 2018   -9.71587  -10.12196  4.18% 16167 2818s
   259   288  -10.11750   16 2011   -9.71587  -10.12196  4.18% 14786 2863s
   289   319  -10.11714   19 1973   -9.71587  -10.12196  4.18% 13685 2909s
   320   352  -10.11681   23 1913   -9.71587  -10.12196  4.18% 12795 2961s
   353   387  -10.11670   26 1923   -9.71587  -10.12196  4.18% 11986 3016s
   388   429  -10.11619   28 1947   -9.71587  -10.12196  4.18% 11219 3079s
   430   447  -10.11590   33 1954   -9.71587  -10.12196  4.18% 10459 3157s
H  447   447                      -9.7171750  -10.12196  4.17% 10266 3158s
   448   481  -10.11581   34 1974   -9.71717  -10.12196  4.17% 10258 3219s
H  482   499                      -9.7257230  -10.12196  4.07%  9904 3600s
H  483   499                      -9.7392196  -10.12196  3.93%  9892 3600s
H  485   499                      -9.7416862  -10.12196  3.90%  9869 3600s
H  495   499                      -9.7419814  -10.12196  3.90%  9751 3600s
H  500   515                      -9.7459259  -10.12196  3.86%  9704 4755s
H  507   515                      -9.7469488  -10.12196  3.85%  9650 4755s
   516   551  -10.11480   37 1916   -9.74695  -10.12196  3.85%  9596 4820s
   552   585  -10.11389   38 1998   -9.74695  -10.12196  3.85%  9345 4930s
   586   620  -10.11314   39 1970   -9.74695  -10.12196  3.85%  9297 5003s
   621   676  -10.11303   41 1903   -9.74695  -10.12196  3.85%  9119 5075s
   677   730  -10.11213   44 1865   -9.74695  -10.12196  3.85%  8697 5134s
   731   801  -10.11183   50 1900   -9.74695  -10.12196  3.85%  8345 5217s
   803   854  -10.11146   54 2042   -9.74695  -10.12196  3.85%  7887 5304s
   856   910  -10.10791   55 2049   -9.74695  -10.12196  3.85%  7687 5376s
   912   961  -10.10675   59 2006   -9.74695  -10.12196  3.85%  7479 5460s
   963  1011  -10.10623   64 2016   -9.74695  -10.12196  3.85%  7360 5544s
  1014  1085  -10.10503   69 2059   -9.74695  -10.12196  3.85%  7261 5631s
  1088  1169  -10.10406   77 2050   -9.74695  -10.12196  3.85%  7018 5716s
  1172  1262  -10.10403   78 2037   -9.74695  -10.12196  3.85%  6768 5792s
  1265  1349  -10.10322   84 2071   -9.74695  -10.12196  3.85%  6492 5880s
  1352  1448  -10.10218   92 2077   -9.74695  -10.12196  3.85%  6292 5979s
  1451  1544  -10.10172  105 2063   -9.74695  -10.12196  3.85%  6088 6083s
  1547  1653  -10.10097  111 2037   -9.74695  -10.12196  3.85%  5922 6184s
  1656  1788  -10.10024  117 2056   -9.74695  -10.12196  3.85%  5724 6305s
  1791  1935  -10.09982  124 2085   -9.74695  -10.12196  3.85%  5481 6411s
  1938  2065  -10.09950  132 1923   -9.74695  -10.12196  3.85%  5242 6533s
  2068  2203  -10.09513  138 1875   -9.74695  -10.12196  3.85%  5104 6663s
  2206  2323  -10.09416  145 2052   -9.74695  -10.12196  3.85%  4963 6837s
  2326  2461  -10.09206  151 2048   -9.74695  -10.12196  3.85%  4902 6961s
  2466  2596  -10.09003  165 1973   -9.74695  -10.12196  3.85%  4803 7079s
  2605  2731  -10.08953  171 2063   -9.74695  -10.12196  3.85%  4710 7200s
H 2742  2759                      -9.7472569  -10.12196  3.84%  4641 8413s
H 2743  2759                      -9.7488456  -10.12196  3.83%  4642 8413s
H 2771  2759                      -9.7497565  -10.12196  3.82%  4636 8413s
  2772  2899  -10.08774  179 2097   -9.74976  -10.12196  3.82%  4635 8554s
  2935  3063  -10.08688  186 2065   -9.74976  -10.12196  3.82%  4556 8748s
  3107  3237  -10.08609  190 2051   -9.74976  -10.12196  3.82%  4462 8895s
  3294  3377  -10.04481  197 2056   -9.74976  -10.12196  3.82%  4387 9056s
  3445  3570  -10.07126  198 1951   -9.74976  -10.12196  3.82%  4371 9227s
  3641  3701  -10.06879  202 2058   -9.74976  -10.12196  3.82%  4320 9425s
  3794  3826  -10.06254  203 1988   -9.74976  -10.12196  3.82%  4320 9621s
  3921  3965  -10.02781  206 2023   -9.74976  -10.12196  3.82%  4351 9819s
  4066  3980  -10.02386  213 1938   -9.74976  -10.12196  3.82%  4370 10800s

Cutting planes:
  Cover: 10
  Clique: 20
  MIR: 132
  StrongCG: 1
  GUB cover: 9
  Inf proof: 2
  Zero half: 126
  RLT: 1

Explored 4083 nodes (18440679 simplex iterations) in 10800.99 seconds (24072.79 work units)
Thread count was 16 (of 18 available processors)

Solution count 10: -9.74976 -9.74885 -9.74726 ... -9.71717

Time limit reached
Best objective -9.749756541643e+00, best bound -1.012196126859e+01, gap 3.8176%

---------------------------------------------------------------------------
Multi-objectives: stopped in 10802.40 seconds (24072.79 work units), solution count 10
Time Limit reached

