
Gurobi 11.0.0 (win64) logging started Thu Dec 19 23:27:52 2024

Set parameter LogFile to value "C:\Users\Administrator\Desktop\OptRail_Railroad_Construction\Data\Solution\AnzahlAuftraege_NEW_10\a10_o107_m5_an57_ar12\6_Objectives\weighted\gurobi_a10_o107_m5_an57_ar12_weighted.log"
Gurobi Optimizer version 11.0.0 build v11.0.0rc2 (win64 - Windows Server 2022.0 (20348.2))

CPU model: AMD EPYC 7513 32-Core Processor, instruction set [SSE2|AVX|AVX2]
Thread count: 18 physical cores, 18 logical processors, using up to 16 threads

Optimize a model with 2603 rows, 130587 columns and 642052 nonzeros
Model fingerprint: 0x36f5f7a9
Variable types: 0 continuous, 130587 integer (130587 binary)
Coefficient statistics:
  Matrix range     [1e+00, 1e+01]
  Objective range  [1e+00, 2e+02]
  Bounds range     [1e+00, 1e+00]
  RHS range        [1e+00, 2e+02]

---------------------------------------------------------------------------
Multi-objectives: starting optimization with 6 objectives (1 combined) ...
---------------------------------------------------------------------------
---------------------------------------------------------------------------

Multi-objectives: optimize objective 1 (weighted) ...
---------------------------------------------------------------------------

Optimize a model with 2603 rows, 130587 columns and 642052 nonzeros
Model fingerprint: 0x4e42b06a
Variable types: 0 continuous, 130587 integer (130587 binary)
Coefficient statistics:
  Matrix range     [1e+00, 1e+01]
  Objective range  [5e-04, 5e-01]
  Bounds range     [1e+00, 1e+00]
  RHS range        [1e+00, 2e+02]
Found heuristic solution: objective 0.0000000
Presolve removed 338 rows and 68020 columns
Presolve time: 0.77s
Presolved: 2265 rows, 62567 columns, 552008 nonzeros
Variable types: 0 continuous, 62567 integer (62565 binary)
Deterministic concurrent LP optimizer: primal simplex, dual simplex, and barrier
Showing barrier log only...

Root barrier log...

Ordering time: 0.03s

Barrier statistics:
 AA' NZ     : 2.247e+05
 Factor NZ  : 6.232e+05 (roughly 30 MB of memory)
 Factor Ops : 2.397e+08 (less than 1 second per iteration)
 Threads    : 14

                  Objective                Residual
Iter       Primal          Dual         Primal    Dual     Compl     Time
   0   1.59281490e+04 -2.69164745e+04  9.90e+04 4.61e-02  6.52e+00     1s
   1   4.57552216e+03 -2.50150589e+04  2.83e+04 1.41e-01  1.95e+00     1s
   2   1.72724487e+02 -1.73139960e+04  1.04e+03 4.45e-03  1.94e-01     1s
   3   1.22560877e+02 -5.40421198e+03  7.34e+02 2.50e-15  7.26e-02     1s
   4   5.77257244e+01 -3.90439246e+03  3.33e+02 8.88e-15  4.38e-02     1s
   5   3.20382616e+01 -1.59909911e+03  1.75e+02 2.16e-04  1.90e-02     1s
   6   2.02571172e+01 -6.74775849e+02  1.02e+02 4.42e-05  8.81e-03     1s
   7   1.30271559e+01 -4.33640145e+02  6.38e+01 2.51e-15  5.56e-03     1s
   8   8.06351867e+00 -3.44352496e+02  3.89e+01 2.22e-15  4.02e-03     1s
   9   1.57645458e+00 -2.26467328e+02  9.80e+00 1.22e-15  2.16e-03     1s
  10  -1.09599927e+00 -1.41473913e+02  4.09e-01 7.94e-16  1.18e-03     1s
  11  -1.73595452e+00 -5.17989600e+01  3.20e-02 6.26e-16  4.05e-04     1s
  12  -2.13456463e+00 -2.83894866e+01  1.60e-02 5.87e-16  2.11e-04     2s
  13  -2.48574584e+00 -1.82598274e+01  9.95e-03 3.39e-16  1.26e-04     2s
  14  -2.68397367e+00 -1.36596647e+01  7.07e-03 2.32e-16  8.78e-05     2s
  15  -2.86312057e+00 -1.08484784e+01  5.37e-03 2.14e-16  6.38e-05     2s
  16  -3.11649722e+00 -9.51923623e+00  3.53e-03 2.83e-16  5.11e-05     2s
  17  -3.25866807e+00 -8.11920529e+00  2.57e-03 2.06e-16  3.88e-05     2s
  18  -3.36628054e+00 -7.24828503e+00  1.70e-03 1.81e-16  3.09e-05     2s
  19  -3.43300449e+00 -5.72835365e+00  1.20e-03 1.38e-16  1.83e-05     2s
  20  -3.47153487e+00 -5.59438319e+00  9.79e-04 2.43e-16  1.69e-05     2s
  21  -3.50603545e+00 -5.17359765e+00  7.95e-04 1.05e-16  1.33e-05     2s
  22  -3.56454699e+00 -4.94656617e+00  5.43e-04 9.67e-17  1.10e-05     2s
  23  -3.58744546e+00 -4.80987800e+00  4.63e-04 1.94e-16  9.72e-06     2s
  24  -3.61586588e+00 -4.45960903e+00  3.60e-04 8.00e-17  6.71e-06     2s
  25  -3.63335910e+00 -4.29317646e+00  3.02e-04 1.39e-16  5.25e-06     2s
  26  -3.65544480e+00 -4.16160927e+00  2.30e-04 8.90e-17  4.03e-06     2s
  27  -3.67527912e+00 -4.07321921e+00  1.74e-04 1.32e-16  3.16e-06     2s
  28  -3.69229388e+00 -3.95295538e+00  1.27e-04 8.10e-17  2.07e-06     2s
  29  -3.71545834e+00 -3.92707661e+00  7.12e-05 1.11e-16  1.68e-06     2s
  30  -3.72426424e+00 -3.86902109e+00  5.06e-05 1.10e-16  1.15e-06     2s
  31  -3.72871217e+00 -3.85481374e+00  4.05e-05 1.19e-16  1.00e-06     2s
  32  -3.73060547e+00 -3.84564415e+00  3.64e-05 7.83e-17  9.14e-07     2s
  33  -3.73366118e+00 -3.81956336e+00  2.93e-05 7.23e-17  6.83e-07     2s
  34  -3.73665230e+00 -3.81373889e+00  2.32e-05 1.82e-16  6.13e-07     2s
  35  -3.73781563e+00 -3.80950446e+00  2.06e-05 1.61e-16  5.70e-07     2s
  36  -3.74056707e+00 -3.78062548e+00  1.41e-05 8.52e-17  3.18e-07     2s
  37  -3.74396977e+00 -3.77227427e+00  8.46e-06 8.31e-17  2.25e-07     2s
  38  -3.74671180e+00 -3.76612995e+00  3.66e-06 1.11e-16  1.54e-07     2s
  39  -3.74801938e+00 -3.76171216e+00  1.49e-06 9.92e-17  1.09e-07     2s
  40  -3.74848379e+00 -3.75832100e+00  9.40e-07 1.67e-16  7.82e-08     2s
  41  -3.74879273e+00 -3.75578519e+00  5.66e-07 7.09e-17  5.56e-08     2s
  42  -3.74894833e+00 -3.75422081e+00  3.34e-07 1.11e-16  4.19e-08     2s
  43  -3.74913030e+00 -3.75196219e+00  1.22e-07 7.41e-17  2.25e-08     2s
  44  -3.74923900e+00 -3.75018320e+00  3.29e-08 7.65e-17  7.50e-09     2s
  45  -3.74931214e+00 -3.74938965e+00  3.10e-09 7.96e-17  6.16e-10     2s
  46  -3.74933306e+00 -3.74933317e+00  8.70e-12 9.05e-17  8.25e-13     2s
  47  -3.74933307e+00 -3.74933307e+00  1.27e-11 1.11e-16  1.06e-16     2s

Barrier solved model in 47 iterations and 2.05 seconds (3.13 work units)
Optimal objective -3.74933307e+00

Concurrent spin time: 0.00s

Solved with barrier

Root relaxation: objective -3.749333e+00, 4287 iterations, 1.23 seconds (1.24 work units)

    Nodes    |    Current Node    |     Objective Bounds      |     Work
 Expl Unexpl |  Obj  Depth IntInf | Incumbent    BestBd   Gap | It/Node Time

     0     0   -3.74933    0  908    0.00000   -3.74933      -     -    3s
H    0     0                      -2.4049405   -3.74933  55.9%     -    7s
     0     0   -3.71598    0 1094   -2.40494   -3.71598  54.5%     -   11s
     0     0   -3.71581    0 1128   -2.40494   -3.71581  54.5%     -   12s
     0     0   -3.68768    0 1176   -2.40494   -3.68768  53.3%     -   17s
     0     0   -3.68715    0 1227   -2.40494   -3.68715  53.3%     -   18s
     0     0   -3.66208    0 1287   -2.40494   -3.66208  52.3%     -   23s
     0     0   -3.65275    0 1236   -2.40494   -3.65275  51.9%     -   25s
     0     0   -3.65173    0 1268   -2.40494   -3.65173  51.8%     -   26s
     0     0   -3.65162    0 1223   -2.40494   -3.65162  51.8%     -   27s
     0     0   -3.65162    0 1240   -2.40494   -3.65162  51.8%     -   27s
     0     0   -3.65162    0 1232   -2.40494   -3.65162  51.8%     -   29s
     0     0   -3.65092    0 1262   -2.40494   -3.65092  51.8%     -   30s
     0     0   -3.65087    0 1234   -2.40494   -3.65087  51.8%     -   32s
     0     2   -3.65078    0 1234   -2.40494   -3.65078  51.8%     -   38s
     1     4   -3.64235    1  875   -2.40494   -3.65069  51.8%  8750   47s
     3     8   -3.64089    2  874   -2.40494   -3.64197  51.4%  7834   51s
    15    30   -3.63467    4  865   -2.40494   -3.63796  51.3%  3981   63s
H   30    46                      -2.7564143   -3.63467  31.9%  4047   93s
H   34    46                      -3.1183333   -3.63460  16.6%  5030   93s
    46    56   -3.63175    6  862   -3.11833   -3.63177  16.5%  7181   97s
H   78    76                      -3.1328382   -3.63177  15.9%  6415  121s
H   80    76                      -3.1838674   -3.63177  14.1%  6423  121s
H   86    76                      -3.2048638   -3.63177  13.3%  6267  121s
H   89    76                      -3.2765746   -3.63177  10.8%  6459  121s
    94    80   -3.60802    8  798   -3.27657   -3.63177  10.8%  6428  126s
   175   165   -3.61978   13  872   -3.27657   -3.63177  10.8%  3773  131s
   274   266   -3.61030   19  822   -3.27657   -3.63177  10.8%  2708  135s
   400   413   -3.60191   25  847   -3.27657   -3.63177  10.8%  2054  140s
   627   625   -3.58576   34  859   -3.27657   -3.63177  10.8%  1478  146s
   749   753   -3.58054   35  852   -3.27657   -3.63177  10.8%  1335  150s
  1038  1021   -3.53165   45  802   -3.27657   -3.63177  10.8%  1088  156s
  1196  1219   -3.56300   47  844   -3.27657   -3.63177  10.8%  1002  160s
  1538  1568   -3.54498   62  814   -3.27657   -3.63177  10.8%   849  167s
  1780  1757   -3.53482   69  796   -3.27657   -3.63177  10.8%   784  170s
  2089  2036   -3.50183   89  739   -3.27657   -3.63177  10.8%   737  176s
  2206  2154   -3.49200   96  747   -3.27657   -3.63177  10.8%   726  180s
  2455  2250   -3.50646   86 1234   -3.27657   -3.63177  10.8%   699  209s
  2457  2251   -3.28301  196  902   -3.27657   -3.63177  10.8%   698  219s
  2458  2252   -3.51803   12 1227   -3.27657   -3.63177  10.8%   698  227s
  2459  2253   -3.40886   63 1295   -3.27657   -3.62342  10.6%   698  233s
  2460  2253   -3.40819   51 1250   -3.27657   -3.59347  9.67%   697  244s
  2461  2254   -3.41610   24 1269   -3.27657   -3.59203  9.63%   697  250s
  2462  2255   -3.44161   50 1256   -3.27657   -3.57704  9.17%   697  256s
  2464  2256   -3.30863  120 1298   -3.27657   -3.57049  8.97%   696  264s
  2465  2257   -3.33617   85 1311   -3.27657   -3.57031  8.96%   696  266s
  2466  2257   -3.43582   16 1329   -3.27657   -3.56834  8.90%   696  271s
  2468  2259   -3.28028   29 1351   -3.27657   -3.56817  8.90%   695  277s
  2469  2259   -3.36570   88 1381   -3.27657   -3.56808  8.90%   695  280s
  2470  2260   -3.49673   29 1352   -3.27657   -3.56786  8.89%   694  287s
  2472  2261   -3.31080  120 1371   -3.27657   -3.56715  8.87%   694  293s
  2473  2262   -3.52886   75 1349   -3.27657   -3.56704  8.86%   694  296s
  2475  2263   -3.48450    9 1334   -3.27657   -3.56704  8.86%   693  301s
  2476  2264   -3.56675   18 1334   -3.27657   -3.56675  8.86%   693  327s
  2477  2266   -3.56445   15  901   -3.27657   -3.56667  8.85%   728  340s
  2485  2277   -3.55888   18  880   -3.27657   -3.56264  8.73%   734  347s
  2509  2301   -3.55445   20  873   -3.27657   -3.55682  8.55%   752  387s
  2541  2322   -3.55264   21  881   -3.27657   -3.55437  8.48%   761  390s
  2557  2333   -3.54414   21  811   -3.27657   -3.55247  8.42%   763  485s
H 2561  2218                      -3.2782775   -3.55247  8.36%   765  485s
H 2563  2109                      -3.2839449   -3.55247  8.18%   766  485s
  2593  2146   -3.54786   23  851   -3.28394   -3.54786  8.04%   778  490s
  2649  2189   -3.54303   25  894   -3.28394   -3.54414  7.92%   799  496s
  2712  2229   -3.53539   27  877   -3.28394   -3.54414  7.92%   817  500s
  2818  2300   -3.50874   30  652   -3.28394   -3.54414  7.92%   842  506s
  2894  2356   -3.50246   32  720   -3.28394   -3.54414  7.92%   855  510s
  3019  2446   -3.47117   36  506   -3.28394   -3.54414  7.92%   876  516s
  3126  2508   -3.45657   39  542   -3.28394   -3.54414  7.92%   886  521s
  3240  2587   -3.43854   42  437   -3.28394   -3.54414  7.92%   899  525s
  3366  2642   -3.41754   44  511   -3.28394   -3.54414  7.92%   912  530s
  3517  2726   -3.41857   49  376   -3.28394   -3.54414  7.92%   922  535s
  3690  2778   -3.39790   54  312   -3.28394   -3.54414  7.92%   928  543s
  3756  2807   -3.38439   56  381   -3.28394   -3.54414  7.92%   935  546s
  3927  2910   -3.32102   61  376   -3.28394   -3.54414  7.92%   943  587s
  4042  2940   -3.35166   64  356   -3.28394   -3.54414  7.92%   946  592s
  4152  2957   -3.31739   69  445   -3.28394   -3.54414  7.92%   948  596s
  4357  3062   -3.44716   23  697   -3.28394   -3.53538  7.66%   954  605s
  4471  3128   -3.43868   25  698   -3.28394   -3.53538  7.66%   956  610s
  4625  3177   -3.43596   27  711   -3.28394   -3.53538  7.66%   954  624s
  4734  3258   -3.42275   29  707   -3.28394   -3.53538  7.66%   953  629s
  4905  3315   -3.41026   32  734   -3.28394   -3.53538  7.66%   951  634s
  5073  3367   -3.40469   33  670   -3.28394   -3.53538  7.66%   947  640s
  5409  3506   -3.38246   38  596   -3.28394   -3.53538  7.66%   946  650s
  5729  3708   -3.34191   46  515   -3.28394   -3.53538  7.66%   944  659s
  5903  3812   -3.33579   50  664   -3.28394   -3.53538  7.66%   945  664s
  6137  3893   -3.31965   57  454   -3.28394   -3.53321  7.59%   941  670s
  6357  4056   -3.50648   29  819   -3.28394   -3.53321  7.59%   941  677s
  6705  4173   -3.47624   37  760   -3.28394   -3.53321  7.59%   926  684s
  6994  4338   -3.42392   46  729   -3.28394   -3.53321  7.59%   912  690s
  7288  4466   -3.36656   60  736   -3.28394   -3.50642  6.77%   902  698s
  7629  4479   -3.49929   23  763   -3.28394   -3.50642  6.77%   894  704s
  7854  4553   -3.49098   26  768   -3.28394   -3.50642  6.77%   897  711s
  8048  4658   -3.47427   29  777   -3.28394   -3.50642  6.77%   904  718s
  8280  4768   -3.40504   32  735   -3.28394   -3.50642  6.77%   907  724s
  8518  4928   -3.44303   36  744   -3.28394   -3.50642  6.77%   910  730s
  8827  5108   -3.43397   41  747   -3.28394   -3.50642  6.77%   908  737s
  9128  5376   -3.41372   45  676   -3.28394   -3.50642  6.77%   908  745s
  9525  5574   -3.39900   51  646   -3.28394   -3.50642  6.77%   902  753s
  9911  5822   -3.37878   58  718   -3.28394   -3.50642  6.77%   901  762s
 10274  6095   -3.33475   69  605   -3.28394   -3.50642  6.77%   900  770s
 10664  6402   -3.31764   83  589   -3.28394   -3.47780  5.90%   898  780s
 11068  6683   -3.45892   32  728   -3.28394   -3.47780  5.90%   894  789s
 11489  7033   -3.38339   48  686   -3.28394   -3.47780  5.90%   893  799s
 11928  7238   -3.28473   75  695   -3.28394   -3.47236  5.74%   889  808s
 12325  7593   -3.40595   44  768   -3.28394   -3.46956  5.65%   893  818s
 12744  7876   -3.31403   59  757   -3.28394   -3.46916  5.64%   895  864s
 13219  8167   -3.41653   27  507   -3.28394   -3.46767  5.59%   898  875s
 13629  8557   -3.33209   45  462   -3.28394   -3.46660  5.56%   904  887s
 14196  8949   -3.37935   32  608   -3.28394   -3.46435  5.49%   901  899s
 14799  9289   -3.32354   41  727   -3.28394   -3.46291  5.45%   898  911s
 15408  9703   -3.36678   46  475   -3.28394   -3.46147  5.41%   897  927s
 16041 10174   -3.30847   63  309   -3.28394   -3.46032  5.37%   892  942s
 16690 10188   -3.29505   47  455   -3.28394   -3.45976  5.35%   889 1014s
H16693  7376                      -3.3214343   -3.45976  4.16%   889 1014s
 16708  7522     cutoff   48        -3.32143   -3.45922  4.15%   890 1058s
 17031  7813   -3.34288   36  656   -3.32143   -3.45809  4.11%   893 1074s
 17694  8080   -3.34396   58  387   -3.32143   -3.45574  4.04%   898 1089s
 18400  8480   -3.36698   30  727   -3.32143   -3.45385  3.99%   904 1107s
 19158  8817   -3.40459   38  625   -3.32143   -3.45146  3.91%   905 1125s
 19862  9108   -3.34287   30  555   -3.32143   -3.44943  3.85%   910 1141s
 20651  9598   -3.35516   39  462   -3.32143   -3.44675  3.77%   917 1166s
 21763  9868   -3.37431   31  595   -3.32143   -3.44464  3.71%   920 1182s
 22532 10161   -3.34049   34  503   -3.32143   -3.44239  3.64%   927 1204s
 23370 10451   -3.35228   40  569   -3.32143   -3.44093  3.60%   929 1222s
 24222 10717   -3.36492   24  561   -3.32143   -3.43858  3.53%   934 1242s
 25089 11063   -3.33445   42  709   -3.32143   -3.43694  3.48%   938 1261s
 26101 11338   -3.32374   48  668   -3.32143   -3.43356  3.38%   940 1281s
 27063 11646   -3.37710   33  668   -3.32143   -3.43170  3.32%   945 1304s
 27969 12028     cutoff   39        -3.32143   -3.42961  3.26%   951 1327s
 29047 12477     cutoff   40        -3.32143   -3.42751  3.19%   954 1352s
 30206 12833   -3.34020   38  725   -3.32143   -3.42470  3.11%   956 1378s
 31332 13115   -3.32598   33  679   -3.32143   -3.42187  3.02%   957 1402s
 32510 13489   -3.33699   41  577   -3.32143   -3.41974  2.96%   961 1428s
 33881 13711   -3.32222   58  507   -3.32143   -3.41705  2.88%   962 1453s
 35075 14105   -3.34149   46  629   -3.32143   -3.41485  2.81%   968 1482s
 36462 14630   -3.34735   35  617   -3.32143   -3.41180  2.72%   971 1517s
 38069 15105   -3.32352   48  634   -3.32143   -3.40955  2.65%   966 1545s
 39795 15670     cutoff   32        -3.32143   -3.40677  2.57%   964 1583s
 41436 15671   -3.36969   64 1234   -3.32143   -3.40469  2.51%   962 2252s
 41438 15672   -3.36820   26  920   -3.32143   -3.40469  2.51%   962 2263s
 41439 15673   -3.34663   25 1197   -3.32143   -3.40469  2.51%   962 2277s
 41440 15674   -3.33622   35  804   -3.32143   -3.40469  2.51%   962 2289s
 41441 15674   -3.37710   34  580   -3.32143   -3.40469  2.51%   962 2309s
 41442 15675   -3.37573   41 1078   -3.32143   -3.40403  2.49%   962 2327s
 41443 15676   -3.33751   74  724   -3.32143   -3.40208  2.43%   962 2356s
 41444 15676   -3.40041   34  828   -3.32143   -3.40199  2.43%   962 2366s
 41449 15681   -3.34269   43  601   -3.32143   -3.40186  2.42%   963 2372s
 41450 15682   -3.37898   34  757   -3.32143   -3.40186  2.42%   963 2376s
 41451 15683   -3.35132   40  787   -3.32143   -3.40186  2.42%   963 2381s
 41452 15683   -3.37315   22  787   -3.32143   -3.40175  2.42%   963 2389s
 41453 15684   -3.38279   52  810   -3.32143   -3.40126  2.40%   963 2396s
 41454 15685   -3.33967   45  832   -3.32143   -3.40059  2.38%   963 2404s
 41455 15685   -3.35031   30  857   -3.32143   -3.40059  2.38%   963 2411s
 41456 15686   -3.36182   32  842   -3.32143   -3.40008  2.37%   963 2418s
 41457 15687   -3.39234   38  833   -3.32143   -3.39978  2.36%   963 2425s
 41458 15687   -3.36482   51  821   -3.32143   -3.39946  2.35%   963 2433s
 41459 15688   -3.36408   43  836   -3.32143   -3.39926  2.34%   963 2439s
 41460 15689   -3.39480   39  840   -3.32143   -3.39924  2.34%   963 2446s
 41461 15689   -3.37280   48  859   -3.32143   -3.39924  2.34%   963 2452s
 41462 15690   -3.34483   43  845   -3.32143   -3.39920  2.34%   963 2459s
 41463 15691   -3.35927   42  852   -3.32143   -3.39920  2.34%   963 2465s
 41464 15691   -3.38243   45  836   -3.32143   -3.39919  2.34%   963 2472s
 41465 15692   -3.34691   51  846   -3.32143   -3.39919  2.34%   963 2478s
 41466 15693   -3.33238   37  805   -3.32143   -3.39869  2.33%   963 2487s
 41467 15693   -3.34179   49  872   -3.32143   -3.39869  2.33%   963 2493s
 41468 15694   -3.35536   50  803   -3.32143   -3.39869  2.33%   963 2500s
 41469 15695   -3.34909   37  821   -3.32143   -3.39869  2.33%   963 2506s
 41470 15695   -3.35803   42  845   -3.32143   -3.39869  2.33%   963 2513s
 41471 15696   -3.33106   25  839   -3.32143   -3.39869  2.33%   963 2520s
 41472 15697   -3.35028   37  821   -3.32143   -3.39822  2.31%   963 2526s
 41473 15697   -3.34922   45  837   -3.32143   -3.39822  2.31%   963 2532s
 41474 15698   -3.34604   42  844   -3.32143   -3.39809  2.31%   963 2539s
 41475 15699   -3.37090   41  880   -3.32143   -3.39809  2.31%   963 2545s
 41476 15699   -3.36722   47  871   -3.32143   -3.39809  2.31%   963 2552s
 41477 15700   -3.36810   26  880   -3.32143   -3.39809  2.31%   963 2558s
 41478 15701   -3.36566   55  866   -3.32143   -3.39809  2.31%   963 2565s
 41479 15701   -3.32968   66  877   -3.32143   -3.39809  2.31%   963 2572s
 41480 15702   -3.35056   55  872   -3.32143   -3.39801  2.31%   963 2578s
 41481 15703   -3.36717   43  882   -3.32143   -3.39801  2.31%   963 2584s
 41482 15703   -3.39437   38  868   -3.32143   -3.39801  2.31%   962 2592s
 41483 15704   -3.34333   46  872   -3.32143   -3.39801  2.31%   962 2598s
 41484 15705   -3.35452   41  861   -3.32143   -3.39791  2.30%   962 2605s
 41485 15705   -3.38389   33  872   -3.32143   -3.39791  2.30%   962 2610s
 41486 15706   -3.37932   39  874   -3.32143   -3.39788  2.30%   962 2619s
 41487 15707   -3.35673   43  888   -3.32143   -3.39788  2.30%   962 2625s
 41488 15707   -3.34362   39  872   -3.32143   -3.39788  2.30%   962 2632s
 41489 15708   -3.35006   26  880   -3.32143   -3.39788  2.30%   962 2637s
 41490 15709   -3.39489   57  878   -3.32143   -3.39785  2.30%   962 2645s
 41491 15709   -3.34039   60  890   -3.32143   -3.39785  2.30%   962 2650s
 41492 15710   -3.37642   35  881   -3.32143   -3.39785  2.30%   962 2657s
 41493 15711   -3.39785   48  890   -3.32143   -3.39785  2.30%   962 2663s
 41494 15711   -3.34052   46  858   -3.32143   -3.39775  2.30%   962 2670s
 41495 15712   -3.34296   41  880   -3.32143   -3.39771  2.30%   962 2675s
 41496 15713   -3.39251   29  869   -3.32143   -3.39753  2.29%   962 2682s
 41497 15713   -3.38149   30  879   -3.32143   -3.39753  2.29%   962 2688s
 41498 15714   -3.33322   59  874   -3.32143   -3.39753  2.29%   962 2695s
 41499 15715   -3.32449   51  884   -3.32143   -3.39753  2.29%   962 2701s
 41500 15715   -3.39225   43  888   -3.32143   -3.39753  2.29%   962 2707s
 41501 15716   -3.36513   44  898   -3.32143   -3.39753  2.29%   962 2713s
 41502 15717   -3.32325   63  881   -3.32143   -3.39753  2.29%   962 2720s
 41503 15717   -3.37458   30  889   -3.32143   -3.39753  2.29%   962 2725s
 41504 15718   -3.33351   50  872   -3.32143   -3.39719  2.28%   962 2732s
 41505 15719   -3.38618   25  898   -3.32143   -3.39719  2.28%   962 2738s
 41506 15719   -3.36486   48  876   -3.32143   -3.39719  2.28%   962 2744s
 41507 15720   -3.34036   48  876   -3.32143   -3.39719  2.28%   962 2750s
 41508 15721   -3.36154   41  876   -3.32143   -3.39719  2.28%   962 2759s
 41509 15724   -3.39638   43  685   -3.32143   -3.39719  2.28%   965 2766s
 41523 15748   -3.38812   46  837   -3.32143   -3.39277  2.15%   965 2772s
 41555 15769   -3.37044   47  769   -3.32143   -3.39188  2.12%   965 2775s
 41587 15788   -3.36574   48  893   -3.32143   -3.38698  1.97%   966 2782s
 41635 15819   -3.36345   50  756   -3.32143   -3.38698  1.97%   966 2799s
 41651 15829   -3.35328   50  617   -3.32143   -3.38698  1.97%   966 2801s
 41712 15877   -3.36210   52  820   -3.32143   -3.38698  1.97%   967 2805s
 41831 15928   -3.35871   55  787   -3.32143   -3.38698  1.97%   967 2810s
 41979 15973   -3.35665   59  619   -3.32143   -3.38698  1.97%   967 2815s
 42022 15968   -3.35160   60  543   -3.32143   -3.38698  1.97%   967 2823s
 42092 16001   -3.32321   61  456   -3.32143   -3.38698  1.97%   966 2826s
 42248 16039   -3.33753   67  570   -3.32143   -3.38698  1.97%   966 2832s
 42376 16049   -3.32890   73  560   -3.32143   -3.38698  1.97%   965 2836s
 42508 16058   -3.37912   49  799   -3.32143   -3.38527  1.92%   964 2841s
 42619 16080   -3.37583   51  642   -3.32143   -3.38527  1.92%   964 2845s
 42784 16081   -3.36997   53  589   -3.32143   -3.38527  1.92%   963 2850s
 42937 16128   -3.36519   56  720   -3.32143   -3.38527  1.92%   962 2855s
 43124 16145   -3.36205   59  615   -3.32143   -3.38527  1.92%   960 2860s
 43314 16129   -3.35376   65  621   -3.32143   -3.38527  1.92%   959 2865s
 43520 16173   -3.34664   70  768   -3.32143   -3.38527  1.92%   957 2870s
 43767 16175   -3.33256   78  610   -3.32143   -3.38527  1.92%   955 2876s
 43898 16179     cutoff   79        -3.32143   -3.37828  1.71%   954 2880s
 44148 16167   -3.34715   52  740   -3.32143   -3.37828  1.71%   953 2911s
 44352 16201   -3.36778   53  413   -3.32143   -3.37681  1.67%   953 2917s
 44483 16214   -3.33888   60  517   -3.32143   -3.37681  1.67%   952 2921s
 44649 16240     cutoff   64        -3.32143   -3.36927  1.44%   951 2925s
 44983 16241   -3.34535   57  651   -3.32143   -3.36611  1.35%   949 2934s
 45170 16232   -3.33480   66  582   -3.32143   -3.36554  1.33%   947 2942s
 45368 16250   -3.35404   60  407   -3.32143   -3.36554  1.33%   946 2950s
 45572 16202   -3.33107   73  622   -3.32143   -3.36554  1.33%   944 2957s
H45652 15302                      -3.3274297   -3.36554  1.15%   944 2957s
 45743 15306   -3.32788   85  564   -3.32743   -3.36379  1.09%   943 2967s
 45968 15313     cutoff   60        -3.32743   -3.36358  1.09%   942 2977s
 46217 15276     cutoff   62        -3.32743   -3.36170  1.03%   940 2988s
 46459 15271     cutoff   50        -3.32743   -3.36101  1.01%   938 3001s
 46720 15200   -3.34568   58  551   -3.32743   -3.35998  0.98%   936 3010s
 46976 15130   -3.33082   54  816   -3.32743   -3.35957  0.97%   935 3023s
*47016 13716              62      -3.3380947   -3.35956  0.64%   935 3023s
 47304 13557     cutoff   59        -3.33809   -3.35900  0.63%   932 3031s
 47599 13390   -3.34228   56  520   -3.33809   -3.35768  0.59%   931 3042s
 47842 13246     cutoff   66        -3.33809   -3.35579  0.53%   931 3053s
 48143 13056     cutoff   62        -3.33809   -3.35449  0.49%   930 3060s
 48425 12900     cutoff   58        -3.33809   -3.35278  0.44%   931 3074s
 48596 12679   -3.34028   56  622   -3.33809   -3.35192  0.41%   931 3083s
 48934 12362     cutoff   58        -3.33809   -3.34975  0.35%   932 3093s
 49274 11934   -3.33946   52  535   -3.33809   -3.34738  0.28%   933 3101s
 49684 11465     cutoff   58        -3.33809   -3.34415  0.18%   934 3107s

Cutting planes:
  Gomory: 27
  Cover: 4
  Clique: 2
  MIR: 18
  Flow cover: 149
  Inf proof: 36
  Zero half: 155

Explored 50034 nodes (46730862 simplex iterations) in 3108.65 seconds (5959.23 work units)
Thread count was 16 (of 18 available processors)

Solution count 10: -3.33809 -3.32743 -3.32143 ... -3.11833
No other solutions better than -3.33809

Optimal solution found (tolerance 1.00e-04)
Best objective -3.338094669980e+00, best bound -3.338094669980e+00, gap 0.0000%

---------------------------------------------------------------------------
Multi-objectives: solved in 3109.23 seconds (5959.23 work units), solution count 10

