
Gurobi 11.0.0 (win64) logging started Sat Dec 28 07:32:10 2024

Set parameter LogFile to value "C:\Users\Administrator\Desktop\OptRail_Railroad_Construction\Data\Solution\AnzahlAuftraege_NEW_30\a30_o355_m18_an148_ar42\3_Objectives\weighted\gurobi_a30_o355_m18_an148_ar42_weighted.log"
Gurobi Optimizer version 11.0.0 build v11.0.0rc2 (win64 - Windows Server 2022.0 (20348.2))

CPU model: AMD EPYC 7513 32-Core Processor, instruction set [SSE2|AVX|AVX2]
Thread count: 18 physical cores, 18 logical processors, using up to 16 threads

Optimize a model with 24341 rows, 5101510 columns and 27520859 nonzeros
Model fingerprint: 0x4c8f0586
Variable types: 0 continuous, 5101510 integer (5101510 binary)
Coefficient statistics:
  Matrix range     [1e+00, 1e+01]
  Objective range  [1e+00, 2e+02]
  Bounds range     [1e+00, 1e+00]
  RHS range        [1e+00, 2e+02]

---------------------------------------------------------------------------
Multi-objectives: starting optimization with 3 objectives (1 combined) ...
---------------------------------------------------------------------------
---------------------------------------------------------------------------

Multi-objectives: optimize objective 1 (weighted) ...
---------------------------------------------------------------------------

Optimize a model with 24341 rows, 5101510 columns and 27520859 nonzeros
Model fingerprint: 0x5cb19564
Variable types: 0 continuous, 5101510 integer (5101510 binary)
Coefficient statistics:
  Matrix range     [1e+00, 1e+01]
  Objective range  [3e-04, 7e-01]
  Bounds range     [1e+00, 1e+00]
  RHS range        [1e+00, 2e+02]
Found heuristic solution: objective 0.0000000
Presolve removed 80 rows and 2646040 columns (presolve time = 5s) ...
Presolve removed 80 rows and 2646040 columns (presolve time = 10s) ...
Presolve removed 104 rows and 2646040 columns (presolve time = 15s) ...
Presolve removed 104 rows and 2646057 columns (presolve time = 20s) ...
Presolve removed 104 rows and 2646057 columns (presolve time = 25s) ...
Presolve removed 104 rows and 2646057 columns (presolve time = 30s) ...
Presolve removed 104 rows and 2646057 columns (presolve time = 35s) ...
Presolve removed 104 rows and 2646057 columns
Presolve time: 35.92s
Presolved: 24237 rows, 2455453 columns, 27331403 nonzeros
Variable types: 0 continuous, 2455453 integer (2455453 binary)
Deterministic concurrent LP optimizer: primal simplex, dual simplex, and barrier
Showing barrier log only...

Root barrier log...

Ordering time: 2.97s

Barrier statistics:
 Dense cols : 1
 AA' NZ     : 8.254e+06
 Factor NZ  : 2.998e+07 (roughly 1.2 GB of memory)
 Factor Ops : 7.192e+10 (roughly 1 second per iteration)
 Threads    : 14

                  Objective                Residual
Iter       Primal          Dual         Primal    Dual     Compl     Time
   0   3.76836086e+05 -1.77161081e+06  2.61e+06 3.71e-02  2.41e+01    55s
   1   2.76247376e+05 -1.76315432e+06  1.91e+06 2.55e-01  1.79e+01    56s
   2   9.53773543e+04 -1.71006734e+06  6.60e+05 9.03e-02  6.37e+00    57s
   3   3.42225969e+04 -1.46421359e+06  2.37e+05 2.31e-14  2.36e+00    58s
   4   2.24020227e+04 -1.25758426e+06  1.55e+05 2.40e-14  1.52e+00    59s
   5   1.82886279e+04 -1.09221049e+06  1.27e+05 1.69e-14  1.22e+00    60s
   6   1.57739094e+04 -8.59527156e+05  1.09e+05 1.51e-14  9.77e-01    61s
   7   8.36355837e+03 -5.94632696e+05  5.79e+04 1.29e-14  5.10e-01    62s
   8   6.19455031e+03 -2.57821645e+05  4.29e+04 6.08e-13  3.09e-01    63s
   9   4.99035639e+03 -1.04342001e+05  3.46e+04 4.46e-13  2.19e-01    64s
  10   4.38122675e+03 -6.90822811e+04  3.04e+04 4.96e-11  1.85e-01    65s
  11   1.00264776e+03 -3.07320120e+04  6.96e+03 2.16e-10  4.48e-02    66s
  12   1.93361522e+02 -1.27137776e+04  1.37e+03 1.15e-10  1.01e-02    66s
  13   8.96746748e+00 -4.21825056e+03  9.52e+01 8.73e-11  1.37e-03    67s
  14  -7.03514643e+00 -2.16755232e+03  3.43e+01 6.39e-13  6.13e-04    68s
  15  -1.56276332e+01 -6.14528798e+02  9.64e+00 4.62e-14  1.74e-04    69s
  16  -1.59901871e+01 -5.78027614e+02  8.30e+00 4.71e-14  1.59e-04    70s
  17  -1.73863427e+01 -4.43302836e+02  2.68e+00 2.66e-14  1.05e-04    71s
  18  -1.72281845e+01 -3.72653403e+02  1.62e-01 2.35e-14  7.95e-05    72s
  19  -1.70739126e+01 -2.67761593e+02  7.34e-02 1.55e-14  5.36e-05    73s
  20  -1.75577522e+01 -1.57287353e+02  3.27e-02 8.44e-15  2.92e-05    74s
  21  -1.78850127e+01 -1.10833266e+02  2.50e-02 5.00e-15  1.93e-05    74s
  22  -1.82627130e+01 -9.08952073e+01  1.84e-02 3.66e-15  1.50e-05    75s
  23  -1.86154127e+01 -6.77600862e+01  1.02e-02 2.33e-15  1.01e-05    76s
  24  -1.90017515e+01 -4.81762140e+01  5.90e-03 1.33e-15  5.97e-06    77s
  25  -1.92180217e+01 -4.02901372e+01  4.17e-02 9.99e-16  4.31e-06    78s
  26  -1.92640662e+01 -3.83884115e+01  4.12e-02 7.77e-16  3.91e-06    79s
  27  -1.93410248e+01 -3.76882008e+01  7.26e-03 8.88e-16  3.75e-06    80s
  28  -1.93825408e+01 -3.63388960e+01  3.82e-03 7.77e-16  3.46e-06    81s
  29  -1.95269987e+01 -3.31890086e+01  2.98e-02 6.66e-16  2.79e-06    82s
  30  -1.96883206e+01 -3.03368534e+01  2.51e-02 5.55e-16  2.17e-06    83s
  31  -1.99078975e+01 -2.86907227e+01  1.92e-02 5.55e-16  1.79e-06    85s
  32  -1.99990116e+01 -2.73287395e+01  1.66e-02 3.33e-16  1.49e-06    86s
  33  -2.01148322e+01 -2.56419805e+01  1.43e-02 2.22e-16  1.13e-06    87s
  34  -2.02962788e+01 -2.49063685e+01  1.05e-02 3.33e-16  9.39e-07    89s
  35  -2.03595771e+01 -2.43103312e+01  9.28e-03 2.22e-16  8.04e-07    90s
  36  -2.04068049e+01 -2.37700663e+01  8.46e-03 1.11e-16  6.84e-07    91s
  37  -2.04777117e+01 -2.31410886e+01  7.22e-03 1.11e-16  5.42e-07    93s
  38  -2.05322914e+01 -2.29525446e+01  6.24e-03 1.11e-16  4.92e-07    94s
  39  -2.05670196e+01 -2.26359461e+01  5.65e-03 1.11e-16  4.21e-07    95s
  40  -2.06253337e+01 -2.23313305e+01  4.70e-03 2.22e-16  3.47e-07    97s
  41  -2.06874757e+01 -2.21391941e+01  3.71e-03 1.11e-16  2.95e-07    98s
  42  -2.07166101e+01 -2.19268227e+01  3.28e-03 2.22e-16  2.46e-07    99s
  43  -2.07532772e+01 -2.17399168e+01  2.77e-03 1.11e-16  2.01e-07   100s
  44  -2.07799081e+01 -2.16249832e+01  2.42e-03 1.11e-16  1.72e-07   102s
  45  -2.08018591e+01 -2.15253441e+01  2.15e-03 1.11e-16  1.47e-07   103s
  46  -2.08270237e+01 -2.14800273e+01  1.85e-03 2.22e-16  1.33e-07   105s
  47  -2.08522991e+01 -2.13554467e+01  1.56e-03 2.22e-16  1.02e-07   106s
  48  -2.08878393e+01 -2.12813106e+01  1.15e-03 1.11e-16  8.00e-08   107s
  49  -2.09071461e+01 -2.12444904e+01  9.47e-04 1.11e-16  6.86e-08   109s
  50  -2.09277862e+01 -2.12044614e+01  7.30e-04 1.11e-16  5.63e-08   110s
  51  -2.09419758e+01 -2.11499058e+01  5.86e-04 1.11e-16  4.23e-08   111s
  52  -2.09561564e+01 -2.11294840e+01  4.44e-04 1.11e-16  3.52e-08   113s
  53  -2.09622251e+01 -2.10998809e+01  3.85e-04 1.11e-16  2.80e-08   114s
  54  -2.09704060e+01 -2.10715245e+01  3.09e-04 1.11e-16  2.06e-08   115s
  55  -2.09782685e+01 -2.10603745e+01  2.39e-04 2.22e-16  1.67e-08   117s
  56  -2.09829734e+01 -2.10499530e+01  1.98e-04 1.11e-16  1.36e-08   118s
  57  -2.09877638e+01 -2.10411288e+01  1.56e-04 1.11e-16  1.08e-08   120s
  58  -2.09889220e+01 -2.10369088e+01  1.46e-04 1.11e-16  9.76e-09   121s
  59  -2.09924630e+01 -2.10295357e+01  1.17e-04 2.78e-16  7.54e-09   122s
  60  -2.09962194e+01 -2.10261717e+01  8.66e-05 2.22e-16  6.09e-09   123s
  61  -2.09980701e+01 -2.10200270e+01  7.19e-05 3.89e-16  4.46e-09   124s
  62  -2.10002693e+01 -2.10168865e+01  5.37e-05 6.11e-16  3.38e-09   125s
  63  -2.10020667e+01 -2.10149082e+01  3.95e-05 5.55e-16  2.61e-09   127s
  64  -2.10036651e+01 -2.10121987e+01  2.66e-05 2.22e-16  1.73e-09   128s
  65  -2.10052357e+01 -2.10101958e+01  1.44e-05 2.22e-16  1.01e-09   129s
  66  -2.10061741e+01 -2.10089874e+01  7.20e-06 2.22e-16  5.72e-10   131s
  67  -2.10067948e+01 -2.10077744e+01  2.38e-06 2.78e-16  1.99e-10   132s
  68  -2.10069981e+01 -2.10074493e+01  9.43e-07 3.89e-16  9.17e-11   133s
  69  -2.10070869e+01 -2.10072200e+01  3.46e-07 2.22e-16  2.71e-11   134s
  70  -2.10071120e+01 -2.10071618e+01  2.00e-07 2.22e-16  1.01e-11   135s
  71  -2.10071396e+01 -2.10071458e+01  4.39e-08 3.33e-16  1.26e-12   135s
  72  -2.10071438e+01 -2.10071439e+01  1.15e-08 5.69e-16  1.18e-14   136s

Barrier solved model in 72 iterations and 136.27 seconds (280.48 work units)
Optimal objective -2.10071438e+01


Root crossover log...

   17250 DPushes remaining with DInf 0.0000000e+00               137s
       0 DPushes remaining with DInf 0.0000000e+00               138s

   95551 PPushes remaining with PInf 1.9536072e-05               138s
   18663 PPushes remaining with PInf 0.0000000e+00               140s
       0 PPushes remaining with PInf 0.0000000e+00               141s

  Push phase complete: Pinf 0.0000000e+00, Dinf 3.2562884e-12    141s


Root simplex log...

Iteration    Objective       Primal Inf.    Dual Inf.      Time
  111571   -2.1007144e+01   0.000000e+00   0.000000e+00    142s
Concurrent spin time: 23.91s (can be avoided by choosing Method=3)

Solved with barrier

Root relaxation: objective -2.100714e+01, 111571 iterations, 126.33 seconds (144.88 work units)
Total elapsed time = 541.15s (DegenMoves)
Total elapsed time = 896.45s (DegenMoves)
Total elapsed time = 1053.32s (DegenMoves)
Total elapsed time = 1196.02s (DegenMoves)

    Nodes    |    Current Node    |     Objective Bounds      |     Work
 Expl Unexpl |  Obj  Depth IntInf | Incumbent    BestBd   Gap | It/Node Time

     0     0  -21.00714    0 3666    0.00000  -21.00714      -     - 1303s
H    0     0                     -11.7177672  -21.00714  79.3%     - 2261s
     0     0  -20.99509    0 4376  -11.71777  -20.99509  79.2%     - 5505s
H    0     0                     -13.2596785  -20.99509  58.3%     - 10800s

Cutting planes:
  Cover: 1
  MIR: 39
  StrongCG: 1
  GUB cover: 1
  Zero half: 85
  RLT: 1

Explored 1 nodes (1025666 simplex iterations) in 10800.92 seconds (22097.89 work units)
Thread count was 16 (of 18 available processors)

Solution count 3: -13.2597 -11.7178 0 

Time limit reached
Best objective -1.325967848167e+01, best bound -2.099509219939e+01, gap 58.3379%

---------------------------------------------------------------------------
Multi-objectives: stopped in 10801.68 seconds (22097.89 work units), solution count 3
Time Limit reached

