
Gurobi 11.0.0 (win64) logging started Tue Dec 24 09:43:17 2024

Set parameter LogFile to value "C:\Users\Administrator\Desktop\OptRail_Railroad_Construction\Data\Solution\AnzahlAuftraege_NEW_25\a25_o306_m13_an127_ar31\6_Objectives\weighted\gurobi_a25_o306_m13_an127_ar31_weighted.log"
Gurobi Optimizer version 11.0.0 build v11.0.0rc2 (win64 - Windows Server 2022.0 (20348.2))

CPU model: AMD EPYC 7513 32-Core Processor, instruction set [SSE2|AVX|AVX2]
Thread count: 18 physical cores, 18 logical processors, using up to 16 threads

Optimize a model with 15342 rows, 2608311 columns and 13895596 nonzeros
Model fingerprint: 0xf9dfc0d5
Variable types: 0 continuous, 2608311 integer (2608311 binary)
Coefficient statistics:
  Matrix range     [1e+00, 1e+01]
  Objective range  [1e+00, 2e+02]
  Bounds range     [1e+00, 1e+00]
  RHS range        [1e+00, 2e+02]

---------------------------------------------------------------------------
Multi-objectives: starting optimization with 6 objectives (1 combined) ...
---------------------------------------------------------------------------
---------------------------------------------------------------------------

Multi-objectives: optimize objective 1 (weighted) ...
---------------------------------------------------------------------------

Optimize a model with 15342 rows, 2608311 columns and 13895596 nonzeros
Model fingerprint: 0x152a7ff7
Variable types: 0 continuous, 2608311 integer (2608311 binary)
Coefficient statistics:
  Matrix range     [1e+00, 1e+01]
  Objective range  [3e-04, 5e-01]
  Bounds range     [1e+00, 1e+00]
  RHS range        [1e+00, 2e+02]
Found heuristic solution: objective 0.0000000
Presolve removed 17 rows and 1359814 columns (presolve time = 5s) ...
Presolve removed 160 rows and 1359840 columns (presolve time = 10s) ...
Presolve removed 160 rows and 1359840 columns (presolve time = 15s) ...
Presolve removed 160 rows and 1359840 columns
Presolve time: 18.27s
Presolved: 15182 rows, 1248471 columns, 13770798 nonzeros
Variable types: 0 continuous, 1248471 integer (1248471 binary)
Deterministic concurrent LP optimizer: primal simplex, dual simplex, and barrier
Showing barrier log only...

Root barrier log...

Ordering time: 1.53s

Barrier statistics:
 AA' NZ     : 4.057e+06
 Factor NZ  : 1.417e+07 (roughly 600 MB of memory)
 Factor Ops : 2.348e+10 (less than 1 second per iteration)
 Threads    : 14

                  Objective                Residual
Iter       Primal          Dual         Primal    Dual     Compl     Time
   0   9.57202405e+05 -6.49644923e+05  2.13e+06 5.65e-02  1.94e+01    27s
   1   7.00964187e+05 -6.44564861e+05  1.56e+06 1.44e-01  1.43e+01    28s
   2   2.64132750e+05 -6.33961132e+05  5.88e+05 5.27e-02  5.56e+00    28s
   3   1.37191188e+05 -5.84950140e+05  3.05e+05 1.11e-02  2.92e+00    29s
   4   2.24321129e+04 -4.82005530e+05  5.00e+04 2.20e-03  5.98e-01    29s
   5   2.07786483e+04 -4.61940263e+05  4.63e+04 7.47e-04  5.54e-01    29s
   6   1.77276402e+04 -3.10922250e+05  3.95e+04 2.13e-14  4.03e-01    30s
   7   1.15946940e+04 -1.63105919e+05  2.59e+04 2.44e-15  2.25e-01    30s
   8   1.08121831e+04 -1.36031752e+05  2.41e+04 3.29e-14  1.99e-01    30s
   9   9.08177833e+03 -7.85905592e+04  2.03e+04 9.77e-15  1.47e-01    31s
  10   5.59701221e+03 -4.01378873e+04  1.25e+04 1.14e-13  8.41e-02    31s
  11   4.30800696e+02 -1.17926402e+04  9.36e+02 7.21e-13  9.70e-03    31s
  12   2.71666201e+02 -4.70729191e+03  5.81e+02 9.77e-14  4.92e-03    32s
  13   9.10569587e+01 -2.31282499e+03  1.85e+02 2.31e-14  1.89e-03    32s
  14   3.19140989e+01 -1.91045122e+03  6.45e+01 1.91e-14  1.09e-03    32s
  15   1.04694447e+01 -1.42115786e+03  1.92e+01 1.47e-14  6.66e-04    33s
  16   4.11429860e+00 -9.47815830e+02  6.88e+00 8.22e-15  4.16e-04    33s
  17   1.59319410e+00 -6.20634137e+02  2.62e+00 4.88e-15  2.66e-04    33s
  18  -6.92760834e-01 -2.87142717e+02  3.83e-02 2.47e-15  1.17e-04    34s
  19  -1.39909017e+00 -1.60194858e+02  2.39e-02 1.19e-15  6.43e-05    34s
  20  -2.07212554e+00 -1.17341881e+02  1.72e-02 8.33e-16  4.65e-05    34s
  21  -3.37621821e+00 -7.53840944e+01  7.99e-03 7.37e-16  2.89e-05    35s
  22  -4.08978524e+00 -5.83882688e+01  6.02e-03 5.61e-16  2.18e-05    35s
  23  -4.74250101e+00 -4.54164198e+01  4.43e-03 3.72e-16  1.63e-05    35s
  24  -5.75980476e+00 -3.54993728e+01  2.53e-03 3.85e-16  1.19e-05    36s
  25  -6.11755853e+00 -3.41545069e+01  2.11e-03 3.45e-16  1.12e-05    36s
  26  -6.55548715e+00 -3.23025135e+01  1.65e-03 4.76e-16  1.03e-05    37s
  27  -6.89526136e+00 -2.73582429e+01  1.37e-03 3.20e-16  8.19e-06    37s
  28  -7.28736253e+00 -2.45032615e+01  1.09e-03 2.86e-16  6.89e-06    38s
  29  -7.77533322e+00 -2.24996379e+01  7.65e-04 3.87e-16  5.89e-06    38s
  30  -8.19163747e+00 -2.02229295e+01  5.10e-04 2.33e-16  4.81e-06    39s
  31  -8.41538275e+00 -1.81675393e+01  3.97e-04 3.58e-16  3.90e-06    39s
  32  -8.67890961e+00 -1.58467904e+01  2.78e-04 3.68e-16  2.87e-06    40s
  33  -8.90396509e+00 -1.45409980e+01  1.95e-04 1.79e-16  2.25e-06    40s
  34  -9.08318006e+00 -1.31122246e+01  1.40e-04 1.65e-16  1.61e-06    41s
  35  -9.24377857e+00 -1.27452514e+01  9.51e-05 1.94e-16  1.40e-06    41s
  36  -9.32820610e+00 -1.19090059e+01  7.07e-05 2.78e-16  1.03e-06    42s
  37  -9.44231512e+00 -1.12157677e+01  4.38e-05 1.94e-16  7.09e-07    43s
  38  -9.52858942e+00 -1.08365020e+01  2.48e-05 1.35e-16  5.23e-07    43s
  39  -9.56333770e+00 -1.04999544e+01  1.84e-05 1.61e-16  3.74e-07    44s
  40  -9.58881555e+00 -1.03680911e+01  1.32e-05 1.94e-16  3.11e-07    44s
  41  -9.60539792e+00 -1.01215602e+01  9.58e-06 1.88e-16  2.06e-07    45s
  42  -9.62207301e+00 -1.00103178e+01  3.73e-05 1.45e-16  1.55e-07    45s
  43  -9.63923644e+00 -9.88371406e+00  4.10e-06 1.79e-16  9.77e-08    45s
  44  -9.64783851e+00 -9.81256945e+00  2.95e-06 1.67e-16  6.58e-08    46s
  45  -9.65285919e+00 -9.78489066e+00  2.18e-06 1.67e-16  5.28e-08    46s
  46  -9.65612692e+00 -9.75053568e+00  1.70e-06 1.33e-16  3.77e-08    47s
  47  -9.66001832e+00 -9.73081451e+00  1.24e-06 1.62e-16  2.83e-08    47s
  48  -9.66322772e+00 -9.72746342e+00  8.57e-07 2.07e-16  2.57e-08    47s
  49  -9.66598982e+00 -9.70487682e+00  4.73e-07 1.46e-16  1.55e-08    47s
  50  -9.66656866e+00 -9.69798872e+00  4.04e-07 1.63e-16  1.26e-08    48s
  51  -9.66747054e+00 -9.69186099e+00  2.94e-07 1.66e-16  9.75e-09    48s
  52  -9.66873799e+00 -9.67989635e+00  1.63e-07 2.22e-16  4.46e-09    48s
  53  -9.66934780e+00 -9.67749198e+00  9.35e-08 1.77e-16  3.26e-09    49s
  54  -9.66986432e+00 -9.67332613e+00  5.01e-08 1.89e-16  1.38e-09    49s
  55  -9.67028176e+00 -9.67208871e+00  2.05e-08 1.48e-16  7.22e-10    49s
  56  -9.67043845e+00 -9.67093291e+00  9.43e-09 2.56e-16  1.98e-10    50s
  57  -9.67057174e+00 -9.67068649e+00  2.99e-09 1.94e-16  4.59e-11    50s
  58  -9.67060745e+00 -9.67062490e+00  3.48e-09 2.39e-16  6.97e-12    50s
  59  -9.67060746e+00 -9.67062479e+00  7.27e-09 2.22e-16  6.92e-12    51s
  60  -9.67060772e+00 -9.67062325e+00  1.19e-08 1.96e-16  6.20e-12    51s
  61  -9.67060772e+00 -9.67062321e+00  1.19e-08 2.29e-16  6.19e-12    52s
  62  -9.67060770e+00 -9.67062317e+00  1.19e-08 2.34e-16  6.18e-12    52s
  63  -9.67060770e+00 -9.67062315e+00  1.18e-08 3.64e-16  6.18e-12    53s
  64  -9.67060769e+00 -9.67062313e+00  1.19e-08 2.78e-16  6.17e-12    53s
  65  -9.67060769e+00 -9.67062312e+00  1.19e-08 2.22e-16  6.17e-12    54s

Barrier solved model in 65 iterations and 53.97 seconds (111.66 work units)
Optimal objective -9.67060772e+00


Root crossover log...

    8824 DPushes remaining with DInf 0.0000000e+00                54s
     438 DPushes remaining with DInf 0.0000000e+00                55s
       0 DPushes remaining with DInf 0.0000000e+00                56s

   10723 PPushes remaining with PInf 2.4914919e-05                56s
       0 PPushes remaining with PInf 0.0000000e+00                56s

  Push phase complete: Pinf 0.0000000e+00, Dinf 6.4140967e-14     56s


Root simplex log...

Iteration    Objective       Primal Inf.    Dual Inf.      Time
   19366   -9.6706084e+00   0.000000e+00   0.000000e+00     56s
Concurrent spin time: 5.70s (can be avoided by choosing Method=3)

Solved with barrier

Root relaxation: objective -9.670608e+00, 19366 iterations, 41.81 seconds (49.30 work units)
Total elapsed time = 72.15s (DegenMoves)
Total elapsed time = 76.56s (DegenMoves)

    Nodes    |    Current Node    |     Objective Bounds      |     Work
 Expl Unexpl |  Obj  Depth IntInf | Incumbent    BestBd   Gap | It/Node Time

     0     0   -9.67061    0 4190    0.00000   -9.67061      -     -   82s
H    0     0                      -4.3883043   -9.67061   120%     -  175s
     0     0   -9.64848    0 4479   -4.38830   -9.64848   120%     -  597s
H    0     0                      -4.5337630   -9.64848   113%     - 1194s
     0     0   -9.64835    0 4463   -4.53376   -9.64835   113%     - 1250s
     0     0   -9.61403    0 4660   -4.53376   -9.61403   112%     - 1785s
H    0     0                      -5.3191159   -9.61403  80.7%     - 1993s
     0     0   -9.61303    0 4586   -5.31912   -9.61303  80.7%     - 2247s
     0     0   -9.59019    0 4886   -5.31912   -9.59019  80.3%     - 2713s
     0     0   -9.58977    0 4794   -5.31912   -9.58977  80.3%     - 2796s
     0     0   -9.58002    0 4868   -5.31912   -9.58002  80.1%     - 3082s
     0     0   -9.58002    0 4865   -5.31912   -9.58002  80.1%     - 3092s
     0     0   -9.57621    0 4792   -5.31912   -9.57621  80.0%     - 3336s
     0     0   -9.57610    0 4863   -5.31912   -9.57610  80.0%     - 3388s
     0     0   -9.57483    0 4809   -5.31912   -9.57483  80.0%     - 3501s
     0     0   -9.57480    0 4830   -5.31912   -9.57480  80.0%     - 3520s
     0     0   -9.57434    0 4850   -5.31912   -9.57434  80.0%     - 3582s
     0     0   -9.57430    0 4862   -5.31912   -9.57430  80.0%     - 3620s
     0     0   -9.57426    0 4907   -5.31912   -9.57426  80.0%     - 3642s
     0     0   -9.57425    0 4892   -5.31912   -9.57425  80.0%     - 3660s
     0     0   -9.57248    0 4882   -5.31912   -9.57248  80.0%     - 3714s
     0     0   -9.57238    0 4925   -5.31912   -9.57238  80.0%     - 3765s
     0     0   -9.57238    0 4927   -5.31912   -9.57238  80.0%     - 3769s
     0     0   -9.57200    0 4930   -5.31912   -9.57200  80.0%     - 3846s
     0     0   -9.57200    0 4930   -5.31912   -9.57200  80.0%     - 3852s
     0     0   -9.57181    0 4959   -5.31912   -9.57181  80.0%     - 3927s
     0     0   -9.57180    0 4972   -5.31912   -9.57180  80.0%     - 3966s
     0     0   -9.57177    0 4974   -5.31912   -9.57177  80.0%     - 3993s
     0     0   -9.57077    0 4998   -5.31912   -9.57077  79.9%     - 4111s
     0     0   -9.57077    0 5010   -5.31912   -9.57077  79.9%     - 4123s
     0     0   -9.57059    0 5045   -5.31912   -9.57059  79.9%     - 4157s
     0     0   -9.57022    0 5020   -5.31912   -9.57022  79.9%     - 4214s
     0     0   -9.56964    0 4991   -5.31912   -9.56964  79.9%     - 4297s
     0     0   -9.56964    0 4996   -5.31912   -9.56964  79.9%     - 4304s
     0     0   -9.56964    0 4994   -5.31912   -9.56964  79.9%     - 4310s
H    0     0                      -6.4374290   -9.56964  48.7%     - 4549s
     0     0   -9.56964    0 4848   -6.43743   -9.56964  48.7%     - 4576s
     0     2   -9.56964    0 4848   -6.43743   -9.56964  48.7%     - 5919s
     1     4   -9.55595    1 4670   -6.43743   -9.56964  48.7% 105917 7007s
     3     8   -9.51499    2 4454   -6.43743   -9.55565  48.4% 89091 8245s
     7    16   -9.45169    3 4125   -6.43743   -9.54122  48.2% 60481 10795s

Cutting planes:
  Cover: 4
  Implied bound: 17
  Clique: 4
  MIR: 48
  StrongCG: 2
  Zero half: 79
  RLT: 5

Explored 15 nodes (1399843 simplex iterations) in 10801.32 seconds (28112.05 work units)
Thread count was 16 (of 18 available processors)

Solution count 5: -6.43743 -5.31912 -4.53376 ... 0

Time limit reached
Best objective -6.437429034659e+00, best bound -9.517870560693e+00, gap 47.8520%

---------------------------------------------------------------------------
Multi-objectives: stopped in 10802.06 seconds (28112.05 work units), solution count 5
Time Limit reached

