
Gurobi 11.0.0 (win64) logging started Tue Dec 24 06:41:41 2024

Set parameter LogFile to value "C:\Users\Administrator\Desktop\OptRail_Railroad_Construction\Data\Solution\AnzahlAuftraege_NEW_25\a25_o306_m13_an127_ar31\6_Objectives\costs\gurobi_a25_o306_m13_an127_ar31_costs.log"
Gurobi Optimizer version 11.0.0 build v11.0.0rc2 (win64 - Windows Server 2022.0 (20348.2))

CPU model: AMD EPYC 7513 32-Core Processor, instruction set [SSE2|AVX|AVX2]
Thread count: 18 physical cores, 18 logical processors, using up to 16 threads

Optimize a model with 15342 rows, 2608311 columns and 13895596 nonzeros
Model fingerprint: 0x44054e74
Variable types: 0 continuous, 2608311 integer (2608311 binary)
Coefficient statistics:
  Matrix range     [1e+00, 1e+01]
  Objective range  [1e+00, 2e+02]
  Bounds range     [1e+00, 1e+00]
  RHS range        [1e+00, 2e+02]

---------------------------------------------------------------------------
Multi-objectives: starting optimization with 6 objectives (1 combined) ...
---------------------------------------------------------------------------
---------------------------------------------------------------------------

Multi-objectives: optimize objective 1 (weighted) ...
---------------------------------------------------------------------------

Optimize a model with 15342 rows, 2608311 columns and 13895596 nonzeros
Model fingerprint: 0x427bc4c5
Variable types: 0 continuous, 2608311 integer (2608311 binary)
Coefficient statistics:
  Matrix range     [1e+00, 1e+01]
  Objective range  [1e+00, 1e+06]
  Bounds range     [1e+00, 1e+00]
  RHS range        [1e+00, 2e+02]
Found heuristic solution: objective 0.0000000
Presolve removed 17 rows and 1359814 columns (presolve time = 5s) ...
Presolve removed 160 rows and 1359840 columns (presolve time = 10s) ...
Presolve removed 160 rows and 1359840 columns (presolve time = 15s) ...
Presolve removed 160 rows and 1359840 columns
Presolve time: 17.91s
Presolved: 15182 rows, 1248471 columns, 13770798 nonzeros
Variable types: 0 continuous, 1248471 integer (1248471 binary)
Deterministic concurrent LP optimizer: primal simplex, dual simplex, and barrier
Showing barrier log only...

Root barrier log...

Ordering time: 1.50s

Barrier statistics:
 AA' NZ     : 4.057e+06
 Factor NZ  : 1.417e+07 (roughly 600 MB of memory)
 Factor Ops : 2.348e+10 (less than 1 second per iteration)
 Threads    : 14

                  Objective                Residual
Iter       Primal          Dual         Primal    Dual     Compl     Time
   0   4.07616011e+09 -1.22508869e+12  2.13e+06 5.55e+04  3.65e+07    27s
   1   2.98971058e+09 -1.21532835e+12  1.58e+06 2.64e+05  2.73e+07    27s
   2   1.03204349e+09 -1.18836534e+12  5.08e+05 7.42e+04  9.10e+06    27s
   3   3.55613065e+08 -1.05751050e+12  1.67e+05 1.08e-08  3.13e+06    28s
   4   8.70138931e+07 -9.19618204e+11  5.21e+04 5.59e-09  1.17e+06    28s
   5   7.71465360e+07 -8.01975747e+11  4.83e+04 3.73e-09  1.03e+06    29s
   6   6.16951687e+07 -4.17769250e+11  4.07e+04 1.12e-08  6.70e+05    29s
   7   2.88913836e+07 -2.34659477e+11  2.61e+04 5.59e-09  3.88e+05    29s
   8   2.08884898e+07 -2.22483364e+11  2.27e+04 5.22e-08  3.43e+05    29s
   9   1.32012995e+07 -1.81534996e+11  1.97e+04 5.59e-09  2.87e+05    30s
  10  -3.06915143e+04 -6.57432781e+10  1.45e+04 1.30e-08  1.75e+05    30s
  11  -1.19696343e+07 -2.52078794e+10  6.06e+03 8.87e-07  7.06e+04    31s
  12  -2.36028994e+07 -6.60420003e+09  2.23e+02 5.21e-06  4.83e+03    31s
  13  -2.37666494e+07 -1.59103020e+09  1.05e+02 2.32e-06  1.63e+03    31s
  14  -2.32229968e+07 -1.28390394e+09  4.57e+01 1.74e-06  9.27e+02    32s
  15  -2.17444191e+07 -9.26907267e+08  1.46e+01 1.17e-06  4.95e+02    32s
  16  -2.14305738e+07 -6.81903140e+08  8.22e+00 8.50e-07  3.41e+02    32s
  17  -2.08515366e+07 -5.38551569e+08  3.41e+00 6.63e-07  2.40e+02    33s
  18  -1.94385224e+07 -4.16481721e+08  2.44e-02 4.98e-07  1.61e+02    33s
  19  -1.97213626e+07 -8.36241482e+07  1.16e-03 7.26e-08  2.56e+01    33s
  20  -2.12989846e+07 -3.88024096e+07  1.52e-03 1.64e-08  7.00e+00    34s
  21  -2.21380691e+07 -2.51588640e+07  1.58e-07 2.52e-09  1.21e+00    34s
  22  -2.22195682e+07 -2.33700285e+07  4.20e-08 5.37e-10  4.60e-01    34s
  23  -2.22424972e+07 -2.27600772e+07  2.13e-08 5.60e-10  2.07e-01    35s
  24  -2.22568723e+07 -2.26378287e+07  1.09e-08 5.85e-10  1.52e-01    35s
  25  -2.22680205e+07 -2.26285844e+07  4.28e-09 5.31e-10  1.44e-01    35s
  26  -2.22836678e+07 -2.26017079e+07  2.77e-09 5.82e-10  1.27e-01    36s
  27  -2.22985612e+07 -2.25095144e+07  1.40e-09 6.01e-10  8.43e-02    36s
  28  -2.23045445e+07 -2.24037404e+07  7.71e-10 3.88e-10  3.96e-02    36s
  29  -2.23102363e+07 -2.23842049e+07  4.30e-10 3.43e-10  2.96e-02    37s
  30  -2.23118463e+07 -2.23688381e+07  3.40e-10 3.20e-10  2.28e-02    37s
  31  -2.23132963e+07 -2.23653912e+07  2.68e-10 3.25e-10  2.08e-02    38s
  32  -2.23144257e+07 -2.23534593e+07  2.16e-10 3.48e-10  1.56e-02    38s
  33  -2.23156080e+07 -2.23454740e+07  1.71e-10 3.42e-10  1.19e-02    38s
  34  -2.23162596e+07 -2.23437747e+07  1.49e-10 4.44e-10  1.10e-02    39s
  35  -2.23169623e+07 -2.23429498e+07  1.27e-10 3.49e-10  1.04e-02    39s
  36  -2.23184187e+07 -2.23381384e+07  8.34e-11 3.92e-10  7.88e-03    40s
  37  -2.23189877e+07 -2.23356793e+07  6.93e-11 3.35e-10  6.67e-03    40s
  38  -2.23196230e+07 -2.23334525e+07  5.56e-11 6.83e-10  5.53e-03    41s
  39  -2.23202626e+07 -2.23319926e+07  4.25e-11 3.67e-10  4.69e-03    41s
  40  -2.23207828e+07 -2.23307682e+07  3.24e-11 3.81e-10  3.99e-03    42s
  41  -2.23212116e+07 -2.23294637e+07  2.45e-11 5.10e-10  3.30e-03    42s
  42  -2.23215768e+07 -2.23281293e+07  4.42e-11 3.43e-10  2.62e-03    43s
  43  -2.23218810e+07 -2.23265496e+07  1.36e-10 4.05e-10  1.87e-03    43s
  44  -2.23221900e+07 -2.23257769e+07  2.40e-10 3.74e-10  1.43e-03    44s
  45  -2.23223656e+07 -2.23249999e+07  6.45e-10 3.23e-10  1.05e-03    45s
  46  -2.23225571e+07 -2.23245170e+07  3.34e-10 5.06e-10  7.83e-04    45s
  47  -2.23226393e+07 -2.23241125e+07  4.66e-10 3.19e-10  5.89e-04    46s
  48  -2.23226826e+07 -2.23237873e+07  4.99e-10 3.25e-10  4.41e-04    47s
  49  -2.23227304e+07 -2.23236668e+07  5.87e-10 4.02e-10  3.74e-04    48s
  50  -2.23227803e+07 -2.23234055e+07  8.47e-10 2.91e-10  2.50e-04    48s
  51  -2.23228084e+07 -2.23232295e+07  1.30e-09 3.46e-10  1.68e-04    49s
  52  -2.23228336e+07 -2.23231078e+07  9.88e-10 3.99e-10  1.10e-04    50s
  53  -2.23228448e+07 -2.23229955e+07  8.04e-10 3.48e-10  6.02e-05    51s
  54  -2.23228608e+07 -2.23229314e+07  4.54e-10 3.31e-10  2.82e-05    51s
  55  -2.23228695e+07 -2.23229141e+07  3.39e-10 3.50e-10  1.78e-05    52s
  56  -2.23228706e+07 -2.23229119e+07  3.33e-10 3.72e-10  1.65e-05    52s
  57  -2.23228724e+07 -2.23229080e+07  2.90e-10 3.38e-10  1.42e-05    53s
  58  -2.23228776e+07 -2.23229029e+07  5.77e-10 4.92e-10  1.01e-05    53s
  59  -2.23228795e+07 -2.23228973e+07  3.13e-10 4.04e-10  7.09e-06    53s
  60  -2.23228804e+07 -2.23228927e+07  3.71e-10 3.40e-10  4.91e-06    54s
  61  -2.23228809e+07 -2.23228912e+07  4.02e-10 3.68e-10  4.13e-06    54s
  62  -2.23228815e+07 -2.23228872e+07  4.17e-10 3.76e-10  2.26e-06    55s
  63  -2.23228821e+07 -2.23228853e+07  4.97e-10 5.15e-10  1.30e-06    55s
  64  -2.23228825e+07 -2.23228844e+07  1.47e-09 4.75e-10  7.66e-07    56s
  65  -2.23228826e+07 -2.23228843e+07  1.35e-09 3.92e-10  6.55e-07    56s
  66  -2.23228827e+07 -2.23228842e+07  1.20e-09 3.79e-10  6.20e-07    57s
  67  -2.23228828e+07 -2.23228840e+07  2.87e-09 3.66e-10  4.92e-07    57s
  68  -2.23228829e+07 -2.23228835e+07  2.12e-09 5.28e-10  2.24e-07    58s
  69  -2.23228831e+07 -2.23228833e+07  1.10e-09 4.17e-10  9.54e-08    58s
  70  -2.23228831e+07 -2.23228832e+07  8.23e-10 3.21e-10  6.99e-08    59s

Barrier solved model in 70 iterations and 58.92 seconds (122.77 work units)
Optimal objective -2.23228831e+07


Root crossover log...

    8685 DPushes remaining with DInf 0.0000000e+00                59s
     474 DPushes remaining with DInf 0.0000000e+00                60s
       0 DPushes remaining with DInf 0.0000000e+00                62s

    6390 PPushes remaining with PInf 2.6724200e-03                62s
       0 PPushes remaining with PInf 5.2339875e-02                62s

  Push phase complete: Pinf 5.2339875e-02, Dinf 3.2150388e+01     62s


Root simplex log...

Iteration    Objective       Primal Inf.    Dual Inf.      Time
   14757   -2.2322883e+07   0.000000e+00   3.215039e+01     62s
   14909   -2.2322883e+07   0.000000e+00   0.000000e+00     64s
Concurrent spin time: 7.55s (can be avoided by choosing Method=3)

Solved with barrier

Root relaxation: objective -2.232288e+07, 14909 iterations, 51.77 seconds (63.70 work units)
Total elapsed time = 76.27s (DegenMoves)
Total elapsed time = 80.16s (DegenMoves)

    Nodes    |    Current Node    |     Objective Bounds      |     Work
 Expl Unexpl |  Obj  Depth IntInf | Incumbent    BestBd   Gap | It/Node Time

     0     0 -2.232e+07    0 4577    0.00000 -2.232e+07      -     -   84s
H    0     0                    -2980776.315 -2.232e+07   649%     -   84s
H    0     0                    -1.59021e+07 -2.232e+07  40.4%     -  127s
     0     0 -2.232e+07    0 4670 -1.590e+07 -2.232e+07  40.4%     -  580s
     0     0 -2.232e+07    0 4604 -1.590e+07 -2.232e+07  40.4%     - 1175s
     0     0 -2.232e+07    0 4651 -1.590e+07 -2.232e+07  40.4%     - 1191s
     0     0 -2.232e+07    0 4641 -1.590e+07 -2.232e+07  40.4%     - 1845s
H    0     0                    -1.78634e+07 -2.232e+07  25.0%     - 2106s
     0     0 -2.232e+07    0 4625 -1.786e+07 -2.232e+07  25.0%     - 2137s
     0     0 -2.232e+07    0 4604 -1.786e+07 -2.232e+07  25.0%     - 2606s
     0     0 -2.232e+07    0 4393 -1.786e+07 -2.232e+07  25.0%     - 2740s
     0     0 -2.232e+07    0 4442 -1.786e+07 -2.232e+07  25.0%     - 2750s
     0     0 -2.232e+07    0 4644 -1.786e+07 -2.232e+07  25.0%     - 2902s
     0     0 -2.232e+07    0 4523 -1.786e+07 -2.232e+07  25.0%     - 2947s
     0     0 -2.232e+07    0 4632 -1.786e+07 -2.232e+07  25.0%     - 3110s
     0     0 -2.232e+07    0 4646 -1.786e+07 -2.232e+07  25.0%     - 3153s
     0     0 -2.232e+07    0 4584 -1.786e+07 -2.232e+07  25.0%     - 3330s
     0     0 -2.232e+07    0 4564 -1.786e+07 -2.232e+07  25.0%     - 3379s
     0     0 -2.232e+07    0 4578 -1.786e+07 -2.232e+07  25.0%     - 3532s
     0     0 -2.232e+07    0 4454 -1.786e+07 -2.232e+07  25.0%     - 3550s
     0     2 -2.232e+07    0 4454 -1.786e+07 -2.232e+07  25.0%     - 4395s
     1     4 -2.232e+07    1 4206 -1.786e+07 -2.232e+07  25.0% 123062 5800s
     3     8 -2.232e+07    2 4184 -1.786e+07 -2.232e+07  25.0% 103206 7348s
     7    16 -2.183e+07    3 3586 -1.786e+07 -2.232e+07  25.0% 103205 10316s
    15    17 -2.183e+07    4 3575 -1.786e+07 -2.232e+07  25.0% 94034 10800s

Cutting planes:
  Cover: 3
  Implied bound: 10
  Clique: 44
  MIR: 69
  Zero half: 49
  RLT: 7
  BQP: 3

Explored 16 nodes (1691455 simplex iterations) in 10801.34 seconds (27083.78 work units)
Thread count was 16 (of 18 available processors)

Solution count 4: -1.78634e+07 -1.59021e+07 -2.98078e+06 0 

Time limit reached
Best objective -1.786339442522e+07, best bound -2.232208367060e+07, gap 24.9599%

---------------------------------------------------------------------------
Multi-objectives: stopped in 10801.84 seconds (27083.78 work units), solution count 4
Time Limit reached

