
Gurobi 11.0.0 (win64) logging started Thu Dec 19 17:39:06 2024

Set parameter LogFile to value "C:\Users\Administrator\Desktop\OptRail_Railroad_Construction\Data\Solution\Reduced\a3_o80_m10_an10_ar9_reduced\3_Objectives\hierarchical_tolerance\gurobi_a3_o80_m10_an10_ar9_reduced_hierarchical_tolerance_round_2.log"
Gurobi Optimizer version 11.0.0 build v11.0.0rc2 (win64 - Windows Server 2022.0 (20348.2))

CPU model: AMD EPYC 7513 32-Core Processor, instruction set [SSE2|AVX|AVX2]
Thread count: 18 physical cores, 18 logical processors, using up to 16 threads

Optimize a model with 1626 rows, 72262 columns and 549294 nonzeros
Model fingerprint: 0x5862715b
Variable types: 0 continuous, 72262 integer (72262 binary)
Coefficient statistics:
  Matrix range     [1e+00, 1e+01]
  Objective range  [1e+00, 2e+02]
  Bounds range     [1e+00, 1e+00]
  RHS range        [1e+00, 2e+02]

---------------------------------------------------------------------------
Multi-objectives: starting optimization with 3 objectives ... 
---------------------------------------------------------------------------

Multi-objectives: applying initial presolve ...
---------------------------------------------------------------------------

Presolve removed 149 rows and 5 columns
Presolve time: 0.39s
Presolved: 1477 rows, 72257 columns, 416197 nonzeros
---------------------------------------------------------------------------

Multi-objectives: optimize objective 1 () ...
---------------------------------------------------------------------------

Presolve removed 0 rows and 37367 columns
Presolve time: 0.39s
Presolved: 1477 rows, 34890 columns, 416166 nonzeros
Variable types: 0 continuous, 34890 integer (34890 binary)
Deterministic concurrent LP optimizer: primal and dual simplex
Showing primal log only...

Concurrent spin time: 0.02s

Solved with primal simplex

Use crossover to convert LP symmetric solution to basic solution...

Root relaxation: objective 2.100000e+01, 3291 iterations, 0.19 seconds (0.27 work units)

    Nodes    |    Current Node    |     Objective Bounds      |     Work
 Expl Unexpl |  Obj  Depth IntInf | Incumbent    BestBd   Gap | It/Node Time

     0     0   21.00000    0  283          -   21.00000      -     -    4s
H    0     0                      80.0000000   21.00000  73.8%     -    5s
     0     0   21.33333    0  573   80.00000   21.33333  73.3%     -    7s
H    0     0                      66.0000000   21.33333  67.7%     -    7s
H    0     0                      57.0000000   21.33333  62.6%     -   15s
     0     0   32.75000    0  694   57.00000   32.75000  42.5%     -   17s
H    0     0                      54.0000000   32.75000  39.4%     -   17s
     0     0   36.00000    0  719   54.00000   36.00000  33.3%     -   18s
     0     0   37.00000    0  667   54.00000   37.00000  31.5%     -   19s
H    0     0                      50.0000000   37.00000  26.0%     -   19s
     0     0   37.00000    0   14   50.00000   37.00000  26.0%     -   23s
H    0     0                      38.0000000   37.00000  2.63%     -   23s

Cutting planes:
  MIR: 51
  Zero half: 33

Explored 1 nodes (87404 simplex iterations) in 24.97 seconds (36.20 work units)
Thread count was 16 (of 18 available processors)

Solution count 6: 38 50 54 ... 80

Optimal solution found (tolerance 1.00e-04)
Best objective 3.800000000000e+01, best bound 3.800000000000e+01, gap 0.0000%
---------------------------------------------------------------------------

Multi-objectives: optimize objective 2 () ...
---------------------------------------------------------------------------


Loaded user MIP start with objective 6530.5

Presolve removed 0 rows and 37349 columns
Presolve time: 0.40s
Presolved: 1478 rows, 34908 columns, 416264 nonzeros
Variable types: 0 continuous, 34908 integer (34908 binary)
Deterministic concurrent LP optimizer: primal and dual simplex
Showing primal log only...


Root simplex log...

Iteration    Objective       Primal Inf.    Dual Inf.      Time
       0    3.9378053e+02   2.330000e+02   3.865196e+10     26s

Solved with dual simplex

Root simplex log...

Iteration    Objective       Primal Inf.    Dual Inf.      Time
    3872    3.3378392e+03   0.000000e+00   0.000000e+00     26s

Root relaxation: objective 3.337839e+03, 3872 iterations, 0.89 seconds (0.94 work units)

    Nodes    |    Current Node    |     Objective Bounds      |     Work
 Expl Unexpl |  Obj  Depth IntInf | Incumbent    BestBd   Gap | It/Node Time

     0     0 3337.83919    0  209 6530.50151 3337.83919  48.9%     -   27s
H    0     0                    5959.6691872 3337.83919  44.0%     -   27s
     0     0 3337.83919    0  361 5959.66919 3337.83919  44.0%     -   27s
H    0     0                    4351.3970241 3337.83919  23.3%     -   30s
H    0     0                    4195.2718061 3337.83919  20.4%     -   30s
     0     0 3342.87624    0  252 4195.27181 3342.87624  20.3%     -   31s
H    0     0                    4136.5352303 3342.87624  19.2%     -   32s
H    0     0                    4127.5754592 3342.87624  19.0%     -   32s
     0     0 3342.87624    0  279 4127.57546 3342.87624  19.0%     -   32s
     0     0 3342.87624    0  299 4127.57546 3342.87624  19.0%     -   32s
     0     0 3342.87624    0  304 4127.57546 3342.87624  19.0%     -   32s
     0     0 3345.50026    0  357 4127.57546 3345.50026  18.9%     -   33s
     0     0 3382.68968    0  289 4127.57546 3382.68968  18.0%     -   33s
H    0     0                    4123.7805503 3382.68968  18.0%     -   33s
     0     0 3382.96956    0  271 4123.78055 3382.96956  18.0%     -   33s
     0     0 3384.77461    0  313 4123.78055 3384.77461  17.9%     -   33s
     0     0 3438.88272    0  299 4123.78055 3438.88272  16.6%     -   34s
H    0     0                    3968.8391958 3438.88272  13.4%     -   34s
     0     0 3438.88272    0  284 3968.83920 3438.88272  13.4%     -   34s
     0     0 3451.49709    0  306 3968.83920 3451.49709  13.0%     -   34s
H    0     0                    3847.3529007 3451.49709  10.3%     -   34s
     0     0 3451.49709    0  318 3847.35290 3451.49709  10.3%     -   34s
H    0     0                    3513.9264866 3463.26470  1.44%     -   34s
     0     0 3463.26470    0  248 3513.92649 3463.26470  1.44%     -   35s
     0     0 3463.26470    0  141 3513.92649 3463.26470  1.44%     -   36s
     0     0 3463.26470    0  275 3513.92649 3463.26470  1.44%     -   36s
     0     0 3463.26470    0  384 3513.92649 3463.26470  1.44%     -   37s
     0     0 3463.26470    0  303 3513.92649 3463.26470  1.44%     -   37s
     0     0 3463.26470    0  340 3513.92649 3463.26470  1.44%     -   37s
     0     0 3463.26470    0  344 3513.92649 3463.26470  1.44%     -   37s
     0     0 3473.54239    0  352 3513.92649 3473.54239  1.15%     -   37s
H    0     0                    3473.5423934 3473.54239  0.00%     -   38s
     0     0 3473.54239    0  352 3473.54239 3473.54239  0.00%     -   38s

Cutting planes:
  MIR: 62
  Zero half: 40
  RLT: 1

Explored 1 nodes (47557 simplex iterations) in 38.09 seconds (53.48 work units)
Thread count was 16 (of 18 available processors)

Solution count 10: 3473.54 3513.93 3847.35 ... 5959.67

Optimal solution found (tolerance 1.00e-04)
Best objective 3.473542393392e+03, best bound 3.473542393392e+03, gap 0.0000%
---------------------------------------------------------------------------

Multi-objectives: optimize objective 3  ...
---------------------------------------------------------------------------


Loaded user MIP start with objective 0


Explored 0 nodes (0 simplex iterations) in 38.11 seconds (53.48 work units)
Thread count was 1 (of 18 available processors)

Solution count 1: 0 

Optimal solution found (tolerance 1.00e-04)
Best objective 0.000000000000e+00, best bound 0.000000000000e+00, gap 0.0000%

---------------------------------------------------------------------------
Multi-objectives: solved in 38.13 seconds (53.48 work units), solution count 10

