
Gurobi 11.0.0 (win64) logging started Sun Dec 22 22:08:59 2024

Set parameter LogFile to value "C:\Users\Administrator\Desktop\OptRail_Railroad_Construction\Data\Solution\AnzahlAuftraege_NEW_20\a20_o236_m12_an106_ar24\3_Objectives\hierarchical_tolerance\gurobi_a20_o236_m12_an106_ar24_hierarchical_tolerance_round_2.log"
Gurobi Optimizer version 11.0.0 build v11.0.0rc2 (win64 - Windows Server 2022.0 (20348.2))

CPU model: AMD EPYC 7513 32-Core Processor, instruction set [SSE2|AVX|AVX2]
Thread count: 18 physical cores, 18 logical processors, using up to 16 threads

Optimize a model with 10081 rows, 1295900 columns and 6236041 nonzeros
Model fingerprint: 0x65bfeabe
Variable types: 0 continuous, 1295900 integer (1295900 binary)
Coefficient statistics:
  Matrix range     [1e+00, 1e+01]
  Objective range  [1e+00, 2e+02]
  Bounds range     [1e+00, 1e+00]
  RHS range        [1e+00, 2e+02]

---------------------------------------------------------------------------
Multi-objectives: starting optimization with 3 objectives ... 
---------------------------------------------------------------------------

Multi-objectives: applying initial presolve ...
---------------------------------------------------------------------------

Presolve removed 412 rows and 0 columns (presolve time = 5s) ...
Presolve added 1082 rows and 1494 columns
Presolve time: 5.83s
Presolved: 11163 rows, 1297394 columns, 5911788 nonzeros
---------------------------------------------------------------------------

Multi-objectives: optimize objective 1 () ...
---------------------------------------------------------------------------

Presolve removed 0 rows and 675423 columns (presolve time = 5s) ...
Presolve removed 0 rows and 675423 columns
Presolve time: 6.16s
Presolved: 11163 rows, 621971 columns, 5723648 nonzeros
Variable types: 0 continuous, 621971 integer (621639 binary)
Deterministic concurrent LP optimizer: primal simplex, dual simplex, and barrier
Showing barrier log only...

Root barrier log...

Ordering time: 0.84s

Barrier statistics:
 AA' NZ     : 1.669e+06
 Factor NZ  : 6.255e+06 (roughly 300 MB of memory)
 Factor Ops : 5.953e+09 (less than 1 second per iteration)
 Threads    : 13

                  Objective                Residual
Iter       Primal          Dual         Primal    Dual     Compl     Time
   0   4.15065539e+03 -2.75175756e+05  6.14e+05 2.33e-02  7.98e+00    18s
   1   2.76693243e+03 -2.61251974e+05  2.17e+05 1.28e-01  2.89e+00    19s
   2   1.18318714e+03 -2.07739161e+05  7.98e+04 1.07e-02  1.07e+00    19s
   3   6.51093689e+02 -1.46578536e+05  3.57e+04 1.55e-03  4.78e-01    19s
   4   4.51024494e+02 -9.34355419e+04  1.97e+04 3.55e-15  2.52e-01    19s
   5   4.06708662e+02 -7.18732345e+04  1.63e+04 2.39e-15  1.98e-01    19s
   6   3.38309451e+02 -5.33176169e+04  1.14e+04 9.77e-15  1.36e-01    19s
   7   2.88603059e+02 -3.47229357e+04  9.18e+03 8.88e-16  9.98e-02    20s
   8   9.67682129e+01 -1.37295806e+04  2.87e+03 1.95e-14  3.25e-02    20s
   9   2.48481181e+01 -7.05080902e+03  7.44e+02 7.99e-14  1.11e-02    20s
  10   1.78810637e+01 -5.45258465e+03  5.15e+02 6.71e-14  8.16e-03    20s
  11   1.17561116e+01 -3.45566485e+03  3.38e+02 4.00e-14  5.23e-03    20s
  12   1.01306572e+01 -3.32223492e+03  2.91e+02 3.93e-14  4.78e-03    20s
  13   9.26996775e+00 -2.49232157e+03  2.65e+02 2.78e-14  3.93e-03    20s
  14   4.64808434e+00 -2.28994241e+03  1.28e+02 2.44e-14  2.76e-03    21s
  15   2.19811287e+00 -1.44037747e+03  5.88e+01 1.81e-14  1.57e-03    21s
  16   1.63749350e+00 -9.36756644e+02  3.94e+01 1.15e-14  1.02e-03    21s
  17   7.59115665e-01 -5.36329920e+02  2.16e+01 1.42e-14  5.77e-04    21s
  18   3.03040339e-01 -3.33875712e+02  9.73e+00 1.15e-14  3.36e-04    21s
  19   1.76810533e-01 -2.17302864e+02  7.39e+00 4.88e-15  2.26e-04    21s
  20   8.48302007e-02 -1.47373125e+02  3.69e+00 2.22e-15  1.43e-04    22s
  21   2.62486955e-02 -1.32253344e+02  1.80e+00 2.66e-15  1.18e-04    22s
  22   1.68412954e-02 -7.62451554e+01  8.73e-01 1.33e-15  6.59e-05    22s
  23   6.63919017e-03 -2.98285951e+01  6.47e-02 8.39e-16  2.42e-05    22s
  24   5.91791546e-04 -6.19721402e-01  1.03e-04 6.09e-16  4.98e-07    22s
  25   1.06729717e-08 -3.23393998e-06  1.21e-09 6.72e-16  2.61e-12    22s
  26   1.06729727e-14 -3.23427386e-12  6.50e-13 5.59e-16  2.61e-18    22s

Barrier solved model in 26 iterations and 22.34 seconds (48.28 work units)
Optimal objective 1.06729727e-14

  Building initial crossover basis                                25s
  Building initial crossover basis                                30s

Root crossover log...

    3041 DPushes remaining with DInf 0.0000000e+00                32s
       0 DPushes remaining with DInf 0.0000000e+00                32s

    1701 PPushes remaining with PInf 1.5651027e-06                33s
       0 PPushes remaining with PInf 0.0000000e+00                33s

  Push phase complete: Pinf 0.0000000e+00, Dinf 0.0000000e+00     33s


Root simplex log...

Iteration    Objective       Primal Inf.    Dual Inf.      Time
    1923    0.0000000e+00   0.000000e+00   0.000000e+00     33s
Concurrent spin time: 0.00s

Solved with barrier
    1923    0.0000000e+00   0.000000e+00   0.000000e+00     33s

Root relaxation: objective 0.000000e+00, 1923 iterations, 18.63 seconds (23.33 work units)

    Nodes    |    Current Node    |     Objective Bounds      |     Work
 Expl Unexpl |  Obj  Depth IntInf | Incumbent    BestBd   Gap | It/Node Time

     0     0    0.00000    0 5291          -    0.00000      -     -  130s
     0     0    0.00000    0 5055          -    0.00000      -     -  478s
     0     0    0.00000    0 5055          -    0.00000      -     -  533s
     0     0    0.00000    0 5068          -    0.00000      -     -  923s
     0     0    0.00000    0 5036          -    0.00000      -     -  970s
     0     0    0.00000    0 5097          -    0.00000      -     - 1413s
     0     0    0.00000    0 5128          -    0.00000      -     - 1470s
     0     0    0.00000    0 5457          -    0.00000      -     - 2274s
     0     0    0.00000    0 5619          -    0.00000      -     - 2332s
     0     0    0.00000    0 5497          -    0.00000      -     - 3012s
     0     0    0.00000    0 5497          -    0.00000      -     - 3104s
     0     2    0.00000    0 5497          -    0.00000      -     - 4141s
     1     4    0.00000    1 5400          -    0.00000      - 88518 4920s
     3     8    0.00000    2 5216          -    0.00000      - 81808 5807s
     7    16    0.00000    3 5176          -    0.00000      - 74041 8050s

Cutting planes:
  Cover: 4
  MIR: 25
  StrongCG: 1
  RLT: 13
  Relax-and-lift: 194
  BQP: 1

Explored 15 nodes (1809818 simplex iterations) in 8274.77 seconds (15008.12 work units)
Thread count was 16 (of 18 available processors)

Solution count 0

Time limit reached
Best objective -, best bound 0.000000000000e+00, gap -

---------------------------------------------------------------------------
Multi-objectives: stopped in 8274.88 seconds (15008.12 work units)
Time Limit reached

