
Gurobi 11.0.0 (win64) logging started Sun Dec 22 21:26:41 2024

Set parameter LogFile to value "C:\Users\Administrator\Desktop\OptRail_Railroad_Construction\Data\Solution\AnzahlAuftraege_NEW_20\a20_o236_m12_an106_ar24\3_Objectives\hierarchical_tolerance\gurobi_a20_o236_m12_an106_ar24_hierarchical_tolerance.log"
Gurobi Optimizer version 11.0.0 build v11.0.0rc2 (win64 - Windows Server 2022.0 (20348.2))

CPU model: AMD EPYC 7513 32-Core Processor, instruction set [SSE2|AVX|AVX2]
Thread count: 18 physical cores, 18 logical processors, using up to 16 threads

Optimize a model with 10080 rows, 1295900 columns and 6236021 nonzeros
Model fingerprint: 0x3c32806b
Variable types: 0 continuous, 1295900 integer (1295900 binary)
Coefficient statistics:
  Matrix range     [1e+00, 1e+01]
  Objective range  [1e+00, 1e+00]
  Bounds range     [1e+00, 1e+00]
  RHS range        [1e+00, 2e+02]

---------------------------------------------------------------------------
Multi-objectives: starting optimization with 1 objectives ... 
---------------------------------------------------------------------------
---------------------------------------------------------------------------

Multi-objectives: optimize objective 1 () ...
---------------------------------------------------------------------------

Optimize a model with 10080 rows, 1295900 columns and 6236021 nonzeros
Model fingerprint: 0xf7e8db8a
Variable types: 0 continuous, 1295900 integer (1295900 binary)
Coefficient statistics:
  Matrix range     [1e+00, 1e+01]
  Objective range  [1e+00, 1e+00]
  Bounds range     [1e+00, 1e+00]
  RHS range        [1e+00, 2e+02]
Found heuristic solution: objective 0.0000000
Presolve removed 3062 rows and 675661 columns (presolve time = 5s) ...
Presolve removed 3063 rows and 675495 columns
Presolve time: 8.38s
Presolved: 7017 rows, 620405 columns, 5503155 nonzeros
Variable types: 0 continuous, 620405 integer (620405 binary)
Deterministic concurrent LP optimizer: primal simplex, dual simplex, and barrier
Showing barrier log only...

Root barrier log...

Ordering time: 0.02s

Barrier statistics:
 AA' NZ     : 2.371e+05
 Factor NZ  : 4.439e+05 (roughly 50 MB of memory)
 Factor Ops : 1.464e+08 (less than 1 second per iteration)
 Threads    : 14

                  Objective                Residual
Iter       Primal          Dual         Primal    Dual     Compl     Time
   0  -1.50934918e+03 -1.98457336e+05  2.30e+05 1.23e+00  3.61e+01    12s
   1  -2.08540796e+02 -1.70576399e+05  2.69e+04 2.43e-01  4.74e+00    12s
   2  -5.90343868e+01 -6.60070983e+04  5.10e+03 4.35e-14  9.54e-01    12s
   3  -3.05732249e+01 -1.99594926e+04  1.19e+03 4.09e-14  2.33e-01    12s
   4  -2.87207499e+01 -8.68689943e+03  8.08e+02 7.11e-14  1.34e-01    12s
   5  -2.76387442e+01 -8.33932563e+03  6.93e+02 3.20e-14  1.19e-01    12s
   6  -2.18088805e+01 -6.04729609e+03  2.72e+02 1.28e-13  5.94e-02    12s
   7  -1.97253804e+01 -3.82385138e+03  1.45e+02 2.84e-14  3.44e-02    12s
   8  -1.91005474e+01 -2.45447281e+03  1.22e+02 2.84e-14  2.59e-02    12s
   9  -1.78522670e+01 -1.83233869e+03  7.88e+01 5.33e-14  1.78e-02    12s
  10  -1.67325181e+01 -1.17354361e+03  3.81e+01 2.66e-14  9.85e-03    12s
  11  -1.61198284e+01 -3.51494487e+02  8.48e+00 1.33e-14  2.53e-03    12s
  12  -1.64627948e+01 -2.54647326e+02  3.53e+00 2.09e-14  1.50e-03    12s
  13  -1.65692249e+01 -2.17778563e+02  3.06e+00 9.78e-15  1.26e-03    12s
  14  -1.68424858e+01 -1.41125699e+02  1.49e+00 7.41e-15  7.19e-04    12s
  15  -1.64234252e+01 -8.63897230e+01  1.89e-03 1.01e-14  3.29e-04    12s
  16  -1.73613423e+01 -4.24194400e+01  1.79e-04 5.05e-15  1.16e-04    12s
  17  -1.75338089e+01 -2.64198327e+01  1.39e-04 5.84e-15  4.10e-05    12s
  18  -1.77619089e+01 -2.01395598e+01  3.00e-04 2.22e-15  1.09e-05    12s
  19  -1.78252362e+01 -1.89216459e+01  1.67e-05 3.08e-15  5.04e-06    12s
  20  -1.78912774e+01 -1.81617667e+01  6.75e-06 8.98e-15  1.24e-06    12s
  21  -1.78625299e+01 -1.79390372e+01  4.74e-07 7.16e-15  3.52e-07    12s
  22  -1.79161808e+01 -1.79237716e+01  3.07e-08 3.12e-15  3.49e-08    12s
  23  -1.79204162e+01 -1.79204792e+01  2.60e-10 3.11e-15  2.89e-10    12s
  24  -1.79204545e+01 -1.79204545e+01  3.59e-11 2.66e-15  8.47e-16    12s

Barrier solved model in 24 iterations and 12.48 seconds (32.30 work units)
Optimal objective -1.79204545e+01


Root crossover log...

     775 DPushes remaining with DInf 0.0000000e+00                13s
       0 DPushes remaining with DInf 0.0000000e+00                13s

       4 PPushes remaining with PInf 0.0000000e+00                13s
       0 PPushes remaining with PInf 0.0000000e+00                13s

  Push phase complete: Pinf 0.0000000e+00, Dinf 1.5931700e-14     13s


Root simplex log...

Iteration    Objective       Primal Inf.    Dual Inf.      Time
     235   -1.7920455e+01   0.000000e+00   0.000000e+00     13s
Concurrent spin time: 0.00s

Solved with barrier
     235   -1.7920455e+01   0.000000e+00   0.000000e+00     13s

Use crossover to convert LP symmetric solution to basic solution...

Root crossover log...

       0 DPushes remaining with DInf 0.0000000e+00                13s

    2444 PPushes remaining with PInf 0.0000000e+00                13s
       0 PPushes remaining with PInf 0.0000000e+00                14s

  Push phase complete: Pinf 0.0000000e+00, Dinf 2.6773340e-12     14s


Root simplex log...

Iteration    Objective       Primal Inf.    Dual Inf.      Time
    3212   -1.7920455e+01   0.000000e+00   0.000000e+00     14s
    3212   -1.7920455e+01   0.000000e+00   0.000000e+00     14s

Root relaxation: objective -1.792045e+01, 3212 iterations, 4.20 seconds (5.07 work units)

    Nodes    |    Current Node    |     Objective Bounds      |     Work
 Expl Unexpl |  Obj  Depth IntInf | Incumbent    BestBd   Gap | It/Node Time

     0     0  -17.92045    0 2891    0.00000  -17.92045      -     -   37s
H    0     0                     -10.0000000  -17.92045  79.2%     -   41s
     0     0  -17.91426    0 2687  -10.00000  -17.91426  79.1%     -  123s
     0     0  -17.81818    0 2235  -10.00000  -17.81818  78.2%     -  244s
     0     0  -17.75000    0 2183  -10.00000  -17.75000  77.5%     -  289s
H    0     0                     -12.0000000  -17.75000  47.9%     -  299s
     0     0  -17.75000    0 2147  -12.00000  -17.75000  47.9%     -  304s
     0     0  -17.75000    0 2357  -12.00000  -17.75000  47.9%     -  348s
     0     0  -17.75000    0 2432  -12.00000  -17.75000  47.9%     -  354s
     0     0  -17.75000    0 2432  -12.00000  -17.75000  47.9%     -  381s
     0     2  -17.75000    0 2432  -12.00000  -17.75000  47.9%     -  475s
     1     4  -17.66667    1 2257  -12.00000  -17.75000  47.9% 49366  608s
     3     8  -17.50000    2 2045  -12.00000  -17.72727  47.7% 20859  772s
     7    16  -17.00000    3 1632  -12.00000  -17.70000  47.5% 17350  890s
    15    32  -17.00000    4 1648  -12.00000  -17.66667  47.2% 12641 1137s
H   31    48                     -13.0000000  -17.50000  34.6% 15843 2524s
H   31    48                     -14.0000000  -17.50000  25.0% 15843 2524s
H   32    48                     -15.0000000  -17.50000  16.7% 15360 2524s
H   36    48                     -17.0000000  -17.50000  2.94% 16882 2524s

Cutting planes:
  Cover: 5
  MIR: 6
  StrongCG: 6
  GUB cover: 9
  Zero half: 4

Explored 47 nodes (1000534 simplex iterations) in 2525.30 seconds (3446.70 work units)
Thread count was 16 (of 18 available processors)

Solution count 7: -17 -15 -14 ... 0
No other solutions better than -17

Optimal solution found (tolerance 1.00e-04)
Best objective -1.700000000000e+01, best bound -1.700000000000e+01, gap 0.0000%

---------------------------------------------------------------------------
Multi-objectives: solved in 2525.61 seconds (3446.70 work units), solution count 7

