
Gurobi 11.0.0 (win64) logging started Fri Dec 20 09:57:39 2024

Set parameter LogFile to value "C:\Users\Administrator\Desktop\OptRail_Railroad_Construction\Data\Solution\AnzahlAuftraege_NEW_10\a10_o114_m6_an57_ar11\6_Objectives\costs\gurobi_a10_o114_m6_an57_ar11_costs.log"
Gurobi Optimizer version 11.0.0 build v11.0.0rc2 (win64 - Windows Server 2022.0 (20348.2))

CPU model: AMD EPYC 7513 32-Core Processor, instruction set [SSE2|AVX|AVX2]
Thread count: 18 physical cores, 18 logical processors, using up to 16 threads

Optimize a model with 2853 rows, 159429 columns and 723435 nonzeros
Model fingerprint: 0x77f8d80a
Variable types: 0 continuous, 159429 integer (159429 binary)
Coefficient statistics:
  Matrix range     [1e+00, 1e+01]
  Objective range  [1e+00, 2e+02]
  Bounds range     [1e+00, 1e+00]
  RHS range        [1e+00, 2e+02]

---------------------------------------------------------------------------
Multi-objectives: starting optimization with 6 objectives (1 combined) ...
---------------------------------------------------------------------------
---------------------------------------------------------------------------

Multi-objectives: optimize objective 1 (weighted) ...
---------------------------------------------------------------------------

Optimize a model with 2853 rows, 159429 columns and 723435 nonzeros
Model fingerprint: 0xd8467c8b
Variable types: 0 continuous, 159429 integer (159429 binary)
Coefficient statistics:
  Matrix range     [1e+00, 1e+01]
  Objective range  [3e+00, 1e+06]
  Bounds range     [1e+00, 1e+00]
  RHS range        [1e+00, 2e+02]
Found heuristic solution: objective 0.0000000
Presolve removed 108 rows and 82318 columns
Presolve time: 1.02s
Presolved: 2745 rows, 77111 columns, 648259 nonzeros
Variable types: 0 continuous, 77111 integer (76943 binary)
Deterministic concurrent LP optimizer: primal simplex, dual simplex, and barrier
Showing barrier log only...

Root barrier log...

Ordering time: 0.05s

Barrier statistics:
 AA' NZ     : 2.588e+05
 Factor NZ  : 7.620e+05 (roughly 40 MB of memory)
 Factor Ops : 2.952e+08 (less than 1 second per iteration)
 Threads    : 14

                  Objective                Residual
Iter       Primal          Dual         Primal    Dual     Compl     Time
   0   4.52160673e+07 -7.34355430e+10  1.14e+05 5.59e+04  1.39e+07     2s
   1   1.11739880e+07 -6.76415278e+10  3.22e+04 2.86e+05  4.08e+06     2s
   2  -1.03595594e+06 -4.71364787e+10  7.69e+03 2.78e+04  1.06e+06     2s
   3  -6.16132292e+06 -3.83197499e+10  4.78e+03 1.74e+04  6.86e+05     2s
   4  -7.05171253e+06 -3.68762464e+10  4.21e+03 1.58e+04  6.19e+05     2s
   5  -8.76848582e+06 -1.60765804e+10  2.46e+03 3.00e+03  2.93e+05     2s
   6  -8.96148080e+06 -4.11057125e+09  8.97e+02 7.75e+01  8.74e+04     2s
   7  -8.97325636e+06 -8.25938551e+08  9.82e+01 4.66e-09  1.15e+04     2s
   8  -8.76509094e+06 -3.32239393e+08  2.85e+01 1.86e-09  3.74e+03     2s
   9  -8.52149477e+06 -1.86450434e+08  5.70e+00 3.47e-09  1.48e+03     2s
  10  -8.36448078e+06 -1.45855872e+08  3.51e+00 2.86e-09  1.10e+03     2s
  11  -8.37774484e+06 -7.65492998e+07  2.95e+00 2.84e-09  6.00e+02     2s
  12  -7.19323149e+06 -7.46977408e+07  9.60e-02 2.33e+00  4.97e+02     2s
  13  -7.18643541e+06 -2.81970988e+07  1.91e-14 2.70e-09  1.35e+02     2s
  14  -7.66051534e+06 -1.87769007e+07  5.32e-14 1.00e-09  7.16e+01     2s
  15  -8.17571131e+06 -1.49958506e+07  1.69e-13 9.75e-10  4.40e+01     2s
  16  -8.78130637e+06 -1.07371273e+07  6.23e-14 4.96e-10  1.26e+01     2s
  17  -8.86746241e+06 -9.41242546e+06  6.65e-14 5.71e-10  3.51e+00     2s
  18  -8.88135404e+06 -9.11362822e+06  8.05e-14 4.84e-10  1.50e+00     2s
  19  -8.89482804e+06 -9.02228728e+06  1.06e-13 5.49e-10  8.21e-01     2s
  20  -8.89796534e+06 -9.02263103e+06  6.84e-14 5.83e-10  8.03e-01     2s
  21  -8.90106901e+06 -8.96984574e+06  1.16e-13 5.30e-10  4.43e-01     2s
  22  -8.90707454e+06 -8.93749176e+06  3.64e-13 4.51e-10  1.96e-01     2s
  23  -8.90878697e+06 -8.93112991e+06  4.98e-13 4.95e-10  1.44e-01     2s
  24  -8.91044150e+06 -8.92177723e+06  7.91e-13 5.31e-10  7.31e-02     2s
  25  -8.91136487e+06 -8.92014082e+06  4.93e-13 5.25e-10  5.66e-02     2s
  26  -8.91185051e+06 -8.91943521e+06  4.56e-13 4.07e-10  4.89e-02     2s
  27  -8.91223432e+06 -8.91786008e+06  2.02e-12 4.49e-10  3.63e-02     2s
  28  -8.91242088e+06 -8.91743344e+06  1.70e-12 5.66e-10  3.23e-02     2s
  29  -8.91276580e+06 -8.91676371e+06  1.72e-12 4.28e-10  2.58e-02     2s
  30  -8.91284096e+06 -8.91657288e+06  3.26e-12 5.14e-10  2.41e-02     2s
  31  -8.91303023e+06 -8.91578299e+06  6.10e-12 4.18e-10  1.77e-02     2s
  32  -8.91308427e+06 -8.91559739e+06  5.58e-12 5.04e-10  1.62e-02     2s
  33  -8.91317197e+06 -8.91507214e+06  7.79e-12 4.99e-10  1.22e-02     2s
  34  -8.91331813e+06 -8.91491684e+06  6.26e-12 4.83e-10  1.03e-02     2s
  35  -8.91344216e+06 -8.91474002e+06  2.05e-11 5.01e-10  8.36e-03     2s
  36  -8.91358127e+06 -8.91463338e+06  1.25e-11 4.18e-10  6.78e-03     2s
  37  -8.91362176e+06 -8.91430402e+06  3.62e-11 6.03e-10  4.40e-03     2s
  38  -8.91367929e+06 -8.91413010e+06  1.62e-10 3.76e-10  2.91e-03     2s
  39  -8.91373524e+06 -8.91406082e+06  4.89e-10 4.80e-10  2.10e-03     2s
  40  -8.91376552e+06 -8.91396133e+06  5.95e-10 4.43e-10  1.26e-03     2s
  41  -8.91379436e+06 -8.91386814e+06  8.46e-10 5.46e-10  4.75e-04     3s
  42  -8.91380777e+06 -8.91385636e+06  8.99e-10 7.26e-10  3.13e-04     3s
  43  -8.91381499e+06 -8.91383829e+06  3.44e-09 4.52e-10  1.50e-04     3s
  44  -8.91381739e+06 -8.91382939e+06  2.10e-09 4.86e-10  7.73e-05     3s
  45  -8.91381918e+06 -8.91382493e+06  3.16e-09 5.94e-10  3.71e-05     3s
  46  -8.91381932e+06 -8.91382482e+06  2.94e-09 5.65e-10  3.54e-05     3s
  47  -8.91381984e+06 -8.91382453e+06  2.12e-09 5.55e-10  3.03e-05     3s
  48  -8.91382056e+06 -8.91382298e+06  2.42e-09 4.94e-10  1.56e-05     3s
  49  -8.91382095e+06 -8.91382280e+06  2.54e-09 4.88e-10  1.19e-05     3s
  50  -8.91382108e+06 -8.91382159e+06  1.91e-09 4.25e-10  3.29e-06     3s
  51  -8.91382111e+06 -8.91382137e+06  1.32e-09 6.12e-10  1.61e-06     3s
  52  -8.91382119e+06 -8.91382121e+06  3.60e-10 5.45e-10  8.55e-08     3s
  53  -8.91382120e+06 -8.91382120e+06  7.72e-11 5.23e-10  6.62e-09     3s

Barrier solved model in 53 iterations and 2.74 seconds (4.18 work units)
Optimal objective -8.91382120e+06

Concurrent spin time: 0.03s

Solved with barrier

Root relaxation: objective -8.913821e+06, 2773 iterations, 1.69 seconds (1.72 work units)

    Nodes    |    Current Node    |     Objective Bounds      |     Work
 Expl Unexpl |  Obj  Depth IntInf | Incumbent    BestBd   Gap | It/Node Time

     0     0 -8913821.2    0 1182    0.00000 -8913821.2      -     -    6s
H    0     0                    -3952400.256 -8913821.2   126%     -    7s
     0     0 -8913736.7    0 1447 -3952400.3 -8913736.7   126%     -   13s
H    0     0                    -4952094.067 -8913734.5  80.0%     -   16s
     0     0 -8913709.8    0 1476 -4952094.1 -8913709.8  80.0%     -   17s
     0     0 -8913696.4    0 1495 -4952094.1 -8913696.4  80.0%     -   18s
     0     0 -8913696.3    0 1471 -4952094.1 -8913696.3  80.0%     -   19s
     0     0 -8913648.6    0 1488 -4952094.1 -8913648.6  80.0%     -   25s
H    0     0                    -5932426.337 -8913648.3  50.3%     -   25s
     0     0 -8913648.0    0 1484 -5932426.3 -8913648.0  50.3%     -   26s
     0     0 -8913592.5    0 1638 -5932426.3 -8913592.5  50.3%     -   32s
     0     0 -8913587.2    0 1553 -5932426.3 -8913587.2  50.3%     -   34s
     0     0 -8913587.0    0 1555 -5932426.3 -8913587.0  50.3%     -   35s
     0     0 -8913576.6    0 1663 -5932426.3 -8913576.6  50.3%     -   38s
H    0     0                    -6931136.504 -8913576.6  28.6%     -   38s
     0     0 -8913576.4    0 1633 -6931136.5 -8913576.4  28.6%     -   39s
     0     0 -8913573.1    0 1656 -6931136.5 -8913573.1  28.6%     -   41s
     0     0 -8913573.1    0 1628 -6931136.5 -8913573.1  28.6%     -   42s
H    0     0                    -6931158.031 -8913573.1  28.6%     -   46s
H    0     0                    -8911775.064 -8913573.1  0.02%     -   75s
     0     0 -8913573.1    0 1156 -8911775.1 -8913573.1  0.02%     -   87s
     0     0 -8913573.1    0 1494 -8911775.1 -8913573.1  0.02%     -   92s
     0     0 -8913572.0    0 1557 -8911775.1 -8913572.0  0.02%     -   94s
     0     0 -8913570.4    0 1550 -8911775.1 -8913570.4  0.02%     -   95s
     0     0 -8913532.6    0 1693 -8911775.1 -8913532.6  0.02%     -   99s
     0     0 -8913532.3    0 1677 -8911775.1 -8913532.3  0.02%     -   99s
     0     0 -8913523.7    0 1710 -8911775.1 -8913523.7  0.02%     -  102s
H    0     0                    -8911871.801 -8913523.5  0.02%     -  104s
     0     0 -8913523.1    0 1593 -8911871.8 -8913523.1  0.02%     -  104s
     0     0 -8913522.2    0 1675 -8911871.8 -8913522.2  0.02%     -  105s
     0     0 -8913522.2    0 1654 -8911871.8 -8913522.2  0.02%     -  105s
     0     2 -8913522.1    0 1654 -8911871.8 -8913522.1  0.02%     -  109s
     1     4 -8913165.2    1 1140 -8911871.8 -8913522.1  0.02% 13751  115s
    15    32 -8913151.1    4 1169 -8911871.8 -8913438.9  0.02%  3123  123s
    31    48 -8913144.3    5 1173 -8911871.8 -8913432.1  0.02%  2724  132s
H   32    48                    -8912197.269 -8913432.1  0.01%  2639  132s
H   42    48                    -8912204.331 -8913431.4  0.01%  2478  132s
    47    64 -8913142.1    5 1134 -8912204.3 -8913431.4  0.01%  2378  135s
    79    96 -8913125.6    7 1224 -8912204.3 -8913428.0  0.01%  2177  142s
    95   119 -8913125.4    8 1254 -8912204.3 -8913428.0  0.01%  2070  145s
   138   191 -8913117.8   12 1264 -8912204.3 -8913428.0  0.01%  1918  153s
   190   288 -8913094.0   14 1280 -8912204.3 -8913428.0  0.01%  1869  161s
   287   467 -8913049.2   23 1288 -8912204.3 -8913428.0  0.01%  1599  191s
H  300   467                    -8912243.425 -8913428.0  0.01%  1561  191s
   466  1573 -8912976.0   35 1232 -8912243.4 -8913428.0  0.01%  1460  232s
  1572  2420 -8912735.2  131 1180 -8912243.4 -8913428.0  0.01%   871  266s
  2465  2887 -8912371.4  217 1170 -8912243.4 -8913427.7  0.01%   899  296s
  3006  2998 -8913224.1   23 1503 -8912243.4 -8913427.7  0.01%   969  352s
H 3007  2958                    -8912291.425 -8913427.7  0.01%   968  352s
H 3066  2935                    -8912304.864 -8913427.7  0.01%   979  353s
  3153  3559 -8913213.7   24 1479 -8912304.9 -8913427.7  0.01%   989  388s
  3855  4104 -8912787.7   62 1449 -8912304.9 -8913402.5  0.01%  1055  422s
  4488  4488 -8913021.0    8 1430 -8912304.9 -8913383.0  0.01%  1135  465s
  5062  4489 -8912861.3   67 1628 -8912304.9 -8913366.8  0.01%  1198  481s
  5064  4490 -8912732.6  137 1188 -8912304.9 -8913366.8  0.01%  1198  493s
  5065  4491 -8912460.2  183 1465 -8912304.9 -8913366.8  0.01%  1198  497s
  5066  4492 -8912921.7   33 1545 -8912304.9 -8913366.8  0.01%  1198  500s
  5068  4493 -8912424.7  165 1646 -8912304.9 -8913366.8  0.01%  1197  510s
  5070  4494 -8912936.6   41 1609 -8912304.9 -8913366.8  0.01%  1197  515s
  5073  4496 -8912610.6  128 1632 -8912304.9 -8913364.3  0.01%  1196  521s
  5076  4498 -8912755.9   59 1615 -8912304.9 -8913362.3  0.01%  1195  526s
  5080  4501 -8913053.4    9 1585 -8912304.9 -8913360.8  0.01%  1194  530s
  5082  4505 -8913043.5   13 1181 -8912304.9 -8913360.6  0.01%  1207  542s
  5084  4509 -8913034.8   14 1226 -8912304.9 -8913316.7  0.01%  1208  546s
  5096  4529 -8913020.9   16 1270 -8912304.9 -8913281.8  0.01%  1211  553s
  5112  4539 -8913015.2   17 1269 -8912304.9 -8913276.8  0.01%  1215  556s
H 5121  4310                    -8912314.331 -8913276.8  0.01%  1215  556s
  5128  4324 -8912957.9   17 1246 -8912314.3 -8913276.8  0.01%  1216  561s
  5160  4345 -8912996.2   18 1271 -8912314.3 -8913265.4  0.01%  1219  567s
  5199  4373 -8912924.4   19 1263 -8912314.3 -8913253.2  0.01%  1220  572s
  5217  4383 -8912978.2   20 1292 -8912314.3 -8913252.7  0.01%  1221  576s
  5281  4512 -8912877.1   21 1272 -8912314.3 -8913252.7  0.01%  1224  586s
  5383  4679 -8912945.1   24 1280 -8912314.3 -8913252.7  0.01%  1223  599s
  5584  4631 -8912908.9   30 1264 -8912314.3 -8913252.7  0.01%  1237  637s
  5603  5061 -8912911.8   31 1266 -8912314.3 -8913252.7  0.01%  1239  667s
  6041  5740 -8912786.1   45 1195 -8912314.3 -8913233.3  0.01%  1275  724s
  7087  6166 -8913089.5   23 1385 -8912314.3 -8913232.5  0.01%  1321  784s
  8052  6690 -8913206.6   20 1430 -8912314.3 -8913229.9  0.01%  1317  833s
  9217  7176 -8912948.0   24 1367 -8912314.3 -8913214.4  0.01%  1314  883s
 10422  7906 -8912801.1   22 1175 -8912314.3 -8913195.7  0.01%  1311  934s

Cutting planes:
  Gomory: 20
  Cover: 8
  MIR: 16
  StrongCG: 3
  Flow cover: 28
  GUB cover: 3
  Inf proof: 3
  Zero half: 112
  RLT: 7
  Relax-and-lift: 1

Explored 11800 nodes (15282753 simplex iterations) in 935.53 seconds (2323.79 work units)
Thread count was 16 (of 18 available processors)

Solution count 10: -8.91231e+06 -8.9123e+06 -8.91229e+06 ... -6.93114e+06

Optimal solution found (tolerance 1.00e-04)
Best objective -8.912314330907e+06, best bound -8.913165279744e+06, gap 0.0095%

---------------------------------------------------------------------------
Multi-objectives: solved in 936.21 seconds (2323.79 work units), solution count 10

