
Gurobi 11.0.0 (win64) logging started Fri Dec 27 16:12:10 2024

Set parameter LogFile to value "C:\Users\Administrator\Desktop\OptRail_Railroad_Construction\Data\Solution\AnzahlAuftraege_NEW_50\a50_o578_m28_an276_ar66\6_Objectives\hierarchical\gurobi_a50_o578_m28_an276_ar66_hierarchical.log"
Gurobi Optimizer version 11.0.0 build v11.0.0rc2 (win64 - Windows Server 2022.0 (20348.2))

CPU model: AMD EPYC 7513 32-Core Processor, instruction set [SSE2|AVX|AVX2]
Thread count: 18 physical cores, 18 logical processors, using up to 16 threads

Optimize a model with 55674 rows, 19162242 columns and 99902370 nonzeros
Model fingerprint: 0x09c37a93
Variable types: 0 continuous, 19162242 integer (19162242 binary)
Coefficient statistics:
  Matrix range     [1e+00, 1e+01]
  Objective range  [1e+00, 3e+02]
  Bounds range     [1e+00, 1e+00]
  RHS range        [1e+00, 2e+02]

---------------------------------------------------------------------------
Multi-objectives: starting optimization with 6 objectives ... 
---------------------------------------------------------------------------

Multi-objectives: applying initial presolve ...
---------------------------------------------------------------------------

Presolve removed 196 rows and 36433 columns (presolve time = 5s) ...
Presolve removed 284 rows and 47466 columns (presolve time = 10s) ...
Presolve removed 284 rows and 47466 columns (presolve time = 15s) ...
Presolve removed 284 rows and 47466 columns (presolve time = 20s) ...
Presolve removed 284 rows and 47466 columns (presolve time = 25s) ...
Presolve removed 504 rows and 47466 columns (presolve time = 31s) ...
Presolve removed 504 rows and 47466 columns (presolve time = 35s) ...
Presolve removed 504 rows and 47466 columns (presolve time = 40s) ...
Presolve removed 511 rows and 47466 columns (presolve time = 45s) ...
Presolve removed 511 rows and 47466 columns (presolve time = 51s) ...
Presolve removed 511 rows and 47466 columns (presolve time = 55s) ...
Presolve removed 511 rows and 47466 columns (presolve time = 63s) ...
Presolve removed 540 rows and 47466 columns (presolve time = 67s) ...
Presolve removed 540 rows and 47466 columns (presolve time = 70s) ...
Presolve removed 540 rows and 47466 columns (presolve time = 75s) ...
Presolve removed 540 rows and 47466 columns (presolve time = 80s) ...
Presolve removed 540 rows and 47466 columns (presolve time = 85s) ...
Presolve removed 540 rows and 47466 columns (presolve time = 90s) ...
Presolve removed 540 rows and 47466 columns (presolve time = 95s) ...
Presolve removed 540 rows and 47466 columns (presolve time = 100s) ...
Presolve added 3482 rows and 0 columns
Presolve removed 0 rows and 43444 columns
Presolve time: 100.16s
Presolved: 59156 rows, 19118798 columns, 96859314 nonzeros
---------------------------------------------------------------------------

Multi-objectives: optimize objective 1 () ...
---------------------------------------------------------------------------

Found heuristic solution: objective 0.0000000
Presolve removed 115 rows and 9997886 columns (presolve time = 5s) ...
Presolve removed 115 rows and 9997886 columns (presolve time = 11s) ...
Presolve removed 115 rows and 9997886 columns (presolve time = 15s) ...
Presolve removed 115 rows and 9997886 columns (presolve time = 20s) ...
Presolve removed 115 rows and 9997886 columns (presolve time = 25s) ...
Presolve removed 119 rows and 9997890 columns (presolve time = 31s) ...
Presolve removed 119 rows and 9997890 columns (presolve time = 35s) ...
Presolve removed 119 rows and 9997890 columns (presolve time = 40s) ...
Presolve removed 119 rows and 9997890 columns (presolve time = 45s) ...
Presolve removed 3004 rows and 9997890 columns (presolve time = 50s) ...
Presolve removed 3004 rows and 9997890 columns (presolve time = 55s) ...
Presolve removed 3004 rows and 9997890 columns (presolve time = 60s) ...
Presolve removed 3004 rows and 10000552 columns (presolve time = 65s) ...
Presolve removed 3004 rows and 10000552 columns (presolve time = 70s) ...
Presolve removed 3008 rows and 10000556 columns (presolve time = 76s) ...
Presolve removed 3008 rows and 10000556 columns (presolve time = 81s) ...
Presolve removed 3008 rows and 10000556 columns (presolve time = 85s) ...
Presolve removed 3008 rows and 10000556 columns (presolve time = 91s) ...
Presolve removed 4339 rows and 10000556 columns (presolve time = 97s) ...
Presolve removed 4344 rows and 10000556 columns (presolve time = 101s) ...
Presolve removed 4344 rows and 10000556 columns (presolve time = 105s) ...
Presolve removed 4344 rows and 10000556 columns (presolve time = 110s) ...
Presolve removed 4344 rows and 10000556 columns (presolve time = 115s) ...
Presolve removed 4344 rows and 10000556 columns (presolve time = 121s) ...
Presolve removed 4344 rows and 10000556 columns (presolve time = 125s) ...
Presolve removed 4782 rows and 10000994 columns (presolve time = 130s) ...
Presolve removed 4782 rows and 10000998 columns (presolve time = 136s) ...
Presolve removed 4782 rows and 10000998 columns (presolve time = 140s) ...
Presolve removed 4787 rows and 10001003 columns (presolve time = 147s) ...
Presolve removed 4787 rows and 10001003 columns (presolve time = 150s) ...
Presolve removed 4787 rows and 10001003 columns (presolve time = 155s) ...
Presolve removed 4787 rows and 10001003 columns (presolve time = 161s) ...
Presolve removed 4787 rows and 10001003 columns (presolve time = 166s) ...
Presolve removed 4787 rows and 10001003 columns (presolve time = 174s) ...
Presolve removed 4787 rows and 10001003 columns (presolve time = 178s) ...
Presolve removed 4782 rows and 10000998 columns
Presolve time: 177.77s
Presolved: 54374 rows, 9117800 columns, 94435662 nonzeros
Variable types: 0 continuous, 9117800 integer (9116902 binary)
Deterministic concurrent LP optimizer: primal simplex, dual simplex, and barrier
Showing barrier log only...

Root barrier log...

Elapsed ordering time = 5s
Ordering time: 7.86s

Barrier statistics:
 AA' NZ     : 1.818e+07
 Factor NZ  : 6.328e+07 (roughly 3.0 GB of memory)
 Factor Ops : 1.778e+11 (roughly 1 second per iteration)
 Threads    : 14

                  Objective                Residual
Iter       Primal          Dual         Primal    Dual     Compl     Time
   0  -5.79636764e+03 -2.41570717e+07  3.87e+06 6.16e-01  1.20e+02   370s
   1  -3.15128673e+03 -2.37400248e+07  2.03e+06 2.28e+00  6.39e+01   372s
   2  -1.64557234e+03 -2.26182275e+07  1.02e+06 7.62e-01  3.27e+01   374s
   3  -2.99426690e+02 -1.86902238e+07  1.76e+05 8.02e-02  6.47e+00   376s
   4  -2.46446520e+02 -1.66149961e+07  1.36e+05 6.11e-02  5.01e+00   379s
   5  -2.25526921e+02 -1.51896250e+07  1.08e+05 5.05e-02  4.07e+00   380s
   6  -1.97183656e+02 -1.35774093e+07  8.77e+04 4.02e-02  3.31e+00   382s
   7  -1.50485976e+02 -9.53240001e+06  5.41e+04 1.89e-02  2.00e+00   385s
   8  -1.31432388e+02 -5.70768724e+06  3.98e+04 4.36e-03  1.29e+00   387s
   9  -1.28305658e+02 -4.28362773e+06  3.65e+04 1.14e-03  1.08e+00   389s
  10  -1.19049271e+02 -3.17773297e+06  2.94e+04 1.34e-12  8.32e-01   391s
  11  -1.13141311e+02 -2.50459620e+06  2.53e+04 5.97e-13  6.96e-01   393s
  12  -1.03555256e+02 -1.79592041e+06  2.13e+04 4.55e-13  5.51e-01   395s
  13  -8.44785802e+01 -1.03331510e+06  1.29e+04 1.73e-11  3.26e-01   398s
  14  -6.97409597e+01 -7.55989067e+05  7.55e+03 3.29e-11  2.02e-01   400s
  15  -5.73186994e+01 -5.12424188e+05  3.13e+03 1.21e-04  9.91e-02   403s
  16  -5.16433434e+01 -2.87318555e+05  1.06e+03 2.44e-12  4.25e-02   406s
  17  -4.95339244e+01 -1.39914044e+05  2.60e+02 9.66e-12  1.59e-02   408s
  18  -4.92724515e+01 -1.04407195e+05  1.61e+02 7.73e-12  1.12e-02   410s
  19  -4.90011958e+01 -7.05856944e+04  7.88e+01 6.08e-12  6.98e-03   412s
  20  -4.86131349e+01 -6.55634207e+04  5.30e+01 5.66e-12  6.11e-03   414s
  21  -4.74822526e+01 -6.37368853e+04  3.97e+01 5.47e-12  5.71e-03   416s
  22  -4.61948654e+01 -5.63387198e+04  2.87e+01 4.79e-12  4.92e-03   418s
  23  -4.60452149e+01 -4.74887154e+04  2.74e+01 4.05e-12  4.20e-03   420s
  24  -4.45444430e+01 -4.40224891e+04  1.02e+01 3.73e-12  3.62e-03   422s
  25  -4.44446539e+01 -3.15376474e+04  8.33e+00 2.64e-12  2.62e-03   426s
  26  -4.43343866e+01 -2.35393423e+04  7.02e+00 2.04e-12  1.98e-03   429s
  27  -4.41161864e+01 -1.78194669e+04  4.52e+00 1.56e-12  1.48e-03   432s
  28  -4.35917460e+01 -1.38430200e+04  1.43e+00 1.22e-12  1.11e-03   435s
  29  -4.32686921e+01 -1.21061694e+04  1.07e+00 1.10e-12  9.64e-04   438s
  30  -4.26359625e+01 -9.59620309e+03  3.48e-01 8.91e-13  7.51e-04   441s
  31  -4.07667992e+01 -7.57248748e+03  3.50e-14 6.96e-13  5.85e-04   444s
  32  -4.09260485e+01 -1.80574631e+03  2.46e-14 1.57e-13  1.37e-04   447s
  33  -4.16459862e+01 -9.64205280e+02  3.46e-14 7.70e-14  7.16e-05   449s
  34  -4.22155469e+01 -5.11921599e+02  2.07e-13 3.63e-14  3.65e-05   451s
  35  -4.34577819e+01 -3.90982492e+02  2.42e-13 2.73e-14  2.70e-05   453s
  36  -4.45754355e+01 -2.80309038e+02  2.02e-13 1.77e-14  1.83e-05   455s
  37  -4.51044639e+01 -2.39648888e+02  1.90e-13 1.41e-14  1.51e-05   457s
  38  -4.56667743e+01 -2.03397962e+02  1.44e-13 1.16e-14  1.22e-05   459s
  39  -4.59775570e+01 -1.38167897e+02  1.17e-13 5.77e-15  7.15e-06   461s
  40  -4.62884641e+01 -1.17724103e+02  1.01e-13 6.61e-15  5.54e-06   464s
  41  -4.70737903e+01 -9.87557635e+01  9.65e-14 3.83e-15  4.01e-06   466s
  42  -4.72231215e+01 -6.37135490e+01  1.74e-13 2.66e-15  1.28e-06   469s
  43  -4.76452964e+01 -5.24619987e+01  2.15e-13 1.88e-15  3.74e-07   471s
  44  -4.76485385e+01 -5.08829868e+01  2.10e-13 1.33e-15  2.51e-07   474s
  45  -4.78055293e+01 -4.83856562e+01  3.04e-13 1.33e-15  4.50e-08   476s
  46  -4.78656617e+01 -4.79071194e+01  4.55e-13 9.99e-16  3.22e-09   478s
  47  -4.78805877e+01 -4.78820799e+01  2.15e-13 1.55e-15  1.16e-10   479s
  48  -4.78806818e+01 -4.78806818e+01  1.20e-11 1.78e-15  3.44e-16   481s

Barrier solved model in 48 iterations and 481.32 seconds (1241.62 work units)
Optimal objective -4.78806818e+01

  Building initial crossover basis                               499s
  Building initial crossover basis                               504s
  Building initial crossover basis                               506s
  Building initial crossover basis                               511s
  Building initial crossover basis                               516s
  Building initial crossover basis                               521s
  Building initial crossover basis                               525s
  Building initial crossover basis                               531s
  Building initial crossover basis                               536s
  Building initial crossover basis                               541s
  Building initial crossover basis                               546s
  Building initial crossover basis                               551s
  Building initial crossover basis                               555s
  Building initial crossover basis                               560s
  Building initial crossover basis                               565s
  Building initial crossover basis                               570s
  Building initial crossover basis                               575s
  Building initial crossover basis                               580s
  Building initial crossover basis                               586s
  Building initial crossover basis                               591s
  Building initial crossover basis                               596s
  Building initial crossover basis                               601s

Root crossover log...

   13095 DPushes remaining with DInf 0.0000000e+00               602s
       0 DPushes remaining with DInf 0.0000000e+00               603s

    5286 PPushes remaining with PInf 4.4730588e-02               603s
    1408 PPushes remaining with PInf 3.8433296e-02               605s
       0 PPushes remaining with PInf 0.0000000e+00               607s

  Push phase complete: Pinf 0.0000000e+00, Dinf 1.4305815e-09    607s


Root simplex log...

Iteration    Objective       Primal Inf.    Dual Inf.      Time
    8649   -4.7880682e+01   0.000000e+00   0.000000e+00    607s
Concurrent spin time: 32.83s (can be avoided by choosing Method=3)

Solved with barrier
    8649   -4.7880682e+01   0.000000e+00   0.000000e+00    643s

Use crossover to convert LP symmetric solution to basic solution...

Root crossover log...

   16161 DPushes remaining with DInf 0.0000000e+00               645s
       0 DPushes remaining with DInf 0.0000000e+00               646s

    9846 PPushes remaining with PInf 0.0000000e+00               646s
    5610 PPushes remaining with PInf 0.0000000e+00               650s
    1865 PPushes remaining with PInf 0.0000000e+00               656s
     165 PPushes remaining with PInf 0.0000000e+00               660s
       0 PPushes remaining with PInf 0.0000000e+00               661s

  Push phase complete: Pinf 0.0000000e+00, Dinf 1.9567995e-09    661s


Root simplex log...

Iteration    Objective       Primal Inf.    Dual Inf.      Time
   20706   -4.7880682e+01   0.000000e+00   0.000000e+00    663s
   20706   -4.7880682e+01   0.000000e+00   0.000000e+00    666s

Root relaxation: objective -4.788068e+01, 20706 iterations, 369.10 seconds (464.07 work units)

    Nodes    |    Current Node    |     Objective Bounds      |     Work
 Expl Unexpl |  Obj  Depth IntInf | Incumbent    BestBd   Gap | It/Node Time

     0     0  -47.88068    0 25132    0.00000  -47.88068      -     - 2387s
     0     0          -    0         0.00000  -47.88068      -     - 10800s

Cutting planes:
  Clique: 7

Explored 1 nodes (92523 simplex iterations) in 10801.60 seconds (15510.99 work units)
Thread count was 16 (of 18 available processors)

Solution count 1: 0 

Time limit reached
Best objective 0.000000000000e+00, best bound -4.700000000000e+01, gap -

---------------------------------------------------------------------------
Multi-objectives: stopped in 10803.07 seconds (15510.99 work units), solution count 1
Time Limit reached


Gurobi 10.0.3 (mac64[arm]) logging started Thu Mar 20 16:10:58 2025

Set parameter LogFile to value "/Users/niklas/Desktop/Diplomarbeit/OptRail_Railroad_Construction/Data/Solution_math_model/AnzahlAuftraege_NEW_50/a50_o578_m28_an276_ar66/6_Objectives/hierarchical/gurobi_a50_o578_m28_an276_ar66_hierarchical.log"
Gurobi Optimizer version 10.0.3 build v10.0.3rc0 (mac64[arm])

CPU model: Apple M1 Pro
Thread count: 8 physical cores, 8 logical processors, using up to 16 threads

Warning: Thread count (16) is larger than processor count (8)
         Reduce the value of the Threads parameter to improve performance


Optimize a model with 55674 rows, 19162242 columns and 99902370 nonzeros
Model fingerprint: 0xc9e43e59
Variable types: 0 continuous, 19162242 integer (19162242 binary)
Coefficient statistics:
  Matrix range     [1e+00, 1e+01]
  Objective range  [1e+00, 3e+02]
  Bounds range     [1e+00, 1e+00]
  RHS range        [1e+00, 2e+02]

---------------------------------------------------------------------------
Multi-objectives: starting optimization with 6 objectives ... 
---------------------------------------------------------------------------

Multi-objectives: applying initial presolve ...
---------------------------------------------------------------------------

Presolve removed 181 rows and 1 columns (presolve time = 5s) ...
Presolve removed 284 rows and 47466 columns (presolve time = 10s) ...
Presolve removed 284 rows and 47466 columns (presolve time = 15s) ...
Presolve removed 284 rows and 47466 columns (presolve time = 20s) ...
Presolve removed 356 rows and 47466 columns (presolve time = 25s) ...
Presolve removed 504 rows and 47466 columns (presolve time = 30s) ...
Presolve removed 504 rows and 47466 columns (presolve time = 35s) ...
Presolve removed 504 rows and 47466 columns (presolve time = 40s) ...
Presolve removed 511 rows and 47466 columns (presolve time = 45s) ...
Presolve removed 511 rows and 47466 columns (presolve time = 53s) ...
Presolve removed 540 rows and 47466 columns (presolve time = 56s) ...
Presolve removed 540 rows and 47466 columns (presolve time = 60s) ...
Presolve removed 540 rows and 47466 columns (presolve time = 65s) ...
Presolve removed 540 rows and 47466 columns (presolve time = 73s) ...
Presolve removed 540 rows and 47466 columns (presolve time = 83s) ...
Presolve removed 540 rows and 47466 columns (presolve time = 95s) ...
Presolve removed 540 rows and 47466 columns (presolve time = 107s) ...
Presolve removed 540 rows and 47466 columns (presolve time = 118s) ...
Presolve removed 540 rows and 47466 columns (presolve time = 129s) ...
Presolve removed 540 rows and 47466 columns (presolve time = 140s) ...
Presolve removed 540 rows and 47466 columns (presolve time = 152s) ...
Presolve removed 540 rows and 47466 columns (presolve time = 163s) ...
Presolve removed 540 rows and 47466 columns (presolve time = 174s) ...
Presolve removed 540 rows and 47466 columns (presolve time = 187s) ...
Presolve removed 540 rows and 47466 columns (presolve time = 197s) ...
Presolve removed 540 rows and 47466 columns (presolve time = 208s) ...
Presolve removed 540 rows and 47466 columns (presolve time = 219s) ...
Presolve removed 540 rows and 47466 columns (presolve time = 230s) ...
Presolve removed 540 rows and 47466 columns (presolve time = 241s) ...
Presolve removed 540 rows and 47466 columns (presolve time = 249s) ...
Presolve removed 540 rows and 47466 columns (presolve time = 258s) ...
Presolve removed 540 rows and 47466 columns (presolve time = 267s) ...
Presolve removed 540 rows and 47466 columns (presolve time = 276s) ...
Presolve removed 540 rows and 47466 columns (presolve time = 286s) ...
Presolve removed 540 rows and 47466 columns (presolve time = 295s) ...
Presolve removed 540 rows and 47466 columns (presolve time = 306s) ...
Presolve removed 540 rows and 47466 columns (presolve time = 317s) ...
Presolve removed 540 rows and 47466 columns (presolve time = 327s) ...
Presolve removed 540 rows and 47466 columns (presolve time = 337s) ...
Presolve removed 540 rows and 47466 columns (presolve time = 348s) ...
Presolve removed 540 rows and 47466 columns (presolve time = 357s) ...
Presolve removed 540 rows and 47466 columns (presolve time = 366s) ...
Presolve removed 540 rows and 47466 columns (presolve time = 375s) ...
Presolve removed 540 rows and 47466 columns (presolve time = 380s) ...
Presolve removed 540 rows and 47466 columns (presolve time = 391s) ...
Presolve removed 540 rows and 47466 columns (presolve time = 403s) ...
Presolve removed 540 rows and 47466 columns (presolve time = 413s) ...
Presolve removed 540 rows and 47466 columns (presolve time = 424s) ...
Presolve removed 540 rows and 47466 columns (presolve time = 435s) ...
Presolve removed 540 rows and 47466 columns (presolve time = 447s) ...
Presolve removed 540 rows and 47466 columns (presolve time = 459s) ...
Presolve removed 540 rows and 47466 columns (presolve time = 471s) ...
Presolve removed 540 rows and 47466 columns (presolve time = 482s) ...
Presolve removed 540 rows and 47466 columns (presolve time = 494s) ...
Presolve removed 540 rows and 47466 columns (presolve time = 506s) ...
Presolve removed 540 rows and 47466 columns (presolve time = 517s) ...
Presolve removed 540 rows and 47466 columns (presolve time = 528s) ...
Presolve removed 540 rows and 47466 columns (presolve time = 539s) ...
Presolve removed 540 rows and 47466 columns (presolve time = 549s) ...
Presolve removed 540 rows and 47466 columns (presolve time = 561s) ...
Presolve removed 540 rows and 47466 columns (presolve time = 572s) ...
Presolve removed 540 rows and 47466 columns (presolve time = 583s) ...
Presolve removed 540 rows and 47466 columns (presolve time = 597s) ...
Presolve removed 540 rows and 47466 columns (presolve time = 608s) ...
Presolve removed 540 rows and 47466 columns (presolve time = 619s) ...
Presolve removed 540 rows and 47466 columns (presolve time = 630s) ...
Presolve removed 540 rows and 47466 columns (presolve time = 641s) ...
Presolve removed 540 rows and 47466 columns (presolve time = 653s) ...
Presolve removed 540 rows and 47466 columns (presolve time = 663s) ...
Presolve removed 540 rows and 47466 columns (presolve time = 674s) ...
Presolve removed 540 rows and 47466 columns (presolve time = 685s) ...
Presolve removed 540 rows and 47466 columns (presolve time = 967s) ...
Presolve removed 540 rows and 47466 columns (presolve time = 970s) ...
Presolve added 3482 rows and 0 columns
Presolve removed 0 rows and 43444 columns
Presolve time: 973.69s
Presolved: 59156 rows and 19118798 columns
---------------------------------------------------------------------------

Multi-objectives: optimize objective 1 () ...
---------------------------------------------------------------------------

Found heuristic solution: objective 0.0000000
Presolve removed 115 rows and 9997886 columns (presolve time = 6s) ...
Presolve removed 115 rows and 9997886 columns (presolve time = 10s) ...
Presolve removed 115 rows and 9997886 columns (presolve time = 15s) ...
Presolve removed 115 rows and 9997886 columns (presolve time = 20s) ...
Presolve removed 119 rows and 9997890 columns (presolve time = 25s) ...
Presolve removed 119 rows and 9997890 columns (presolve time = 30s) ...
Presolve removed 3004 rows and 9997890 columns (presolve time = 37s) ...
Presolve removed 3004 rows and 9997890 columns (presolve time = 40s) ...
Presolve removed 3004 rows and 9997890 columns (presolve time = 45s) ...
Presolve removed 3004 rows and 10000552 columns (presolve time = 50s) ...
Presolve removed 3004 rows and 10000552 columns (presolve time = 55s) ...
Presolve removed 3008 rows and 10000556 columns (presolve time = 60s) ...
Presolve removed 3008 rows and 10000556 columns (presolve time = 66s) ...
Presolve removed 3008 rows and 10000556 columns (presolve time = 71s) ...
Presolve removed 4344 rows and 10000556 columns (presolve time = 76s) ...
Presolve removed 4344 rows and 10000556 columns (presolve time = 80s) ...
Presolve removed 4344 rows and 10000556 columns (presolve time = 85s) ...
Presolve removed 4344 rows and 10000556 columns (presolve time = 92s) ...
Presolve removed 4344 rows and 10000556 columns (presolve time = 168s) ...
Presolve removed 4344 rows and 10000556 columns (presolve time = 171s) ...
Presolve removed 4782 rows and 10000998 columns (presolve time = 176s) ...
Presolve removed 4787 rows and 10001003 columns (presolve time = 180s) ...
Presolve removed 4787 rows and 10001003 columns (presolve time = 185s) ...
Presolve removed 4787 rows and 10001003 columns (presolve time = 190s) ...
Presolve removed 4787 rows and 10001003 columns (presolve time = 195s) ...
Presolve removed 4787 rows and 10001003 columns (presolve time = 272s) ...
Presolve removed 4787 rows and 10001003 columns (presolve time = 275s) ...
Presolve removed 4782 rows and 10000998 columns
Presolve time: 277.26s
Presolved: 54374 rows, 9117800 columns, 94435662 nonzeros
Variable types: 0 continuous, 9117800 integer (9116902 binary)
Deterministic concurrent LP optimizer: primal simplex, dual simplex, and barrier
Showing barrier log only...

Root barrier log...

Elapsed ordering time = 32s
Elapsed ordering time = 35s
Elapsed ordering time = 40s
Elapsed ordering time = 45s
Ordering time: 49.09s

Barrier statistics:
 AA' NZ     : 1.818e+07
 Factor NZ  : 6.345e+07 (roughly 3.0 GB of memory)
 Factor Ops : 1.781e+11 (roughly 1 second per iteration)
 Threads    : 14

                  Objective                Residual
Iter       Primal          Dual         Primal    Dual     Compl     Time
   0  -5.79636764e+03 -2.41570717e+07  3.87e+06 6.16e-01  1.20e+02  1368s
   1  -3.15128673e+03 -2.37400248e+07  2.03e+06 2.28e+00  6.39e+01  1370s
   2  -1.64557234e+03 -2.26182275e+07  1.02e+06 7.62e-01  3.27e+01  1372s
   3  -2.99426690e+02 -1.86902238e+07  1.76e+05 8.02e-02  6.47e+00  1375s
   4  -2.33783861e+02 -1.62102832e+07  1.19e+05 5.62e-02  4.48e+00  1377s
   5  -1.78921401e+02 -1.01614767e+07  7.53e+04 1.52e-02  2.57e+00  1380s
   6  -1.40436628e+02 -5.82094858e+06  4.69e+04 3.40e-03  1.45e+00  1383s
   7  -1.28630241e+02 -4.88580654e+06  3.77e+04 9.29e-04  1.17e+00  1385s
   8  -1.18646000e+02 -3.47568931e+06  2.94e+04 1.35e-12  8.70e-01  1387s
   9  -1.13845125e+02 -2.75525351e+06  2.59e+04 3.66e-13  7.39e-01  1389s
  10  -1.03965025e+02 -2.24046067e+06  2.07e+04 4.26e-13  5.90e-01  1391s
  11  -9.02704267e+01 -1.77228947e+06  1.49e+04 2.61e-12  4.35e-01  1393s
  12  -7.09599504e+01 -1.16666624e+06  7.95e+03 1.07e-11  2.47e-01  1395s
  13  -5.73742604e+01 -8.58669215e+05  3.00e+03 8.75e-12  1.26e-01  1398s
  14  -5.23902754e+01 -6.26624651e+05  1.21e+03 1.15e-11  7.24e-02  1401s
  15  -4.96890181e+01 -3.48455669e+05  2.53e+02 6.54e-05  3.21e-02  1403s
  16  -4.92077499e+01 -2.16373746e+05  9.11e+01 2.94e-11  1.86e-02  1405s
  17  -4.88947560e+01 -1.83009842e+05  5.27e+01 2.36e-11  1.53e-02  1407s
  18  -4.76880181e+01 -1.70825160e+05  3.73e+01 2.19e-11  1.40e-02  1410s
  19  -4.59636118e+01 -1.45448386e+05  2.81e+01 1.87e-11  1.19e-02  1412s
  20  -4.55341098e+01 -1.36526663e+05  2.50e+01 1.75e-11  1.11e-02  1415s
  21  -4.42149598e+01 -8.98667861e+04  1.51e+01 1.14e-11  7.32e-03  1417s
  22  -4.40459567e+01 -6.37935767e+04  1.24e+01 8.12e-12  5.25e-03  1420s
  23  -4.40327031e+01 -6.13848273e+04  1.22e+01 7.81e-12  5.06e-03  1423s
  24  -4.33386691e+01 -4.48348524e+04  6.45e+00 5.69e-12  3.65e-03  1425s
  25  -4.27128260e+01 -3.40737325e+04  1.29e+00 4.28e-12  2.69e-03  1428s
  26  -4.14748009e+01 -3.11665512e+04  1.90e-01 4.02e-12  2.42e-03  1431s
  27  -3.85028842e+01 -1.66695303e+04  4.00e-14 2.46e-12  1.29e-03  1434s
  28  -3.65352479e+01 -5.16852906e+03  4.31e-14 7.25e-13  3.98e-04  1437s
  29  -3.71237720e+01 -3.05263604e+03  4.04e-14 4.24e-13  2.34e-04  1438s
  30  -3.76494311e+01 -2.02686416e+03  4.06e-14 2.69e-13  1.54e-04  1440s
  31  -3.86601778e+01 -1.09598495e+03  1.68e-12 1.41e-13  8.21e-05  1442s
  32  -3.96364669e+01 -9.05707736e+02  1.38e-12 1.12e-13  6.72e-05  1444s
  33  -4.10220864e+01 -6.86919454e+02  9.39e-13 8.26e-14  5.01e-05  1446s
  34  -4.17262000e+01 -4.08129288e+02  8.13e-13 4.80e-14  2.84e-05  1448s
  35  -4.25803069e+01 -3.84754375e+02  6.48e-13 4.35e-14  2.66e-05  1450s
  36  -4.32287991e+01 -3.01077773e+02  7.71e-13 3.11e-14  2.00e-05  1453s
  37  -4.48626117e+01 -2.31625368e+02  5.19e-13 2.22e-14  1.45e-05  1455s
  38  -4.55410701e+01 -1.92779393e+02  4.57e-13 1.60e-14  1.14e-05  1458s
  39  -4.56202533e+01 -1.82992864e+02  4.34e-13 1.60e-14  1.07e-05  1461s
  40  -4.62602232e+01 -1.42320831e+02  3.28e-13 1.15e-14  7.46e-06  1464s
  41  -4.69726315e+01 -9.27469399e+01  4.74e-13 4.44e-15  3.55e-06  1468s
  42  -4.71333079e+01 -6.93341267e+01  5.41e-13 4.44e-15  1.72e-06  1471s
  43  -4.74197339e+01 -5.24169195e+01  2.80e-12 8.88e-16  3.88e-07  1474s
  44  -4.78031276e+01 -4.85754452e+01  1.32e-12 8.88e-16  5.99e-08  1476s
  45  -4.78587899e+01 -4.80284949e+01  3.25e-12 8.88e-16  1.32e-08  1478s
  46  -4.78786600e+01 -4.78843149e+01  2.86e-12 2.66e-15  4.39e-10  1481s
  47  -4.78806807e+01 -4.78807052e+01  1.59e-12 1.78e-15  1.90e-12  1482s
  48  -4.78806818e+01 -4.78806818e+01  1.85e-12 1.78e-15  2.03e-18  1484s

Barrier solved model in 48 iterations and 1484.36 seconds (1331.20 work units)
Optimal objective -4.78806818e+01

  Building initial crossover basis                              1537s
  Building initial crossover basis                              1541s
  Building initial crossover basis                              1546s
  Building initial crossover basis                              1550s
  Building initial crossover basis                              1556s
  Building initial crossover basis                              1561s
  Building initial crossover basis                              1566s
  Building initial crossover basis                              1570s
  Building initial crossover basis                              1576s
  Building initial crossover basis                              1582s
  Building initial crossover basis                              1586s
  Building initial crossover basis                              1591s
  Building initial crossover basis                              1597s
  Building initial crossover basis                              1601s
  Building initial crossover basis                              1605s
  Building initial crossover basis                              1612s
  Building initial crossover basis                              1616s
  Building initial crossover basis                              1621s
  Building initial crossover basis                              1627s
  Building initial crossover basis                              1631s
  Building initial crossover basis                              1637s
  Building initial crossover basis                              1641s
  Building initial crossover basis                              1646s
  Building initial crossover basis                              1651s
  Building initial crossover basis                              1656s

Root crossover log...

   13121 DPushes remaining with DInf 0.0000000e+00              1660s
       0 DPushes remaining with DInf 0.0000000e+00              1660s

    5232 PPushes remaining with PInf 5.8186497e-02              1660s
       0 PPushes remaining with PInf 3.7018642e-03              1663s

  Push phase complete: Pinf 3.7018642e-03, Dinf 1.1782609e-09   1664s


Root simplex log...

Iteration    Objective       Primal Inf.    Dual Inf.      Time
    8595   -4.7880682e+01   3.701864e-03   0.000000e+00   1664s
    8664   -4.7880682e+01   0.000000e+00   0.000000e+00   1674s
Concurrent spin time: 9.37s

Solved with barrier
    8664   -4.7880682e+01   0.000000e+00   0.000000e+00   1686s

Use crossover to convert LP symmetric solution to basic solution...

Root crossover log...

   16074 DPushes remaining with DInf 0.0000000e+00              1689s
       0 DPushes remaining with DInf 0.0000000e+00              1689s

    9896 PPushes remaining with PInf 0.0000000e+00              1689s
    7847 PPushes remaining with PInf 0.0000000e+00              1690s
    2733 PPushes remaining with PInf 0.0000000e+00              1695s
       0 PPushes remaining with PInf 0.0000000e+00              1700s

  Push phase complete: Pinf 0.0000000e+00, Dinf 3.5875465e-09   1700s


Root simplex log...

Iteration    Objective       Primal Inf.    Dual Inf.      Time
   20771   -4.7880682e+01   0.000000e+00   0.000000e+00   1700s
   20771   -4.7880682e+01   0.000000e+00   0.000000e+00   1703s

Root relaxation: objective -4.788068e+01, 20771 iterations, 436.29 seconds (664.65 work units)

    Nodes    |    Current Node    |     Objective Bounds      |     Work
 Expl Unexpl |  Obj  Depth IntInf | Incumbent    BestBd   Gap | It/Node Time

     0     0  -47.88068    0 25109    0.00000  -47.88068      -     - 3228s
