
Gurobi 11.0.0 (win64) logging started Fri Dec 20 23:40:22 2024

Set parameter LogFile to value "C:\Users\Administrator\Desktop\OptRail_Railroad_Construction\Data\Solution\AnzahlAuftraege_NEW_10\a10_o128_m6_an51_ar13\6_Objectives\weighted\gurobi_a10_o128_m6_an51_ar13_weighted.log"
Gurobi Optimizer version 11.0.0 build v11.0.0rc2 (win64 - Windows Server 2022.0 (20348.2))

CPU model: AMD EPYC 7513 32-Core Processor, instruction set [SSE2|AVX|AVX2]
Thread count: 18 physical cores, 18 logical processors, using up to 16 threads

Optimize a model with 3373 rows, 205717 columns and 1025257 nonzeros
Model fingerprint: 0x730a4568
Variable types: 0 continuous, 205717 integer (205717 binary)
Coefficient statistics:
  Matrix range     [1e+00, 1e+01]
  Objective range  [1e+00, 2e+02]
  Bounds range     [1e+00, 1e+00]
  RHS range        [1e+00, 2e+02]

---------------------------------------------------------------------------
Multi-objectives: starting optimization with 6 objectives (1 combined) ...
---------------------------------------------------------------------------
---------------------------------------------------------------------------

Multi-objectives: optimize objective 1 (weighted) ...
---------------------------------------------------------------------------

Optimize a model with 3373 rows, 205717 columns and 1025257 nonzeros
Model fingerprint: 0x25b8a3ee
Variable types: 0 continuous, 205717 integer (205717 binary)
Coefficient statistics:
  Matrix range     [1e+00, 1e+01]
  Objective range  [1e-03, 5e-01]
  Bounds range     [1e+00, 1e+00]
  RHS range        [1e+00, 2e+02]
Found heuristic solution: objective 0.0000000
Presolve removed 114 rows and 105988 columns
Presolve time: 1.38s
Presolved: 3259 rows, 99729 columns, 907363 nonzeros
Variable types: 0 continuous, 99729 integer (99522 binary)
Deterministic concurrent LP optimizer: primal simplex, dual simplex, and barrier
Showing barrier log only...

Root barrier log...

Ordering time: 0.17s

Barrier statistics:
 AA' NZ     : 3.439e+05
 Factor NZ  : 1.062e+06 (roughly 50 MB of memory)
 Factor Ops : 4.847e+08 (less than 1 second per iteration)
 Threads    : 14

                  Objective                Residual
Iter       Primal          Dual         Primal    Dual     Compl     Time
   0   3.33769106e+04 -5.22363917e+04  1.66e+05 3.94e-02  9.24e+00     2s
   1   9.92492337e+03 -4.88480665e+04  4.94e+04 1.31e-01  2.85e+00     2s
   2   1.26233477e+03 -3.72064667e+04  6.28e+03 1.76e-02  4.84e-01     2s
   3   9.12666018e+02 -2.50857079e+04  4.53e+03 7.89e-03  3.12e-01     2s
   4   1.37212380e+02 -1.30300715e+04  6.60e+02 2.98e-03  8.85e-02     2s
   5   3.13142666e+01 -6.53325548e+03  1.31e+02 1.18e-03  3.70e-02     2s
   6   9.84694560e+00 -1.42352175e+03  2.59e+01 2.55e-04  7.87e-03     2s
   7   5.67033025e+00 -7.03075381e+02  9.45e+00 1.04e-04  3.81e-03     3s
   8   1.23709054e+00 -5.25876597e+02  2.00e+00 6.63e-05  2.72e-03     3s
   9  -1.52092042e-01 -2.91811049e+02  6.28e-02 2.93e-05  1.48e-03     3s
  10  -1.08127442e+00 -6.54583964e+01  8.51e-03 4.61e-06  3.22e-04     3s
  11  -1.60965206e+00 -4.09263307e+01  4.27e-03 2.30e-06  1.97e-04     3s
  12  -1.54858530e+00 -3.50094088e+01  4.07e-03 1.92e-06  1.67e-04     3s
  13  -1.95600403e+00 -2.56493359e+01  2.01e-03 1.29e-06  1.18e-04     3s
  14  -2.22521148e+00 -2.09891362e+01  1.39e-03 1.09e-06  9.37e-05     3s
  15  -2.19867364e+00 -2.02972445e+01  1.37e-03 1.06e-06  9.04e-05     3s
  16  -2.32850757e+00 -1.38458810e+01  1.02e-03 2.61e-07  5.75e-05     3s
  17  -2.67572449e+00 -1.08827886e+01  4.51e-04 1.33e-07  4.10e-05     3s
  18  -2.84025776e+00 -9.17999646e+00  3.16e-04 5.80e-08  3.16e-05     3s
  19  -2.92647195e+00 -8.09407087e+00  2.47e-04 2.53e-16  2.58e-05     3s
  20  -2.97610899e+00 -6.57013488e+00  2.08e-04 3.04e-16  1.79e-05     3s
  21  -3.03217777e+00 -5.99806761e+00  1.69e-04 1.96e-16  1.48e-05     3s
  22  -3.09231224e+00 -5.38997691e+00  1.30e-04 1.89e-16  1.15e-05     3s
  23  -3.14522224e+00 -4.97809731e+00  9.89e-05 2.04e-16  9.14e-06     3s
  24  -3.20192693e+00 -4.60526454e+00  6.62e-05 1.92e-16  7.00e-06     3s
  25  -3.20773199e+00 -4.56155261e+00  6.35e-05 1.97e-16  6.75e-06     3s
  26  -3.26192298e+00 -4.30050754e+00  3.90e-05 2.99e-16  5.18e-06     3s
  27  -3.27480921e+00 -4.10205878e+00  3.40e-05 1.67e-16  4.13e-06     3s
  28  -3.31221778e+00 -3.81791489e+00  2.10e-05 1.72e-16  2.52e-06     3s
  29  -3.33612226e+00 -3.65427882e+00  1.29e-05 2.36e-16  1.59e-06     3s
  30  -3.35371950e+00 -3.55696905e+00  7.66e-06 1.11e-16  1.01e-06     3s
  31  -3.36601451e+00 -3.49565794e+00  4.39e-06 1.62e-16  6.47e-07     3s
  32  -3.37181986e+00 -3.46301068e+00  3.01e-06 3.17e-16  4.55e-07     3s
  33  -3.37558975e+00 -3.42265417e+00  2.16e-06 1.48e-16  2.35e-07     3s
  34  -3.37699755e+00 -3.41325355e+00  1.86e-06 2.25e-16  1.81e-07     3s
  35  -3.38106401e+00 -3.40091485e+00  1.03e-06 1.48e-16  9.90e-08     3s
  36  -3.38566364e+00 -3.38957781e+00  1.50e-07 1.76e-16  1.95e-08     3s
  37  -3.38662712e+00 -3.38682487e+00  7.91e-09 1.77e-16  9.86e-10     3s
  38  -3.38672221e+00 -3.38672263e+00  6.39e-11 1.65e-16  2.10e-12     3s
  39  -3.38672232e+00 -3.38672259e+00  8.37e-08 1.66e-16  1.31e-12     3s
  40  -3.38672258e+00 -3.38672258e+00  1.08e-08 1.50e-16  1.93e-14     3s

Barrier solved model in 40 iterations and 3.34 seconds (5.18 work units)
Optimal objective -3.38672258e+00

Concurrent spin time: 0.00s

Solved with barrier

Root relaxation: objective -3.386723e+00, 4138 iterations, 1.84 seconds (1.88 work units)

    Nodes    |    Current Node    |     Objective Bounds      |     Work
 Expl Unexpl |  Obj  Depth IntInf | Incumbent    BestBd   Gap | It/Node Time

     0     0   -3.38672    0  970    0.00000   -3.38672      -     -    7s
H    0     0                      -1.9898451   -3.38672  70.2%     -   10s
     0     0   -3.35966    0 1023   -1.98985   -3.35966  68.8%     -   19s
H    0     0                      -2.0913808   -3.35264  60.3%     -   29s
     0     0   -3.35264    0 1124   -2.09138   -3.35264  60.3%     -   30s
     0     0   -3.29820    0 1284   -2.09138   -3.29820  57.7%     -   38s
     0     0   -3.29820    0 1272   -2.09138   -3.29820  57.7%     -   40s
     0     0   -3.26946    0 1283   -2.09138   -3.26946  56.3%     -   47s
     0     0   -3.26946    0 1357   -2.09138   -3.26946  56.3%     -   49s
     0     0   -3.25372    0 1377   -2.09138   -3.25372  55.6%     -   53s
     0     0   -3.25372    0 1379   -2.09138   -3.25372  55.6%     -   54s
     0     0   -3.25372    0 1319   -2.09138   -3.25372  55.6%     -   56s
     0     0   -3.25372    0 1278   -2.09138   -3.25372  55.6%     -   58s
     0     2   -3.25372    0 1278   -2.09138   -3.25372  55.6%     -   66s
     1     4   -3.25372    1 1455   -2.09138   -3.25372  55.6% 25147   86s
     3     8   -3.21629    2  906   -2.09138   -3.22681  54.3% 13708   97s
     7    16   -3.21203    3  956   -2.09138   -3.21623  53.8%  9755  105s
    15    32   -3.20671    4  931   -2.09138   -3.21504  53.7%  6491  115s
    31    48   -3.20669    5  885   -2.09138   -3.21444  53.7%  5536  140s
H   32    48                      -2.1545887   -3.21444  49.2%  5363  140s
H   33    48                      -2.3510750   -3.21444  36.7%  5960  140s
H   38    48                      -2.4043956   -3.21444  33.7%  8713  140s
    47    64   -3.19343    5  882   -2.40440   -3.21444  33.7% 10161  187s
    63    80   -3.20535    6  905   -2.40440   -3.21444  33.7% 12134  196s
    79    96   -3.19571    7 1120   -2.40440   -3.21444  33.7% 10433  203s
    95   116   -3.17939    7  808   -2.40440   -3.21444  33.7%  9219  208s
   115   136   -3.18674    8 1056   -2.40440   -3.21444  33.7%  7887  212s
   135   158   -3.19538    8 1111   -2.40440   -3.21444  33.7%  7030  219s
   157   178   -3.18690   10 1081   -2.40440   -3.21444  33.7%  6412  230s
   177   205   -3.18466   10 1166   -2.40440   -3.21444  33.7%  6076  238s
   204   231   -3.18506   11 1079   -2.40440   -3.21444  33.7%  5528  242s
   230   262   -3.18275   13 1037   -2.40440   -3.21444  33.7%  5079  248s
H  261   289                      -2.7743735   -3.21444  15.9%  4680  315s
H  262   289                      -2.8690248   -3.21444  12.0%  4669  315s
   288   311   -3.17677   15 1060   -2.86902   -3.21444  12.0%  4426  355s
H  296   311                      -2.8723171   -3.21444  11.9%  4410  355s
H  301   311                      -2.8734858   -3.21444  11.9%  4378  355s
H  306   311                      -2.8939285   -3.21444  11.1%  4320  355s
   310   341   -3.16829   17 1125   -2.89393   -3.21444  11.1%  4303  361s
   340   374   -3.16624   18 1139   -2.89393   -3.21444  11.1%  4115  371s
   373   407   -3.16258   20  905   -2.89393   -3.21444  11.1%  3997  386s
   406   461   -3.15621   23  894   -2.89393   -3.21444  11.1%  3904  395s
   460   512   -3.13697   24  864   -2.89393   -3.21444  11.1%  3620  404s
   511   573   -3.13058   26 1020   -2.89393   -3.21444  11.1%  3442  411s
   572   648   -3.11387   27 1002   -2.89393   -3.21444  11.1%  3219  417s
   647   727   -3.12749   30 1085   -2.89393   -3.21444  11.1%  2961  422s
   726   813   -3.12388   38 1049   -2.89393   -3.21444  11.1%  2742  432s
   812   911   -3.12025   47 1102   -2.89393   -3.21444  11.1%  2576  441s
   910  1018   -3.11430   53 1085   -2.89393   -3.21444  11.1%  2407  448s
  1017  1141   -3.11059   65 1102   -2.89393   -3.21444  11.1%  2239  454s
  1140  1248   -3.10632   72 1118   -2.89393   -3.21444  11.1%  2071  460s
  1247  1330   -3.10244   87 1116   -2.89393   -3.21444  11.1%  1968  467s
  1329  1416   -3.08963   92  934   -2.89393   -3.21444  11.1%  1934  474s
  1423  1498   -3.08501   99  920   -2.89393   -3.21444  11.1%  1882  481s
  1518  1616   -3.08418  100  966   -2.89393   -3.21444  11.1%  1837  488s
  1648  1733   -3.08033  103  998   -2.89393   -3.21444  11.1%  1766  497s
  1765  1774   -3.07794  108  992   -2.89393   -3.21444  11.1%  1731  583s
H 1769  1771                      -2.9060569   -3.21444  10.6%  1728  583s
  1808  1952   -3.07717  112  967   -2.90606   -3.21444  10.6%  1714  591s
  2003  2068   -3.07149  127  924   -2.90606   -3.21444  10.6%  1618  599s
  2131  2068   -3.18070   14  934   -2.90606   -3.21444  10.6%  1596  600s
  2136  2183   -3.06919  129 1006   -2.90606   -3.21444  10.6%  1596  613s
  2263  2320   -3.06110  130  980   -2.90606   -3.21444  10.6%  1587  625s
  2414  2419   -3.05626  136  991   -2.90606   -3.21444  10.6%  1557  636s
  2527  2561   -3.04874  140 1040   -2.90606   -3.21444  10.6%  1561  645s
  2679  2792   -3.04456  143 1003   -2.90606   -3.21444  10.6%  1535  655s
  2926  3030   -3.03965  177  976   -2.90606   -3.21444  10.6%  1466  720s
  3180  3294   -3.03150  190  996   -2.90606   -3.21444  10.6%  1406  730s
  3458  3560   -3.02841  193  910   -2.90606   -3.21444  10.6%  1346  748s
  3750  3729   -3.01059  210  945   -2.90606   -3.21444  10.6%  1300  762s
  3961  3948   -2.98159  229  959   -2.90606   -3.21444  10.6%  1281  773s
  4189  3949   -3.06991   99 1278   -2.90606   -3.21444  10.6%  1260  821s
  4191  3950   -3.11744   17  902   -2.90606   -3.21444  10.6%  1260  838s
  4192  3951   -3.07453   56 1099   -2.90606   -3.21444  10.6%  1259  856s
  4193  3952   -3.16088   19 1293   -2.90606   -3.21444  10.6%  1259  866s
  4194  3952   -3.11700   21 1307   -2.90606   -3.21444  10.6%  1259  878s
  4195  3953   -3.09092  106 1541   -2.90606   -3.21444  10.6%  1259  884s
  4196  3954   -2.94291   83 1511   -2.90606   -3.21444  10.6%  1258  891s
  4197  3954   -3.10055   60 1601   -2.90606   -3.21444  10.6%  1258  896s
  4199  3956   -2.91439  320 1548   -2.90606   -3.21444  10.6%  1257  907s
  4200  3959   -3.21444   11 1533   -2.90606   -3.21444  10.6%  1273  932s
  4202  3963   -3.18280   12 1112   -2.90606   -3.19806  10.0%  1279  950s
  4206  3969   -3.17770   13 1165   -2.90606   -3.19722  10.0%  1285  961s
  4214  3983   -3.17361   14 1155   -2.90606   -3.19568  10.0%  1306  978s
  4230  3993   -3.17349   15 1149   -2.90606   -3.18522  9.61%  1455 1164s
  4246  4004   -3.14693   15 1170   -2.90606   -3.18478  9.59%  1457 1172s
  4262  4015   -3.16968   16 1220   -2.90606   -3.18478  9.59%  1464 1180s
  4278  4025   -3.14809   16 1074   -2.90606   -3.18340  9.54%  1489 1238s
  4294  4040   -3.14839   17 1080   -2.90606   -3.18295  9.53%  1564 1244s
  4314  4052   -3.16367   17 1279   -2.90606   -3.18295  9.53%  1572 1250s
  4333  4070   -3.14801   18 1088   -2.90606   -3.18295  9.53%  1577 1255s
  4357  4080   -3.12835   19 1211   -2.90606   -3.18295  9.53%  1584 1261s
  4375  4097   -3.12935   19 1043   -2.90606   -3.18295  9.53%  1595 1269s
  4398  4112   -3.12700   20 1178   -2.90606   -3.18295  9.53%  1603 1277s
  4421  4134   -3.08848   20 1087   -2.90606   -3.18295  9.53%  1612 1285s
  4450  4155   -3.12654   21 1202   -2.90606   -3.18295  9.53%  1618 1293s
  4481  4176   -3.11681   22 1130   -2.90606   -3.18295  9.53%  1627 1299s
  4512  4194   -3.11327   23 1096   -2.90606   -3.18295  9.53%  1632 1306s
  4541  4226   -3.11172   24 1130   -2.90606   -3.18295  9.53%  1642 1318s
  4582  4247   -3.11125   25 1182   -2.90606   -3.18295  9.53%  1648 1328s
  4617  4274   -3.10813   26 1097   -2.90606   -3.18295  9.53%  1660 1335s
  4656  4297   -3.10467   27 1114   -2.90606   -3.18295  9.53%  1664 1348s
  4692  4325   -3.09812   28 1157   -2.90606   -3.18295  9.53%  1673 1364s
  4732  4352   -3.09297   29 1139   -2.90606   -3.18295  9.53%  1681 1374s
  4772  4389   -3.08718   30 1144   -2.90606   -3.18295  9.53%  1691 1382s
  4823  4426   -3.08651   31 1120   -2.90606   -3.18295  9.53%  1695 1390s
  4883  4458   -3.08385   32 1135   -2.90606   -3.18295  9.53%  1700 1400s
  4939  4482   -3.08333   33 1122   -2.90606   -3.18295  9.53%  1708 1410s
  4990  4535   -3.08235   34  987   -2.90606   -3.18295  9.53%  1717 1419s
  5060  4587   -3.08126   35 1119   -2.90606   -3.18295  9.53%  1720 1429s
  5139  4608   -3.04528   36 1092   -2.90606   -3.18295  9.53%  1721 1438s
  5206  4632   -3.07648   38 1152   -2.90606   -3.18295  9.53%  1726 1451s
  5272  4662   -3.07607   39 1128   -2.90606   -3.18295  9.53%  1737 1461s
  5338  4711   -3.07472   40 1130   -2.90606   -3.18295  9.53%  1742 1469s
  5419  4774   -3.07350   41 1108   -2.90606   -3.18295  9.53%  1743 1479s
  5530  4822   -3.04130   42 1121   -2.90606   -3.18295  9.53%  1738 1489s
  5624  4823   -3.07116   44 1106   -2.90606   -3.18295  9.53%  1739 1574s
  5681  4885   -3.04216   44 1141   -2.90606   -3.18295  9.53%  1742 1587s
  5797  4927   -3.05118   46 1053   -2.90606   -3.18295  9.53%  1741 1598s
  5900  4931   -3.05822   48 1087   -2.90606   -3.18295  9.53%  1742 1840s
  5940  5039   -3.03644   48 1024   -2.90606   -3.18295  9.53%  1744 1852s
  6067  5129   -3.05284   50 1034   -2.90606   -3.18295  9.53%  1739 1863s
  6209  5214   -3.04464   52  979   -2.90606   -3.18295  9.53%  1735 1875s
  6372  5277   -3.02734   54 1004   -2.90606   -3.18295  9.53%  1729 1889s
  6532  5345   -3.02514   57 1041   -2.90606   -3.18295  9.53%  1723 1900s
  6685  5408   -3.01991   60 1016   -2.90606   -3.18295  9.53%  1720 1915s
  6857  5472   -3.01624   64  962   -2.90606   -3.18295  9.53%  1716 1934s
  7009  5586   -3.00659   67  932   -2.90606   -3.18295  9.53%  1711 1948s
  7225  5527   -2.98462   71  807   -2.90606   -3.18295  9.53%  1696 2564s
  7244  5645   -3.00898   72  976   -2.90606   -3.18295  9.53%  1695 2577s
  7378  5810   -2.99633   75  772   -2.90606   -3.18295  9.53%  1687 2601s
  7622  5962   -2.99834   79  818   -2.90606   -3.18295  9.53%  1670 2615s
  7887  6126   -2.99700   84  751   -2.90606   -3.18295  9.53%  1649 2633s
  8196  6217   -2.94519   91  756   -2.90606   -3.18295  9.53%  1625 2650s
  8445  6311   -2.94915   97  824   -2.90606   -3.18295  9.53%  1611 2674s
  8659  6414   -2.97164  107  633   -2.90606   -3.18295  9.53%  1606 2690s
  8840  6618   -2.96176  116  561   -2.90606   -3.18295  9.53%  1608 2713s
  9132  6798   -2.95575  123  533   -2.90606   -3.18295  9.53%  1599 2731s
  9458  6993     cutoff  138        -2.90606   -3.18295  9.53%  1584 2751s
  9859  7095   -2.91421  154  549   -2.90606   -3.15331  8.51%  1565 2770s
 10150  7221   -3.09295   25 1147   -2.90606   -3.15331  8.51%  1561 2794s
 10462  7325   -2.94167   34  862   -2.90606   -3.14536  8.23%  1562 2816s
 10742  7459   -3.08080   20 1259   -2.90606   -3.14536  8.23%  1560 2837s
 10993  7655   -3.04537   28 1108   -2.90606   -3.14536  8.23%  1560 2861s
 11377  7790   -2.91700   42  774   -2.90606   -3.13820  7.99%  1554 2884s
 11695  8044   -3.01349   30  919   -2.90606   -3.13820  7.99%  1550 2909s
 12118  8293   -2.92940   52  922   -2.90606   -3.13818  7.99%  1534 2936s
 12578  8399   -3.00712   26  927   -2.90606   -3.13728  7.96%  1519 3026s
 12886  8548   -2.93518   41  632   -2.90606   -3.13531  7.89%  1514 3053s
 13192  8919   -2.95309   28 1004   -2.90606   -3.13435  7.86%  1518 3084s
 13757  9126   -3.06384   26  913   -2.90606   -3.13435  7.86%  1502 3114s
 14223  9439   -2.96457   41  900   -2.90606   -3.13241  7.79%  1494 3146s
 14788  9300   -2.96534   48  904   -2.90606   -3.13133  7.75%  1479 3301s
H14798  7837                      -2.9322805   -3.13133  6.79%  1479 3301s
 14842  8352   -2.95222   51  904   -2.93228   -3.13074  6.77%  1479 3336s
 15514  8718   -3.00139   32  938   -2.93228   -3.13036  6.76%  1457 3374s
 16174  9433   -3.10179   23  983   -2.93228   -3.12989  6.74%  1436 3414s
 16986  9990   -2.98189   29  974   -2.93228   -3.12989  6.74%  1410 3450s
 17745 10404   -2.93628   42  984   -2.93228   -3.12795  6.67%  1396 3486s
 18309 10724   -2.94593   48  684   -2.93228   -3.12681  6.63%  1397 3524s
 18787 11026   -2.95054   42  759   -2.93228   -3.12574  6.60%  1405 3563s
 19378 11405   -2.95063   35  779   -2.93228   -3.12352  6.52%  1414 3605s
 19956 11947   -3.05536   30  782   -2.93228   -3.12245  6.49%  1421 3653s
 20662 12500   -3.06832   25 1116   -2.93228   -3.12153  6.45%  1417 3711s
 21389 13200   -3.06230   26  838   -2.93228   -3.11982  6.40%  1424 3765s
 22266 13711   -3.03507   28  928   -2.93228   -3.11938  6.38%  1421 3812s
 22924 14289   -3.08170   27 1021   -2.93228   -3.11844  6.35%  1428 3861s
 23709 14800   -3.08227   32 1101   -2.93228   -3.11699  6.30%  1430 3913s
 24493 15373   -3.00976   34 1094   -2.93228   -3.11567  6.25%  1435 4052s
H24885 12511                      -2.9576982   -3.11514  5.32%  1436 4052s
 25376 13015   -2.96112   44  912   -2.95770   -3.11471  5.31%  1438 4111s
 26308 13756   -3.00944   27  972   -2.95770   -3.11335  5.26%  1440 4234s
 27359 14226   -2.98041   72  864   -2.95770   -3.11203  5.22%  1437 4296s
 28215 14799   -3.01309   47  955   -2.95770   -3.11072  5.17%  1449 4357s
 29162 15556     cutoff   34        -2.95770   -3.11006  5.15%  1458 4429s
*29859 15329             162      -2.9593750   -3.10876  5.05%  1462 4429s
 30349 16023   -3.03082   24 1099   -2.95937   -3.10870  5.05%  1460 4496s
 31446 16267   -3.07173   30  876   -2.95937   -3.10674  4.98%  1464 4645s
H31527 10002                      -2.9961798   -3.10670  3.69%  1465 4646s
 31919 10316     cutoff   28        -2.99618   -3.10601  3.67%  1472 4730s
 32996 10727   -3.08474   29 1058   -2.99618   -3.10386  3.59%  1493 4816s
 34020 11371   -3.07589   22 1033   -2.99618   -3.10293  3.56%  1514 4900s
H35206  9895                      -3.0073479   -3.10233  3.16%  1530 5059s
H35290  8333                      -3.0192954   -3.10141  2.72%  1532 5060s
 36168  8471   -3.07730   33 1110   -3.01930   -3.10054  2.69%  1549 5155s
 37353  8838 infeasible   22        -3.01930   -3.09912  2.64%  1573 5253s
 38714  9250   -3.03592   28  707   -3.01930   -3.09661  2.56%  1595 5352s
 40119  9654   -3.04176   19  709   -3.01930   -3.09442  2.49%  1615 5454s
 41510 10218   -3.04546   24  898   -3.01930   -3.09286  2.44%  1638 7336s
 43139 10669     cutoff   28        -3.01930   -3.09076  2.37%  1658 7442s
 44598 11120   -3.04464   29  981   -3.01930   -3.08904  2.31%  1675 7557s
 46226 11480   -3.04599   30 1011   -3.01930   -3.08757  2.26%  1694 7670s
 47848 11888   -3.02997   22  778   -3.01930   -3.08508  2.18%  1715 7784s
 49594 12592     cutoff   37        -3.01930   -3.08351  2.13%  1729 7899s
 49820 12592   -3.05650   33 1077   -3.01930   -3.08341  2.12%  1731 7900s
 51536 13089   -3.03199   26 1135   -3.01930   -3.08209  2.08%  1737 8007s
 53245 13558   -3.06453   34  835   -3.01930   -3.08083  2.04%  1748 8116s
 54978 14060   -3.03791   34 1062   -3.01930   -3.07981  2.00%  1757 8222s
 56860 14736   -3.02949   26  950   -3.01930   -3.07837  1.96%  1762 8328s
H57670 13305                      -3.0260590   -3.07820  1.72%  1757 8328s
*58575 12061              83      -3.0307212   -3.07804  1.56%  1760 8328s
 58865 11889   -3.04459   29  984   -3.03072   -3.07720  1.53%  1761 8770s
 59835 12146   -3.05452   33  773   -3.03072   -3.07622  1.50%  1768 8878s
 61429 12315     cutoff   27        -3.03072   -3.07458  1.45%  1780 8984s
 63010 12438     cutoff   38        -3.03072   -3.07318  1.40%  1793 9133s
 64704 12463     cutoff   33        -3.03072   -3.07194  1.36%  1806 9245s
 66378 12637     cutoff   24        -3.03072   -3.07014  1.30%  1816 9352s
 68196 12905   -3.03072   46 1059   -3.03072   -3.06872  1.25%  1822 9463s
 70128 13025   -3.04931   39 1165   -3.03072   -3.06764  1.22%  1823 9565s
 71823 13132 infeasible   31        -3.03072   -3.06652  1.18%  1828 9678s
 73517 13317   -3.04069   31 1093   -3.03072   -3.06542  1.14%  1830 9776s
 75484 13420     cutoff   21        -3.03072   -3.06429  1.11%  1830 9873s
 77252 13539 infeasible   27        -3.03072   -3.06329  1.07%  1832 9984s
 79120 13589   -3.04087   32  957   -3.03072   -3.06242  1.05%  1831 10077s
 80859 13592   -3.03525   32  895   -3.03072   -3.06155  1.02%  1833 10177s
 82503 13616   -3.03681   31  716   -3.03072   -3.06044  0.98%  1835 10299s
 83667 13616     cutoff   34        -3.03072   -3.06035  0.98%  1836 10300s
 84112 13690     cutoff   55        -3.03072   -3.05976  0.96%  1837 10393s
 85992 13731     cutoff   30        -3.03072   -3.05872  0.92%  1837 10523s
 88286 13735     cutoff   38        -3.03072   -3.05772  0.89%  1835 10604s
 88950 13735     cutoff   35        -3.03072   -3.05761  0.89%  1836 10605s
 89881 13836   -3.04069   27 1007   -3.03072   -3.05702  0.87%  1835 10682s
 91817 13746   -3.04744   36  752   -3.03072   -3.05608  0.84%  1829 10758s
 93494 13759 infeasible   39        -3.03072   -3.05524  0.81%  1828 10800s

Cutting planes:
  Gomory: 5
  Cover: 1
  Implied bound: 2
  MIR: 10
  Flow cover: 18
  Inf proof: 1
  Zero half: 32
  RLT: 1

Explored 94381 nodes (172476021 simplex iterations) in 10800.80 seconds (23883.91 work units)
Thread count was 16 (of 18 available processors)

Solution count 10: -3.03072 -3.02606 -3.0193 ... -2.89393

Time limit reached
Best objective -3.030721176510e+00, best bound -3.055018699961e+00, gap 0.8017%

---------------------------------------------------------------------------
Multi-objectives: stopped in 10806.13 seconds (23883.91 work units), solution count 10
Time Limit reached

