
Gurobi 11.0.0 (win64) logging started Fri Dec 20 06:15:06 2024

Set parameter LogFile to value "C:\Users\Administrator\Desktop\OptRail_Railroad_Construction\Data\Solution\AnzahlAuftraege_NEW_10\a10_o114_m6_an57_ar11\3_Objectives\hierarchical\gurobi_a10_o114_m6_an57_ar11_hierarchical.log"
Gurobi Optimizer version 11.0.0 build v11.0.0rc2 (win64 - Windows Server 2022.0 (20348.2))

CPU model: AMD EPYC 7513 32-Core Processor, instruction set [SSE2|AVX|AVX2]
Thread count: 18 physical cores, 18 logical processors, using up to 16 threads

Optimize a model with 2853 rows, 159429 columns and 723435 nonzeros
Model fingerprint: 0x8721b162
Variable types: 0 continuous, 159429 integer (159429 binary)
Coefficient statistics:
  Matrix range     [1e+00, 1e+01]
  Objective range  [1e+00, 2e+02]
  Bounds range     [1e+00, 1e+00]
  RHS range        [1e+00, 2e+02]

---------------------------------------------------------------------------
Multi-objectives: starting optimization with 3 objectives ... 
---------------------------------------------------------------------------

Multi-objectives: applying initial presolve ...
---------------------------------------------------------------------------

Presolve added 0 rows and 159 columns
Presolve removed 108 rows and 0 columns
Presolve time: 0.73s
Presolved: 2745 rows, 159588 columns, 648282 nonzeros
---------------------------------------------------------------------------

Multi-objectives: optimize objective 1 () ...
---------------------------------------------------------------------------

Found heuristic solution: objective 0.0000000
Presolve removed 697 rows and 82784 columns
Presolve time: 1.08s
Presolved: 2048 rows, 76804 columns, 550335 nonzeros
Variable types: 0 continuous, 76804 integer (76749 binary)
Deterministic concurrent LP optimizer: primal simplex, dual simplex, and barrier
Showing barrier log only...

Root barrier log...

Ordering time: 0.02s

Barrier statistics:
 AA' NZ     : 5.418e+04
 Factor NZ  : 1.125e+05 (roughly 12 MB of memory)
 Factor Ops : 1.703e+07 (less than 1 second per iteration)
 Threads    : 14

                  Objective                Residual
Iter       Primal          Dual         Primal    Dual     Compl     Time
   0  -2.63724254e+02 -1.61471070e+04  8.38e+04 1.47e-01  2.33e+01     2s
   1  -1.16474817e+02 -1.57314392e+04  3.34e+04 2.91e-01  9.54e+00     2s
   2  -3.15915263e+01 -1.35012007e+04  5.63e+03 4.51e-02  1.77e+00     2s
   3  -1.66775698e+01 -1.07247020e+04  1.85e+03 2.18e-02  6.73e-01     2s
   4  -1.43412719e+01 -4.84046281e+03  1.31e+03 1.47e-03  3.78e-01     2s
   5  -1.22217139e+01 -1.76122830e+03  6.29e+02 4.26e-14  1.57e-01     2s
   6  -1.05051324e+01 -1.08843635e+03  2.87e+02 4.97e-14  7.57e-02     2s
   7  -8.83369711e+00 -8.38619433e+02  1.12e+02 2.66e-14  3.74e-02     2s
   8  -8.67517271e+00 -3.46962185e+02  7.03e+01 7.11e-15  1.91e-02     2s
   9  -8.55233091e+00 -2.38299285e+02  3.96e+01 4.44e-15  1.15e-02     2s
  10  -8.45594574e+00 -1.19101447e+02  1.84e+01 2.22e-15  5.43e-03     2s
  11  -8.27826702e+00 -9.01782201e+01  4.40e+00 2.22e-15  2.51e-03     2s
  12  -7.32572867e+00 -7.77826058e+01  4.74e-02 1.67e-15  1.56e-03     2s
  13  -7.30475191e+00 -3.57312419e+01  9.06e-03 2.20e-15  5.76e-04     2s
  14  -7.71760746e+00 -2.36723192e+01  5.65e-03 1.01e-15  3.20e-04     2s
  15  -8.18384025e+00 -1.34932283e+01  2.54e-03 1.18e-15  1.06e-04     2s
  16  -8.84956107e+00 -1.02564895e+01  3.23e-04 3.90e-16  2.76e-05     2s
  17  -8.99281491e+00 -9.08532424e+00  1.54e-06 9.67e-16  1.80e-06     2s
  18  -8.99999277e+00 -9.00008534e+00  8.32e-14 1.78e-15  1.80e-09     2s
  19  -9.00000000e+00 -9.00000000e+00  1.61e-13 2.66e-15  1.81e-15     2s

Barrier solved model in 19 iterations and 2.41 seconds (4.90 work units)
Optimal objective -9.00000000e+00

Concurrent spin time: 0.11s (can be avoided by choosing Method=3)

Solved with barrier

Use crossover to convert LP symmetric solution to basic solution...

Root relaxation: objective -9.000000e+00, 704 iterations, 0.73 seconds (0.64 work units)
Total elapsed time = 5.88s (DegenMoves)

    Nodes    |    Current Node    |     Objective Bounds      |     Work
 Expl Unexpl |  Obj  Depth IntInf | Incumbent    BestBd   Gap | It/Node Time

*    0     0               0      -9.0000000   -9.00000  0.00%     -    6s

Explored 1 nodes (51594 simplex iterations) in 6.44 seconds (9.63 work units)
Thread count was 16 (of 18 available processors)

Solution count 2: -9 0 
No other solutions better than -9

Optimal solution found (tolerance 1.00e-04)
Best objective -9.000000000000e+00, best bound -9.000000000000e+00, gap 0.0000%
---------------------------------------------------------------------------

Multi-objectives: optimize objective 2 () ...
---------------------------------------------------------------------------


Loaded user MIP start with objective 114

Presolve removed 0 rows and 82489 columns
Presolve time: 0.78s
Presolved: 2746 rows, 77099 columns, 638961 nonzeros
Variable types: 0 continuous, 77099 integer (77043 binary)
Found heuristic solution: objective 67.0000000
Deterministic concurrent LP optimizer: primal simplex, dual simplex, and barrier
Showing barrier log only...

Root barrier log...

Ordering time: 0.14s

Barrier statistics:
 AA' NZ     : 2.500e+05
 Factor NZ  : 7.612e+05 (roughly 40 MB of memory)
 Factor Ops : 2.826e+08 (less than 1 second per iteration)
 Threads    : 14

                  Objective                Residual
Iter       Primal          Dual         Primal    Dual     Compl     Time
   0   1.60355445e+03 -6.04747586e+04  1.13e+05 1.35e-01  1.14e+01     8s
   1   7.60990474e+02 -5.58560250e+04  2.69e+04 2.43e-01  2.90e+00     8s
   2   2.81610604e+02 -3.57709950e+04  7.71e+03 6.49e-03  8.51e-01     8s
   3   1.91579119e+02 -2.94002047e+04  4.07e+03 3.54e-03  4.97e-01     8s
   4   1.35380772e+02 -1.12282727e+04  1.98e+03 3.89e-15  1.96e-01     8s
   5   5.66885863e+01 -6.45411678e+03  4.80e+02 9.33e-15  6.99e-02     8s
   6   1.64382235e+01 -2.92085234e+03  1.06e+02 6.22e-15  2.48e-02     8s
   7   8.78440490e+00 -1.02273238e+03  3.85e+01 2.66e-15  8.61e-03     8s
   8   5.78396099e+00 -6.71803730e+02  1.55e+01 1.33e-15  5.16e-03     8s
   9   4.18739278e+00 -4.18794627e+02  7.28e+00 1.78e-15  3.12e-03     8s
  10   2.99122730e+00 -3.01780047e+02  4.03e+00 1.93e-15  2.19e-03     8s
  11   1.07245821e+00 -1.33189859e+02  6.80e-01 1.38e-15  9.06e-04     8s
  12   5.40779851e-01 -3.58924595e+01  2.31e-01 3.30e-15  2.48e-04     8s
  13   1.74130130e-01 -6.41413117e+00  1.59e-02 3.56e-15  4.41e-05     8s
  14   2.24171721e-02 -8.61751193e-01  8.01e-05 6.22e-15  5.76e-06     8s
  15   3.88275919e-04 -1.06941889e-03  9.01e-07 4.79e-15  1.01e-08     8s
  16   6.99371714e-10 -1.44742529e-09  1.62e-12 7.99e-15  1.50e-14     8s

Barrier solved model in 16 iterations and 8.25 seconds (12.14 work units)
Optimal objective 6.99371714e-10


Root crossover log...

     451 DPushes remaining with DInf 0.0000000e+00                 8s
       0 DPushes remaining with DInf 0.0000000e+00                 8s

   36485 PPushes remaining with PInf 0.0000000e+00                 8s
       0 PPushes remaining with PInf 0.0000000e+00                 9s

  Push phase complete: Pinf 0.0000000e+00, Dinf 6.0215689e-11      9s


Root simplex log...

Iteration    Objective       Primal Inf.    Dual Inf.      Time
   36800    0.0000000e+00   0.000000e+00   0.000000e+00      9s

Solved with barrier
   36800    0.0000000e+00   0.000000e+00   0.000000e+00      9s

Root relaxation: objective 0.000000e+00, 36800 iterations, 1.84 seconds (1.81 work units)
Total elapsed time = 16.39s (DegenMoves)
Total elapsed time = 23.03s (DegenMoves)
Total elapsed time = 25.53s (DegenMoves)

    Nodes    |    Current Node    |     Objective Bounds      |     Work
 Expl Unexpl |  Obj  Depth IntInf | Incumbent    BestBd   Gap | It/Node Time

     0     0    0.00000    0  160   67.00000    0.00000   100%     -   26s
H    0     0                      57.0000000    0.00000   100%     -   27s
H    0     0                      53.0000000    0.00000   100%     -   27s
     0     0    0.00000    0 1350   53.00000    0.00000   100%     -   42s
H    0     0                      38.0000000    0.00000   100%     -   56s
H    0     0                      25.0000000    0.00000   100%     -   58s
     0     0    0.00000    0 1333   25.00000    0.00000   100%     -   58s
     0     0    0.50000    0  126   25.00000    0.50000  98.0%     -   72s
H    0     0                      18.0000000    0.50000  97.2%     -   73s
     0     0    0.50000    0  438   18.00000    0.50000  97.2%     -   78s
     0     0    0.50000    0 1357   18.00000    0.50000  97.2%     -   96s
     0     0    0.50000    0 1352   18.00000    0.50000  97.2%     -   99s
     0     0    0.62500    0  507   18.00000    0.62500  96.5%     -  117s
H    0     0                      14.0000000    0.69375  95.0%     -  118s
     0     0    0.69375    0  606   14.00000    0.69375  95.0%     -  119s
     0     0    0.69375    0  420   14.00000    0.69375  95.0%     -  128s
H    0     0                      13.0000000    0.69375  94.7%     -  129s
     0     0    0.69375    0  471   13.00000    0.69375  94.7%     -  137s
H    0     0                      11.0000000    0.69375  93.7%     -  139s
H    0     0                       6.0000000    0.69375  88.4%     -  140s
     0     0    0.69375    0  519    6.00000    0.69375  88.4%     -  140s
     0     0    0.69375    0  493    6.00000    0.69375  88.4%     -  148s
     0     0    0.69375    0  537    6.00000    0.69375  88.4%     -  150s
     0     0    0.69375    0  458    6.00000    0.69375  88.4%     -  157s
     0     0    0.69375    0  458    6.00000    0.69375  88.4%     -  159s
     0     2    1.00000    0  458    6.00000    1.00000  83.3%     -  182s
     1     4    1.50000    1  835    6.00000    1.00000  83.3% 24442  191s
     3     6    1.50000    2 1015    6.00000    1.00000  83.3%  9647  195s
    13    24    1.50000    4 1033    6.00000    1.00000  83.3%  3741  207s
    25    40    1.50000    5 1091    6.00000    1.00000  83.3%  3475  212s
    41    56    1.50000    6 1091    6.00000    1.00000  83.3%  2629  217s
    73    86    1.50000    8 1074    6.00000    1.00000  83.3%  1889  223s
    89   102    1.50000    9 1108    6.00000    1.00000  83.3%  1688  271s
   105   119    1.50000   10 1087    6.00000    1.00000  83.3%  1541  299s
   122   135    1.60000   11 1130    6.00000    1.00000  83.3%  1445  302s
   138   155    2.16111   11 1281    6.00000    1.00000  83.3%  1456  310s
   158   174    1.60000   12 1136    6.00000    1.00000  83.3%  1487  315s
   177   192    1.60000   13 1131    6.00000    1.00000  83.3%  1458  376s
   223   250    1.60000   16 1158    6.00000    1.00000  83.3%  1303  383s
   253   277    1.60000   18 1155    6.00000    1.00000  83.3%  1211  387s
   282   295    1.60000   19 1174    6.00000    1.00000  83.3%  1172  394s
   301   325    1.60000   20 1177    6.00000    1.00000  83.3%  1168  397s
   335   351    2.22436   21 1215    6.00000    1.00000  83.3%  1128  401s
   361   378    1.70000   21 1203    6.00000    1.00000  83.3%  1131  405s
   420   443    1.70000   23 1173    6.00000    1.00000  83.3%  1118  415s
   457   474    1.73571   24 1276    6.00000    1.00000  83.3%  1110  420s
   489   512    1.73571   26 1244    6.00000    1.00000  83.3%  1125  427s
   529   547    1.75000   29 1227    6.00000    1.00000  83.3%  1112  433s
   566   584    2.50000   30 1213    6.00000    1.00000  83.3%  1115  441s
   603   620    1.80000   31 1241    6.00000    1.00000  83.3%  1118  448s
   642   659    1.80000   33 1256    6.00000    1.00000  83.3%  1131  455s
   694   689    1.80000   34 1225    6.00000    1.00000  83.3%  1117  462s
   748   712    1.89167   37 1234    6.00000    1.00000  83.3%  1110  470s
   796   754    2.69167   38 1224    6.00000    1.00000  83.3%  1119  475s
   847   807    3.49167   40 1235    6.00000    1.00000  83.3%  1116  484s
   902   853    3.49167   43 1233    6.00000    1.00000  83.3%  1105  491s
   965   916    3.50000   46 1250    6.00000    1.00000  83.3%  1095  499s
  1032   994    3.50000   50 1199    6.00000    1.00000  83.3%  1081  506s
  1111  1079    3.50000   55 1202    6.00000    1.00000  83.3%  1051  512s
  1200  1153    3.50000   59 1174    6.00000    1.00000  83.3%  1017  519s
  1276  1260    3.50000   62 1162    6.00000    1.00000  83.3%  1004  526s
  1387  1360    3.60000   65 1196    6.00000    1.00000  83.3%   964  532s
  1497  1421    3.60000   72 1171    6.00000    1.00000  83.3%   934  539s
  1589  1488    3.68333   75 1242    6.00000    1.00000  83.3%   934  548s
  1705  1555    4.43333   78 1238    6.00000    1.00000  83.3%   924  559s
  1794  1641    4.43889   80 1208    6.00000    1.00000  83.3%   934  567s
  1887  1729    4.43889   88 1195    6.00000    1.00000  83.3%   932  576s
  1998  1818    4.43889   96 1205    6.00000    1.00000  83.3%   924  586s
  2101  1933    4.47833  107 1102    6.00000    1.00000  83.3%   919  596s
  2242  2104    4.47833  124 1159    6.00000    1.00000  83.3%   905  608s
  2444  2307    4.48333  139 1143    6.00000    1.00000  83.3%   873  623s
  2668  2308    4.19646   31  458    6.00000    1.00000  83.3%   838  654s
  2670  2309    1.71731   30  315    6.00000    1.00000  83.3%   838  687s
  2671  2310    2.88333   31  101    6.00000    1.00000  83.3%   837  705s
  2672  2311    4.13466   74 1181    6.00000    1.00000  83.3%   837  720s
  2673  2311    3.89583  118  663    6.00000    1.00000  83.3%   837  746s
  2674  2312    4.40000   51  750    6.00000    1.02206  83.0%   836  751s
  2675  2313    1.85000   38  531    6.00000    1.39286  76.8%   836  768s
  2676  2313    2.04698   38  718    6.00000    1.39286  76.8%   836  772s
  2677  2314    1.80000   36  443    6.00000    1.47619  75.4%   836  782s
  2679  2315    4.48333  150  571    6.00000    1.47619  75.4%   835  794s
  2680  2316    5.00000   81  592    6.00000    1.47619  75.4%   835  797s
  2681  2317    2.83333   77  483    6.00000    1.47619  75.4%   834  802s
  2682  2317    1.75000    5  482    6.00000    1.47619  75.4%   834  805s
H 2682  2200                       5.0000000    1.47619  70.5%   834  810s
  2683  2201    2.00000   66  482    5.00000    1.47619  70.5%   834  838s
  2684  2205    2.03333   14  746    5.00000    1.48642  70.3%   994  850s
  2690  2213    2.03333   16  918    5.00000    1.52941  69.4%   997  866s
  2698  2220    2.03333   17  940    5.00000    1.52941  69.4%  1009  875s
  2712  2231    2.03333   18  962    5.00000    1.58333  68.3%  1015  979s
  2728  2242    2.03333   19  954    5.00000    1.58333  68.3%  1017  984s
  2744  2252    2.86667   19  977    5.00000    1.58333  68.3%  1021  990s
  2760  2260    2.03333   20  965    5.00000    1.58333  68.3%  1026 1042s
  2776  2273    2.83333   20  897    5.00000    1.58333  68.3%  1033 1050s
  2794  2283    2.03333   21  942    5.00000    1.58333  68.3%  1044 1056s
  2815  2295    2.83333   21  956    5.00000    1.58333  68.3%  1051 1061s
  2839  2307    2.03333   22  955    5.00000    1.58333  68.3%  1054 1067s
  2863  2323    2.03333   23  950    5.00000    1.58333  68.3%  1057 1071s
  2887  2337    2.83333   23  882    5.00000    1.58333  68.3%  1059 1076s
  2911  2355    2.03333   24 1031    5.00000    1.58333  68.3%  1059 1081s
  2940  2369    2.03333   25  948    5.00000    1.58333  68.3%  1061 1089s
  2967  2392    2.03333   26  948    5.00000    1.58333  68.3%  1067 1096s
  3001  2404    2.03333   27  929    5.00000    1.58333  68.3%  1067 1103s
  3030  2408    2.70000   28  903    5.00000    1.58333  68.3%  1074 1108s
  3059  2417    2.70000   29  853    5.00000    1.58333  68.3%  1080 1116s
  3087  2428    2.31667   30  916    5.00000    1.58333  68.3%  1090 1122s
  3115  2439    2.32500   31  899    5.00000    1.58333  68.3%  1099 1130s
  3145  2454    2.82500   32  919    5.00000    1.58333  68.3%  1106 1136s
  3177  2459    2.82500   33  898    5.00000    1.58333  68.3%  1112 1143s
  3216  2467    3.49167   34  888    5.00000    1.58333  68.3%  1120 1152s
  3268  2474     cutoff   35         5.00000    1.58333  68.3%  1126 1160s
  3312  2490     cutoff   36         5.00000    1.58333  68.3%  1136 1168s
  3352  2509     cutoff   38         5.00000    1.58333  68.3%  1142 1179s
  3413  2539    3.73974   41 1121    5.00000    1.58333  68.3%  1144 1187s
  3473  2555    3.94175   43 1197    5.00000    1.58333  68.3%  1145 1196s
  3542  2538    2.25000   20  806    5.00000    1.58333  68.3%  1148 1207s
  3606  2506    3.25000   21  801    5.00000    1.58333  68.3%  1155 1216s
  3662  2503    3.91667   22  880    5.00000    1.58333  68.3%  1165 1227s
  3710  2496    3.58333   23  885    5.00000    1.58333  68.3%  1180 1237s
  3768  2490     cutoff   25         5.00000    1.58333  68.3%  1193 1253s
  3825  2473     cutoff   24         5.00000    1.83333  63.3%  1208 1266s
  3881  2461    3.50000   22  948    5.00000    1.83333  63.3%  1225 1277s
  3941  2453    3.58333   23  981    5.00000    1.83333  63.3%  1242 1678s
  3961  2450    3.75000   24  974    5.00000    1.83333  63.3%  1246 1689s
  4034  2445    3.58333   24  948    5.00000    1.83333  63.3%  1259 1704s
  4116  2413     cutoff   25         5.00000    1.83333  63.3%  1270 1718s
  4191  2403     cutoff   26         5.00000    2.25000  55.0%  1283 1732s
  4265  2374    3.41667   29  856    5.00000    2.25000  55.0%  1296 1745s
  4351  2317    2.75000   22  889    5.00000    2.25000  55.0%  1311 1759s
  4456  2284    3.91667   25  938    5.00000    2.41667  51.7%  1323 1773s
  4529  2263    3.58333   22  867    5.00000    2.50000  50.0%  1344 1789s
  4632  2220    3.41667   24  929    5.00000    2.50000  50.0%  1357 1805s
  4749  2170    3.91667   24  930    5.00000    2.58333  48.3%  1369 1818s
  4861  2101    3.01667   26  974    5.00000    2.66667  46.7%  1382 1834s
  4966  2053    3.50833   28 1073    5.00000    2.72917  45.4%  1401 1856s
  5067  1995     cutoff   25         5.00000    2.83333  43.3%  1423 1874s
  5162  1939    4.00000   28  891    5.00000    2.90000  42.0%  1445 1893s
  5273  1849    3.96667   28 1137    5.00000    2.98333  40.3%  1464 1912s
  5372  1739     cutoff   27         5.00000    3.08333  38.3%  1489 1934s
  5480  1631    3.58333   27  979    5.00000    3.16667  36.7%  1512 1956s
  5621  1465     cutoff   22         5.00000    3.25000  35.0%  1531 1981s
  5804  1267     cutoff   25         5.00000    3.58333  28.3%  1542 2141s
  5951  1113     cutoff   23         5.00000    3.58333  28.3%  1529 2160s

Cutting planes:
  Gomory: 6
  Cover: 7
  Projected implied bound: 10
  MIR: 15
  StrongCG: 2
  Flow cover: 32
  GUB cover: 5
  Inf proof: 8
  Zero half: 35
  RLT: 12
  Relax-and-lift: 48

Explored 6085 nodes (9734502 simplex iterations) in 2161.15 seconds (3684.82 work units)
Thread count was 16 (of 18 available processors)

Solution count 10: 5 6 11 ... 57

Optimal solution found (tolerance 1.00e-04)
Best objective 5.000000000000e+00, best bound 5.000000000000e+00, gap 0.0000%
---------------------------------------------------------------------------

Multi-objectives: optimize objective 3 () ...
---------------------------------------------------------------------------


Loaded user MIP start with objective 8600.1

Presolve removed 0 rows and 82477 columns
Presolve time: 0.75s
Presolved: 2747 rows, 77111 columns, 639087 nonzeros
Variable types: 0 continuous, 77111 integer (77055 binary)
Deterministic concurrent LP optimizer: primal simplex, dual simplex, and barrier
Showing barrier log only...

Root barrier log...

Ordering time: 0.14s

Barrier statistics:
 AA' NZ     : 2.506e+05
 Factor NZ  : 7.621e+05 (roughly 40 MB of memory)
 Factor Ops : 2.833e+08 (less than 1 second per iteration)
 Threads    : 14

                  Objective                Residual
Iter       Primal          Dual         Primal    Dual     Compl     Time
   0   4.65355122e+07 -2.01286537e+07  1.12e+05 1.17e+02  3.78e+03  2163s
   1   1.60275053e+07 -1.94727833e+07  3.87e+04 1.35e+02  1.38e+03  2163s
   2   5.30841473e+06 -1.64654162e+07  1.28e+04 4.37e+01  4.97e+02  2163s
   3   1.42900838e+06 -1.09161850e+07  3.45e+03 7.75e+00  1.61e+02  2163s
   4   5.80019831e+05 -8.07069567e+06  1.38e+03 4.94e+00  8.54e+01  2163s
   5   3.64848072e+05 -3.90468399e+06  8.63e+02 1.32e+00  4.39e+01  2163s
   6   1.24095432e+05 -2.15975927e+06  2.80e+02 2.70e-01  1.97e+01  2163s
   7   5.35988990e+04 -8.76211158e+05  1.10e+02 1.78e-01  7.76e+00  2163s
   8   2.01748134e+04 -3.65658550e+05  2.95e+01 1.47e-02  2.93e+00  2163s
   9   1.05049957e+04 -2.04407298e+05  7.12e+00 2.50e-12  1.50e+00  2163s
  10   8.77623250e+03 -1.48362694e+05  3.78e+00 2.27e-12  1.08e+00  2163s
  11   7.25127451e+03 -1.06916809e+05  1.75e+00 1.59e-12  7.69e-01  2163s
  12   6.88846579e+03 -6.39732246e+04  1.33e+00 9.09e-13  4.83e-01  2163s
  13   6.18471020e+03 -3.21081641e+04  6.43e-01 1.36e-12  2.59e-01  2163s
  14   5.56598749e+03 -7.01527033e+03  2.29e-01 2.73e-12  8.56e-02  2163s
  15   5.38256276e+03 -1.26978580e+03  1.66e-01 1.36e-12  4.63e-02  2163s
  16   5.26052769e+03  6.08110212e+02  1.21e-01 1.36e-12  3.25e-02  2163s
  17   5.11416948e+03  2.30572242e+03  7.69e-02 1.59e-12  1.97e-02  2163s
  18   5.05537601e+03  2.78525929e+03  5.94e-02 1.36e-12  1.59e-02  2163s
  19   5.02397375e+03  3.39761891e+03  5.05e-02 2.27e-12  1.16e-02  2163s
  20   4.96443306e+03  4.12558387e+03  3.36e-02 1.63e-12  6.16e-03  2163s
  21   4.91995584e+03  4.34097839e+03  2.10e-02 2.19e-12  4.21e-03  2163s
  22   4.90165341e+03  4.69008962e+03  1.55e-02 6.37e-12  1.72e-03  2163s
  23   4.87811255e+03  4.75449138e+03  7.65e-03 8.19e-12  9.74e-04  2163s
  24   4.86076188e+03  4.82665884e+03  1.80e-03 4.55e-12  2.63e-04  2163s
  25   4.85554030e+03  4.85350100e+03  2.04e-04 3.18e-12  1.81e-05  2163s
  26   4.85486197e+03  4.85479356e+03  2.72e-07 4.38e-09  4.48e-07  2163s
  27   4.85486064e+03  4.85486055e+03  4.61e-09 3.64e-12  6.90e-10  2163s
  28   4.85486062e+03  4.85486062e+03  7.69e-12 7.61e-12  1.83e-14  2163s

Barrier solved model in 28 iterations and 2163.39 seconds (3687.55 work units)
Optimal objective 4.85486062e+03


Root crossover log...

     758 DPushes remaining with DInf 0.0000000e+00              2164s
       0 DPushes remaining with DInf 0.0000000e+00              2164s

     451 PPushes remaining with PInf 0.0000000e+00              2164s
       0 PPushes remaining with PInf 0.0000000e+00              2164s

  Push phase complete: Pinf 0.0000000e+00, Dinf 1.8879120e-11   2164s


Root simplex log...

Iteration    Objective       Primal Inf.    Dual Inf.      Time
    1019    4.8548606e+03   0.000000e+00   0.000000e+00   2164s

Solved with barrier
    1019    4.8548606e+03   0.000000e+00   0.000000e+00   2164s

Root relaxation: objective 4.854861e+03, 1019 iterations, 1.73 seconds (1.57 work units)
Total elapsed time = 2166.18s (DegenMoves)

    Nodes    |    Current Node    |     Objective Bounds      |     Work
 Expl Unexpl |  Obj  Depth IntInf | Incumbent    BestBd   Gap | It/Node Time

     0     0 4854.86062    0  910 8600.09846 4854.86062  43.5%     - 2173s
H    0     0                    8502.3252458 4854.86062  42.9%     - 2173s
H    0     0                    8359.3095355 4892.65302  41.5%     - 2174s
     0     0 4892.65302    0 1059 8359.30954 4892.65302  41.5%     - 2179s
     0     0 4935.29407    0 1125 8359.30954 4935.29407  41.0%     - 2185s
     0     0 4935.29407    0 1112 8359.30954 4935.29407  41.0%     - 2185s
     0     0 4958.11460    0 1096 8359.30954 4958.11460  40.7%     - 2195s
     0     0 4958.96493    0 1091 8359.30954 4958.96493  40.7%     - 2196s
     0     0 5037.54362    0 1159 8359.30954 5037.54362  39.7%     - 2202s
     0     0 5037.56256    0 1150 8359.30954 5037.56256  39.7%     - 2204s
     0     0 5074.27014    0 1197 8359.30954 5074.27014  39.3%     - 2207s
     0     0 5086.11658    0 1170 8359.30954 5086.11658  39.2%     - 2209s
     0     0 5088.20098    0 1163 8359.30954 5088.20098  39.1%     - 2210s
     0     0 5088.20098    0 1164 8359.30954 5088.20098  39.1%     - 2210s
     0     0 5139.13514    0 1077 8359.30954 5139.13514  38.5%     - 2214s
     0     0 5145.52198    0 1141 8359.30954 5145.52198  38.4%     - 2216s
     0     0 5145.59711    0 1105 8359.30954 5145.59711  38.4%     - 2216s
     0     0 5145.59711    0 1105 8359.30954 5145.59711  38.4%     - 2217s
H    0     0                    8289.0618423 5222.77198  37.0%     - 2219s
H    0     0                    8219.1713729 5222.77198  36.5%     - 2220s
     0     0 5222.77198    0 1124 8219.17137 5222.77198  36.5%     - 2220s
     0     0 5222.77198    0 1114 8219.17137 5222.77198  36.5%     - 2223s
     0     0 5237.12271    0 1072 8219.17137 5237.12271  36.3%     - 2225s
     0     0 5237.12271    0 1067 8219.17137 5237.12271  36.3%     - 2227s
     0     0 5246.22881    0 1091 8219.17137 5246.22881  36.2%     - 2229s
     0     0 5246.22881    0 1093 8219.17137 5246.22881  36.2%     - 2230s
     0     0 5246.22881    0 1067 8219.17137 5246.22881  36.2%     - 2231s
H    0     0                    8168.9759508 5246.31157  35.8%     - 2236s
     0     0 5246.31157    0  928 8168.97595 5246.31157  35.8%     - 2237s
H    0     0                    8138.8281195 5246.31157  35.5%     - 2238s
     0     0 5246.31157    0  936 8138.82812 5246.31157  35.5%     - 2238s
     0     0 5246.31157    0  840 8138.82812 5246.31157  35.5%     - 2244s
     0     0 5246.31157    0  840 8138.82812 5246.31157  35.5%     - 2245s
     0     0 5246.45942    0  783 8138.82812 5246.45942  35.5%     - 2262s
H    0     0                    8120.8867988 5246.45942  35.4%     - 2262s
     0     0 5246.45942    0 1023 8120.88680 5246.45942  35.4%     - 2266s
     0     0 5246.45942    0 1026 8120.88680 5246.45942  35.4%     - 2272s
     0     0 5279.14365    0 1068 8120.88680 5279.14365  35.0%     - 2273s
     0     0 5283.18446    0  875 8120.88680 5283.18446  34.9%     - 2274s
     0     0 5285.95256    0 1102 8120.88680 5285.95256  34.9%     - 2275s
     0     0 5285.95256    0 1098 8120.88680 5285.95256  34.9%     - 2275s
     0     0 5432.04818    0 1105 8120.88680 5432.04818  33.1%     - 2279s
     0     0 5432.92360    0 1131 8120.88680 5432.92360  33.1%     - 2280s
     0     0 5458.32371    0 1176 8120.88680 5458.32371  32.8%     - 2282s
     0     0 5461.36207    0 1175 8120.88680 5461.36207  32.7%     - 2283s
     0     0 5461.36207    0 1173 8120.88680 5461.36207  32.7%     - 2283s
     0     0 5462.87489    0 1143 8120.88680 5462.87489  32.7%     - 2284s
     0     0 5463.32599    0 1120 8120.88680 5463.32599  32.7%     - 2285s
     0     0 5463.32599    0 1112 8120.88680 5463.32599  32.7%     - 2285s
     0     0 5463.55519    0 1137 8120.88680 5463.55519  32.7%     - 2286s
     0     0 5463.66083    0 1138 8120.88680 5463.66083  32.7%     - 2287s
     0     0 5464.08220    0 1153 8120.88680 5464.08220  32.7%     - 2287s
H    0     0                    8078.3721499 5464.08220  32.4%     - 2288s
     0     0 5464.08220    0 1146 8078.37215 5464.08220  32.4%     - 2288s
     0     0 5464.88924    0 1151 8078.37215 5464.88924  32.4%     - 2288s
     0     0 5464.88924    0  949 8078.37215 5464.88924  32.4%     - 2290s
     0     2 5464.93160    0  949 8078.37215 5464.93160  32.4%     - 2295s
     1     4 6047.54949    1  728 8078.37215 5482.97797  32.1% 21634 2300s
    15    32 6063.75612    4  798 8078.37215 5723.91216  29.1%  3290 2308s
    31    48 6066.46099    5  822 8078.37215 5723.91216  29.1%  2418 2312s
H   34    48                    8034.9624689 5723.91216  28.8%  2226 2312s
H   34    48                    8012.0698671 5723.91216  28.6%  2226 2312s
H   37    48                    7907.5291513 5723.91216  27.6%  2112 2312s
    47    64 6071.68755    5  754 7907.52915 5723.91216  27.6%  1862 2315s
H   79    96                    7215.2637108 5723.91216  20.7%  1695 2385s
H   82    96                    7162.4291248 5723.91216  20.1%  1672 2385s
H   86    96                    7126.9322016 5723.91216  19.7%  1657 2385s
H   92    96                    7042.7095322 5723.91216  18.7%  1625 2385s
   134   155 6080.81911    8  642 7042.70953 5723.91216  18.7%  1623 2391s
   174   200 6103.47554   11  659 7042.70953 5723.91216  18.7%  1584 2395s
   255   288 6115.28942   17  588 7042.70953 5723.91216  18.7%  1394 2401s
   320   357 6120.34636   20  429 7042.70953 5723.91216  18.7%  1305 2406s
   395   415 6189.09431   26  405 7042.70953 5723.91216  18.7%  1242 2439s
H  401   415                    6937.4345733 5723.91216  17.5%  1238 2439s
H  425   429                    6895.3339333 5723.91216  17.0%  1233 2549s
H  427   429                    6842.6051616 5723.91216  16.3%  1230 2549s
   441   466 6128.20241   27  493 6842.60516 5723.91216  16.3%  1226 2551s
   527   550 6164.65870   33  527 6842.60516 5723.91216  16.3%  1185 2557s
   582   603 6300.88478   39  490 6842.60516 5723.91216  16.3%  1148 2560s
   695   705 6375.08470   48  273 6842.60516 5723.91216  16.3%  1095 2566s
   808   798 6784.49704   55  377 6842.60516 5724.85417  16.3%  1083 2573s
   888   851 5844.67730    7  766 6842.60516 5726.60887  16.3%  1062 2578s
   966   870 5976.32866    9  803 6842.60516 5726.60887  16.3%  1037 2581s
  1022   891 5995.08582   11  805 6842.60516 5726.60887  16.3%  1034 2588s
  1089   926 6041.03763   13  844 6842.60516 5726.60887  16.3%  1047 2592s
  1141   965 6124.01499   17  775 6842.60516 5726.60887  16.3%  1064 2596s
  1237  1039 6240.97169   22  891 6842.60516 5726.60887  16.3%  1090 2606s
  1291  1092 6273.29880   24  822 6842.60516 5726.60887  16.3%  1106 2613s
  1355  1161 6313.55371   27  733 6842.60516 5726.60887  16.3%  1117 2617s
  1436  1192 infeasible   28      6842.60516 5726.60887  16.3%  1110 2623s
  1502  1238     cutoff   29      6842.60516 5726.60887  16.3%  1115 2628s
  1570  1277     cutoff   38      6842.60516 5731.53915  16.2%  1116 2633s
  1647  1322 6106.90120    9  840 6842.60516 5731.53915  16.2%  1117 2639s
  1716  1379 6145.94666   10  882 6842.60516 5731.53915  16.2%  1123 2644s
  1796  1443 6172.82689   11  882 6842.60516 5731.53915  16.2%  1123 2652s
  1886  1451 6298.30229   12 1062 6842.60516 5731.53915  16.2%  1136 2658s
  1954  1487     cutoff   13      6842.60516 5731.53915  16.2%  1147 2665s
  2033  1502 6366.16021   17  891 6842.60516 5731.53915  16.2%  1161 2671s
  2085  1527     cutoff   21      6842.60516 5731.53915  16.2%  1193 2677s
  2174  1533 6533.38219   32  889 6842.60516 5731.53915  16.2%  1205 2741s
  2216  1571     cutoff   35      6842.60516 5786.02767  15.4%  1218 2748s
  2311  1602 6097.19865    8  778 6842.60516 5786.02767  15.4%  1231 2757s
  2386  1641 6154.38830   11  710 6842.60516 5786.02767  15.4%  1264 2764s
  2469  1678 6614.21665   15  737 6842.60516 5786.02767  15.4%  1284 2771s
  2577  1733 6291.34618   15  670 6842.60516 5786.02767  15.4%  1290 2778s
  2684  1773 infeasible   19      6842.60516 5786.02767  15.4%  1294 2787s
  2791  1821 infeasible   17      6842.60516 5786.02767  15.4%  1308 2794s
  2888  1877 6696.25037   18  740 6842.60516 5802.67676  15.2%  1325 2801s
  3003  1946 6283.02983   13  819 6842.60516 5802.67676  15.2%  1333 2810s
  3136  2011 6474.95929   18  809 6842.60516 5832.94369  14.8%  1336 2818s
  3264  2012 6014.84480   12  840 6842.60516 5832.94369  14.8%  1345 2829s
  3266  2013 6289.28565   19  669 6842.60516 5832.94369  14.8%  1345 2844s
  3267  2014 5985.22752   11 1063 6842.60516 5832.94369  14.8%  1344 2849s
  3268  2015 6478.32903   29 1066 6842.60516 5832.94369  14.8%  1344 2852s
  3271  2017 6091.30256   10 1166 6842.60516 5832.94369  14.8%  1343 2855s
  3274  2019 6494.93260   61 1194 6842.60516 5832.94369  14.8%  1341 2860s
  3276  2020 6574.06798   23 1190 6842.60516 5832.94369  14.8%  1340 2865s
  3280  2023 6543.55193   29 1225 6842.60516 5832.94369  14.8%  1339 2871s
  3284  2025 6363.60729   37 1155 6842.60516 5844.21687  14.6%  1337 2876s
  3286  2027 5854.81476   10 1200 6842.60516 5846.98038  14.6%  1336 2880s
  3290  2029 6123.50167   14 1226 6842.60516 5868.45441  14.2%  1335 2885s
  3293  2031 6288.64589   29 1091 6842.60516 5869.10087  14.2%  1334 2897s
  3294  2035 6226.69860   11  749 6842.60516 5869.39290  14.2%  1377 2907s
  3296  2038 6231.25069   12  784 6842.60516 6197.61078  9.43%  1380 2910s
  3308  2058 6274.62947   14  769 6842.60516 6222.18506  9.07%  1383 2922s
  3324  2069 6284.35793   15  628 6842.60516 6226.21009  9.01%  1398 2940s
  3356  2090 6284.35793   16  600 6842.60516 6239.71375  8.81%  1457 2947s
  3372  2101 6288.02213   16  586 6842.60516 6241.60818  8.78%  1458 3066s
H 3377  1996                    6834.2399620 6241.92402  8.67%  1458 3066s
  3414  2034 6295.74815   18  573 6834.23996 6242.69535  8.66%  1455 3073s
  3440  2049 6315.52469   19  549 6834.23996 6244.37740  8.63%  1454 3077s
  3464  2067 6321.16769   20  548 6834.23996 6244.37740  8.63%  1453 3082s
  3492  2085 6324.36928   21  541 6834.23996 6244.37740  8.63%  1453 3085s
  3552  2131 6362.26116   23  506 6834.23996 6244.37740  8.63%  1452 3091s
  3626  2188 6557.58758   26  366 6834.23996 6244.37740  8.63%  1445 3098s
  3671  2215 6394.48037   28  511 6834.23996 6244.37740  8.63%  1440 3102s
  3717  2245 6486.69957   30  542 6834.23996 6244.37740  8.63%  1436 3105s
  3820  2283 6613.78200   35  294 6834.23996 6244.37740  8.63%  1424 3113s
  3876  2299 6715.95672   38  408 6834.23996 6244.37740  8.63%  1416 3117s
  3926  2304 6718.06602   40  406 6834.23996 6244.37740  8.63%  1415 3122s
  3964  2319 6754.23287   44  425 6834.23996 6244.37740  8.63%  1417 3127s
  4020  2323     cutoff   48      6834.23996 6245.46366  8.62%  1417 3131s
  4117  2325 6541.93680   19  766 6834.23996 6245.46366  8.62%  1417 3139s
  4164  2307 6675.04426   23  740 6834.23996 6247.97850  8.58%  1421 3143s
  4199  2310 6348.05629   20  809 6834.23996 6254.65970  8.48%  1429 3147s
  4229  2316 6376.63855   22  726 6834.23996 6254.65970  8.48%  1439 3152s
  4273  2323 6401.73754   24 1019 6834.23996 6254.65970  8.48%  1449 3158s
  4339  2302 6482.40022   26  753 6834.23996 6254.65970  8.48%  1451 3165s
  4396  2308 6548.82071   28  677 6834.23996 6254.65970  8.48%  1457 3171s
  4457  2330     cutoff   30      6834.23996 6254.65970  8.48%  1455 3176s
  4548  2343 6605.25884   28  591 6834.23996 6254.65970  8.48%  1450 3182s
  4639  2339 6808.62962   36  595 6834.23996 6285.25274  8.03%  1444 3190s
  4732  2364 6344.30896   20  969 6834.23996 6285.25274  8.03%  1447 3197s
  4814  2404 6399.00162   22 1134 6834.23996 6285.25274  8.03%  1451 3203s
  4911  2435 6399.56741   23  954 6834.23996 6285.25274  8.03%  1446 3221s
  5021  2454 6519.76413   26 1013 6834.23996 6285.25274  8.03%  1442 3229s
  5129  2457 infeasible   29      6834.23996 6285.25274  8.03%  1441 3237s
  5249  2466 infeasible   29      6834.23996 6288.21273  7.99%  1435 3246s
  5376  2502 6600.98745   28  534 6834.23996 6305.28534  7.74%  1434 3256s
  5568  2514 6372.03615   17  600 6834.23996 6305.28534  7.74%  1418 3265s
  5749  2563 6516.26774   27  426 6834.23996 6307.74896  7.70%  1404 3273s
  5953  2570 6510.54575   29  606 6834.23996 6318.81400  7.54%  1389 3284s
  6209  2569     cutoff   36      6834.23996 6324.86722  7.45%  1365 3292s
  6437  2611 6425.18245   20  602 6834.23996 6325.84442  7.44%  1349 3301s
  6657  2669 6623.14335   31  513 6834.23996 6330.56294  7.37%  1337 3311s
  6922  2677 6715.44899   31  583 6834.23996 6338.11119  7.26%  1319 3328s
  7157  2686 6708.59129   33  510 6834.23996 6341.68698  7.21%  1310 3336s
  7356  2653 6677.00454   31  505 6834.23996 6344.30896  7.17%  1304 3345s
  7586  2652 6807.85287   38  598 6834.23996 6349.23067  7.10%  1296 3355s
  7809  2656     cutoff   36      6834.23996 6352.82269  7.04%  1295 3365s
  8100  2691 6706.45495   31  472 6834.23996 6356.88868  6.98%  1284 3377s
  8416  2708 6570.48796   28  567 6834.23996 6364.36550  6.88%  1272 3388s
  8727  2711 6526.28622   21  817 6834.23996 6378.20537  6.67%  1263 3399s
  9006  2736     cutoff   25      6834.23996 6384.54449  6.58%  1259 3413s
  9371  2789 6646.94923   23 1012 6834.23996 6393.00317  6.46%  1247 3435s
  9653  2879     cutoff   28      6834.23996 6394.52634  6.43%  1241 3450s
  9998  2983     cutoff   22      6834.23996 6402.86938  6.31%  1234 3463s
 10372  3085 6781.02402   33  515 6834.23996 6413.55208  6.16%  1228 3478s
 10773  3211 6719.24123   31  474 6834.23996 6421.42681  6.04%  1220 3492s
 11117  3326 6694.88443   25  522 6834.23996 6427.07776  5.96%  1217 3506s
 11504  3463 6705.25260   27  558 6834.23996 6432.26951  5.88%  1213 3523s
 11962  3563 6639.27683   30  735 6834.23996 6440.50382  5.76%  1204 3542s
 12365  3673     cutoff   36      6834.23996 6446.82347  5.67%  1201 3556s
 12860  3773 6683.18092   24  658 6834.23996 6454.55671  5.56%  1194 3573s
 13347  3834     cutoff   30      6834.23996 6461.45773  5.45%  1188 3588s
 13822  3912 infeasible   26      6834.23996 6466.86601  5.38%  1187 3604s
 14359  4004 6813.52862   28  715 6834.23996 6475.26202  5.25%  1182 3631s
 14855  4178     cutoff   41      6834.23996 6479.70458  5.19%  1175 3649s
 15516  4225 6733.17467   29  535 6834.23996 6489.56746  5.04%  1164 3666s
 16016  4300 infeasible   29      6834.23996 6498.50100  4.91%  1167 3685s
*16632  4293              36    6831.4803661 6509.46403  4.71%  1162 3685s
 16638  4282 6743.61024   24  585 6831.48037 6509.46403  4.71%  1162 3752s
 16710  4339 6755.99868   26  619 6831.48037 6509.69155  4.71%  1162 3773s
 17045  4382     cutoff   29      6831.48037 6513.14269  4.66%  1158 3796s
 17790  4438     cutoff   29      6831.48037 6523.70726  4.51%  1153 3824s
 18409  4499 6664.91457   22  544 6831.48037 6534.13174  4.35%  1152 3844s
 19210  4612 infeasible   23      6831.48037 6547.87013  4.15%  1146 3865s
 20020  4671 6787.60541   37  468 6831.48037 6557.58758  4.01%  1141 3886s
 20828  4768     cutoff   33      6831.48037 6566.65754  3.88%  1139 3919s
 21928  4774     cutoff   23      6831.48037 6576.46262  3.73%  1129 3937s
 22627  4802 6792.08257   29  444 6831.48037 6585.12347  3.61%  1123 3957s
 23438  4793     cutoff   23      6831.48037 6593.14341  3.49%  1118 3979s
 24312  4816     cutoff   35      6831.48037 6602.81102  3.35%  1111 3999s
 25129  4798     cutoff   27      6831.48037 6609.87041  3.24%  1104 4023s
 26092  4704 6797.98585   31  489 6831.48037 6622.05630  3.07%  1098 4045s
 26935  4543 6830.69005   31  535 6831.48037 6630.55084  2.94%  1095 4075s
 27780  4379 6790.77218   26  704 6831.48037 6638.48804  2.83%  1095 4100s
 28730  4027 6753.31248   33  385 6831.48037 6650.69858  2.65%  1094 4123s
 29449  3671 infeasible   28      6831.48037 6663.42285  2.46%  1103 4181s
 30200  3217 infeasible   25      6831.48037 6677.07824  2.26%  1111 4212s
 31103  2592 infeasible   25      6831.48037 6693.78565  2.02%  1118 4250s
 32091  1793     cutoff   29      6831.48037 6713.06183  1.73%  1124 4294s
 33210  1793     cutoff   39      6831.48037 6727.42352  1.52%  1122 4295s
 33267   807 6812.12025   32  458 6831.48037 6735.06866  1.41%  1122 4321s
 34384     0     cutoff   23      6831.48037 6781.01109  0.74%  1115 4334s
 34807     0     cutoff   35      6831.48037 6781.37923  0.73%  1105 4335s

Cutting planes:
  Gomory: 26
  Cover: 33
  MIR: 36
  StrongCG: 3
  Flow cover: 48
  GUB cover: 5
  Inf proof: 44
  Zero half: 124
  RLT: 40
  Relax-and-lift: 1

Explored 35212 nodes (38819761 simplex iterations) in 4336.26 seconds (7948.09 work units)
Thread count was 16 (of 18 available processors)

Solution count 10: 6831.48 6834.24 6842.61 ... 7907.53

Optimal solution found (tolerance 1.00e-04)
Best objective 6.831480366077e+03, best bound 6.831480366077e+03, gap 0.0000%

---------------------------------------------------------------------------
Multi-objectives: solved in 4336.82 seconds (7948.09 work units), solution count 10

