
Gurobi 11.0.0 (win64) logging started Mon Dec 23 21:40:45 2024

Set parameter LogFile to value "C:\Users\Administrator\Desktop\OptRail_Railroad_Construction\Data\Solution\AnzahlAuftraege_NEW_15\a15_o170_m9_an80_ar18\6_Objectives\weighted\gurobi_a15_o170_m9_an80_ar18_weighted.log"
Gurobi Optimizer version 11.0.0 build v11.0.0rc2 (win64 - Windows Server 2022.0 (20348.2))

CPU model: AMD EPYC 7513 32-Core Processor, instruction set [SSE2|AVX|AVX2]
Thread count: 18 physical cores, 18 logical processors, using up to 16 threads

Optimize a model with 6275 rows, 542172 columns and 2491325 nonzeros
Model fingerprint: 0x29e19827
Variable types: 0 continuous, 542172 integer (542172 binary)
Coefficient statistics:
  Matrix range     [1e+00, 1e+01]
  Objective range  [1e+00, 2e+02]
  Bounds range     [1e+00, 1e+00]
  RHS range        [1e+00, 2e+02]

---------------------------------------------------------------------------
Multi-objectives: starting optimization with 6 objectives (1 combined) ...
---------------------------------------------------------------------------
---------------------------------------------------------------------------

Multi-objectives: optimize objective 1 (weighted) ...
---------------------------------------------------------------------------

Optimize a model with 6275 rows, 542172 columns and 2491325 nonzeros
Model fingerprint: 0x3bd018a5
Variable types: 0 continuous, 542172 integer (542172 binary)
Coefficient statistics:
  Matrix range     [1e+00, 1e+01]
  Objective range  [9e-04, 5e-01]
  Bounds range     [1e+00, 1e+00]
  RHS range        [1e+00, 2e+02]
Found heuristic solution: objective 0.0000000
Presolve removed 274 rows and 283613 columns
Presolve time: 3.08s
Presolved: 6001 rows, 258559 columns, 2424497 nonzeros
Variable types: 0 continuous, 258559 integer (258559 binary)
Deterministic concurrent LP optimizer: primal simplex, dual simplex, and barrier
Showing barrier log only...

Root barrier log...

Ordering time: 0.38s

Barrier statistics:
 AA' NZ     : 9.314e+05
 Factor NZ  : 2.854e+06 (roughly 130 MB of memory)
 Factor Ops : 1.872e+09 (less than 1 second per iteration)
 Threads    : 14

                  Objective                Residual
Iter       Primal          Dual         Primal    Dual     Compl     Time
   0   9.80192228e+04 -1.25250012e+05  3.21e+05 4.37e-02  8.94e+00     5s
   1   5.68415798e+04 -1.20105958e+05  1.86e+05 1.58e-01  5.19e+00     5s
   2   1.18972264e+04 -1.07030448e+05  3.89e+04 3.22e-02  1.20e+00     5s
   3   4.06973449e+03 -9.27602949e+04  1.33e+04 2.22e-02  5.01e-01     5s
   4   3.28924086e+03 -6.69024883e+04  1.08e+04 1.10e-02  3.62e-01     5s
   5   2.71335357e+03 -4.02330497e+04  8.89e+03 2.87e-03  2.50e-01     5s
   6   2.24401964e+03 -1.38292424e+04  7.35e+03 2.63e-04  1.51e-01     5s
   7   1.23323389e+03 -6.27928842e+03  4.03e+03 3.55e-15  7.84e-02     5s
   8   1.53584741e+02 -1.89106583e+03  4.84e+02 1.07e-14  1.15e-02     5s
   9   3.19570771e+01 -7.14800417e+02  9.15e+01 4.08e-06  2.78e-03     5s
  10   9.13932030e+00 -3.76648791e+02  2.58e+01 3.77e-15  1.10e-03     6s
  11   6.22844395e+00 -2.64244824e+02  1.77e+01 3.55e-15  7.69e-04     6s
  12   1.92224862e+00 -2.13197026e+02  6.52e+00 2.22e-15  5.06e-04     6s
  13   7.27060028e-01 -1.83436770e+02  3.68e+00 2.22e-15  4.10e-04     6s
  14  -6.29662932e-01 -9.06750150e+01  1.36e-01 1.55e-15  1.92e-04     6s
  15  -2.12937095e+00 -3.85731756e+01  3.40e-02 1.04e-15  7.30e-05     6s
  16  -2.73652286e+00 -2.79152211e+01  2.25e-02 8.24e-16  4.99e-05     6s
  17  -3.30713516e+00 -2.14030585e+01  1.67e-02 5.10e-16  3.57e-05     6s
  18  -3.46018509e+00 -2.04748459e+01  1.52e-02 5.11e-16  3.35e-05     6s
  19  -3.62450530e+00 -1.79712402e+01  1.28e-02 4.14e-16  2.81e-05     6s
  20  -3.91030083e+00 -1.69208397e+01  9.83e-03 4.02e-16  2.54e-05     6s
  21  -4.06166298e+00 -1.59501398e+01  8.22e-03 3.80e-16  2.32e-05     6s
  22  -4.61620228e+00 -1.11527476e+01  2.86e-03 2.33e-16  1.26e-05     6s
  23  -4.89888977e+00 -9.91275421e+00  1.49e-03 2.23e-16  9.68e-06     6s
  24  -4.96044386e+00 -9.30974209e+00  1.33e-03 1.76e-16  8.39e-06     6s
  25  -5.01773423e+00 -9.08518613e+00  1.20e-03 1.67e-16  7.85e-06     7s
  26  -5.12049534e+00 -8.63407288e+00  9.98e-04 1.67e-16  6.78e-06     7s
  27  -5.21440908e+00 -8.19631842e+00  8.29e-04 1.67e-16  5.75e-06     7s
  28  -5.34394325e+00 -7.88268142e+00  6.39e-04 1.20e-16  4.90e-06     7s
  29  -5.45519492e+00 -7.58767141e+00  4.39e-03 1.35e-16  4.11e-06     7s
  30  -5.55384893e+00 -7.01751279e+00  3.80e-04 7.14e-17  2.82e-06     7s
  31  -5.65506355e+00 -6.77064863e+00  2.60e-04 1.30e-16  2.15e-06     7s
  32  -5.74188057e+00 -6.53767354e+00  1.64e-04 6.77e-17  1.53e-06     7s
  33  -5.80732652e+00 -6.39460656e+00  9.77e-05 1.15e-16  1.13e-06     7s
  34  -5.84824834e+00 -6.24200749e+00  6.11e-05 9.71e-17  7.59e-07     7s
  35  -5.86370965e+00 -6.16196547e+00  4.80e-05 9.69e-17  5.75e-07     7s
  36  -5.87539453e+00 -6.13800776e+00  3.84e-05 2.12e-16  5.06e-07     7s
  37  -5.88548969e+00 -6.04311898e+00  3.06e-05 1.11e-16  3.04e-07     7s
  38  -5.89826096e+00 -6.01192576e+00  2.12e-05 1.31e-16  2.19e-07     8s
  39  -5.90639979e+00 -5.98893304e+00  1.52e-05 1.11e-16  1.59e-07     8s
  40  -5.91624409e+00 -5.96882477e+00  8.14e-06 2.13e-16  1.01e-07     8s
  41  -5.91847798e+00 -5.96695693e+00  6.69e-06 6.48e-17  9.34e-08     8s
  42  -5.92160145e+00 -5.95280204e+00  4.54e-06 9.71e-17  6.01e-08     8s
  43  -5.92470393e+00 -5.94590414e+00  2.43e-06 1.11e-16  4.08e-08     8s
  44  -5.92524151e+00 -5.94375387e+00  2.12e-06 1.11e-16  3.57e-08     8s
  45  -5.92623143e+00 -5.93796033e+00  1.52e-06 7.07e-17  2.26e-08     8s
  46  -5.92778522e+00 -5.93247345e+00  6.47e-07 1.29e-16  9.03e-09     8s
  47  -5.92841030e+00 -5.93143987e+00  3.02e-07 1.06e-16  5.84e-09     8s
  48  -5.92861593e+00 -5.93013094e+00  1.97e-07 6.87e-17  2.92e-09     8s
  49  -5.92866244e+00 -5.93003256e+00  1.73e-07 7.48e-17  2.64e-09     8s
  50  -5.92890867e+00 -5.92926868e+00  4.22e-08 1.11e-16  6.94e-10     8s
  51  -5.92900024e+00 -5.92904232e+00  1.04e-08 9.83e-17  8.11e-11     8s
  52  -5.92902602e+00 -5.92903245e+00  2.36e-09 1.11e-16  1.24e-11     8s
  53  -5.92902695e+00 -5.92903244e+00  1.41e-07 1.67e-16  1.06e-11     9s
  54  -5.92902749e+00 -5.92903243e+00  1.65e-07 1.67e-16  9.51e-12     9s
  55  -5.92902973e+00 -5.92903238e+00  2.23e-07 1.11e-16  5.13e-12     9s
  56  -5.92902998e+00 -5.92903237e+00  2.02e-07 7.37e-17  4.62e-12     9s
  57  -5.92903073e+00 -5.92903231e+00  1.41e-07 1.11e-16  3.06e-12     9s
  58  -5.92903099e+00 -5.92903229e+00  1.16e-07 1.11e-16  2.50e-12     9s
  59  -5.92903100e+00 -5.92903229e+00  1.14e-07 2.57e-16  2.49e-12     9s
  60  -5.92903102e+00 -5.92903229e+00  1.28e-07 1.11e-16  2.43e-12     9s
  61  -5.92903158e+00 -5.92903227e+00  6.97e-08 1.11e-16  1.30e-12     9s
  62  -5.92903162e+00 -5.92903226e+00  7.24e-08 1.11e-16  1.20e-12     9s
  63  -5.92903176e+00 -5.92903226e+00  8.32e-08 1.89e-16  9.12e-13    10s
  64  -5.92903190e+00 -5.92903225e+00  1.13e-07 2.01e-16  6.13e-13    10s
  65  -5.92903200e+00 -5.92903225e+00  7.66e-08 1.82e-16  4.26e-13    10s
  66  -5.92903213e+00 -5.92903224e+00  4.67e-08 2.24e-16  1.91e-13    10s
  67  -5.92903224e+00 -5.92903224e+00  1.28e-09 2.36e-15  5.24e-15    10s

Barrier solved model in 67 iterations and 9.92 seconds (18.01 work units)
Optimal objective -5.92903224e+00


Root crossover log...

    3230 DPushes remaining with DInf 0.0000000e+00                10s
       0 DPushes remaining with DInf 0.0000000e+00                10s

    4662 PPushes remaining with PInf 1.4231097e-04                10s
       0 PPushes remaining with PInf 0.0000000e+00                10s

  Push phase complete: Pinf 0.0000000e+00, Dinf 1.0182285e-14     10s


Root simplex log...

Iteration    Objective       Primal Inf.    Dual Inf.      Time
    7786   -5.9290322e+00   0.000000e+00   0.000000e+00     10s
Concurrent spin time: 1.20s (can be avoided by choosing Method=3)

Solved with barrier

Root relaxation: objective -5.929032e+00, 7786 iterations, 8.02 seconds (9.24 work units)

    Nodes    |    Current Node    |     Objective Bounds      |     Work
 Expl Unexpl |  Obj  Depth IntInf | Incumbent    BestBd   Gap | It/Node Time

     0     0   -5.92903    0 1610    0.00000   -5.92903      -     -   15s
H    0     0                      -2.1826236   -5.92903   172%     -   30s
     0     0   -5.92109    0 1858   -2.18262   -5.92109   171%     -   51s
H    0     0                      -3.1854440   -5.92109  85.9%     -  108s
     0     0   -5.91828    0 1826   -3.18544   -5.91828  85.8%     -  114s
     0     0   -5.91663    0 1709   -3.18544   -5.91663  85.7%     -  134s
     0     0   -5.91590    0 1885   -3.18544   -5.91590  85.7%     -  142s
     0     0   -5.91523    0 1874   -3.18544   -5.91523  85.7%     -  164s
     0     0   -5.91518    0 1941   -3.18544   -5.91518  85.7%     -  166s
     0     0   -5.91492    0 1960   -3.18544   -5.91492  85.7%     -  170s
     0     0   -5.91486    0 1983   -3.18544   -5.91486  85.7%     -  172s
     0     0   -5.91486    0 1984   -3.18544   -5.91486  85.7%     -  173s
     0     0   -5.91485    0 1905   -3.18544   -5.91485  85.7%     -  179s
     0     2   -5.91004    0 1893   -3.18544   -5.91004  85.5%     -  210s
     1     4   -5.87888    1 1577   -3.18544   -5.91004  85.5% 39726  283s
     3     8   -5.87605    2 1567   -3.18544   -5.87888  84.6% 23397  321s
     7    16   -5.87407    3 1496   -3.18544   -5.87576  84.5% 15451  385s
    15    32   -5.86124    4 1606   -3.18544   -5.87407  84.4% 13764  497s
H   31    48                      -4.3511243   -5.87193  35.0% 13337 3098s
H   33    48                      -4.4676758   -5.87193  31.4% 14515 3098s
H   35    48                      -4.7409345   -5.87193  23.9% 17179 3098s
    47    64   -5.84500    5 1516   -4.74093   -5.87193  23.9% 25555 3185s
    63    80   -5.84825    6 1402   -4.74093   -5.86994  23.8% 21684 3363s
H   79    96                      -5.0180879   -5.86994  17.0% 25788 3667s
H   82    96                      -5.1851286   -5.86994  13.2% 25170 3667s
    95   120   -5.83948    7 1594   -5.18513   -5.86220  13.1% 22766 3756s
   119   144   -5.83850    7 1395   -5.18513   -5.86220  13.1% 19534 3839s
   143   175   -5.83476    8 1408   -5.18513   -5.86220  13.1% 17595 4151s
   174   215   -5.83006   10 1441   -5.18513   -5.86220  13.1% 20814 4202s
   214   251   -5.79545   12 1450   -5.18513   -5.86220  13.1% 17419 4291s
   250   287   -5.82370   13 1509   -5.18513   -5.86220  13.1% 15595 4346s
   286   329   -5.81610   15 1495   -5.18513   -5.86220  13.1% 14138 4417s
   328   366   -5.77161   17 1429   -5.18513   -5.86220  13.1% 12912 4467s
   365   408   -5.80867   18 1497   -5.18513   -5.86220  13.1% 12028 4583s
   407   465   -5.80533   23 1566   -5.18513   -5.86220  13.1% 11304 4642s
   464   525   -5.79151   26 1440   -5.18513   -5.86220  13.1% 10236 4704s
   524   596   -5.80050   28 1578   -5.18513   -5.86220  13.1%  9379 4769s
   595   673   -5.79631   35 1532   -5.18513   -5.86220  13.1%  8525 4808s
   672   751   -5.79514   38 1488   -5.18513   -5.86220  13.1%  7754 4854s
   750   821   -5.79205   43 1580   -5.18513   -5.86220  13.1%  7138 4910s
   820   875   -5.78009   45 1585   -5.18513   -5.86220  13.1%  6710 4993s
   874   930   -5.76614   47 1653   -5.18513   -5.86220  13.1%  6566 5489s
H  895   930                      -5.2353908   -5.86220  12.0%  6484 5489s
   929  1005   -5.76087   51 1673   -5.23539   -5.86220  12.0%  6413 5564s
  1004  1084   -5.75416   55 1672   -5.23539   -5.86220  12.0%  6163 5642s
  1083  1170   -5.75023   68 1661   -5.23539   -5.86220  12.0%  5930 5709s
  1169  1283   -5.74680   82 1669   -5.23539   -5.86220  12.0%  5683 5813s
  1282  1412   -5.73816   94 1650   -5.23539   -5.86220  12.0%  5370 5889s
  1411  1554   -5.73000  111 1619   -5.23539   -5.86220  12.0%  5025 5955s
  1553  1726   -5.72496  129 1542   -5.23539   -5.86220  12.0%  4698 6049s
  1725  1920   -5.71583  146 1569   -5.23539   -5.86220  12.0%  4365 6116s
  1919  2118   -5.70585  168 1500   -5.23539   -5.86220  12.0%  4027 6179s
H 2111  2118                      -5.2661828   -5.86220  11.3%  3752 6179s
  2117  2350   -5.69632  178 1481   -5.26618   -5.86220  11.3%  3752 6295s
  2349  2536   -5.69338  205 1531   -5.26618   -5.86220  11.3%  3491 6371s
  2535  2772   -5.68812  234 1522   -5.26618   -5.86220  11.3%  3332 6443s
  2771  2965   -5.68527  266 1602   -5.26618   -5.86220  11.3%  3134 6597s
  2964  3170   -5.68210  301 1505   -5.26618   -5.86220  11.3%  3047 6704s
  3169  3430   -5.66902  307 1609   -5.26618   -5.86220  11.3%  2950 6804s
  3429  3716   -5.65477  332 1633   -5.26618   -5.86220  11.3%  2815 6888s
  3715  4043   -5.65011  375 1632   -5.26618   -5.86220  11.3%  2677 6967s
  4042  4449   -5.64693  422 1593   -5.26618   -5.86220  11.3%  2534 7043s
  4448  4844   -5.63962  468 1700   -5.26618   -5.86220  11.3%  2367 7151s
  4843  5286   -5.63264  524 1669   -5.26618   -5.86220  11.3%  2243 7247s
  5285  5721   -5.62516  585 1562   -5.26618   -5.86220  11.3%  2113 7385s
  5720  6256   -5.61595  642 1596   -5.26618   -5.86220  11.3%  2014 7468s
  6255  6759   -5.61138  685 1588   -5.26618   -5.86220  11.3%  1894 7701s
  6758  7325   -5.60614  739 1541   -5.26618   -5.86220  11.3%  1811 7806s
  7324  7972   -5.59834  784 1496   -5.26618   -5.86220  11.3%  1722 7894s
  7971  8325   -5.58064  836 1558   -5.26618   -5.86220  11.3%  1626 8010s
  8324  8953   -5.54545  880 1566   -5.26618   -5.86220  11.3%  1593 8144s
  8952  9543   -5.52330  917 1562   -5.26618   -5.86220  11.3%  1528 8344s
  9542 10133   -5.49153  982 1566   -5.26618   -5.86220  11.3%  1480 8479s
 10132 10717   -5.42856 1032 1486   -5.26618   -5.86220  11.3%  1442 8596s

Cutting planes:
  Cover: 1
  Implied bound: 9
  Clique: 2
  MIR: 19
  StrongCG: 1
  GUB cover: 1
  Zero half: 54

Explored 10721 nodes (15165658 simplex iterations) in 10800.53 seconds (18124.11 work units)
Thread count was 16 (of 18 available processors)

Solution count 10: -5.26618 -5.23539 -5.18513 ... 0

Time limit reached
Best objective -5.266182750935e+00, best bound -5.862199371132e+00, gap 11.3178%

---------------------------------------------------------------------------
Multi-objectives: stopped in 10802.78 seconds (18124.11 work units), solution count 10
Time Limit reached

