
Gurobi 11.0.0 (win64) logging started Tue Dec 24 21:50:30 2024

Set parameter LogFile to value "C:\Users\Administrator\Desktop\OptRail_Railroad_Construction\Data\Solution\AnzahlAuftraege_NEW_30\a30_o355_m18_an148_ar42\6_Objectives\weighted\gurobi_a30_o355_m18_an148_ar42_weighted.log"
Gurobi Optimizer version 11.0.0 build v11.0.0rc2 (win64 - Windows Server 2022.0 (20348.2))

CPU model: AMD EPYC 7513 32-Core Processor, instruction set [SSE2|AVX|AVX2]
Thread count: 18 physical cores, 18 logical processors, using up to 16 threads

Optimize a model with 24341 rows, 5101510 columns and 27520859 nonzeros
Model fingerprint: 0xa104bb8f
Variable types: 0 continuous, 5101510 integer (5101510 binary)
Coefficient statistics:
  Matrix range     [1e+00, 1e+01]
  Objective range  [1e+00, 2e+02]
  Bounds range     [1e+00, 1e+00]
  RHS range        [1e+00, 2e+02]

---------------------------------------------------------------------------
Multi-objectives: starting optimization with 6 objectives (1 combined) ...
---------------------------------------------------------------------------
---------------------------------------------------------------------------

Multi-objectives: optimize objective 1 (weighted) ...
---------------------------------------------------------------------------

Optimize a model with 24341 rows, 5101510 columns and 27520859 nonzeros
Model fingerprint: 0x528aa311
Variable types: 0 continuous, 5101510 integer (5101510 binary)
Coefficient statistics:
  Matrix range     [1e+00, 1e+01]
  Objective range  [4e-04, 5e-01]
  Bounds range     [1e+00, 1e+00]
  RHS range        [1e+00, 2e+02]
Found heuristic solution: objective 0.0000000
Presolve removed 80 rows and 2646040 columns (presolve time = 5s) ...
Presolve removed 80 rows and 2646040 columns (presolve time = 10s) ...
Presolve removed 104 rows and 2646040 columns (presolve time = 15s) ...
Presolve removed 104 rows and 2646057 columns (presolve time = 20s) ...
Presolve removed 104 rows and 2646057 columns (presolve time = 25s) ...
Presolve removed 104 rows and 2646057 columns (presolve time = 30s) ...
Presolve removed 104 rows and 2646057 columns (presolve time = 35s) ...
Presolve removed 104 rows and 2646057 columns
Presolve time: 36.10s
Presolved: 24237 rows, 2455453 columns, 27331403 nonzeros
Variable types: 0 continuous, 2455453 integer (2455453 binary)
Deterministic concurrent LP optimizer: primal simplex, dual simplex, and barrier
Showing barrier log only...

Root barrier log...

Ordering time: 2.98s

Barrier statistics:
 Dense cols : 1
 AA' NZ     : 8.254e+06
 Factor NZ  : 2.998e+07 (roughly 1.2 GB of memory)
 Factor Ops : 7.192e+10 (roughly 1 second per iteration)
 Threads    : 14

                  Objective                Residual
Iter       Primal          Dual         Primal    Dual     Compl     Time
   0   1.59937203e+06 -1.26496865e+06  2.61e+06 4.25e-02  1.72e+01    56s
   1   1.16550855e+06 -1.25838681e+06  1.90e+06 1.94e-01  1.27e+01    57s
   2   4.19782213e+05 -1.22127989e+06  6.86e+05 6.56e-02  4.71e+00    58s
   3   1.45718956e+05 -1.05515057e+06  2.38e+05 1.20e-14  1.70e+00    59s
   4   7.11858036e+04 -9.31913439e+05  1.16e+05 1.29e-14  8.79e-01    60s
   5   6.69831075e+04 -7.82373720e+05  1.09e+05 7.99e-15  7.73e-01    60s
   6   5.04349627e+04 -6.33561952e+05  8.24e+04 5.77e-15  5.63e-01    61s
   7   4.00701818e+04 -4.76617753e+05  6.55e+04 4.88e-15  4.16e-01    62s
   8   3.33702188e+04 -3.23296110e+05  5.45e+04 1.71e-13  3.16e-01    63s
   9   2.85456146e+04 -2.95841528e+05  4.67e+04 8.35e-14  2.71e-01    64s
  10   2.28292721e+04 -2.29248189e+05  3.73e+04 5.86e-14  2.09e-01    65s
  11   1.24924875e+04 -1.11648887e+05  2.04e+04 5.72e-13  1.06e-01    66s
  12   4.90323891e+02 -2.72577333e+04  7.77e+02 3.93e-13  8.57e-03    68s
  13   3.95228554e+01 -7.47834571e+03  4.16e+01 3.48e-13  1.68e-03    69s
  14   1.90815538e+01 -4.24635996e+03  1.46e+01 2.14e-13  9.22e-04    70s
  15   6.95375436e+00 -2.20615750e+03  4.91e+00 1.13e-13  4.73e-04    70s
  16   2.15596673e+00 -1.83555525e+03  1.61e+00 9.30e-14  3.84e-04    71s
  17   1.52218497e+00 -1.69396632e+03  1.17e+00 8.49e-14  3.54e-04    72s
  18  -2.95142842e-01 -1.62467434e+03  9.93e-02 8.13e-14  3.35e-04    73s
  19  -1.70858753e+00 -1.37258623e+03  3.43e-02 6.86e-14  2.80e-04    74s
  20  -3.24405952e+00 -5.52022591e+02  1.61e-02 2.72e-14  1.12e-04    75s
  21  -4.96289415e+00 -2.99950443e+02  5.22e-03 1.32e-14  6.01e-05    76s
  22  -5.77015368e+00 -2.11299959e+02  3.61e-03 9.12e-15  4.18e-05    77s
  23  -6.15967123e+00 -1.71115968e+02  3.09e-03 6.55e-15  3.36e-05    77s
  24  -7.06837749e+00 -1.43422570e+02  2.21e-03 5.38e-15  2.77e-05    78s
  25  -7.55171408e+00 -1.34942095e+02  1.89e-03 4.94e-15  2.59e-05    79s
  26  -7.53689873e+00 -1.26573935e+02  1.86e-03 4.61e-15  2.42e-05    80s
  27  -8.30759322e+00 -1.05972360e+02  1.34e-03 3.89e-15  1.99e-05    81s
  28  -9.00179347e+00 -8.00595272e+01  8.25e-04 2.83e-15  1.45e-05    82s
  29  -9.56496573e+00 -6.39505143e+01  5.43e-04 2.11e-15  1.11e-05    84s
  30  -1.01248024e+01 -5.23324402e+01  3.49e-04 1.72e-15  8.58e-06    85s
  31  -1.02232103e+01 -4.75535390e+01  3.22e-04 1.44e-15  7.59e-06    86s
  32  -1.05102117e+01 -4.31220172e+01  2.55e-04 1.39e-15  6.63e-06    88s
  33  -1.07305656e+01 -3.62213246e+01  2.13e-04 1.05e-15  5.18e-06    89s
  34  -1.10400184e+01 -3.17633346e+01  1.62e-04 7.77e-16  4.21e-06    90s
  35  -1.12097256e+01 -3.04138938e+01  1.37e-04 8.33e-16  3.90e-06    92s
  36  -1.13113549e+01 -2.80992311e+01  1.25e-04 6.11e-16  3.41e-06    93s
  37  -1.13904207e+01 -2.65372149e+01  1.15e-04 6.11e-16  3.08e-06    94s
  38  -1.15901076e+01 -2.48013403e+01  9.04e-05 5.00e-16  2.69e-06    96s
  39  -1.17350980e+01 -2.38323951e+01  7.69e-05 5.55e-16  2.46e-06    97s
  40  -1.19132223e+01 -2.25439037e+01  6.01e-05 5.00e-16  2.16e-06    98s
  41  -1.20711010e+01 -2.10920147e+01  4.61e-05 3.89e-16  1.83e-06   100s
  42  -1.21989043e+01 -2.00944922e+01  3.59e-05 3.33e-16  1.61e-06   101s
  43  -1.22987310e+01 -1.91323711e+01  2.96e-05 2.78e-16  1.39e-06   102s
  44  -1.24425048e+01 -1.82523939e+01  2.11e-05 2.78e-16  1.18e-06   104s
  45  -1.24998383e+01 -1.77886415e+01  1.83e-05 2.78e-16  1.08e-06   105s
  46  -1.26175336e+01 -1.68056574e+01  1.29e-05 2.22e-16  8.51e-07   106s
  47  -1.27128048e+01 -1.58844560e+01  9.06e-06 1.11e-16  6.45e-07   107s
  48  -1.27589336e+01 -1.55984528e+01  7.41e-06 1.67e-16  5.77e-07   109s
  49  -1.28114093e+01 -1.49707659e+01  5.63e-06 1.11e-16  4.39e-07   110s
  50  -1.28775642e+01 -1.45858882e+01  3.53e-06 1.67e-16  3.47e-07   111s
  51  -1.28996412e+01 -1.42565875e+01  2.96e-06 1.67e-16  2.76e-07   113s
  52  -1.29242783e+01 -1.40152285e+01  2.25e-06 1.11e-16  2.22e-07   114s
  53  -1.29490141e+01 -1.37482278e+01  1.58e-06 2.50e-16  1.62e-07   116s
  54  -1.29608887e+01 -1.35166327e+01  1.29e-06 2.50e-16  1.13e-07   117s
  55  -1.29743477e+01 -1.33745343e+01  9.75e-07 1.11e-16  8.14e-08   118s
  56  -1.29802056e+01 -1.33245005e+01  8.46e-07 1.11e-16  7.00e-08   120s
  57  -1.29904033e+01 -1.32808977e+01  6.42e-07 1.11e-16  5.91e-08   121s
  58  -1.29967517e+01 -1.32323302e+01  5.16e-07 6.38e-17  4.79e-08   122s
  59  -1.30035440e+01 -1.31623323e+01  3.69e-07 1.91e-16  3.23e-08   123s
  60  -1.30122100e+01 -1.31326827e+01  1.88e-07 1.67e-16  2.45e-08   125s
  61  -1.30163142e+01 -1.30994025e+01  1.07e-07 1.84e-16  1.69e-08   126s
  62  -1.30180141e+01 -1.30813799e+01  7.62e-08 1.40e-16  1.29e-08   127s
  63  -1.30192505e+01 -1.30695967e+01  5.78e-08 1.11e-16  1.02e-08   128s
  64  -1.30196965e+01 -1.30669686e+01  4.86e-08 3.81e-16  9.61e-09   129s
  65  -1.30200107e+01 -1.30475237e+01  4.01e-08 2.22e-16  5.59e-09   130s
  66  -1.30210393e+01 -1.30451973e+01  2.43e-08 1.67e-16  4.91e-09   131s
  67  -1.30214491e+01 -1.30433255e+01  1.97e-08 3.59e-16  4.45e-09   132s
  68  -1.30219641e+01 -1.30303531e+01  1.08e-08 1.11e-16  1.71e-09   133s
  69  -1.30225166e+01 -1.30248447e+01  5.96e-09 1.76e-16  4.73e-10   134s
  70  -1.30228478e+01 -1.30240101e+01  3.04e-09 1.11e-16  2.36e-10   135s
  71  -1.30229753e+01 -1.30235397e+01  1.88e-09 1.75e-16  1.15e-10   136s
  72  -1.30231340e+01 -1.30234626e+01  5.12e-10 1.11e-16  6.68e-11   137s
  73  -1.30231850e+01 -1.30233713e+01  5.66e-09 1.63e-16  3.79e-11   138s
  74  -1.30231905e+01 -1.30233260e+01  4.83e-08 2.71e-16  2.75e-11   139s
  75  -1.30231977e+01 -1.30232097e+01  5.14e-08 1.11e-16  2.44e-12   140s
  76  -1.30231978e+01 -1.30232097e+01  5.08e-08 1.11e-16  2.43e-12   141s
  77  -1.30231978e+01 -1.30232095e+01  4.76e-08 1.67e-16  2.38e-12   142s
  78  -1.30231984e+01 -1.30232017e+01  3.66e-08 1.11e-16  6.64e-13   143s
  79  -1.30231984e+01 -1.30232017e+01  3.63e-08 2.91e-16  6.58e-13   144s
  80  -1.30231984e+01 -1.30232017e+01  4.34e-08 2.22e-16  6.58e-13   145s
  81  -1.30231986e+01 -1.30232016e+01  6.57e-08 1.11e-16  6.16e-13   147s
  82  -1.30231988e+01 -1.30232015e+01  6.20e-08 1.11e-16  5.47e-13   148s
  83  -1.30231988e+01 -1.30232015e+01  6.14e-08 8.87e-17  5.40e-13   150s
  84  -1.30231989e+01 -1.30232015e+01  6.11e-08 1.18e-16  5.29e-13   151s
  85  -1.30231989e+01 -1.30232015e+01  6.05e-08 1.11e-16  5.29e-13   152s
  86  -1.30231989e+01 -1.30232014e+01  6.29e-08 1.67e-16  5.26e-13   154s
  87  -1.30231989e+01 -1.30232014e+01  6.31e-08 1.67e-16  5.18e-13   155s
  88  -1.30231989e+01 -1.30232014e+01  6.11e-08 1.39e-16  5.16e-13   156s

Barrier solved model in 88 iterations and 156.13 seconds (314.30 work units)
Optimal objective -1.30231984e+01


Root crossover log...

   15009 DPushes remaining with DInf 0.0000000e+00               157s
    1363 DPushes remaining with DInf 0.0000000e+00               160s
     383 DPushes remaining with DInf 0.0000000e+00               165s
       0 DPushes remaining with DInf 0.0000000e+00               167s

   11613 PPushes remaining with PInf 2.1890108e-05               168s
       0 PPushes remaining with PInf 0.0000000e+00               168s

  Push phase complete: Pinf 0.0000000e+00, Dinf 9.7621997e-05    168s


Root simplex log...

Iteration    Objective       Primal Inf.    Dual Inf.      Time
   25214   -1.3023200e+01   0.000000e+00   9.762200e-05    168s
   25297   -1.3023200e+01   0.000000e+00   0.000000e+00    169s
Concurrent spin time: 34.22s (can be avoided by choosing Method=3)

Solved with barrier

Root relaxation: objective -1.302320e+01, 25297 iterations, 163.63 seconds (184.49 work units)
Total elapsed time = 226.29s (DegenMoves)
Total elapsed time = 236.13s (DegenMoves)

    Nodes    |    Current Node    |     Objective Bounds      |     Work
 Expl Unexpl |  Obj  Depth IntInf | Incumbent    BestBd   Gap | It/Node Time

     0     0  -13.02320    0 6415    0.00000  -13.02320      -     -  248s
H    0     0                      -5.5493498  -13.02320   135%     -  479s
     0     0          -    0        -5.54935  -13.02320   135%     - 10800s

Cutting planes:
  MIR: 35
  Zero half: 87
  RLT: 8
  BQP: 6

Explored 1 nodes (411898 simplex iterations) in 10800.39 seconds (25693.75 work units)
Thread count was 16 (of 18 available processors)

Solution count 2: -5.54935 0 

Time limit reached
Best objective -5.549349802722e+00, best bound -1.302320039648e+01, gap 134.6798%

---------------------------------------------------------------------------
Multi-objectives: stopped in 10801.23 seconds (25693.75 work units), solution count 2
Time Limit reached

