
Gurobi 11.0.0 (win64) logging started Sat Dec 28 22:49:46 2024

Set parameter LogFile to value "C:\Users\Administrator\Desktop\OptRail_Railroad_Construction\Data\Solution\AnzahlAuftraege_NEW_40\a40_o476_m22_an215_ar51\3_Objectives\hierarchical\gurobi_a40_o476_m22_an215_ar51_hierarchical.log"
Gurobi Optimizer version 11.0.0 build v11.0.0rc2 (win64 - Windows Server 2022.0 (20348.2))

CPU model: AMD EPYC 7513 32-Core Processor, instruction set [SSE2|AVX|AVX2]
Thread count: 18 physical cores, 18 logical processors, using up to 16 threads

Optimize a model with 38347 rows, 9908773 columns and 49324588 nonzeros
Model fingerprint: 0xbe59d4f9
Variable types: 0 continuous, 9908773 integer (9908773 binary)
Coefficient statistics:
  Matrix range     [1e+00, 1e+01]
  Objective range  [1e+00, 2e+02]
  Bounds range     [1e+00, 1e+00]
  RHS range        [1e+00, 2e+02]

---------------------------------------------------------------------------
Multi-objectives: starting optimization with 3 objectives ... 
---------------------------------------------------------------------------

Multi-objectives: applying initial presolve ...
---------------------------------------------------------------------------

Presolve removed 464 rows and 133157 columns (presolve time = 5s) ...
Presolve removed 464 rows and 133157 columns (presolve time = 10s) ...
Presolve removed 577 rows and 133157 columns (presolve time = 15s) ...
Presolve removed 577 rows and 133157 columns (presolve time = 20s) ...
Presolve removed 577 rows and 133157 columns (presolve time = 25s) ...
Presolve removed 577 rows and 133157 columns (presolve time = 31s) ...
Presolve removed 577 rows and 133157 columns (presolve time = 35s) ...
Presolve removed 577 rows and 133157 columns (presolve time = 40s) ...
Presolve removed 577 rows and 133157 columns (presolve time = 45s) ...
Presolve added 38 rows and 0 columns
Presolve removed 0 rows and 132542 columns
Presolve time: 49.13s
Presolved: 38385 rows, 9776231 columns, 46750143 nonzeros
---------------------------------------------------------------------------

Multi-objectives: optimize objective 1 () ...
---------------------------------------------------------------------------

Found heuristic solution: objective 0.0000000
Presolve removed 34 rows and 5206811 columns (presolve time = 6s) ...
Presolve removed 34 rows and 5206811 columns (presolve time = 10s) ...
Presolve removed 35 rows and 5207017 columns (presolve time = 16s) ...
Presolve removed 35 rows and 5207017 columns (presolve time = 20s) ...
Presolve removed 8108 rows and 5207017 columns (presolve time = 25s) ...
Presolve removed 8518 rows and 5207632 columns (presolve time = 30s) ...
Presolve removed 8518 rows and 5207632 columns (presolve time = 35s) ...
Presolve removed 8523 rows and 5207637 columns (presolve time = 40s) ...
Presolve removed 8523 rows and 5207637 columns (presolve time = 45s) ...
Presolve removed 8526 rows and 5207640 columns (presolve time = 50s) ...
Presolve removed 9561 rows and 5207640 columns (presolve time = 56s) ...
Presolve removed 9561 rows and 5207640 columns (presolve time = 60s) ...
Presolve removed 9561 rows and 5207640 columns (presolve time = 65s) ...
Presolve removed 9561 rows and 5207640 columns (presolve time = 71s) ...
Presolve removed 8526 rows and 5206605 columns
Presolve time: 73.05s
Presolved: 29859 rows, 4569626 columns, 41654517 nonzeros
Variable types: 0 continuous, 4569626 integer (4569423 binary)
Deterministic concurrent LP optimizer: primal simplex, dual simplex, and barrier
Showing barrier log only...

Root barrier log...

Ordering time: 0.30s

Barrier statistics:
 AA' NZ     : 1.442e+06
 Factor NZ  : 2.804e+06 (roughly 330 MB of memory)
 Factor Ops : 1.704e+09 (less than 1 second per iteration)
 Threads    : 14

                  Objective                Residual
Iter       Primal          Dual         Primal    Dual     Compl     Time
   0  -1.30491715e+04 -2.87630845e+06  2.61e+06 1.69e+00  2.25e+02   151s
   1  -4.33516606e+03 -2.79470046e+06  8.64e+05 4.22e-01  7.47e+01   151s
   2  -9.08643659e+02 -2.51026146e+06  1.69e+05 5.15e-14  1.55e+01   151s
   3  -2.43059472e+02 -1.77858905e+06  3.80e+04 5.95e-14  3.96e+00   151s
   4  -1.22428666e+02 -6.90639090e+05  1.49e+04 1.23e-13  1.39e+00   151s
   5  -1.02988005e+02 -2.39890257e+05  1.07e+04 6.82e-13  7.84e-01   152s
   6  -9.81992419e+01 -2.03611899e+05  8.71e+03 5.68e-13  6.42e-01   152s
   7  -8.47915350e+01 -1.75888816e+05  6.31e+03 3.41e-13  4.83e-01   152s
   8  -8.30978648e+01 -9.85208059e+04  5.24e+03 1.82e-12  3.66e-01   152s
   9  -7.53935055e+01 -8.11366473e+04  3.99e+03 1.49e-13  2.82e-01   152s
  10  -5.24751117e+01 -4.25121149e+04  1.78e+03 4.23e-11  1.30e-01   152s
  11  -4.41561184e+01 -2.42891955e+04  7.92e+02 3.67e-11  6.14e-02   152s
  12  -3.93353569e+01 -1.43874026e+04  1.89e+02 1.47e-11  2.04e-02   153s
  13  -3.88024579e+01 -1.14388290e+04  1.22e+02 9.78e-12  1.46e-02   153s
  14  -3.85515581e+01 -8.43839064e+03  9.24e+01 1.19e-11  1.09e-02   153s
  15  -3.80388875e+01 -6.02556681e+03  4.46e+01 2.43e-11  6.54e-03   153s
  16  -3.77096157e+01 -3.59902846e+03  1.99e+01 8.81e-13  3.50e-03   153s
  17  -3.76386670e+01 -2.60421694e+03  1.66e+01 2.84e-13  2.64e-03   153s
  18  -3.70737321e+01 -1.71417503e+03  9.10e+00 1.46e-12  1.62e-03   153s
  19  -3.63795355e+01 -1.38478805e+03  5.33e+00 1.13e-12  1.18e-03   153s
  20  -3.54994852e+01 -1.03086487e+03  2.21e+00 7.96e-13  7.81e-04   154s
  21  -3.49591392e+01 -8.07992734e+02  6.58e-01 5.97e-13  5.71e-04   154s
  22  -3.43779975e+01 -4.93969996e+02  1.43e-03 3.38e-13  3.03e-04   154s
  23  -3.51841544e+01 -2.97316856e+02  9.30e-04 1.90e-13  1.72e-04   154s
  24  -3.66238198e+01 -1.63917268e+02  4.96e-04 8.39e-14  8.31e-05   154s
  25  -3.74712090e+01 -9.95508579e+01  3.39e-04 3.95e-14  4.05e-05   154s
  26  -3.75771460e+01 -8.23769368e+01  1.31e-04 2.49e-14  2.91e-05   154s
  27  -3.78607800e+01 -4.17242462e+01  3.71e-05 1.78e-15  2.50e-06   155s
  28  -3.79990715e+01 -3.80129442e+01  1.12e-12 2.66e-15  8.97e-09   155s
  29  -3.79999991e+01 -3.80000129e+01  3.77e-12 1.78e-15  8.97e-12   155s
  30  -3.80000000e+01 -3.80000000e+01  3.34e-12 1.78e-15  8.97e-15   155s

Barrier solved model in 30 iterations and 155.03 seconds (480.19 work units)
Optimal objective -3.80000000e+01

  Building initial crossover basis                               160s

Root crossover log...

    3230 DPushes remaining with DInf 0.0000000e+00               162s
       0 DPushes remaining with DInf 0.0000000e+00               162s

      11 PPushes remaining with PInf 4.4752503e-01               162s
       0 PPushes remaining with PInf 3.3681580e-01               162s

  Push phase complete: Pinf 3.3681580e-01, Dinf 0.0000000e+00    162s


Root simplex log...

Iteration    Objective       Primal Inf.    Dual Inf.      Time
    2730   -3.8000000e+01   3.368158e-01   0.000000e+00    162s
    2756   -3.8000000e+01   0.000000e+00   0.000000e+00    162s
Concurrent spin time: 0.33s

Solved with barrier
    2756   -3.8000000e+01   0.000000e+00   0.000000e+00    163s

Use crossover to convert LP symmetric solution to basic solution...

Root crossover log...

    9173 DPushes remaining with DInf 0.0000000e+00               164s

    5844 PPushes remaining with PInf 0.0000000e+00               164s
       0 PPushes remaining with PInf 0.0000000e+00               165s

  Push phase complete: Pinf 0.0000000e+00, Dinf 0.0000000e+00    165s


Root simplex log...

Iteration    Objective       Primal Inf.    Dual Inf.      Time
    8603   -3.8000000e+01   0.000000e+00   0.000000e+00    165s
    8603   -3.8000000e+01   0.000000e+00   0.000000e+00    166s

Root relaxation: objective -3.800000e+01, 8603 iterations, 35.08 seconds (39.79 work units)

    Nodes    |    Current Node    |     Objective Bounds      |     Work
 Expl Unexpl |  Obj  Depth IntInf | Incumbent    BestBd   Gap | It/Node Time

     0     0  -38.00000    0 5817    0.00000  -38.00000      -     -  337s
H    0     0                     -24.0000000  -38.00000  58.3%     -  429s
     0     0  -38.00000    0 6026  -24.00000  -38.00000  58.3%     - 2024s
     0     0  -38.00000    0 6527  -24.00000  -38.00000  58.3%     - 4686s
     0     0  -38.00000    0 6338  -24.00000  -38.00000  58.3%     - 5853s
H    0     0                     -26.0000000  -38.00000  46.2%     - 5973s
     0     0  -38.00000    0 6523  -26.00000  -38.00000  46.2%     - 6010s
     0     0  -38.00000    0 6546  -26.00000  -38.00000  46.2%     - 6834s
     0     0  -38.00000    0 6737  -26.00000  -38.00000  46.2%     - 7082s
     0     0  -38.00000    0 6737  -26.00000  -38.00000  46.2%     - 7273s
     0     2  -38.00000    0 6737  -26.00000  -38.00000  46.2%     - 9401s
     1     4  -38.00000    1 6684  -26.00000  -38.00000  46.2% 49591 10620s

Cutting planes:
  MIR: 2
  Zero half: 8
  Mod-K: 1

Explored 3 nodes (242971 simplex iterations) in 10801.90 seconds (18186.79 work units)
Thread count was 16 (of 18 available processors)

Solution count 3: -26 -24 0 

Time limit reached
Best objective -2.600000000000e+01, best bound -3.800000000000e+01, gap 46.1538%

---------------------------------------------------------------------------
Multi-objectives: stopped in 10803.09 seconds (18186.79 work units), solution count 3
Time Limit reached

