
Gurobi 11.0.0 (win64) logging started Thu Dec 19 22:42:52 2024

Set parameter LogFile to value "C:\Users\Administrator\Desktop\OptRail_Railroad_Construction\Data\Solution\AnzahlAuftraege_NEW_10\a10_o107_m5_an57_ar12\3_Objectives\costs\gurobi_a10_o107_m5_an57_ar12_costs.log"
Gurobi Optimizer version 11.0.0 build v11.0.0rc2 (win64 - Windows Server 2022.0 (20348.2))

CPU model: AMD EPYC 7513 32-Core Processor, instruction set [SSE2|AVX|AVX2]
Thread count: 18 physical cores, 18 logical processors, using up to 16 threads

Optimize a model with 2603 rows, 130587 columns and 642052 nonzeros
Model fingerprint: 0xcf018452
Variable types: 0 continuous, 130587 integer (130587 binary)
Coefficient statistics:
  Matrix range     [1e+00, 1e+01]
  Objective range  [1e+00, 2e+02]
  Bounds range     [1e+00, 1e+00]
  RHS range        [1e+00, 2e+02]

---------------------------------------------------------------------------
Multi-objectives: starting optimization with 3 objectives (1 combined) ...
---------------------------------------------------------------------------
---------------------------------------------------------------------------

Multi-objectives: optimize objective 1 (weighted) ...
---------------------------------------------------------------------------

Optimize a model with 2603 rows, 130587 columns and 642052 nonzeros
Model fingerprint: 0xe4cca2cc
Variable types: 0 continuous, 130587 integer (130587 binary)
Coefficient statistics:
  Matrix range     [1e+00, 1e+01]
  Objective range  [2e+00, 1e+06]
  Bounds range     [1e+00, 1e+00]
  RHS range        [1e+00, 2e+02]
Found heuristic solution: objective 0.0000000
Presolve removed 338 rows and 68020 columns
Presolve time: 0.86s
Presolved: 2265 rows, 62567 columns, 552008 nonzeros
Variable types: 0 continuous, 62567 integer (62565 binary)
Deterministic concurrent LP optimizer: primal simplex, dual simplex, and barrier
Showing barrier log only...

Root barrier log...

Ordering time: 0.03s

Barrier statistics:
 AA' NZ     : 2.247e+05
 Factor NZ  : 6.232e+05 (roughly 30 MB of memory)
 Factor Ops : 2.397e+08 (less than 1 second per iteration)
 Threads    : 14

                  Objective                Residual
Iter       Primal          Dual         Primal    Dual     Compl     Time
   0  -1.31554093e+08 -5.14557860e+10  9.90e+04 1.10e+05  1.25e+07     1s
   1  -4.21188971e+07 -4.78243224e+10  2.93e+04 2.68e+05  3.84e+06     1s
   2  -7.30350564e+06 -3.32370252e+10  1.07e+03 4.13e+03  3.74e+05     1s
   3  -8.64425825e+06 -1.04668606e+10  7.60e+02 3.73e-09  1.42e+05     1s
   4  -9.17955485e+06 -4.61961636e+09  2.25e+02 2.53e+02  5.28e+04     1s
   5  -9.65133073e+06 -1.19320189e+09  5.76e+01 2.99e-07  1.32e+04     1s
   6  -9.55352947e+06 -7.42247979e+08  4.26e+01 1.72e-07  8.54e+03     2s
   7  -9.25027383e+06 -4.65722090e+08  1.83e+01 1.08e-07  4.82e+03     2s
   8  -8.92726079e+06 -3.41028355e+08  4.42e+00 7.78e-08  2.99e+03     2s
   9  -7.71764836e+06 -2.25923277e+08  5.25e-02 5.03e-08  1.77e+03     2s
  10  -8.19652557e+06 -7.27892179e+07  5.10e-03 1.43e-08  5.15e+02     2s
  11  -8.56682699e+06 -2.66666647e+07  2.57e-03 3.35e-09  1.44e+02     2s
  12  -9.30815156e+06 -1.86432702e+07  8.46e-04 1.47e-09  7.43e+01     2s
  13  -9.43748673e+06 -1.05227699e+07  2.01e-05 4.48e-10  8.62e+00     2s
  14  -9.48839617e+06 -1.00471436e+07  8.89e-08 3.49e-10  4.44e+00     2s
  15  -9.49410536e+06 -9.62326271e+06  1.25e-08 3.23e-10  1.03e+00     2s
  16  -9.49490359e+06 -9.56330608e+06  5.39e-09 3.36e-10  5.43e-01     2s
  17  -9.49551966e+06 -9.53321737e+06  2.53e-09 2.97e-10  2.99e-01     2s
  18  -9.49600400e+06 -9.51639526e+06  1.18e-09 2.24e-10  1.62e-01     2s
  19  -9.49623295e+06 -9.50975166e+06  7.93e-10 3.08e-10  1.07e-01     2s
  20  -9.49655619e+06 -9.50556198e+06  4.04e-10 2.26e-10  7.15e-02     2s
  21  -9.49667564e+06 -9.50257078e+06  3.05e-10 4.71e-10  4.68e-02     2s
  22  -9.49679702e+06 -9.50087585e+06  2.31e-10 2.16e-10  3.24e-02     2s
  23  -9.49690424e+06 -9.49996932e+06  1.73e-10 2.53e-10  2.43e-02     2s
  24  -9.49705104e+06 -9.49943918e+06  1.14e-10 2.89e-10  1.90e-02     2s
  25  -9.49715102e+06 -9.49875703e+06  7.69e-11 1.91e-10  1.28e-02     2s
  26  -9.49722818e+06 -9.49852096e+06  5.11e-11 2.14e-10  1.03e-02     2s
  27  -9.49730881e+06 -9.49821101e+06  2.81e-11 1.73e-10  7.17e-03     2s
  28  -9.49734809e+06 -9.49779364e+06  1.85e-11 2.06e-10  3.54e-03     2s
  29  -9.49735453e+06 -9.49775539e+06  1.71e-11 3.43e-10  3.18e-03     2s
  30  -9.49738458e+06 -9.49768774e+06  1.14e-11 3.25e-10  2.41e-03     2s
  31  -9.49739848e+06 -9.49764650e+06  9.14e-12 2.94e-10  1.97e-03     2s
  32  -9.49741727e+06 -9.49756731e+06  6.32e-12 2.60e-10  1.19e-03     2s
  33  -9.49742529e+06 -9.49755910e+06  5.26e-12 2.57e-10  1.06e-03     2s
  34  -9.49744293e+06 -9.49753913e+06  3.16e-12 4.75e-10  7.64e-04     2s
  35  -9.49745135e+06 -9.49751377e+06  2.17e-12 2.11e-10  4.96e-04     2s
  36  -9.49745803e+06 -9.49750101e+06  1.97e-12 2.32e-10  3.41e-04     2s
  37  -9.49746295e+06 -9.49748826e+06  1.12e-12 2.46e-10  2.01e-04     2s
  38  -9.49746446e+06 -9.49748388e+06  1.75e-12 2.82e-10  1.54e-04     2s
  39  -9.49746707e+06 -9.49748181e+06  2.25e-12 2.39e-10  1.17e-04     2s
  40  -9.49746914e+06 -9.49748002e+06  2.71e-12 2.72e-10  8.64e-05     2s
  41  -9.49747058e+06 -9.49747436e+06  8.83e-12 3.02e-10  3.01e-05     2s
  42  -9.49747157e+06 -9.49747329e+06  2.46e-11 7.49e-10  1.36e-05     2s
  43  -9.49747231e+06 -9.49747285e+06  1.27e-11 3.03e-10  4.27e-06     2s
  44  -9.49747253e+06 -9.49747263e+06  2.88e-11 2.53e-10  7.96e-07     2s
  45  -9.49747258e+06 -9.49747259e+06  5.67e-11 3.37e-10  1.89e-08     2s
  46  -9.49747258e+06 -9.49747258e+06  1.13e-10 2.92e-10  4.52e-12     2s

Barrier solved model in 46 iterations and 2.16 seconds (3.10 work units)
Optimal objective -9.49747258e+06

Concurrent spin time: 0.00s

Solved with barrier

Root relaxation: objective -9.497473e+06, 5746 iterations, 1.25 seconds (1.21 work units)

    Nodes    |    Current Node    |     Objective Bounds      |     Work
 Expl Unexpl |  Obj  Depth IntInf | Incumbent    BestBd   Gap | It/Node Time

     0     0 -9497472.6    0  874    0.00000 -9497472.6      -     -    4s
H    0     0                    -3998489.390 -9497472.6   138%     -    5s
H    0     0                    -5998644.541 -9496566.7  58.3%     -    6s
     0     0 -9496566.7    0  992 -5998644.5 -9496566.7  58.3%     -    8s
     0     0 -9496502.1    0  982 -5998644.5 -9496502.1  58.3%     -    8s
H    0     0                    -6998109.127 -9496502.1  35.7%     -   11s
     0     0 -9496502.1    0 1152 -6998109.1 -9496502.1  35.7%     -   12s
H    0     0                    -7997563.862 -9496502.1  18.7%     -   12s
     0     0 -9496502.1    0 1089 -7997563.9 -9496502.1  18.7%     -   13s
     0     0 -9440746.5    0 1070 -7997563.9 -9440746.5  18.0%     -   17s
H    0     0                    -8997079.844 -9440746.5  4.93%     -   19s
     0     0 -9000000.0    0 1163 -8997079.8 -9000000.0  0.03%     -   21s
     0     0 -9000000.0    0 1069 -8997079.8 -9000000.0  0.03%     -   22s
     0     0 -9000000.0    0 1129 -8997079.8 -9000000.0  0.03%     -   23s
     0     0 -9000000.0    0 1158 -8997079.8 -9000000.0  0.03%     -   24s
     0     0 -9000000.0    0 1174 -8997079.8 -9000000.0  0.03%     -   24s
     0     0 -9000000.0    0 1206 -8997079.8 -9000000.0  0.03%     -   26s
     0     0 -9000000.0    0 1155 -8997079.8 -9000000.0  0.03%     -   28s
     0     2 -9000000.0    0 1122 -8997079.8 -9000000.0  0.03%     -   32s
     1     2 -8998038.2    1  761 -8997079.8 -9000000.0  0.03% 14525   37s
    17    32 -8998018.8    5  702 -8997079.8 -8998020.3  0.01%  1486   40s
   120   158 -8998009.4    9  681 -8997079.8 -8998016.2  0.01%   638   45s
   233   232 -8997993.9    7 1155 -8997079.8 -8998016.2  0.01%   503   51s
   236   234 -8997977.4   16  580 -8997079.8 -8998016.2  0.01%   497   55s

Cutting planes:
  Gomory: 40
  Clique: 2
  MIR: 22
  Flow cover: 27
  Zero half: 64
  RLT: 1

Explored 237 nodes (172856 simplex iterations) in 57.04 seconds (82.66 work units)
Thread count was 16 (of 18 available processors)

Solution count 6: -8.99708e+06 -7.99756e+06 -6.99811e+06 ... 0

Optimal solution found (tolerance 1.00e-04)
Best objective -8.997079843677e+06, best bound -8.997960674578e+06, gap 0.0098%

---------------------------------------------------------------------------
Multi-objectives: solved in 57.21 seconds (82.66 work units), solution count 6

