
Gurobi 11.0.0 (win64) logging started Sat Dec 21 09:38:55 2024

Set parameter LogFile to value "C:\Users\Administrator\Desktop\OptRail_Railroad_Construction\Data\Solution\AnzahlAuftraege_NEW_10\a10_o144_m6_an53_ar12\6_Objectives\hierarchical\gurobi_a10_o144_m6_an53_ar12_hierarchical.log"
Gurobi Optimizer version 11.0.0 build v11.0.0rc2 (win64 - Windows Server 2022.0 (20348.2))

CPU model: AMD EPYC 7513 32-Core Processor, instruction set [SSE2|AVX|AVX2]
Thread count: 18 physical cores, 18 logical processors, using up to 16 threads

Optimize a model with 3522 rows, 253468 columns and 1171862 nonzeros
Model fingerprint: 0x33b2a907
Variable types: 0 continuous, 253468 integer (253468 binary)
Coefficient statistics:
  Matrix range     [1e+00, 1e+01]
  Objective range  [1e+00, 2e+02]
  Bounds range     [1e+00, 1e+00]
  RHS range        [1e+00, 2e+02]

---------------------------------------------------------------------------
Multi-objectives: starting optimization with 6 objectives ... 
---------------------------------------------------------------------------

Multi-objectives: applying initial presolve ...
---------------------------------------------------------------------------

Presolve added 0 rows and 215 columns
Presolve removed 8 rows and 0 columns
Presolve time: 1.23s
Presolved: 3514 rows, 253683 columns, 1121077 nonzeros
---------------------------------------------------------------------------

Multi-objectives: optimize objective 1 () ...
---------------------------------------------------------------------------

Found heuristic solution: objective 0.0000000
Presolve removed 885 rows and 131707 columns
Presolve time: 1.91s
Presolved: 2629 rows, 121976 columns, 951973 nonzeros
Variable types: 0 continuous, 121976 integer (121903 binary)
Deterministic concurrent LP optimizer: primal simplex, dual simplex, and barrier
Showing barrier log only...

Root barrier log...

Ordering time: 0.03s

Barrier statistics:
 AA' NZ     : 1.399e+05
 Factor NZ  : 2.658e+05 (roughly 27 MB of memory)
 Factor Ops : 5.527e+07 (less than 1 second per iteration)
 Threads    : 14

                  Objective                Residual
Iter       Primal          Dual         Primal    Dual     Compl     Time
   0  -3.77739035e+02 -4.17405284e+04  2.44e+05 1.32e-01  3.35e+01     4s
   1  -1.08877048e+02 -4.03109989e+04  7.09e+04 2.67e-01  9.91e+00     4s
   2  -9.42448640e+00 -3.49597238e+04  4.75e+03 2.41e-02  9.12e-01     4s
   3  -1.01490426e+01 -1.51754475e+04  2.51e+03 4.43e-03  4.06e-01     4s
   4  -7.76416722e+00 -1.37093452e+04  9.00e+02 5.03e-03  2.12e-01     4s
   5  -7.55612936e+00 -5.76498639e+03  3.11e+02 1.68e-03  7.88e-02     4s
   6  -7.13457538e+00 -2.08015997e+03  8.73e+01 1.47e-04  2.55e-02     4s
   7  -6.94857462e+00 -1.19130284e+03  3.15e+01 7.73e-05  1.27e-02     4s
   8  -6.84599723e+00 -5.78121829e+02  1.21e+01 2.27e-05  5.79e-03     4s
   9  -6.83309882e+00 -3.92059989e+02  3.30e+00 6.79e-06  3.50e-03     4s
  10  -6.77008753e+00 -3.41343889e+02  1.23e+00 2.31e-06  2.91e-03     4s
  11  -6.01954563e+00 -2.83257375e+02  2.18e-02 3.13e-15  2.33e-03     4s
  12  -5.35260990e+00 -8.05251292e+01  3.88e-06 2.43e-15  6.19e-04     4s
  13  -5.88230178e+00 -3.13759908e+01  9.97e-14 1.63e-15  2.10e-04     4s
  14  -5.97742497e+00 -2.19035581e+01  8.93e-14 9.82e-16  1.31e-04     4s
  15  -6.03219919e+00 -2.05390611e+01  7.96e-14 9.56e-16  1.20e-04     4s
  16  -6.20187329e+00 -1.81505780e+01  5.12e-14 9.44e-16  9.85e-05     4s
  17  -6.23384498e+00 -1.45819209e+01  1.15e-13 8.88e-16  6.88e-05     4s
  18  -6.38387443e+00 -9.06623014e+00  8.72e-14 7.58e-16  2.21e-05     4s
  19  -6.49509897e+00 -6.52907202e+00  1.55e-13 4.64e-16  2.80e-07     4s
  20  -6.49999997e+00 -6.50000076e+00  2.06e-13 4.83e-16  6.46e-12     4s
  21  -6.50000000e+00 -6.50000000e+00  3.45e-13 6.66e-16  7.71e-18     4s

Barrier solved model in 21 iterations and 4.36 seconds (9.26 work units)
Optimal objective -6.50000000e+00

Concurrent spin time: 0.00s

Solved with barrier

Use crossover to convert LP symmetric solution to basic solution...

Root simplex log...

Iteration    Objective       Primal Inf.    Dual Inf.      Time
    1156   -6.5000000e+00   0.000000e+00   0.000000e+00      5s

Root relaxation: objective -6.500000e+00, 1156 iterations, 1.66 seconds (1.60 work units)
Total elapsed time = 11.84s (DegenMoves)

    Nodes    |    Current Node    |     Objective Bounds      |     Work
 Expl Unexpl |  Obj  Depth IntInf | Incumbent    BestBd   Gap | It/Node Time

     0     0   -6.50000    0   56    0.00000   -6.50000      -     -   14s
H    0     0                      -4.0000000   -6.50000  62.5%     -   14s
H    0     0                      -6.0000000   -6.50000  8.33%     -   20s
     0     0   -6.00000    0  133   -6.00000   -6.00000  0.00%     -   20s

Cutting planes:
  MIR: 2
  Zero half: 10

Explored 1 nodes (92174 simplex iterations) in 20.47 seconds (29.37 work units)
Thread count was 16 (of 18 available processors)

Solution count 3: -6 -4 0 
No other solutions better than -6

Optimal solution found (tolerance 1.00e-04)
Best objective -6.000000000000e+00, best bound -6.000000000000e+00, gap 0.0000%
---------------------------------------------------------------------------

Multi-objectives: optimize objective 2 () ...
---------------------------------------------------------------------------


Loaded user MIP start with objective 144

Presolve removed 0 rows and 131328 columns
Presolve time: 1.27s
Presolved: 3515 rows, 122355 columns, 1107447 nonzeros
Variable types: 0 continuous, 122355 integer (122282 binary)
Found heuristic solution: objective 38.0000000
Deterministic concurrent LP optimizer: primal simplex, dual simplex, and barrier
Showing barrier log only...

Root barrier log...

Ordering time: 0.19s

Barrier statistics:
 AA' NZ     : 3.943e+05
 Factor NZ  : 1.180e+06 (roughly 60 MB of memory)
 Factor Ops : 5.451e+08 (less than 1 second per iteration)
 Threads    : 14

                  Objective                Residual
Iter       Primal          Dual         Primal    Dual     Compl     Time
   0   2.63267734e+03 -6.63981997e+04  2.29e+05 8.46e-02  1.02e+01    23s
   1   1.78768591e+03 -6.34410429e+04  8.03e+04 1.81e-01  3.68e+00    23s
   2   5.97133958e+02 -5.14619687e+04  2.25e+04 1.90e-02  1.10e+00    23s
   3   2.85633817e+02 -4.40315467e+04  7.68e+03 1.06e-02  4.65e-01    23s
   4   2.30014004e+02 -2.02017807e+04  5.20e+03 1.44e-15  2.44e-01    23s
   5   1.13030054e+02 -1.23245286e+04  1.48e+03 5.97e-04  9.30e-02    23s
   6   3.12953646e+01 -6.67544983e+03  4.69e+02 8.88e-15  4.00e-02    23s
   7   9.05670080e+00 -3.17337701e+03  1.12e+02 4.44e-15  1.59e-02    23s
   8   4.63026599e+00 -2.10401393e+03  2.75e+01 2.66e-15  9.27e-03    23s
   9   3.74652356e+00 -1.39377296e+03  1.33e+01 8.88e-16  6.05e-03    23s
  10   2.47412139e+00 -9.03555257e+02  2.73e+00 1.78e-15  3.78e-03    23s
  11   1.34141196e+00 -7.67914571e+02  8.67e-01 1.78e-15  3.16e-03    23s
  12   1.10594576e+00 -6.42770022e+02  6.58e-01 1.15e-05  2.64e-03    23s
  13   1.06878433e+00 -5.49532385e+02  4.91e-01 6.41e-05  2.26e-03    23s
  14   9.50714972e-01 -4.43060769e+02  2.87e-02 5.76e-05  1.82e-03    23s
  15   5.96721799e-01 -1.80375384e+02  8.05e-03 2.31e-05  7.40e-04    23s
  16   3.65328106e-01 -2.92535741e+01  2.27e-03 1.93e-15  1.21e-04    23s
  17   2.33931514e-01 -9.87731578e+00  1.20e-03 7.77e-16  4.13e-05    23s
  18   1.41877601e-01 -3.23437011e+00  7.69e-04 6.41e-16  1.38e-05    23s
  19   1.89532442e-02 -4.75096985e-01  6.36e-05 7.72e-16  2.01e-06    23s
  20   6.85976693e-05 -1.99453912e-03  1.68e-12 1.01e-15  8.39e-09    23s
  21   8.68033415e-11 -2.77232986e-09  2.39e-12 7.81e-16  1.16e-14    23s

Barrier solved model in 21 iterations and 23.36 seconds (33.86 work units)
Optimal objective 8.68033415e-11


Root crossover log...

    1042 DPushes remaining with DInf 0.0000000e+00                25s
       0 DPushes remaining with DInf 0.0000000e+00                25s

     351 PPushes remaining with PInf 2.5020677e-06                25s
       0 PPushes remaining with PInf 0.0000000e+00                25s

  Push phase complete: Pinf 0.0000000e+00, Dinf 0.0000000e+00     25s


Root simplex log...

Iteration    Objective       Primal Inf.    Dual Inf.      Time
     947    0.0000000e+00   0.000000e+00   0.000000e+00     25s

Solved with barrier
     947    0.0000000e+00   0.000000e+00   0.000000e+00     25s

Root relaxation: objective 0.000000e+00, 947 iterations, 3.08 seconds (3.24 work units)
Total elapsed time = 34.42s (DegenMoves)
Total elapsed time = 47.34s (DegenMoves)
Total elapsed time = 50.91s (DegenMoves)

    Nodes    |    Current Node    |     Objective Bounds      |     Work
 Expl Unexpl |  Obj  Depth IntInf | Incumbent    BestBd   Gap | It/Node Time

     0     0    0.00000    0   53   38.00000    0.00000   100%     -   53s
H    0     0                      17.0000000    0.00000   100%     -   54s
     0     0    0.00000    0 1280   17.00000    0.00000   100%     -   76s
H    0     0                       1.0000000    0.00000   100%     -   77s
     0     0    0.00000    0  164    1.00000    0.00000   100%     -  106s
     0     0    0.00000    0  193    1.00000    0.00000   100%     -  109s
     0     0    0.00000    0  364    1.00000    0.00000   100%     -  118s
     0     0    0.00000    0 1446    1.00000    0.00000   100%     -  142s
     0     0    0.00000    0 1284    1.00000    0.00000   100%     -  153s
     0     0    0.00000    0 1346    1.00000    0.00000   100%     -  164s
     0     0    0.00000    0 1314    1.00000    0.00000   100%     -  176s
     0     0    0.00000    0 1383    1.00000    0.00000   100%     -  186s
     0     0    0.00000    0 1312    1.00000    0.00000   100%     -  195s
     0     0 infeasible    0         1.00000    1.00000  0.00%     -  209s

Explored 1 nodes (343749 simplex iterations) in 209.21 seconds (361.27 work units)
Thread count was 16 (of 18 available processors)

Solution count 4: 1 17 38 144 

Optimal solution found (tolerance 1.00e-04)
Best objective 1.000000000000e+00, best bound 1.000000000000e+00, gap 0.0000%
---------------------------------------------------------------------------

Multi-objectives: optimize objective 3 () ...
---------------------------------------------------------------------------


Loaded user MIP start with objective 6589.83

Presolve removed 73 rows and 139846 columns
Presolve time: 3.99s
Presolved: 3443 rows, 113837 columns, 1074176 nonzeros
Variable types: 0 continuous, 113837 integer (113764 binary)
Deterministic concurrent LP optimizer: primal simplex, dual simplex, and barrier
Showing barrier log only...

Root barrier log...

Ordering time: 0.19s

Barrier statistics:
 AA' NZ     : 3.700e+05
 Factor NZ  : 1.090e+06 (roughly 60 MB of memory)
 Factor Ops : 4.885e+08 (less than 1 second per iteration)
 Threads    : 14

                  Objective                Residual
Iter       Primal          Dual         Primal    Dual     Compl     Time
   0   1.25545325e+08 -2.78853179e+07  2.29e+05 2.84e-14  5.15e+03   214s
   1   4.58653443e+07 -2.68016028e+07  8.37e+04 1.13e+02  1.93e+03   214s
   2   1.61151184e+07 -2.36842179e+07  2.94e+04 3.62e+01  7.16e+02   214s
   3   2.96335308e+06 -1.48450813e+07  5.40e+03 6.25e-13  1.62e+02   214s
   4   1.55555523e+06 -1.12234527e+07  2.83e+03 7.82e-13  9.67e+01   214s
   5   1.23600078e+06 -7.53471603e+06  2.24e+03 4.41e-13  6.85e+01   214s
   6   6.81583465e+05 -6.04065988e+06  1.23e+03 1.59e-11  4.53e+01   214s
   7   1.86646045e+05 -2.51161213e+06  3.22e+02 4.77e-12  1.56e+01   214s
   8   3.95436662e+04 -1.55690273e+06  5.27e+01 1.14e-12  7.57e+00   214s
   9   1.87180083e+04 -9.18149600e+05  1.53e+01 1.83e-12  4.26e+00   214s
  10   1.22294538e+04 -6.97109251e+05  4.69e+00 1.29e-12  3.16e+00   214s
  11   1.14420504e+04 -6.18009114e+05  3.94e+00 8.83e-13  2.81e+00   214s
  12   9.42374100e+03 -4.72947544e+05  1.92e+00 8.71e-13  2.14e+00   214s
  13   8.18663431e+03 -3.87410750e+05  8.40e-01 7.86e-13  1.74e+00   215s
  14   7.22344886e+03 -3.12475996e+05  1.43e-01 8.68e-13  1.41e+00   215s
  15   6.82182985e+03 -1.72609316e+05  2.65e-02 1.28e-12  7.90e-01   215s
  16   6.17138387e+03 -1.30796502e+05  1.42e-02 9.44e-13  6.02e-01   215s
  17   5.12699075e+03 -7.63904366e+04  3.36e-03 9.64e-13  3.57e-01   215s
  18   4.89552899e+03 -3.88661003e+04  2.33e-03 1.25e-12  1.92e-01   215s
  19   4.87484570e+03 -2.55019480e+04  2.14e-03 9.33e-13  1.33e-01   215s
  20   4.66775808e+03 -1.73947962e+04  1.58e-03 9.09e-13  9.65e-02   215s
  21   4.36464344e+03 -1.21693434e+04  1.05e-03 9.47e-13  7.23e-02   215s
  22   4.01560413e+03 -4.42107547e+03  5.58e-04 9.09e-13  3.69e-02   215s
  23   3.91928526e+03 -2.27021110e+03  2.38e-03 4.59e-13  2.70e-02   215s
  24   3.78172068e+03 -1.03858312e+03  2.84e-03 3.68e-13  2.11e-02   215s
  25   3.74103391e+03  2.68867166e+02  2.68e-03 2.28e-13  1.52e-02   215s
  26   3.63779008e+03  6.32256481e+02  2.00e-03 2.41e-13  1.31e-02   215s
  27   3.53774058e+03  1.36704699e+03  1.34e-03 2.34e-13  9.48e-03   215s
  28   3.41890607e+03  1.81849527e+03  6.66e-04 2.54e-13  6.99e-03   215s
  29   3.39031027e+03  2.16849204e+03  5.53e-04 2.27e-13  5.34e-03   215s
  30   3.34893871e+03  2.46588355e+03  3.99e-04 2.04e-13  3.86e-03   215s
  31   3.33787786e+03  2.69243793e+03  3.46e-04 2.82e-13  2.82e-03   215s
  32   3.28019107e+03  2.88010079e+03  1.37e-04 4.55e-13  1.75e-03   215s
  33   3.25652017e+03  3.03750398e+03  6.72e-05 1.03e-12  9.56e-04   215s
  34   3.25579616e+03  3.05285491e+03  6.52e-05 4.55e-13  8.86e-04   215s
  35   3.24983341e+03  3.12813696e+03  5.23e-05 5.68e-13  5.31e-04   215s
  36   3.23618626e+03  3.16929278e+03  2.28e-05 9.75e-13  2.92e-04   215s
  37   3.22917664e+03  3.21586412e+03  9.53e-06 6.82e-13  5.81e-05   215s
  38   3.22357410e+03  3.22244512e+03  4.26e-07 5.68e-13  4.93e-06   215s
  39   3.22320914e+03  3.22320699e+03  1.20e-09 4.12e-13  9.39e-09   215s
  40   3.22320794e+03  3.22320794e+03  5.65e-12 5.06e-13  2.32e-13   215s

Barrier solved model in 40 iterations and 215.30 seconds (371.12 work units)
Optimal objective 3.22320794e+03


Root crossover log...

    2685 DPushes remaining with DInf 0.0000000e+00               215s
       0 DPushes remaining with DInf 0.0000000e+00               215s

    1593 PPushes remaining with PInf 0.0000000e+00               215s
       0 PPushes remaining with PInf 0.0000000e+00               215s

  Push phase complete: Pinf 0.0000000e+00, Dinf 6.9846351e-12    215s


Root simplex log...

Iteration    Objective       Primal Inf.    Dual Inf.      Time
    3896    3.2232079e+03   0.000000e+00   0.000000e+00    215s

Solved with barrier

Root relaxation: objective 3.223208e+03, 3896 iterations, 2.02 seconds (2.19 work units)

    Nodes    |    Current Node    |     Objective Bounds      |     Work
 Expl Unexpl |  Obj  Depth IntInf | Incumbent    BestBd   Gap | It/Node Time

     0     0 3223.20794    0  282 6589.83170 3223.20794  51.1%     -  218s
H    0     0                    5113.5572287 3223.20794  37.0%     -  219s
     0     0 3287.81042    0  534 5113.55723 3287.81042  35.7%     -  222s
H    0     0                    4926.7721625 3287.94877  33.3%     -  224s
     0     0 3389.97708    0  458 4926.77216 3389.97708  31.2%     -  226s
H    0     0                    4899.1345744 3389.97708  30.8%     -  227s
     0     0 3389.97708    0  453 4899.13457 3389.97708  30.8%     -  228s
     0     0 3396.31910    0  527 4899.13457 3396.31910  30.7%     -  230s
     0     0 3398.63670    0  521 4899.13457 3398.63670  30.6%     -  232s
     0     0 3398.63670    0  519 4899.13457 3398.63670  30.6%     -  232s
     0     0 3403.71997    0  494 4899.13457 3403.71997  30.5%     -  234s
H    0     0                    4826.8899716 3403.71997  29.5%     -  235s
     0     0 3403.71997    0  495 4826.88997 3403.71997  29.5%     -  235s
H    0     0                    4694.6664215 3403.71997  27.5%     -  237s
     0     0 3408.90401    0  466 4694.66642 3408.90401  27.4%     -  239s
     0     0 3408.90401    0  466 4694.66642 3408.90401  27.4%     -  240s
H    0     0                    4675.4601942 3408.90401  27.1%     -  241s
     0     0 3409.72359    0  487 4675.46019 3409.72359  27.1%     -  241s
     0     0 3411.81666    0  454 4675.46019 3411.81666  27.0%     -  243s
     0     0 3413.75589    0  489 4675.46019 3413.75589  27.0%     -  245s
     0     0 3413.75589    0  491 4675.46019 3413.75589  27.0%     -  245s
H    0     0                    4448.3503771 3414.25902  23.2%     -  247s
     0     0 3414.25902    0  483 4448.35038 3414.25902  23.2%     -  247s
     0     0 3414.25902    0  483 4448.35038 3414.25902  23.2%     -  249s
     0     2 3414.25902    0  463 4448.35038 3414.25902  23.2%     -  257s
     1     4 3625.83350    1  472 4448.35038 3414.25902  23.2% 25843  260s
    13    11 3677.36142    4  519 4448.35038 3468.23911  22.0%  3219  265s
    50    47 3708.86227    7  304 4448.35038 3512.16971  21.0%  1455  289s
    66    62 3698.30146    7  320 4448.35038 3512.16971  21.0%  1254  290s
    82    73 3712.26963    8  315 4448.35038 3521.61952  20.8%  1079  303s
   123   105 3725.24334   10  319 4448.35038 3521.61952  20.8%   894  305s
   211   169 3768.86714   14  268 4448.35038 3521.61952  20.8%   748  310s
   300   231 3781.22815   16  292 4448.35038 3521.61952  20.8%   685  315s
   412   294     cutoff   19      4448.35038 3533.60032  20.6%   614  320s
   555   402 3648.15667   11  195 4448.35038 3533.92427  20.6%   539  325s
   708   501 3668.28148   17  187 4448.35038 3533.92427  20.6%   497  330s
   887   615 3677.68795   26  191 4448.35038 3533.92427  20.6%   466  336s
  1042   686 3722.99282   32  120 4448.35038 3533.92427  20.6%   445  340s
  1238   786 3799.10259   38  135 4448.35038 3533.92427  20.6%   431  346s
  1376   891 3818.28740   41  117 4448.35038 3533.92427  20.6%   427  350s
  1528   981 infeasible   44      4448.35038 3533.92427  20.6%   432  356s
  1692  1026 infeasible   44      4448.35038 3533.92427  20.6%   437  362s
  1841  1120 infeasible   10      4448.35038 3600.88386  19.1%   450  367s
  1946  1165 3674.97760   10  200 4448.35038 3600.88386  19.1%   447  370s
  2190  1250 4172.61255   15  408 4448.35038 3600.88386  19.1%   437  378s
  2269  1300     cutoff   16      4448.35038 3600.88386  19.1%   443  381s
  2383  1330 3800.99008   16  183 4448.35038 3600.88386  19.1%   442  385s
  2601  1414 3932.01952   26  245 4448.35038 3600.88386  19.1%   447  446s
  2643  1439 4029.85256   33  216 4448.35038 3600.88386  19.1%   446  508s
  2723  1470 infeasible   34      4448.35038 3602.73377  19.0%   445  513s
  2870  1507 3604.60836   12  242 4448.35038 3602.73377  19.0%   446  517s
  2982  1547 3629.15366   17  258 4448.35038 3602.73377  19.0%   453  521s
  3096  1597 3791.03366   28  238 4448.35038 3602.73377  19.0%   460  526s
  3228  1719 infeasible   42      4448.35038 3614.87697  18.7%   461  531s
  3411  1720 4063.32997   25  483 4448.35038 3614.87697  18.7%   461  552s
  3413  1721 3805.38861   17  223 4448.35038 3614.87697  18.7%   461  563s
  3414  1722 3711.62509   26  557 4448.35038 3614.87697  18.7%   461  577s
  3416  1723 3733.46414   13  416 4448.35038 3614.87697  18.7%   461  582s
  3417  1724 3900.20864   24  411 4448.35038 3614.87697  18.7%   461  585s
  3418  1725 3645.55011   14  516 4448.35038 3614.87697  18.7%   460  607s
  3420  1726 3757.29115   11  381 4448.35038 3614.87697  18.7%   460  611s
  3424  1730 3799.10259   39  483 4448.35038 3614.87697  18.7%   490  618s
  3426  1731 3791.03366   29  265 4448.35038 3614.87697  18.7%   489  639s
  3427  1732 3669.04578   30  546 4448.35038 3614.87697  18.7%   489  648s
  3428  1733 3678.73953   15  403 4448.35038 3614.87697  18.7%   489  652s
  3429  1733 3784.19813   41  455 4448.35038 3614.87697  18.7%   489  656s
  3430  1734 3683.04322   24  432 4448.35038 3614.87697  18.7%   489  662s
  3431  1735 3646.03048   27  511 4448.35038 3614.87697  18.7%   489  691s
  3433  1736 3668.67594   23  547 4448.35038 3614.87697  18.7%   488  696s
  3434  1737 3655.68285   18  504 4448.35038 3614.87697  18.7%   488  704s
  3435  1737 3629.49447   18  522 4448.35038 3614.87697  18.7%   488  707s
  3436  1738 3634.77515   10  506 4448.35038 3614.87697  18.7%   488  711s
  3438  1739 3698.93454   11  512 4448.35038 3614.87697  18.7%   488  718s
  3439  1740 3692.08333   19  512 4448.35038 3614.87697  18.7%   487  722s
  3440  1741 3731.46791   22  512 4448.35038 3614.87697  18.7%   487  746s
  3441  1744 3718.18639   23  518 4448.35038 3614.87697  18.7%   542  755s
  3447  1751 3719.00737   25  336 4448.35038 3614.87697  18.7%   545  760s
  3455  1759 3723.13186   26  503 4448.35038 3626.83729  18.5%   546  765s
  3468  1767 3794.35217   27  427 4448.35038 3632.55996  18.3%   549  785s
  3500  1781 3858.07471   28  452 4448.35038 3650.59912  17.9%   557  791s
  3532  1803 3960.44421   29  296 4448.35038 3653.77362  17.9%   566  797s
  3555  1803 3937.95612   30  291 4448.35038 3657.58844  17.8%   566  810s
  3578  1812 3818.57084   30  298 4448.35038 3657.58844  17.8%   569  822s
  3640  1819 3973.78316   33  333 4448.35038 3659.21038  17.7%   572  829s
  3670  1825 4048.96431   34  269 4448.35038 3659.21038  17.7%   578  845s
  3741  1813 4074.86354   36  236 4448.35038 3659.21038  17.7%   580  853s
  3786  1814 4132.64954   38  203 4448.35038 3659.21038  17.7%   582  859s
  3835  1802 infeasible   40      4448.35038 3659.21038  17.7%   584  866s
  3887  1790 4306.61912   43  187 4448.35038 3666.24982  17.6%   589  871s
  3943  1781 3858.25448   31   93 4448.35038 3666.24982  17.6%   594  878s
  3985  1768 3904.93270   34  264 4448.35038 3666.24982  17.6%   603  885s
  4040  1747 4095.91478   35  149 4448.35038 3666.24982  17.6%   607  892s
  4092  1725     cutoff   38      4448.35038 3674.84872  17.4%   613 3861s
  4119  1716 3791.79357   31  179 4448.35038 3674.84872  17.4%   621 3870s
  4146  1717 3800.64049   32  155 4448.35038 3674.84872  17.4%   626 3896s
  4185  1712 infeasible   34      4448.35038 3674.84872  17.4%   632 3922s
  4219  1714 infeasible   34      4448.35038 3674.84872  17.4%   640 3935s
H 4230  1622                    4448.3503574 3674.84872  17.4%   639 3935s
  4290  1590 infeasible   36      4448.35036 3674.84872  17.4%   641 3963s
  4341  1590 infeasible   37      4448.35036 3674.84872  17.4%   649 4029s
H 4342  1507                    4448.3502186 3674.84872  17.4%   648 4029s
H 4345  1427                    4448.3500987 3674.84872  17.4%   650 4029s
  4385  1418 infeasible   38      4448.35010 3687.18291  17.1%   649 4038s
  4506  1377     cutoff   30      4448.35010 3712.61063  16.5%   656 4049s
  4602  1343 4017.59245   41  161 4448.35010 3712.61063  16.5%   664 4078s
  4651  1337 4017.59245   42  160 4448.35010 3789.94194  14.8%   675 4088s
  4763  1327 4051.21252   40  451 4448.35010 3789.94194  14.8%   685 4102s
  4947  1285 infeasible   41      4448.35010 3789.94194  14.8%   682 4113s
  5140  1232     cutoff   35      4448.35010 3886.12414  12.6%   678 4124s
  5390  1174 4228.51696   35  519 4448.35010 3912.67153  12.0%   670 4136s
  5669  1081     cutoff   32      4448.35010 3912.67153  12.0%   656 4144s
  6042   957 4307.82737   35  193 4448.35010 3942.72326  11.4%   637 4155s
  6427   847 infeasible   45      4448.35010 3942.72326  11.4%   618 4167s
  6904   579 4261.25146   45  317 4448.35010 4136.77413  7.00%   592 4179s
  7563   132 4372.98475   34  199 4448.35010 4298.92507  3.36%   556 4193s

Cutting planes:
  Gomory: 8
  Cover: 28
  Implied bound: 1
  Clique: 4
  MIR: 13
  Flow cover: 76
  Inf proof: 3
  Zero half: 50

Explored 8241 nodes (4392651 simplex iterations) in 4194.27 seconds (7335.78 work units)
Thread count was 16 (of 18 available processors)

Solution count 10: 4448.35 4448.35 4448.35 ... 6589.83

Optimal solution found (tolerance 1.00e-04)
Best objective 4.448350098754e+03, best bound 4.448350098754e+03, gap 0.0000%
---------------------------------------------------------------------------

Multi-objectives: optimize objective 4 () ...
---------------------------------------------------------------------------


Loaded user MIP start with objective 658.579

Presolve removed 73 rows and 139844 columns
Presolve time: 4.99s
Presolved: 3444 rows, 113839 columns, 1130824 nonzeros
Variable types: 0 continuous, 113839 integer (113766 binary)
Deterministic concurrent LP optimizer: primal simplex, dual simplex, and barrier
Showing barrier log only...

Root barrier log...

Ordering time: 0.17s

Barrier statistics:
 AA' NZ     : 3.722e+05
 Factor NZ  : 1.109e+06 (roughly 60 MB of memory)
 Factor Ops : 5.176e+08 (less than 1 second per iteration)
 Threads    : 14

                  Objective                Residual
Iter       Primal          Dual         Primal    Dual     Compl     Time
   0   2.28433148e+08 -7.92251260e+07  3.26e+06 1.42e-14  1.02e+04  4200s
   1   9.70681519e+07 -6.82336657e+07  1.39e+06 2.60e+01  4.38e+03  4201s
   2   1.37409625e+07 -4.30889118e+07  1.96e+05 1.07e-12  7.32e+02  4201s
   3   3.02289403e+06 -1.09854408e+07  4.32e+04 4.43e-12  1.55e+02  4201s
   4   9.44709919e+05 -8.10716829e+06  1.38e+04 7.13e-12  6.81e+01  4201s
   5   5.73141611e+05 -5.94193140e+06  8.43e+03 4.77e-12  4.52e+01  4201s
   6   2.55031236e+05 -3.92792870e+06  3.80e+03 2.96e-12  2.54e+01  4201s
   7   1.81082203e+05 -3.03823744e+06  2.71e+03 1.79e-12  1.90e+01  4201s
   8   1.12774540e+05 -2.28274012e+06  1.68e+03 9.73e-13  1.35e+01  4201s
   9   5.69391529e+04 -1.27635284e+06  8.40e+02 1.82e-12  7.26e+00  4201s
  10   4.22689845e+04 -7.38815147e+05  6.18e+02 2.73e-12  4.42e+00  4201s
  11   3.35490963e+04 -6.09352748e+05  4.87e+02 5.46e-12  3.60e+00  4201s
  12   2.78471045e+04 -4.40993284e+05  4.01e+02 6.37e-12  2.70e+00  4201s
  13   2.09637355e+04 -3.35788484e+05  2.98e+02 1.18e-11  2.03e+00  4201s
  14   1.21803824e+04 -2.01718558e+05  1.67e+02 2.73e-12  1.19e+00  4201s
  15   7.96498061e+03 -1.35185716e+05  1.05e+02 6.82e-12  7.87e-01  4201s
  16   7.09155499e+03 -1.01123318e+05  9.21e+01 3.20e-12  6.12e-01  4201s
  17   4.24551580e+03 -7.24820412e+04  5.10e+01 2.73e-11  4.09e-01  4201s
  18   3.37202469e+03 -5.07672616e+04  3.87e+01 1.73e-11  2.90e-01  4201s
  19   1.62580747e+03 -3.41459701e+04  1.47e+01 1.09e-11  1.75e-01  4201s
  20   6.99912657e+02 -2.39483628e+04  3.19e+00 4.09e-12  1.11e-01  4201s
  21   6.16836656e+02 -1.66662428e+04  2.52e+00 2.73e-12  7.79e-02  4201s
  22   5.60940500e+02 -1.24900281e+04  2.16e+00 2.27e-12  5.88e-02  4201s
  23   4.62188508e+02 -1.13433605e+04  1.55e+00 3.18e-12  5.28e-02  4201s
  24   3.43769088e+02 -5.93432363e+03  9.30e-01 7.96e-13  2.79e-02  4201s
  25   1.98268664e+02 -4.60965225e+03  2.78e-01 7.96e-13  2.11e-02  4201s
  26   1.59692708e+02 -2.92443305e+03  1.75e-01 2.84e-13  1.35e-02  4201s
  27   1.39160089e+02 -2.23593284e+03  1.42e-01 4.55e-13  1.04e-02  4201s
  28   1.24427669e+02 -1.88524527e+03  1.13e-01 3.41e-13  8.80e-03  4201s
  29   1.19580918e+02 -1.83738124e+03  1.05e-01 3.41e-13  8.57e-03  4201s
  30   1.14328769e+02 -1.59642434e+03  9.65e-02 1.71e-13  7.49e-03  4201s
  31   6.34936362e+01 -1.09180648e+03  8.04e-03 1.42e-13  5.05e-03  4201s
  32   5.40280828e+01 -1.01766819e+03  7.85e-04 1.71e-13  4.68e-03  4201s
  33   4.81773812e+01 -8.57454041e+02  6.36e-04 1.14e-13  3.96e-03  4201s
  34   3.12448322e+01 -5.41643430e+02  3.50e-04 5.68e-14  2.50e-03  4202s
  35   1.64905258e+01 -3.03235892e+02  1.49e-04 3.72e-14  1.40e-03  4202s
  36   8.77909432e+00 -2.13561734e+02  7.23e-05 4.27e-14  9.71e-04  4202s
  37   7.96246619e+00 -1.46521413e+02  6.23e-05 4.10e-14  6.75e-04  4202s
  38   6.82623220e+00 -1.32993619e+02  4.99e-05 3.90e-14  6.11e-04  4202s
  39   4.72264571e+00 -9.27659641e+01  3.31e-05 3.16e-14  4.26e-04  4202s
  40   2.82498354e+00 -4.23024886e+01  1.47e-05 3.93e-14  1.97e-04  4202s
  41   2.15943776e+00 -3.54665513e+01  1.08e-05 3.22e-14  1.64e-04  4202s
  42   1.67789096e+00 -2.47742875e+01  7.51e-06 3.33e-14  1.16e-04  4202s
  43   1.32140740e+00 -1.93311022e+01  5.75e-06 3.54e-14  9.02e-05  4202s
  44   8.27042461e-01 -1.68110935e+01  3.28e-06 3.69e-14  7.70e-05  4202s
  45   6.96393770e-01 -1.42130930e+01  2.80e-06 3.39e-14  6.51e-05  4202s
  46   1.96435617e-01 -5.88957270e+00  6.17e-07 3.29e-14  2.66e-05  4202s
  47   3.99114573e-02 -3.91491799e-01  6.31e-08 4.60e-14  1.88e-06  4202s
  48   8.17677908e-04 -2.94834739e-03  1.64e-10 4.41e-14  1.64e-08  4202s
  49   2.27786827e-08 -9.05452691e-09  5.99e-11 3.81e-14  1.42e-13  4202s
  50   2.45134242e-12 -8.41104963e-13  5.79e-12 4.26e-14  1.45e-17  4202s

Barrier solved model in 50 iterations and 4202.02 seconds (7347.34 work units)
Optimal objective 2.45134242e-12


Root crossover log...

    1515 DPushes remaining with DInf 0.0000000e+00              4203s
       0 DPushes remaining with DInf 0.0000000e+00              4204s

     559 PPushes remaining with PInf 0.0000000e+00              4204s
       0 PPushes remaining with PInf 0.0000000e+00              4204s

  Push phase complete: Pinf 0.0000000e+00, Dinf 1.5987212e-13   4204s


Root simplex log...

Iteration    Objective       Primal Inf.    Dual Inf.      Time
    1180    0.0000000e+00   0.000000e+00   0.000000e+00   4204s

Solved with barrier

Root relaxation: objective 0.000000e+00, 1180 iterations, 4.23 seconds (4.48 work units)
Total elapsed time = 4207.16s (DegenMoves)
Total elapsed time = 4210.22s (DegenMoves)

    Nodes    |    Current Node    |     Objective Bounds      |     Work
 Expl Unexpl |  Obj  Depth IntInf | Incumbent    BestBd   Gap | It/Node Time

     0     0    0.00000    0  186  658.57899    0.00000   100%     - 4211s
H    0     0                     373.1693018    0.00000   100%     - 4212s
     0     0    0.00000    0 1433  373.16930    0.00000   100%     - 4219s
     0     0    0.00000    0  220  373.16930    0.00000   100%     - 4244s
     0     0    0.00000    0  260  373.16930    0.00000   100%     - 4274s
     0     0    0.00000    0  331  373.16930    0.00000   100%     - 4277s
     0     0    0.00000    0  248  373.16930    0.00000   100%     - 4282s
     0     0    0.00000    0  873  373.16930    0.00000   100%     - 4288s
     0     0    0.00000    0  421  373.16930    0.00000   100%     - 4296s
     0     0    0.00000    0  607  373.16930    0.00000   100%     - 4301s
     0     0    0.00000    0  266  373.16930    0.00000   100%     - 4310s
     0     0    0.00000    0  229  373.16930    0.00000   100%     - 4316s
     0     2    0.00000    0  227  373.16930    0.00000   100%     - 4332s
     1     4    0.00000    1  896  373.16930    0.00000   100% 12405 4339s
     3     8    0.00000    2  737  373.16930    0.00000   100%  6615 4346s
     7    16    0.00000    3  760  373.16930    0.00000   100%  4562 4354s
    15    32    0.00000    4  508  373.16930    0.00000   100%  3971 4373s
    31    48    2.31561    5  709  373.16930    0.00000   100%  7300 4410s
H   37    48                     373.1692638    0.00000   100% 14010 4410s
    47    64    0.75000    5 1075  373.16926    0.00000   100% 21547 4427s
    63    80    3.04674    6  789  373.16926    0.00000   100% 17541 4442s
    79    94    3.16433    7  825  373.16926    0.00000   100% 14816 4517s
    95   116    5.66669    8  703  373.16926    0.00000   100% 13324 4534s
   117   137    4.97385    8  522  373.16926    0.00000   100% 11563 4562s
   140   161    7.64848    9  418  373.16926    0.00000   100% 10593 4587s
   164   193    8.25295   10  908  373.16926    0.00000   100% 13113 4599s
   198   224    8.25295   11  638  373.16926    0.00000   100% 11278 4610s
   231   248    8.72180   13  317  373.16926    0.00000   100% 10025 4663s
H  232   248                     373.1690856    0.00000   100%  9982 4663s
   255   262    9.25852   14  263  373.16909    0.00000   100%  9263 4811s
   271   307   10.65870   15  555  373.16909    0.00000   100%  8922 4830s
   320   360   20.73199   16  430  373.16909    0.00000   100%  7914 4839s
   375   409   12.37942   18  460  373.16909    0.00000   100%  7007 4848s
   426   467   16.50589   20  304  373.16909    0.00000   100%  6356 4857s
   490   526   34.31132   21  112  373.16909    0.00000   100%  5747 5099s
   555   622   21.73647   22  406  373.16909    0.00000   100%  5210 5108s
   655   748   27.56913   29  225  373.16909    0.00000   100%  4563 5115s
   789   862   65.00995   35  230  373.16909    0.00000   100%  3910 5130s
   921   995 infeasible   41       373.16909    0.00000   100%  3455 5137s
  1084  1124  243.70144   51  230  373.16909    0.00000   100%  3006 5148s
  1243  1263   10.92076    7  354  373.16909    0.00000   100%  2704 5157s
  1398  1434   10.92667    8  349  373.16909    0.00000   100%  2450 5165s
  1598  1581   17.87760   12  654  373.16909    0.00000   100%  2191 5180s
  1798  1757   18.06447   15  432  373.16909    0.00000   100%  2003 5194s
  2010  1909   48.53648   25  574  373.16909    0.00000   100%  1839 5206s
  2214  2082   93.94425   47  632  373.16909    0.00000   100%  1723 5217s
  2414  2083   70.94401   22  229  373.16909    0.00000   100%  1619 5249s
  2416  2084  157.51600  103  210  373.16909    0.00000   100%  1618 5270s
  2417  2085  219.36048   72  356  373.16909    0.00000   100%  1617 5300s
  2419  2086  179.95194   80  384  373.16909    0.00000   100%  1616 5328s
  2420  2087  151.35486   74  615  373.16909    0.00000   100%  1615 5337s
  2421  2088   86.73392   59  520  373.16909    0.00000   100%  1615 5356s
  2422  2088  164.58162   81  539  373.16909    0.00000   100%  1614 5360s
  2423  2089  189.55379   92  676  373.16909    0.00000   100%  1613 5384s
  2424  2090  283.59002  116  698  373.16909    0.00000   100%  1613 5386s
  2429  2094   27.05640   38  198  373.16909    0.00000   100%  1719 5398s
  2430  2095   87.18361   38  473  373.16909    0.00000   100%  1718 5414s
  2431  2096   97.20830   65  767  373.16909    0.00000   100%  1717 5418s
  2432  2096  181.83783  104  519  373.16909    0.00000   100%  1716 5427s
  2433  2097  112.27935   70  751  373.16909    0.00000   100%  1716 5430s
  2434  2098  266.87166   78  542  373.16909    0.07695   100%  1715 5440s
  2436  2099  241.47269   69  656  373.16909    0.07695   100%  1714 5447s
  2441  2103   31.57531   17  198  373.16909    0.07695   100%  1775 5459s
  2442  2104  105.45446   50  662  373.16909    0.07695   100%  1774 5478s
  2443  2105   46.06732   42  935  373.16909    0.07695   100%  1773 5483s
  2444  2105   21.42875   29  625  373.16909    0.07695   100%  1773 5492s
  2445  2106   47.60894   46  705  373.16909    0.07695   100%  1772 5496s
  2446  2107  124.57681   71  655  373.16909    0.07695   100%  1771 5502s
  2448  2108  144.88568   97  681  373.16909    0.07695   100%  1770 5511s
  2449  2109  139.55653   84  542  373.16909    0.07695   100%  1769 5515s
  2450  2109  152.13859   90  542  373.16909    5.90790  98.4%  1768 5525s
  2451  2113    5.90790   33  667  373.16909    5.90790  98.4%  1840 5532s
  2453  2116    5.90790   34  796  373.16909    5.90790  98.4%  1840 5535s
  2457  2123    5.90790   35  598  373.16909    5.90790  98.4%  1842 5540s
  2465  2132    5.90790   36  729  373.16909    5.90790  98.4%  1849 5548s
  2481  2143    5.90790   37  524  373.16909    5.90790  98.4%  1867 5566s
  2497  2149    5.90790   38  508  373.16909    5.90790  98.4%  1871 5577s
  2513  2157    5.90790   38  676  373.16909    5.90790  98.4%  1885 5584s
  2529  2164    5.90790   39  493  373.16909    5.90790  98.4%  1887 5643s
  2545  2171    5.90790   39  948  373.16909    5.90790  98.4%  1902 5671s
  2565  2177    5.90790   40  762  373.16909    5.90790  98.4%  1903 5693s
  2586  2184    5.90790   40  495  373.16909    5.90790  98.4%  1916 5737s
  2602  2204    5.90790   41  941  373.16909    5.90790  98.4%  1918 5744s
  2627  2220    5.90790   42  769  373.16909    5.90790  98.4%  1916 5757s
  2654  2230    5.90790   43  619  373.16909    5.90790  98.4%  1925 5781s
  2677  2254    5.90790   43 1014  373.16909    5.90790  98.4%  1923 5785s
  2715  2270    5.90790   44  723  373.16909    5.90790  98.4%  1918 5798s
  2750  2297   66.84565   44  621  373.16909    5.90790  98.4%  1921 5805s
  2793  2332    5.90790   45  613  373.16909    5.90790  98.4%  1916 5816s
  2849  2373    5.90790   46  474  373.16909    5.90790  98.4%  1906 5823s
  2909  2423    8.09203   47  665  373.16909    5.90790  98.4%  1882 5827s
  2991  2488   11.31043   49  548  373.16909    5.90790  98.4%  1851 5832s
  3085  2484   12.48526   50  584  373.16909    5.90790  98.4%  1808 5897s
  3118  2553   32.86066   50  517  373.16909    5.90790  98.4%  1794 5906s
  3224  2599   35.24296   51  485  373.16909    5.90790  98.4%  1753 5946s
  3321  2622   19.98110   52  298  373.16909    5.90790  98.4%  1725 5952s
  3402  2656   30.65163   53  381  373.16909    5.90790  98.4%  1703 6000s
  3483  2693   36.75885   54  434  373.16909    5.90790  98.4%  1680 6021s
  3581  2719   37.22099   55  399  373.16909    5.90790  98.4%  1655 6033s
  3690  2722   77.34539   58  349  373.16909    5.90790  98.4%  1628 6042s
  3776  2765   79.40606   61  284  373.16909    5.90790  98.4%  1614 6051s
  3883  2808   93.56452   68  260  373.16909    5.90790  98.4%  1589 6062s
  3994  2909  107.80945   73  296  373.16909    5.90790  98.4%  1567 6071s
  4210  2890  116.33624   81  274  373.16909    5.90790  98.4%  1515 6081s
  4322  2965   90.20664   42  489  373.16909    5.90790  98.4%  1503 6090s
  4504  2975 infeasible   43       373.16909    5.90790  98.4%  1466 6103s
  4679  2950    5.90790   42  910  373.16909    5.90790  98.4%  1437 6119s
  4803  2909   15.15025   48  745  373.16909    5.90790  98.4%  1425 6120s
  4805  3108    5.90790   43  885  373.16909    5.90790  98.4%  1425 6131s
  5099  3137    7.97850   49  551  373.16909    5.90790  98.4%  1375 6141s
  5330  3126   34.58148   58  507  373.16909    5.90790  98.4%  1343 6165s
  5469  3220   65.81335   60  517  373.16909    5.90790  98.4%  1332 6174s
  5788  3115   89.26735   53  229  373.16909    5.90790  98.4%  1293 6192s
  5790  3116   87.11723   46  222  373.16909    5.90790  98.4%  1293 6203s
  5791  3117   21.97550   46  719  373.16909    5.90790  98.4%  1292 6223s
  5794  3119   12.16650   42  588  373.16909    5.90790  98.4%  1292 6225s
  5798  3122   37.44540   55  706  373.16909    5.90790  98.4%  1291 6232s
  5800  3123   97.21014   66  726  373.16909    5.90790  98.4%  1290 6235s
  5802  3127    5.92697   47  729  373.16909    5.92697  98.4%  1302 6241s
  5808  3137    5.92697   49  688  373.16909    5.92697  98.4%  1304 6247s
  5816  3151    5.92697   50  727  373.16909    5.92697  98.4%  1305 6250s
  5832  3161    5.92697   51  690  373.16909    5.92697  98.4%  1307 6255s
  5864  3183    5.92697   52  690  373.16909    5.92697  98.4%  1308 6260s
  5880  3189 infeasible   52       373.16909    5.92697  98.4%  1310 6273s
  5896  3200    5.92697   53  686  373.16909    5.92697  98.4%  1312 6299s
  5912  3207 infeasible   53       373.16909    5.92697  98.4%  1311 6301s
  5954  3234    7.63636   54  305  373.16909    5.92697  98.4%  1312 6305s
  6002  3252    9.45455   55  405  373.16909    5.92697  98.4%  1309 6313s
  6027  3259   56.38667   56  359  373.16909    5.92697  98.4%  1309 6315s
  6053  3259   41.91582   57  425  373.16909    5.92697  98.4%  1308 6443s
  6076  3265 infeasible   57       373.16909    5.92697  98.4%  1309 6469s
  6106  3285   64.64027   59  352  373.16909    5.92697  98.4%  1306 6472s
  6221  3281   73.14112   64  374  373.16909    5.92697  98.4%  1293 6475s
  6368  3270  121.67404   62  441  373.16909    5.92697  98.4%  1277 6480s
  6535  3260 infeasible   54       373.16909    5.92697  98.4%  1255 6485s
  6757  3272   25.95275   58  389  373.16909    5.92697  98.4%  1233 6492s
  6913  3302   80.76564   64  425  373.16909    5.92697  98.4%  1217 6496s
  7091  3272   26.70942   58  325  373.16909    5.92697  98.4%  1201 6502s
  7262  3263    6.76842   61  578  373.16909    5.92697  98.4%  1188 6507s
  7299  3278   10.84317   63  472  373.16909    5.92697  98.4%  1189 6511s
  7371  3274   64.25633   66  448  373.16909    5.92697  98.4%  1184 6515s
  7536  3248 infeasible   58       373.16909    5.92697  98.4%  1174 6524s
  7611  3227   20.06368   58  578  373.16909    6.18963  98.3%  1171 6529s
  7681  3224 infeasible   58       373.16909    6.18963  98.3%  1170 6545s
  7829  3191   25.95275   62  452  373.16909   10.63636  97.1%  1168 6555s
  8009  3160   45.04500   57  328  373.16909   10.63636  97.1%  1163 6565s
  8090  3146   80.31633   65  263  373.16909   10.63636  97.1%  1161 6571s
  8219  3120 infeasible   63       373.16909   13.44886  96.4%  1154 6576s
  8345  3075  108.95565   68  302  373.16909   13.65669  96.3%  1148 6585s
  8473  3040 infeasible   58       373.16909   15.45831  95.9%  1143 6603s
  8522  3033   60.69930   60  379  373.16909   15.45831  95.9%  1142 6614s
  8629  2998 infeasible   62       373.16909   17.38931  95.3%  1143 6620s
  8733  2960   32.53738   59  327  373.16909   17.38931  95.3%  1144 6625s
  8855  2927   99.44848   62  298  373.16909   17.38931  95.3%  1143 6640s
  8915  2891 infeasible   61       373.16909   17.38931  95.3%  1144 6647s
  9061  2838 infeasible   63       373.16909   17.38931  95.3%  1142 6652s
  9193  2786 infeasible   64       373.16909   17.38931  95.3%  1140 6657s
  9350  2717 infeasible   63       373.16909   17.38931  95.3%  1137 6662s
  9520  2658 infeasible   64       373.16909   18.00000  95.2%  1131 6669s
  9660  2604 infeasible   61       373.16909   23.72064  93.6%  1132 6676s
  9844  2530   38.17383   56  306  373.16909   24.75884  93.4%  1127 6682s
 10000  2445     cutoff   58       373.16909   25.88804  93.1%  1127 6692s
 10240  2332   54.09668   58  671  373.16909   28.00830  92.5%  1120 6700s
 10437  2232  142.00363   63  493  373.16909   28.35842  92.4%  1119 6707s
 10665  2134   54.07458   53  262  373.16909   35.46718  90.5%  1115 6715s
 10913  1986   56.30643   54  640  373.16909   35.46718  90.5%  1109 6723s
 11276  1802 infeasible   57       373.16909   41.18888  89.0%  1095 6738s
 11590  1577 infeasible   79       373.16909   47.09307  87.4%  1088 6747s
 11976  1269 infeasible   58       373.16909   56.22512  84.9%  1078 6756s
 12476   940  122.54669   59  199  373.16909   80.57162  78.4%  1060 6766s
 13044   727  161.19300   59  629  373.16909  107.54808  71.2%  1031 6771s
 13429   600  345.34154   84   78  373.16909  285.26479  23.6%  1004 6785s

Cutting planes:
  Cover: 36
  MIR: 3
  Flow cover: 28
  Inf proof: 43
  Zero half: 26
  Relax-and-lift: 1

Explored 13599 nodes (13736737 simplex iterations) in 6787.48 seconds (12323.22 work units)
Thread count was 16 (of 18 available processors)

Solution count 3: 373.169 373.169 658.579 

Optimal solution found (tolerance 1.00e-04)
Best objective 3.731690855993e+02, best bound 3.731690855993e+02, gap 0.0000%
---------------------------------------------------------------------------

Multi-objectives: optimize objective 5 () ...
---------------------------------------------------------------------------


Loaded user MIP start with objective 6

Presolve removed 73 rows and 139844 columns (presolve time = 5s) ...
Presolve removed 73 rows and 139844 columns
Presolve time: 5.05s
Presolved: 3445 rows, 113839 columns, 1175052 nonzeros
Variable types: 0 continuous, 113839 integer (113766 binary)
Deterministic concurrent LP optimizer: primal simplex, dual simplex, and barrier
Showing barrier log only...

Root barrier log...

Ordering time: 0.19s

Barrier statistics:
 AA' NZ     : 3.739e+05
 Factor NZ  : 1.112e+06 (roughly 60 MB of memory)
 Factor Ops : 5.193e+08 (less than 1 second per iteration)
 Threads    : 14

                  Objective                Residual
Iter       Primal          Dual         Primal    Dual     Compl     Time
   0   9.42491239e+04 -1.04403500e+05  3.83e+06 0.00e+00  1.16e+01  6794s
   1   3.29693790e+04 -9.08194564e+04  1.35e+06 2.90e-02  4.19e+00  6794s
   2   5.34460790e+03 -5.50711697e+04  2.19e+05 1.85e-14  7.95e-01  6794s
   3   9.68606253e+02 -1.35806706e+04  3.92e+04 5.00e-16  1.43e-01  6794s
   4   5.18142044e+02 -9.91090059e+03  2.09e+04 4.44e-16  8.62e-02  6794s
   5   3.36000964e+02 -7.36450206e+03  1.34e+04 1.33e-15  5.88e-02  6794s
   6   1.74301247e+02 -4.83352573e+03  6.86e+03 3.75e-16  3.43e-02  6794s
   7   1.08007131e+02 -3.37756997e+03  4.17e+03 8.88e-16  2.25e-02  6794s
   8   8.43955533e+01 -2.13735540e+03  3.21e+03 1.33e-15  1.52e-02  6794s
   9   4.68690158e+01 -1.20490704e+03  1.70e+03 7.99e-15  8.32e-03  6794s
  10   2.77210480e+01 -7.53046496e+02  9.52e+02 2.66e-15  4.99e-03  6794s
  11   1.53506515e+01 -6.01415945e+02  5.35e+02 4.44e-15  3.57e-03  6794s
  12   1.20725847e+01 -4.20873507e+02  4.05e+02 5.15e-14  2.55e-03  6794s
  13   8.93897597e+00 -3.41614374e+02  2.80e+02 4.62e-14  1.98e-03  6794s
  14   6.82295808e+00 -2.54261280e+02  1.95e+02 7.46e-14  1.45e-03  6794s
  15   5.79797365e+00 -1.65103244e+02  1.51e+02 5.33e-14  9.79e-04  6794s
  16   4.08024093e+00 -9.42506344e+01  8.35e+01 1.07e-14  5.56e-04  6794s
  17   3.24700467e+00 -6.18508620e+01  4.99e+01 8.88e-15  3.59e-04  6794s
  18   2.58787461e+00 -4.80286455e+01  3.05e+01 1.24e-14  2.67e-04  6794s
  19   2.45444608e+00 -4.23409285e+01  2.64e+01 2.40e-14  2.35e-04  6794s
  20   2.42516639e+00 -3.76270871e+01  2.23e+01 3.55e-14  2.09e-04  6794s
  21   2.27866016e+00 -2.73336035e+01  1.48e+01 3.15e-14  1.53e-04  6794s
  22   2.55035844e+00 -1.84265179e+01  1.04e+01 1.47e-14  1.08e-04  6794s
  23   2.93421455e+00 -1.31154591e+01  6.23e+00 8.44e-15  8.04e-05  6795s
  24   3.44662085e+00 -9.00282705e+00  3.15e+00 1.07e-14  5.96e-05  6795s
  25   3.60895886e+00 -1.89395547e+00  2.33e+00 3.11e-15  2.78e-05  6795s
  26   3.95029176e+00  1.74424474e+00  3.72e-01 6.44e-15  1.02e-05  6795s
  27   4.00424952e+00  3.75836603e+00  1.45e-02 6.66e-16  1.10e-06  6795s
  28   4.00000211e+00  3.99966940e+00  7.00e-08 7.40e-16  1.46e-09  6795s
  29   4.00000000e+00  4.00000000e+00  4.71e-12 8.22e-16  1.58e-15  6795s

Barrier solved model in 29 iterations and 6794.70 seconds (12334.21 work units)
Optimal objective 4.00000000e+00

  Building initial crossover basis                              6795s

Root crossover log...

    1567 DPushes remaining with DInf 0.0000000e+00              6796s
       0 DPushes remaining with DInf 0.0000000e+00              6796s

     563 PPushes remaining with PInf 0.0000000e+00              6796s
       0 PPushes remaining with PInf 0.0000000e+00              6796s

  Push phase complete: Pinf 0.0000000e+00, Dinf 4.7324644e-13   6796s


Root simplex log...

Iteration    Objective       Primal Inf.    Dual Inf.      Time
    1048    4.0000000e+00   0.000000e+00   0.000000e+00   6796s

Solved with barrier

Root relaxation: objective 4.000000e+00, 1048 iterations, 3.59 seconds (3.67 work units)

    Nodes    |    Current Node    |     Objective Bounds      |     Work
 Expl Unexpl |  Obj  Depth IntInf | Incumbent    BestBd   Gap | It/Node Time

     0     0    4.00000    0 1265    6.00000    4.00000  33.3%     - 6811s
     0     0    4.00000    0 1112    6.00000    4.00000  33.3%     - 6827s
     0     0    4.00000    0 1098    6.00000    4.00000  33.3%     - 6871s
     0     0    4.00000    0  148    6.00000    4.00000  33.3%     - 6912s
     0     0    4.00000    0  357    6.00000    4.00000  33.3%     - 6922s
     0     0    4.00000    0  100    6.00000    4.00000  33.3%     - 6946s
     0     0    4.00000    0 1016    6.00000    4.00000  33.3%     - 6955s
     0     0    4.00000    0  100    6.00000    4.00000  33.3%     - 6966s
     0     0    4.00000    0 1329    6.00000    4.00000  33.3%     - 6975s
     0     0    4.00000    0  120    6.00000    4.00000  33.3%     - 6992s
     0     2    4.00000    0  120    6.00000    4.00000  33.3%     - 7042s
     1     4    4.00000    1 1068    6.00000    4.00000  33.3% 36379 7056s
     3     8    4.00000    2 1062    6.00000    4.00000  33.3% 15504 7063s
     7    16    4.00000    3 1233    6.00000    4.00000  33.3%  8224 7081s
    15    32    4.00000    4 1095    6.00000    4.00000  33.3%  7044 7102s
    31    48    4.00000    5 1031    6.00000    4.00000  33.3%  8288 7178s
    47    64    4.00000    6  989    6.00000    4.00000  33.3% 11576 7196s
    63    80    4.00000    7  973    6.00000    4.00000  33.3%  9850 7233s
    79    96    4.00000    8  972    6.00000    4.00000  33.3%  8838 7392s
    95   124    4.00000    9  962    6.00000    4.00000  33.3% 10199 7417s
   123   185    4.00000   11  151    6.00000    4.00000  33.3% 12060 7477s
   186   445    4.00000   14  130    6.00000    4.00000  33.3% 17449 7550s
   450   914    4.00000   21  357    6.00000    4.00000  33.3%  9221 7704s
   967  1594    4.00000   37  838    6.00000    4.00000  33.3%  4961 7789s
  1719  2073    4.00000   42  841    6.00000    4.00000  33.3%  3384 8095s
  2254  2476    4.14142   51  342    6.00000    4.00000  33.3%  2890 8349s
  2837  2477    5.00000   37  120    6.00000    4.00000  33.3%  2603 8411s
  2839  2478    5.00000   91  190    6.00000    4.00000  33.3%  2601 8439s
  2840  2479    5.00000   85  386    6.00000    4.00000  33.3%  2600 8482s
  2841  2480    5.00000   91  521    6.00000    4.00000  33.3%  2599 8489s
  2842  2480    4.00000   38  197    6.00000    4.00000  33.3%  2598 8521s
  2843  2481    4.00000   60  653    6.00000    4.00000  33.3%  2597 8534s
  2844  2482    5.00000   47  201    6.00000    4.00000  33.3%  2597 8553s
  2845  2482    4.70872   45  196    6.00000    4.00000  33.3%  2596 8558s
  2846  2483    5.00000  142  196    6.00000    4.00000  33.3%  2595 8571s
  2847  2484    5.00000  193  196    6.00000    4.00000  33.3%  2594 8610s
  2848  2487    4.00000   11  917    6.00000    4.00000  33.3%  2720 8662s
  2850  2491    4.00000   12 1091    6.00000    4.00000  33.3%  2721 8669s
  2854  2497    4.00000   13 1060    6.00000    4.00000  33.3%  2720 8682s
  2862  2511    4.00000   14 1011    6.00000    4.00000  33.3%  2722 8704s
  2878  2521    4.00000   15  975    6.00000    4.00000  33.3%  2750 8827s
  2894  2532    4.00000   15 1015    6.00000    4.00000  33.3%  2809 8875s
  2910  2543    4.00000   16  557    6.00000    4.00000  33.3%  3022 8890s
  2926  2551    4.00000   16  720    6.00000    4.00000  33.3%  3042 8939s
  2942  2563    4.00000   17  543    6.00000    4.00000  33.3%  3123 8963s
  2963  2573    4.00000   18  492    6.00000    4.00000  33.3%  3132 9003s
  2984  2587    4.00000   19  456    6.00000    4.00000  33.3%  3193 9046s
  3007  2634    4.00000   20  205    6.00000    4.00000  33.3%  3429 9105s
  3070  2725    4.00000   21  195    6.00000    4.00000  33.3%  3510 9192s
  3279  2690    4.00000   32  331    6.00000    4.00000  33.3%  3543 9433s
  3410  2719    4.00000   37  299    6.00000    4.00000  33.3%  3538 9603s
  3679  2701    4.00000   24  534    6.00000    4.00000  33.3%  3577 9761s
  3862  2667    4.00000   47  521    6.00000    4.00000  33.3%  3608 9917s
  4160  2604    4.51945   26  335    6.00000    4.00000  33.3%  3631 10181s
  4416  2571 infeasible   21         6.00000    4.00000  33.3%  3715 10387s
  4709  2532 infeasible   29         6.00000    4.00000  33.3%  3853 10705s
  4946  2506    4.00000   22  801    6.00000    4.00000  33.3%  3884 10800s

Cutting planes:
  Cover: 4
  MIR: 5
  Flow cover: 9
  Inf proof: 2
  Zero half: 25
  RLT: 1
  Relax-and-lift: 2

Explored 5393 nodes (20852915 simplex iterations) in 10800.85 seconds (21154.95 work units)
Thread count was 16 (of 18 available processors)

Solution count 1: 6 

Time limit reached
Best objective 6.000000000000e+00, best bound 4.000000000000e+00, gap 33.3333%

---------------------------------------------------------------------------
Multi-objectives: stopped in 10801.42 seconds (21154.95 work units), solution count 10
Time Limit reached

