
Gurobi 11.0.0 (win64) logging started Fri Dec 27 13:00:47 2024

Set parameter LogFile to value "C:\Users\Administrator\Desktop\OptRail_Railroad_Construction\Data\Solution\AnzahlAuftraege_NEW_50\a50_o578_m28_an276_ar66\6_Objectives\weighted\gurobi_a50_o578_m28_an276_ar66_weighted.log"
Gurobi Optimizer version 11.0.0 build v11.0.0rc2 (win64 - Windows Server 2022.0 (20348.2))

CPU model: AMD EPYC 7513 32-Core Processor, instruction set [SSE2|AVX|AVX2]
Thread count: 18 physical cores, 18 logical processors, using up to 16 threads

Optimize a model with 55674 rows, 19162242 columns and 99902370 nonzeros
Model fingerprint: 0xc308f96b
Variable types: 0 continuous, 19162242 integer (19162242 binary)
Coefficient statistics:
  Matrix range     [1e+00, 1e+01]
  Objective range  [1e+00, 3e+02]
  Bounds range     [1e+00, 1e+00]
  RHS range        [1e+00, 2e+02]

---------------------------------------------------------------------------
Multi-objectives: starting optimization with 6 objectives (1 combined) ...
---------------------------------------------------------------------------
---------------------------------------------------------------------------

Multi-objectives: optimize objective 1 (weighted) ...
---------------------------------------------------------------------------

Optimize a model with 55674 rows, 19162242 columns and 99902370 nonzeros
Model fingerprint: 0xf9ac39fa
Variable types: 0 continuous, 19162242 integer (19162242 binary)
Coefficient statistics:
  Matrix range     [1e+00, 1e+01]
  Objective range  [3e-04, 5e-01]
  Bounds range     [1e+00, 1e+00]
  RHS range        [1e+00, 2e+02]
Found heuristic solution: objective 0.0000000
Presolve removed 181 rows and 9997646 columns (presolve time = 5s) ...
Presolve removed 284 rows and 10045111 columns (presolve time = 11s) ...
Presolve removed 284 rows and 10045111 columns (presolve time = 15s) ...
Presolve removed 284 rows and 10045111 columns (presolve time = 20s) ...
Presolve removed 284 rows and 10045111 columns (presolve time = 25s) ...
Presolve removed 284 rows and 10045111 columns (presolve time = 30s) ...
Presolve removed 284 rows and 10045111 columns (presolve time = 35s) ...
Presolve removed 284 rows and 10045111 columns (presolve time = 40s) ...
Presolve removed 284 rows and 10045111 columns (presolve time = 45s) ...
Presolve removed 504 rows and 10045111 columns (presolve time = 50s) ...
Presolve removed 504 rows and 10045111 columns (presolve time = 55s) ...
Presolve removed 504 rows and 10045111 columns (presolve time = 60s) ...
Presolve removed 511 rows and 10045111 columns (presolve time = 65s) ...
Presolve removed 511 rows and 10045139 columns (presolve time = 71s) ...
Presolve removed 511 rows and 10045139 columns (presolve time = 75s) ...
Presolve removed 511 rows and 10045139 columns (presolve time = 80s) ...
Presolve removed 511 rows and 10045139 columns (presolve time = 86s) ...
Presolve removed 511 rows and 10045139 columns (presolve time = 90s) ...
Presolve removed 540 rows and 10045139 columns (presolve time = 96s) ...
Presolve removed 540 rows and 10045139 columns (presolve time = 100s) ...
Presolve removed 540 rows and 10045139 columns (presolve time = 105s) ...
Presolve removed 540 rows and 10045139 columns (presolve time = 110s) ...
Presolve removed 540 rows and 10045139 columns (presolve time = 115s) ...
Presolve removed 540 rows and 10045139 columns (presolve time = 121s) ...
Presolve removed 540 rows and 10045139 columns (presolve time = 128s) ...
Presolve removed 540 rows and 10045139 columns (presolve time = 134s) ...
Presolve removed 540 rows and 10045139 columns (presolve time = 138s) ...
Presolve added 3482 rows and 0 columns
Presolve removed 0 rows and 10041117 columns
Presolve time: 138.35s
Presolved: 59156 rows, 9121125 columns, 96859192 nonzeros
Variable types: 0 continuous, 9121125 integer (9117103 binary)
Deterministic concurrent LP optimizer: primal simplex, dual simplex, and barrier
Showing barrier log only...

Root barrier log...

Elapsed ordering time = 5s
Elapsed ordering time = 10s
Ordering time: 13.92s

Barrier statistics:
 AA' NZ     : 2.815e+07
 Factor NZ  : 1.394e+08 (roughly 5.0 GB of memory)
 Factor Ops : 7.649e+11 (roughly 3 seconds per iteration)
 Threads    : 14

                  Objective                Residual
Iter       Primal          Dual         Primal    Dual     Compl     Time
   0   8.44179294e+06 -5.14559710e+06  8.50e+06 4.35e-02  2.36e+01   216s
   1   6.42922005e+06 -5.09199071e+06  6.47e+06 1.05e-01  1.82e+01   220s
   2   2.56187117e+06 -4.98179617e+06  2.58e+06 4.25e-02  7.38e+00   224s
   3   1.39407740e+06 -4.56644107e+06  1.40e+06 3.11e-15  4.01e+00   229s
   4   6.61838839e+05 -4.18257511e+06  6.67e+05 2.66e-15  1.96e+00   235s
   5   3.59603296e+05 -3.28447929e+06  3.62e+05 7.99e-15  1.06e+00   239s
   6   2.98444442e+05 -2.39478231e+06  3.01e+05 6.84e-14  7.97e-01   244s
   7   2.07011967e+05 -1.52740440e+06  2.09e+05 3.55e-15  5.06e-01   248s
   8   1.70935133e+05 -1.44170082e+06  1.72e+05 2.58e-14  4.24e-01   251s
   9   1.34169874e+05 -9.22675766e+05  1.35e+05 4.73e-13  3.06e-01   255s
  10   7.15010382e+04 -5.32791415e+05  7.21e+04 7.25e-13  1.60e-01   259s
  11   2.81655373e+03 -2.16092852e+05  2.82e+03 1.14e-13  1.67e-02   264s
  12   8.84085732e+02 -5.80491403e+04  8.68e+02 6.39e-13  4.67e-03   268s
  13   3.12993649e+02 -3.63790061e+04  2.92e+02 5.13e-13  2.50e-03   272s
  14   1.05191850e+02 -1.65577223e+04  8.50e+01 2.44e-13  1.05e-03   276s
  15   5.02160461e+01 -1.39954210e+04  3.34e+01 2.09e-13  8.24e-04   281s
  16   3.62860643e+01 -1.13114055e+04  2.24e+01 1.72e-13  6.58e-04   285s
  17   3.30875013e+01 -9.59492549e+03  2.03e+01 1.44e-13  5.63e-04   289s
  18   1.57364526e+01 -6.30817908e+03  9.52e+00 9.41e-14  3.65e-04   293s
  19   2.71225690e+00 -4.23922917e+03  2.29e+00 6.31e-14  2.37e-04   298s
  20  -1.12811367e+00 -3.06358816e+03  6.92e-01 4.75e-14  1.69e-04   304s
  21  -2.88529767e+00 -1.21585400e+03  2.54e-02 1.90e-14  6.67e-05   308s
  22  -4.84137138e+00 -7.35442325e+02  1.18e-02 1.09e-14  4.01e-05   313s
  23  -5.97801028e+00 -5.04810907e+02  8.01e-03 7.27e-15  2.74e-05   316s
  24  -6.74121182e+00 -4.37641870e+02  6.15e-03 6.16e-15  2.36e-05   320s
  25  -7.61258540e+00 -4.19138334e+02  4.57e-03 5.94e-15  2.26e-05   324s
  26  -7.87960451e+00 -3.63980044e+02  4.20e-03 5.00e-15  1.95e-05   328s
  27  -9.25697391e+00 -2.91525438e+02  2.48e-03 4.11e-15  1.55e-05   332s
  28  -1.06170068e+01 -2.25105554e+02  1.71e-03 3.00e-15  1.18e-05   337s
  29  -1.21603256e+01 -1.89095973e+02  1.10e-03 2.61e-15  9.69e-06   342s
  30  -1.33942261e+01 -1.56380684e+02  7.69e-04 2.11e-15  7.83e-06   348s
  31  -1.44492801e+01 -1.34647969e+02  5.88e-04 1.72e-15  6.58e-06   353s
  32  -1.49577097e+01 -1.08914908e+02  4.92e-04 1.33e-15  5.15e-06   359s
  33  -1.53774238e+01 -1.04124006e+02  4.27e-04 1.28e-15  4.86e-06   364s
  34  -1.61668878e+01 -9.08185576e+01  3.14e-04 1.05e-15  4.09e-06   370s
  35  -1.63847921e+01 -7.93329653e+01  2.88e-04 1.05e-15  3.45e-06   375s
  36  -1.69150776e+01 -7.41416170e+01  2.29e-04 9.53e-16  3.13e-06   381s
  37  -1.71563702e+01 -6.72203533e+01  4.54e-04 8.57e-16  2.74e-06   386s
  38  -1.74962473e+01 -6.10327192e+01  8.69e-04 7.77e-16  2.38e-06   392s
  39  -1.77531961e+01 -5.60501664e+01  1.46e-04 7.22e-16  2.10e-06   397s
  40  -1.80508582e+01 -5.41368704e+01  1.22e-04 6.67e-16  1.98e-06   403s
  41  -1.82166675e+01 -5.09008606e+01  1.10e-04 6.43e-16  1.79e-06   408s
  42  -1.83847466e+01 -4.77711406e+01  6.21e-04 6.20e-16  1.61e-06   413s
  43  -1.85099746e+01 -4.41899751e+01  3.98e-04 5.36e-16  1.41e-06   419s
  44  -1.87090589e+01 -4.28903132e+01  4.29e-04 5.80e-16  1.32e-06   424s
  45  -1.89064973e+01 -3.95790398e+01  3.63e-04 4.72e-16  1.13e-06   430s
  46  -1.91215387e+01 -3.68361471e+01  2.09e-04 4.48e-16  9.70e-07   435s
  47  -1.92615674e+01 -3.38821149e+01  1.58e-04 4.06e-16  8.01e-07   440s
  48  -1.95137021e+01 -3.23708708e+01  1.51e-04 3.20e-16  7.04e-07   446s
  49  -1.96569161e+01 -3.09563026e+01  1.18e-04 2.64e-16  6.19e-07   451s
  50  -1.97756886e+01 -3.04442359e+01  8.27e-05 3.02e-16  5.84e-07   457s
  51  -1.98943449e+01 -2.94805051e+01  5.11e-05 3.31e-16  5.25e-07   462s
  52  -1.99846558e+01 -2.85876326e+01  3.22e-05 2.82e-16  4.71e-07   468s
  53  -2.00634753e+01 -2.78030885e+01  3.41e-05 2.39e-16  4.24e-07   473s
  54  -2.01561493e+01 -2.66596302e+01  1.39e-05 2.50e-16  3.56e-07   479s
  55  -2.02926736e+01 -2.57428697e+01  1.02e-05 1.92e-16  2.98e-07   484s
  56  -2.03446598e+01 -2.46087047e+01  8.78e-06 1.96e-16  2.34e-07   490s
  57  -2.04355116e+01 -2.42047666e+01  6.85e-06 1.74e-16  2.06e-07   495s
  58  -2.04983006e+01 -2.35675141e+01  5.57e-06 1.95e-16  1.68e-07   501s
  59  -2.05435041e+01 -2.29321448e+01  4.55e-06 2.15e-16  1.31e-07   506s
  60  -2.05795185e+01 -2.24314576e+01  3.78e-06 1.81e-16  1.01e-07   512s
  61  -2.06416800e+01 -2.20877597e+01  3.16e-06 1.67e-16  7.92e-08   517s
  62  -2.06704410e+01 -2.19562344e+01  2.62e-06 1.67e-16  7.04e-08   523s
  63  -2.06994106e+01 -2.17633104e+01  1.70e-06 2.16e-16  5.83e-08   528s
  64  -2.07256929e+01 -2.15720847e+01  9.76e-07 1.70e-16  4.64e-08   534s
  65  -2.07384377e+01 -2.13285862e+01  7.37e-07 1.50e-16  3.23e-08   539s
  66  -2.07563324e+01 -2.12179611e+01  4.66e-07 1.27e-16  2.53e-08   545s
  67  -2.07643778e+01 -2.10463924e+01  3.26e-07 2.33e-16  1.54e-08   550s
  68  -2.07715394e+01 -2.09749208e+01  2.12e-07 1.39e-16  1.11e-08   555s
  69  -2.07740830e+01 -2.09535016e+01  1.74e-07 2.73e-16  9.83e-09   561s
  70  -2.07781167e+01 -2.08940851e+01  1.17e-07 2.22e-16  6.35e-09   566s
  71  -2.07803522e+01 -2.08611816e+01  8.68e-08 1.13e-16  4.43e-09   571s
  72  -2.07816100e+01 -2.08458309e+01  7.04e-08 2.35e-16  3.52e-09   577s
  73  -2.07830143e+01 -2.08323783e+01  5.28e-08 1.17e-16  2.70e-09   582s
  74  -2.07846190e+01 -2.08152345e+01  3.58e-08 1.39e-16  1.68e-09   588s
  75  -2.07863293e+01 -2.08079993e+01  1.57e-08 2.53e-16  1.19e-09   594s
  76  -2.07871463e+01 -2.07988260e+01  7.32e-09 4.70e-16  6.40e-10   600s
  77  -2.07874706e+01 -2.07955030e+01  3.97e-09 1.53e-16  4.40e-10   606s
  78  -2.07876560e+01 -2.07929224e+01  2.13e-09 1.67e-16  2.88e-10   612s
  79  -2.07878203e+01 -2.07907267e+01  8.35e-10 1.94e-16  1.59e-10   616s
  80  -2.07878743e+01 -2.07891485e+01  6.01e-10 2.78e-16  6.98e-11   621s
  81  -2.07879448e+01 -2.07886203e+01  1.07e-09 2.08e-16  3.70e-11   627s
  82  -2.07879654e+01 -2.07881462e+01  6.07e-09 1.67e-16  9.90e-12   632s
  83  -2.07880038e+01 -2.07880737e+01  1.26e-08 1.11e-16  3.82e-12   637s
  84  -2.07880076e+01 -2.07880498e+01  1.73e-08 1.67e-16  2.31e-12   642s
  85  -2.07880077e+01 -2.07880497e+01  1.72e-08 2.22e-16  2.30e-12   646s
  86  -2.07880077e+01 -2.07880478e+01  1.76e-08 1.39e-16  2.19e-12   651s
  87  -2.07880081e+01 -2.07880464e+01  1.69e-08 2.22e-16  2.10e-12   656s
  88  -2.07880097e+01 -2.07880413e+01  1.77e-08 1.67e-16  1.73e-12   661s
  89  -2.07880101e+01 -2.07880402e+01  2.35e-08 1.39e-16  1.65e-12   666s
  90  -2.07880101e+01 -2.07880402e+01  2.34e-08 4.73e-16  1.65e-12   672s
  91  -2.07880101e+01 -2.07880402e+01  2.34e-08 2.78e-16  1.65e-12   678s
  92  -2.07880104e+01 -2.07880388e+01  3.21e-08 1.11e-16  1.55e-12   684s
  93  -2.07880105e+01 -2.07880386e+01  3.20e-08 1.97e-16  1.54e-12   690s
  94  -2.07880106e+01 -2.07880382e+01  3.34e-08 3.19e-16  1.51e-12   697s
  95  -2.07880124e+01 -2.07880304e+01  2.55e-08 1.87e-16  9.90e-13   703s
  96  -2.07880133e+01 -2.07880238e+01  1.97e-08 1.11e-16  5.73e-13   709s
  97  -2.07880143e+01 -2.07880174e+01  4.13e-08 2.12e-16  1.70e-13   715s
  98  -2.07880158e+01 -2.07880169e+01  1.73e-08 1.11e-16  5.59e-14   720s
  99  -2.07880166e+01 -2.07880168e+01  3.67e-08 3.61e-16  1.19e-14   726s

Barrier solved model in 99 iterations and 725.77 seconds (1341.13 work units)
Optimal objective -2.07880166e+01


Root crossover log...

   33130 variables added to crossover basis                      730s

   40495 DPushes remaining with DInf 0.0000000e+00               731s
   17378 DPushes remaining with DInf 0.0000000e+00               737s
    8954 DPushes remaining with DInf 0.0000000e+00               740s
    3821 DPushes remaining with DInf 0.0000000e+00               755s
    3573 DPushes remaining with DInf 0.0000000e+00               765s
    3257 DPushes remaining with DInf 0.0000000e+00               775s
    2984 DPushes remaining with DInf 0.0000000e+00               784s
    2704 DPushes remaining with DInf 0.0000000e+00               792s
    2407 DPushes remaining with DInf 0.0000000e+00               801s
    2156 DPushes remaining with DInf 0.0000000e+00               806s
    1865 DPushes remaining with DInf 0.0000000e+00               812s
    1644 DPushes remaining with DInf 0.0000000e+00               817s
     990 DPushes remaining with DInf 0.0000000e+00               821s
     515 DPushes remaining with DInf 0.0000000e+00               826s
     227 DPushes remaining with DInf 3.0516855e-06               832s
       0 DPushes remaining with DInf 0.0000000e+00               836s

   16396 PPushes remaining with PInf 0.0000000e+00               836s
       0 PPushes remaining with PInf 0.0000000e+00               837s

  Push phase complete: Pinf 0.0000000e+00, Dinf 5.0759310e-13    838s


Root simplex log...

Iteration    Objective       Primal Inf.    Dual Inf.      Time
   50144   -2.0788017e+01   0.000000e+00   0.000000e+00    838s
Waiting for other threads to finish...        1027s
Concurrent spin time: 354.56s (can be avoided by choosing Method=3)

Solved with barrier
   50144   -2.0788017e+01   0.000000e+00   0.000000e+00   1196s

Root relaxation: objective -2.078802e+01, 50144 iterations, 1038.15 seconds (885.78 work units)
Total elapsed time = 1398.71s (DegenMoves)
Total elapsed time = 1415.71s (DegenMoves)
Total elapsed time = 1483.16s (DegenMoves)
Total elapsed time = 1526.03s (DegenMoves)

    Nodes    |    Current Node    |     Objective Bounds      |     Work
 Expl Unexpl |  Obj  Depth IntInf | Incumbent    BestBd   Gap | It/Node Time

     0     0  -20.78802    0 14757    0.00000  -20.78802      -     - 1582s
     0     0          -    0         0.00000  -20.78802      -     - 10800s

Cutting planes:
  MIR: 111
  Zero half: 27

Explored 1 nodes (293519 simplex iterations) in 10801.65 seconds (17088.47 work units)
Thread count was 16 (of 18 available processors)

Solution count 1: 0 

Time limit reached
Best objective 0.000000000000e+00, best bound -2.078801684345e+01, gap -

---------------------------------------------------------------------------
Multi-objectives: stopped in 10803.23 seconds (17088.47 work units), solution count 1
Time Limit reached

