
Gurobi 11.0.0 (win64) logging started Sat Dec 28 16:38:58 2024

Set parameter LogFile to value "C:\Users\Administrator\Desktop\OptRail_Railroad_Construction\Data\Solution\AnzahlAuftraege_NEW_40\a40_o476_m22_an215_ar51\3_Objectives\costs\gurobi_a40_o476_m22_an215_ar51_costs.log"
Gurobi Optimizer version 11.0.0 build v11.0.0rc2 (win64 - Windows Server 2022.0 (20348.2))

CPU model: AMD EPYC 7513 32-Core Processor, instruction set [SSE2|AVX|AVX2]
Thread count: 18 physical cores, 18 logical processors, using up to 16 threads

Optimize a model with 38347 rows, 9908773 columns and 49324588 nonzeros
Model fingerprint: 0x0abfa584
Variable types: 0 continuous, 9908773 integer (9908773 binary)
Coefficient statistics:
  Matrix range     [1e+00, 1e+01]
  Objective range  [1e+00, 2e+02]
  Bounds range     [1e+00, 1e+00]
  RHS range        [1e+00, 2e+02]

---------------------------------------------------------------------------
Multi-objectives: starting optimization with 3 objectives (1 combined) ...
---------------------------------------------------------------------------
---------------------------------------------------------------------------

Multi-objectives: optimize objective 1 (weighted) ...
---------------------------------------------------------------------------

Optimize a model with 38347 rows, 9908773 columns and 49324588 nonzeros
Model fingerprint: 0x0d27aa81
Variable types: 0 continuous, 9908773 integer (9908773 binary)
Coefficient statistics:
  Matrix range     [1e+00, 1e+01]
  Objective range  [3e+00, 1e+06]
  Bounds range     [1e+00, 1e+00]
  RHS range        [1e+00, 2e+02]
Found heuristic solution: objective 0.0000000
Presolve removed 464 rows and 5339607 columns (presolve time = 5s) ...
Presolve removed 464 rows and 5339607 columns (presolve time = 10s) ...
Presolve removed 464 rows and 5339607 columns (presolve time = 15s) ...
Presolve removed 464 rows and 5339607 columns (presolve time = 20s) ...
Presolve removed 577 rows and 5339607 columns (presolve time = 25s) ...
Presolve removed 577 rows and 5339607 columns (presolve time = 30s) ...
Presolve removed 577 rows and 5339629 columns (presolve time = 35s) ...
Presolve removed 577 rows and 5339629 columns (presolve time = 40s) ...
Presolve removed 577 rows and 5339629 columns (presolve time = 45s) ...
Presolve removed 577 rows and 5339629 columns (presolve time = 51s) ...
Presolve removed 577 rows and 5339629 columns (presolve time = 55s) ...
Presolve removed 577 rows and 5339629 columns (presolve time = 60s) ...
Presolve removed 577 rows and 5339629 columns (presolve time = 66s) ...
Presolve removed 577 rows and 5339629 columns (presolve time = 70s) ...
Presolve added 38 rows and 0 columns
Presolve removed 0 rows and 5339014 columns
Presolve time: 70.44s
Presolved: 38385 rows, 4569759 columns, 46750048 nonzeros
Variable types: 0 continuous, 4569759 integer (4569144 binary)
Deterministic concurrent LP optimizer: primal simplex, dual simplex, and barrier
Showing barrier log only...

Root barrier log...

Elapsed ordering time = 5s
Ordering time: 6.35s

Barrier statistics:
 AA' NZ     : 1.480e+07
 Factor NZ  : 6.120e+07 (roughly 2.3 GB of memory)
 Factor Ops : 2.126e+11 (roughly 1 second per iteration)
 Threads    : 14

                  Objective                Residual
Iter       Primal          Dual         Primal    Dual     Compl     Time
   0   2.36638723e+09 -5.07314460e+12  3.78e+06 2.77e+04  3.51e+07   106s
   1   1.62721829e+09 -4.99121484e+12  2.67e+06 2.17e+05  2.50e+07   108s
   2   8.41713918e+08 -4.81470201e+12  1.28e+06 8.56e+04  1.21e+07   110s
   3   2.30457841e+08 -4.30280421e+12  3.19e+05 1.30e-08  3.25e+06   111s
   4   1.03341483e+08 -3.67096366e+12  1.88e+05 1.02e-08  1.93e+06   113s
   5   8.63278854e+07 -2.55122692e+12  1.74e+05 8.01e-07  1.55e+06   114s
   6   6.19228266e+07 -2.07647498e+12  1.47e+05 1.01e-06  1.25e+06   116s
   7   2.85670068e+07 -1.02182256e+12  1.07e+05 8.85e-09  7.84e+05   118s
   8   1.90723585e+07 -7.79654565e+11  9.95e+04 1.21e-08  6.87e+05   120s
   9   1.47913484e+07 -7.56725437e+11  9.38e+04 1.02e-08  6.49e+05   121s
  10   8.74281783e+06 -7.43767152e+11  8.55e+04 1.12e-08  5.96e+05   122s
  11   3.51163541e+05 -6.94814841e+11  7.33e+04 1.30e-08  5.15e+05   124s
  12  -2.59170281e+07 -2.96324920e+11  3.02e+04 1.19e-06  2.04e+05   126s
  13  -3.67985649e+07 -1.15618238e+11  2.62e+03 1.84e-07  2.73e+04   128s
  14  -3.78970972e+07 -2.01339987e+10  7.89e+01 4.47e-07  2.64e+03   130s
  15  -3.79250225e+07 -1.02895532e+10  2.52e+01 2.98e-07  1.26e+03   132s
  16  -3.79210968e+07 -4.86121921e+09  8.46e+00 1.36e-07  5.78e+02   133s
  17  -3.74960847e+07 -4.27057213e+09  4.06e+00 1.20e-07  4.90e+02   134s
  18  -3.67793792e+07 -3.75255871e+09  7.23e-01 1.06e-07  4.14e+02   136s
  19  -3.59924362e+07 -3.50206662e+09  2.87e-02 9.83e-08  3.80e+02   137s
  20  -3.53587616e+07 -2.37284392e+09  2.62e-04 6.61e-08  2.55e+02   139s
  21  -3.61032902e+07 -5.70873595e+08  3.66e-06 1.45e-08  5.84e+01   140s
  22  -3.66974161e+07 -4.23883393e+08  2.48e-06 9.85e-09  4.23e+01   142s
  23  -3.75014503e+07 -1.65933931e+08  1.54e-06 3.33e-09  1.40e+01   143s
  24  -3.74575370e+07 -1.58182048e+08  1.53e-06 2.86e-09  1.32e+01   145s
  25  -3.74097088e+07 -7.95392056e+07  1.24e-06 1.49e-09  4.60e+00   147s
  26  -3.79416850e+07 -4.70355424e+07  1.93e-13 4.36e-10  9.94e-01   148s
  27  -3.79639180e+07 -4.09982018e+07  1.35e-13 2.33e-10  3.32e-01   150s
  28  -3.79703360e+07 -3.93540184e+07  1.61e-13 2.33e-10  1.51e-01   151s
  29  -3.79779944e+07 -3.88665673e+07  6.50e-13 1.16e-10  9.71e-02   153s
  30  -3.79804977e+07 -3.86053204e+07  8.81e-13 1.16e-10  6.83e-02   155s
  31  -3.79818041e+07 -3.83699308e+07  1.55e-12 2.33e-10  4.24e-02   156s
  32  -3.79826948e+07 -3.82854223e+07  1.10e-12 1.16e-10  3.31e-02   158s
  33  -3.79836522e+07 -3.82228884e+07  1.19e-12 1.16e-10  2.61e-02   159s
  34  -3.79844514e+07 -3.81314552e+07  1.82e-12 2.33e-10  1.61e-02   161s
  35  -3.79849125e+07 -3.81034475e+07  1.60e-12 2.33e-10  1.30e-02   163s
  36  -3.79853566e+07 -3.80847071e+07  1.41e-12 2.33e-10  1.09e-02   165s
  37  -3.79858315e+07 -3.80743230e+07  1.85e-12 1.16e-10  9.67e-03   167s
  38  -3.79865850e+07 -3.80675382e+07  3.88e-12 2.33e-10  8.85e-03   169s
  39  -3.79872004e+07 -3.80527682e+07  3.44e-12 2.33e-10  7.16e-03   171s
  40  -3.79874932e+07 -3.80447641e+07  3.29e-12 3.49e-10  6.26e-03   173s
  41  -3.79882751e+07 -3.80331059e+07  3.18e-12 2.33e-10  4.90e-03   175s
  42  -3.79887846e+07 -3.80273969e+07  4.40e-12 2.33e-10  4.22e-03   177s
  43  -3.79894331e+07 -3.80210310e+07  3.99e-12 1.16e-10  3.45e-03   179s
  44  -3.79899694e+07 -3.80157722e+07  5.28e-12 2.33e-10  2.82e-03   182s
  45  -3.79902980e+07 -3.80114822e+07  5.09e-12 1.16e-10  2.31e-03   184s
  46  -3.79906324e+07 -3.80088715e+07  5.16e-12 1.16e-10  1.99e-03   186s
  47  -3.79908255e+07 -3.80070789e+07  4.47e-12 2.33e-10  1.78e-03   188s
  48  -3.79909688e+07 -3.80064553e+07  4.32e-12 2.33e-10  1.69e-03   191s
  49  -3.79910754e+07 -3.80060933e+07  3.86e-12 2.33e-10  1.64e-03   193s
  50  -3.79912906e+07 -3.80045142e+07  4.46e-12 2.33e-10  1.44e-03   195s
  51  -3.79915144e+07 -3.80028356e+07  4.81e-12 2.33e-10  1.24e-03   197s
  52  -3.79916411e+07 -3.80015165e+07  5.42e-12 2.33e-10  1.08e-03   200s
  53  -3.79918285e+07 -3.80003856e+07  5.00e-12 2.33e-10  9.35e-04   202s
  54  -3.79920197e+07 -3.79997435e+07  6.03e-12 1.16e-10  8.44e-04   204s
  55  -3.79921896e+07 -3.79990231e+07  6.05e-12 1.16e-10  7.47e-04   206s
  56  -3.79922812e+07 -3.79983994e+07  6.04e-12 1.16e-10  6.69e-04   208s
  57  -3.79924266e+07 -3.79976466e+07  8.98e-12 1.16e-10  5.70e-04   211s
  58  -3.79925599e+07 -3.79968627e+07  9.67e-12 1.16e-10  4.70e-04   213s
  59  -3.79926396e+07 -3.79964917e+07  8.99e-12 1.16e-10  4.21e-04   215s
  60  -3.79926876e+07 -3.79961156e+07  8.32e-12 2.33e-10  3.75e-04   217s
  61  -3.79927550e+07 -3.79956390e+07  9.31e-12 2.33e-10  3.15e-04   219s
  62  -3.79928429e+07 -3.79951977e+07  7.65e-12 2.33e-10  2.57e-04   222s
  63  -3.79928983e+07 -3.79949660e+07  7.25e-12 1.16e-10  2.26e-04   224s
  64  -3.79929680e+07 -3.79947371e+07  1.12e-11 2.33e-10  1.93e-04   226s
  65  -3.79930065e+07 -3.79946188e+07  1.34e-11 1.16e-10  1.76e-04   228s
  66  -3.79930394e+07 -3.79944258e+07  1.22e-11 1.16e-10  1.51e-04   230s
  67  -3.79930679e+07 -3.79942456e+07  1.12e-11 1.16e-10  1.29e-04   233s
  68  -3.79931327e+07 -3.79941209e+07  8.47e-12 2.33e-10  1.08e-04   235s
  69  -3.79931697e+07 -3.79940009e+07  9.01e-12 2.33e-10  9.08e-05   237s
  70  -3.79931977e+07 -3.79939167e+07  8.17e-12 2.33e-10  7.86e-05   239s
  71  -3.79932287e+07 -3.79937967e+07  9.07e-12 1.16e-10  6.21e-05   242s
  72  -3.79932619e+07 -3.79937081e+07  7.87e-12 2.33e-10  4.88e-05   244s
  73  -3.79932975e+07 -3.79936649e+07  9.89e-12 1.16e-10  4.01e-05   246s
  74  -3.79933159e+07 -3.79936171e+07  1.28e-11 2.33e-10  3.29e-05   248s
  75  -3.79933317e+07 -3.79935971e+07  1.19e-11 2.33e-10  2.90e-05   250s
  76  -3.79933415e+07 -3.79935784e+07  1.23e-11 1.16e-10  2.59e-05   252s
  77  -3.79933536e+07 -3.79935457e+07  1.15e-11 1.16e-10  2.10e-05   255s
  78  -3.79933607e+07 -3.79935250e+07  1.42e-11 2.33e-10  1.80e-05   257s
  79  -3.79933766e+07 -3.79935050e+07  2.79e-11 1.16e-10  1.40e-05   259s
  80  -3.79933840e+07 -3.79934795e+07  2.46e-11 2.33e-10  1.04e-05   261s
  81  -3.79933919e+07 -3.79934699e+07  2.16e-11 1.16e-10  8.52e-06   264s
  82  -3.79933938e+07 -3.79934613e+07  2.05e-11 1.16e-10  7.37e-06   266s
  83  -3.79934002e+07 -3.79934599e+07  3.09e-11 2.33e-10  6.53e-06   268s
  84  -3.79934041e+07 -3.79934496e+07  3.08e-11 2.33e-10  4.97e-06   270s
  85  -3.79934070e+07 -3.79934444e+07  3.09e-11 1.16e-10  4.08e-06   272s
  86  -3.79934095e+07 -3.79934412e+07  3.04e-11 2.33e-10  3.46e-06   275s
  87  -3.79934119e+07 -3.79934375e+07  2.32e-11 1.16e-10  2.79e-06   278s
  88  -3.79934141e+07 -3.79934314e+07  2.74e-11 1.16e-10  1.88e-06   281s
  89  -3.79934154e+07 -3.79934289e+07  2.12e-11 1.16e-10  1.48e-06   284s
  90  -3.79934164e+07 -3.79934276e+07  1.63e-11 1.16e-10  1.23e-06   287s
  91  -3.79934172e+07 -3.79934251e+07  2.08e-11 1.16e-10  8.67e-07   290s
  92  -3.79934181e+07 -3.79934235e+07  1.40e-11 1.16e-10  5.90e-07   294s
  93  -3.79934190e+07 -3.79934216e+07  7.12e-12 1.16e-10  2.90e-07   297s
  94  -3.79934193e+07 -3.79934210e+07  4.79e-12 2.33e-10  1.86e-07   300s
  95  -3.79934195e+07 -3.79934204e+07  3.51e-12 3.49e-10  1.02e-07   303s
  96  -3.79934196e+07 -3.79934202e+07  4.46e-11 2.33e-10  6.14e-08   305s
  97  -3.79934199e+07 -3.79934201e+07  1.13e-10 2.33e-10  2.31e-08   308s
  98  -3.79934200e+07 -3.79934200e+07  1.72e-09 2.33e-10  5.15e-09   310s

Barrier solved model in 98 iterations and 309.64 seconds (600.22 work units)
Optimal objective -3.79934200e+07


Root crossover log...

   28880 DPushes remaining with DInf 0.0000000e+00               311s
     362 DPushes remaining with DInf 0.0000000e+00               315s
       0 DPushes remaining with DInf 0.0000000e+00               319s

  199669 PPushes remaining with PInf 7.6104820e-01               319s
  148242 PPushes remaining with PInf 1.2836691e+00               321s
   13942 PPushes remaining with PInf 4.5923841e-01               325s
       0 PPushes remaining with PInf 7.7019603e-02               326s

  Push phase complete: Pinf 7.7019603e-02, Dinf 1.7691138e+01    326s


Root simplex log...

Iteration    Objective       Primal Inf.    Dual Inf.      Time
  227455   -3.7993420e+07   0.000000e+00   1.769114e+01    326s
  227831   -3.7993420e+07   1.035472e+01   0.000000e+00    337s
  227931   -3.7993420e+07   1.310627e+01   0.000000e+00    345s
  228041   -3.7993420e+07   5.569508e+00   0.000000e+00    353s
  228161   -3.7993420e+07   4.708906e+00   0.000000e+00    363s
  228281   -3.7993420e+07   1.017482e+01   0.000000e+00    371s
  228401   -3.7993420e+07   2.396655e+00   0.000000e+00    379s
  228521   -3.7993420e+07   8.377255e-01   0.000000e+00    386s
  228631   -3.7993420e+07   4.468336e-01   0.000000e+00    394s
  228751   -3.7993420e+07   1.736613e+00   0.000000e+00    402s
  228871   -3.7993420e+07   4.264550e-01   0.000000e+00    410s
  228991   -3.7993420e+07   1.560347e-01   0.000000e+00    418s
  229111   -3.7993420e+07   1.309659e-01   0.000000e+00    427s
  229251   -3.7993420e+07   2.303307e-02   0.000000e+00    436s
  229371   -3.7993420e+07   1.282007e-02   0.000000e+00    445s
  229491   -3.7993420e+07   1.520560e-02   0.000000e+00    454s
  229595   -3.7993420e+07   0.000000e+00   0.000000e+00    462s
Concurrent spin time: 209.55s (can be avoided by choosing Method=3)

Solved with barrier

Root relaxation: objective -3.799342e+07, 229595 iterations, 591.95 seconds (636.53 work units)
Total elapsed time = 1481.88s (DegenMoves)
Total elapsed time = 1566.12s (DegenMoves)
Total elapsed time = 1981.80s (DegenMoves)
Total elapsed time = 2392.27s (DegenMoves)

    Nodes    |    Current Node    |     Objective Bounds      |     Work
 Expl Unexpl |  Obj  Depth IntInf | Incumbent    BestBd   Gap | It/Node Time

     0     0 -3.799e+07    0 6611    0.00000 -3.799e+07      -     - 2795s
H    0     0                    -2.09957e+07 -3.799e+07  81.0%     - 3807s
     0     0 -3.799e+07    0 8910 -2.100e+07 -3.799e+07  81.0%     - 8904s
H    0     0                    -2.29955e+07 -3.799e+07  65.2%     - 10800s

Cutting planes:
  Cover: 1
  MIR: 31
  StrongCG: 1
  GUB cover: 1
  Zero half: 190
  RLT: 53
  Relax-and-lift: 57

Explored 1 nodes (1227405 simplex iterations) in 10801.30 seconds (17072.94 work units)
Thread count was 16 (of 18 available processors)

Solution count 3: -2.29955e+07 -2.09957e+07 0 

Time limit reached
Best objective -2.299552003645e+07, best bound -3.799323773160e+07, gap 65.2202%

---------------------------------------------------------------------------
Multi-objectives: stopped in 10802.90 seconds (17072.94 work units), solution count 3
Time Limit reached

