
Gurobi 11.0.0 (win64) logging started Sun Dec 29 08:07:43 2024

Set parameter LogFile to value "C:\Users\Administrator\Desktop\OptRail_Railroad_Construction\Data\Solution\AnzahlAuftraege_NEW_50\a50_o578_m28_an276_ar66\3_Objectives\weighted\gurobi_a50_o578_m28_an276_ar66_weighted.log"
Gurobi Optimizer version 11.0.0 build v11.0.0rc2 (win64 - Windows Server 2022.0 (20348.2))

CPU model: AMD EPYC 7513 32-Core Processor, instruction set [SSE2|AVX|AVX2]
Thread count: 18 physical cores, 18 logical processors, using up to 16 threads

Optimize a model with 55674 rows, 19162242 columns and 99902370 nonzeros
Model fingerprint: 0xada02f4b
Variable types: 0 continuous, 19162242 integer (19162242 binary)
Coefficient statistics:
  Matrix range     [1e+00, 1e+01]
  Objective range  [1e+00, 3e+02]
  Bounds range     [1e+00, 1e+00]
  RHS range        [1e+00, 2e+02]

---------------------------------------------------------------------------
Multi-objectives: starting optimization with 3 objectives (1 combined) ...
---------------------------------------------------------------------------
---------------------------------------------------------------------------

Multi-objectives: optimize objective 1 (weighted) ...
---------------------------------------------------------------------------

Optimize a model with 55674 rows, 19162242 columns and 99902370 nonzeros
Model fingerprint: 0xd5453206
Variable types: 0 continuous, 19162242 integer (19162242 binary)
Coefficient statistics:
  Matrix range     [1e+00, 1e+01]
  Objective range  [3e-04, 7e-01]
  Bounds range     [1e+00, 1e+00]
  RHS range        [1e+00, 2e+02]
Found heuristic solution: objective 0.0000000
Presolve removed 181 rows and 9997646 columns (presolve time = 6s) ...
Presolve removed 284 rows and 10045111 columns (presolve time = 10s) ...
Presolve removed 284 rows and 10045111 columns (presolve time = 15s) ...
Presolve removed 284 rows and 10045111 columns (presolve time = 20s) ...
Presolve removed 284 rows and 10045111 columns (presolve time = 25s) ...
Presolve removed 284 rows and 10045111 columns (presolve time = 30s) ...
Presolve removed 284 rows and 10045111 columns (presolve time = 36s) ...
Presolve removed 284 rows and 10045111 columns (presolve time = 40s) ...
Presolve removed 284 rows and 10045111 columns (presolve time = 45s) ...
Presolve removed 504 rows and 10045111 columns (presolve time = 50s) ...
Presolve removed 504 rows and 10045111 columns (presolve time = 55s) ...
Presolve removed 504 rows and 10045111 columns (presolve time = 60s) ...
Presolve removed 504 rows and 10045111 columns (presolve time = 65s) ...
Presolve removed 511 rows and 10045139 columns (presolve time = 70s) ...
Presolve removed 511 rows and 10045139 columns (presolve time = 76s) ...
Presolve removed 511 rows and 10045139 columns (presolve time = 80s) ...
Presolve removed 511 rows and 10045139 columns (presolve time = 86s) ...
Presolve removed 511 rows and 10045139 columns (presolve time = 90s) ...
Presolve removed 511 rows and 10045139 columns (presolve time = 96s) ...
Presolve removed 540 rows and 10045139 columns (presolve time = 101s) ...
Presolve removed 540 rows and 10045139 columns (presolve time = 105s) ...
Presolve removed 540 rows and 10045139 columns (presolve time = 110s) ...
Presolve removed 540 rows and 10045139 columns (presolve time = 115s) ...
Presolve removed 540 rows and 10045139 columns (presolve time = 120s) ...
Presolve removed 540 rows and 10045139 columns (presolve time = 129s) ...
Presolve removed 540 rows and 10045139 columns (presolve time = 135s) ...
Presolve added 3482 rows and 0 columns
Presolve removed 0 rows and 10041117 columns
Presolve time: 139.25s
Presolved: 59156 rows, 9121125 columns, 96859192 nonzeros
Variable types: 0 continuous, 9121125 integer (9117103 binary)
Deterministic concurrent LP optimizer: primal simplex, dual simplex, and barrier
Showing barrier log only...

Root barrier log...

Elapsed ordering time = 5s
Elapsed ordering time = 10s
Ordering time: 14.11s

Barrier statistics:
 AA' NZ     : 2.815e+07
 Factor NZ  : 1.394e+08 (roughly 5.0 GB of memory)
 Factor Ops : 7.649e+11 (roughly 3 seconds per iteration)
 Threads    : 14

                  Objective                Residual
Iter       Primal          Dual         Primal    Dual     Compl     Time
   0   1.72852826e+06 -7.62391196e+06  8.50e+06 1.11e-16  3.51e+01   218s
   1   1.30392201e+06 -7.54095688e+06  6.41e+06 1.74e-01  2.68e+01   222s
   2   5.16200494e+05 -7.35932147e+06  2.54e+06 6.76e-02  1.08e+01   226s
   3   3.33764098e+05 -6.86609281e+06  1.64e+06 8.48e-03  6.94e+00   231s
   4   1.16897680e+05 -6.10536638e+06  5.75e+05 3.59e-04  2.53e+00   236s
   5   7.88786117e+04 -5.60208116e+06  3.88e+05 4.44e-15  1.74e+00   242s
   6   6.76619608e+04 -2.88641894e+06  3.33e+05 1.33e-14  1.20e+00   246s
   7   5.69257327e+04 -2.29514882e+06  2.80e+05 2.66e-14  9.70e-01   250s
   8   3.56642551e+04 -1.88468450e+06  1.75e+05 2.04e-14  6.19e-01   254s
   9   2.82733956e+04 -1.41133648e+06  1.39e+05 2.84e-14  4.73e-01   257s
  10   2.17444842e+04 -8.01878792e+05  1.07e+05 1.42e-14  3.35e-01   262s
  11   2.92892678e+03 -6.76136014e+05  1.44e+04 2.84e-14  7.59e-02   267s
  12   1.21441750e+02 -1.38280059e+05  6.31e+02 2.31e-13  9.19e-03   271s
  13   5.51690860e+01 -6.09253571e+04  3.07e+02 9.24e-14  4.10e-03   275s
  14   8.69954479e+00 -2.90190998e+04  8.23e+01 3.80e-14  1.80e-03   279s
  15   1.27073772e+00 -2.38033625e+04  4.64e+01 3.29e-14  1.42e-03   284s
  16  -3.35841506e+00 -1.79719692e+04  2.83e+01 2.58e-14  1.06e-03   288s
  17  -5.57439398e+00 -1.32008800e+04  2.24e+01 1.87e-14  7.89e-04   292s
  18  -1.54298578e+01 -1.03972053e+04  4.56e+00 1.55e-14  5.83e-04   296s
  19  -2.13928672e+01 -6.40662412e+03  2.14e+00 9.33e-15  3.57e-04   301s
  20  -2.10862269e+01 -4.98253558e+03  1.36e+00 8.13e-15  2.77e-04   305s
  21  -2.22401045e+01 -3.97055676e+03  2.84e-02 6.94e-15  2.17e-04   309s
  22  -2.27677812e+01 -1.28559830e+03  1.15e-02 5.95e-15  6.94e-05   313s
  23  -2.29869011e+01 -6.98772924e+02  7.34e-03 3.74e-15  3.71e-05   318s
  24  -2.36632974e+01 -4.54899403e+02  4.99e-03 3.46e-15  2.37e-05   322s
  25  -2.47090082e+01 -3.54632146e+02  3.63e-03 2.53e-15  1.81e-05   326s
  26  -2.60098819e+01 -2.66016632e+02  2.66e-03 2.77e-15  1.32e-05   330s
  27  -2.70674918e+01 -2.20370406e+02  2.23e-02 2.23e-15  1.06e-05   335s
  28  -2.83624832e+01 -1.79450672e+02  1.46e-03 1.94e-15  8.28e-06   340s
  29  -2.92740132e+01 -1.41498123e+02  1.05e-03 1.52e-15  6.15e-06   346s
  30  -3.01983633e+01 -1.16227611e+02  6.73e-04 1.56e-15  4.71e-06   351s
  31  -3.08207816e+01 -1.04918186e+02  4.93e-04 1.50e-15  4.06e-06   357s
  32  -3.11981266e+01 -8.97782429e+01  3.82e-04 1.05e-15  3.21e-06   362s
  33  -3.15153010e+01 -8.17500652e+01  2.84e-04 1.10e-15  2.75e-06   367s
  34  -3.16715893e+01 -7.18133273e+01  2.40e-04 9.29e-16  2.20e-06   372s
  35  -3.18266875e+01 -6.33120041e+01  2.04e-04 8.62e-16  1.72e-06   378s
  36  -3.20936932e+01 -5.79012408e+01  1.48e-04 6.86e-16  1.41e-06   383s
  37  -3.21876885e+01 -5.36312581e+01  1.33e-04 5.34e-16  1.17e-06   389s
  38  -3.23784883e+01 -4.87700702e+01  1.01e-04 3.92e-16  8.98e-07   395s
  39  -3.25382298e+01 -4.61698251e+01  7.97e-05 3.69e-16  7.47e-07   400s
  40  -3.26854335e+01 -4.30363033e+01  6.15e-05 3.18e-16  5.67e-07   406s
  41  -3.27334804e+01 -4.15530747e+01  5.64e-05 2.62e-16  4.83e-07   411s
  42  -3.28525117e+01 -4.05611808e+01  4.34e-05 2.53e-16  4.22e-07   417s
  43  -3.29075987e+01 -3.96099255e+01  3.81e-05 4.83e-16  3.67e-07   422s
  44  -3.29806231e+01 -3.82994374e+01  3.14e-05 2.22e-16  2.91e-07   428s
  45  -3.30442240e+01 -3.77373647e+01  2.60e-05 1.67e-16  2.57e-07   434s
  46  -3.30994775e+01 -3.72338595e+01  2.18e-05 1.30e-16  2.26e-07   439s
  47  -3.31391289e+01 -3.65376905e+01  1.89e-05 4.20e-16  1.86e-07   445s
  48  -3.31660895e+01 -3.63250831e+01  1.71e-05 2.22e-16  1.73e-07   450s
  49  -3.31907666e+01 -3.60742320e+01  1.56e-05 3.12e-16  1.58e-07   456s
  50  -3.32337444e+01 -3.57299486e+01  1.29e-05 2.22e-16  1.37e-07   461s
  51  -3.32503172e+01 -3.56210623e+01  1.19e-05 2.69e-16  1.30e-07   467s
  52  -3.32790504e+01 -3.53083388e+01  1.04e-05 3.61e-16  1.11e-07   473s
  53  -3.33124364e+01 -3.50298974e+01  8.66e-06 2.22e-16  9.41e-08   478s
  54  -3.33352079e+01 -3.49117557e+01  7.54e-06 2.43e-16  8.63e-08   484s
  55  -3.33471948e+01 -3.47064250e+01  6.97e-06 2.93e-16  7.44e-08   489s
  56  -3.33622645e+01 -3.45892806e+01  6.30e-06 2.22e-16  6.72e-08   495s
  57  -3.33759163e+01 -3.44949709e+01  5.72e-06 3.11e-16  6.13e-08   500s
  58  -3.33817672e+01 -3.43961829e+01  5.48e-06 2.22e-16  5.56e-08   506s
  59  -3.33965010e+01 -3.42931715e+01  4.87e-06 2.61e-16  4.91e-08   512s
  60  -3.34104038e+01 -3.42119030e+01  4.32e-06 2.22e-16  4.39e-08   517s
  61  -3.34246679e+01 -3.41495713e+01  3.77e-06 2.22e-16  3.97e-08   523s
  62  -3.34369682e+01 -3.40779687e+01  3.31e-06 2.22e-16  3.51e-08   528s
  63  -3.34522110e+01 -3.40006293e+01  2.77e-06 2.78e-16  3.00e-08   534s
  64  -3.34636596e+01 -3.39518204e+01  2.38e-06 2.22e-16  2.67e-08   539s
  65  -3.34661047e+01 -3.39075530e+01  2.30e-06 2.22e-16  2.42e-08   544s
  66  -3.34732262e+01 -3.38390621e+01  2.07e-06 2.22e-16  2.00e-08   549s
  67  -3.34791531e+01 -3.37955439e+01  1.88e-06 1.94e-16  1.73e-08   555s
  68  -3.34917931e+01 -3.37592042e+01  1.49e-06 1.94e-16  1.46e-08   560s
  69  -3.35003237e+01 -3.37109529e+01  1.23e-06 2.20e-16  1.15e-08   566s
  70  -3.35075806e+01 -3.37003750e+01  1.02e-06 3.59e-16  1.06e-08   570s
  71  -3.35103987e+01 -3.36762966e+01  9.39e-07 2.77e-16  9.08e-09   576s
  72  -3.35152115e+01 -3.36542376e+01  7.96e-07 1.21e-16  7.61e-09   581s
  73  -3.35188799e+01 -3.36432995e+01  6.93e-07 1.76e-16  6.81e-09   586s
  74  -3.35234451e+01 -3.36284812e+01  5.65e-07 1.11e-16  5.75e-09   592s
  75  -3.35255281e+01 -3.36092926e+01  5.05e-07 2.22e-16  4.59e-09   597s
  76  -3.35283727e+01 -3.36015608e+01  4.28e-07 2.22e-16  4.01e-09   603s
  77  -3.35317495e+01 -3.35905326e+01  3.37e-07 2.22e-16  3.22e-09   608s
  78  -3.35329549e+01 -3.35825767e+01  3.04e-07 2.33e-16  2.72e-09   614s
  79  -3.35347859e+01 -3.35732952e+01  2.54e-07 1.11e-16  2.11e-09   619s
  80  -3.35369418e+01 -3.35657472e+01  1.98e-07 1.41e-16  1.58e-09   625s
  81  -3.35383244e+01 -3.35619809e+01  1.60e-07 1.45e-16  1.30e-09   630s
  82  -3.35391024e+01 -3.35613700e+01  1.40e-07 1.43e-16  1.22e-09   636s
  83  -3.35399767e+01 -3.35568570e+01  1.17e-07 2.22e-16  9.24e-10   641s
  84  -3.35409654e+01 -3.35551416e+01  9.23e-08 1.42e-16  7.76e-10   646s
  85  -3.35418082e+01 -3.35533034e+01  7.11e-08 1.11e-16  6.30e-10   652s
  86  -3.35423123e+01 -3.35507605e+01  5.79e-08 2.22e-16  4.63e-10   657s
  87  -3.35429435e+01 -3.35492356e+01  5.29e-08 2.26e-16  3.45e-10   663s
  88  -3.35434825e+01 -3.35480529e+01  4.36e-08 3.14e-16  2.50e-10   669s
  89  -3.35439669e+01 -3.35474931e+01  3.20e-08 4.27e-16  1.93e-10   676s
  90  -3.35441046e+01 -3.35465414e+01  2.65e-08 2.60e-16  1.33e-10   682s
  91  -3.35442062e+01 -3.35456941e+01  2.16e-08 3.05e-16  8.15e-11   689s
  92  -3.35444139e+01 -3.35449285e+01  1.16e-08 2.22e-16  2.82e-11   696s
  93  -3.35445438e+01 -3.35448079e+01  5.56e-09 1.67e-16  1.45e-11   705s
  94  -3.35446065e+01 -3.35447599e+01  2.63e-09 2.88e-16  8.40e-12   712s
  95  -3.35446185e+01 -3.35447385e+01  2.08e-09 2.87e-16  6.58e-12   718s
  96  -3.35446316e+01 -3.35447000e+01  1.35e-09 2.67e-16  3.74e-12   724s
  97  -3.35446343e+01 -3.35446922e+01  1.21e-09 1.55e-16  3.17e-12   730s
  98  -3.35446416e+01 -3.35446854e+01  6.82e-09 3.61e-16  2.40e-12   737s
  99  -3.35446425e+01 -3.35446787e+01  6.31e-09 1.67e-16  1.99e-12   742s
 100  -3.35446455e+01 -3.35446769e+01  5.62e-08 1.39e-16  1.72e-12   747s
 101  -3.35446522e+01 -3.35446604e+01  3.46e-08 1.67e-16  4.47e-13   751s
 102  -3.35446551e+01 -3.35446584e+01  5.19e-08 2.56e-15  1.80e-13   756s
 103  -3.35446557e+01 -3.35446584e+01  2.30e-06 2.56e-15  1.50e-13   761s
 104  -3.35446566e+01 -3.35446582e+01  1.38e-06 2.38e-15  8.82e-14   766s
 105  -3.35446578e+01 -3.35446581e+01  2.98e-07 3.67e-15  1.76e-14   770s

Barrier solved model in 105 iterations and 769.91 seconds (1399.17 work units)
Optimal objective -3.35446578e+01


Root crossover log...

   47595 DPushes remaining with DInf 2.7511509e-04               772s
    2415 DPushes remaining with DInf 2.2745547e-04               775s
       0 DPushes remaining with DInf 0.0000000e+00               780s

  111265 PPushes remaining with PInf 3.3389764e-03               781s
   27923 PPushes remaining with PInf 4.2674273e-04               785s
       0 PPushes remaining with PInf 0.0000000e+00               787s

  Push phase complete: Pinf 0.0000000e+00, Dinf 4.7168668e-13    787s


Root simplex log...

Iteration    Objective       Primal Inf.    Dual Inf.      Time
  155344   -3.3544658e+01   0.000000e+00   0.000000e+00    787s
Waiting for other threads to finish...         976s
Concurrent spin time: 251.04s (can be avoided by choosing Method=3)

Solved with barrier
  155344   -3.3544658e+01   0.000000e+00   0.000000e+00   1042s

Root relaxation: objective -3.354466e+01, 155344 iterations, 883.19 seconds (870.62 work units)

    Nodes    |    Current Node    |     Objective Bounds      |     Work
 Expl Unexpl |  Obj  Depth IntInf | Incumbent    BestBd   Gap | It/Node Time

     0     0  -33.54466    0 8536    0.00000  -33.54466      -     - 3896s
     0     0          -    0         0.00000  -33.54466      -     - 10800s

Cutting planes:
  MIR: 88
  Zero half: 91

Explored 1 nodes (396767 simplex iterations) in 10801.60 seconds (16878.72 work units)
Thread count was 16 (of 18 available processors)

Solution count 1: 0 

Time limit reached
Best objective 0.000000000000e+00, best bound -3.354465807034e+01, gap -

---------------------------------------------------------------------------
Multi-objectives: stopped in 10803.20 seconds (16878.72 work units), solution count 1
Time Limit reached

