
Gurobi 11.0.0 (win64) logging started Sun Dec 29 11:18:20 2024

Set parameter LogFile to value "C:\Users\Administrator\Desktop\OptRail_Railroad_Construction\Data\Solution\AnzahlAuftraege_NEW_50\a50_o578_m28_an276_ar66\3_Objectives\hierarchical\gurobi_a50_o578_m28_an276_ar66_hierarchical.log"
Gurobi Optimizer version 11.0.0 build v11.0.0rc2 (win64 - Windows Server 2022.0 (20348.2))

CPU model: AMD EPYC 7513 32-Core Processor, instruction set [SSE2|AVX|AVX2]
Thread count: 18 physical cores, 18 logical processors, using up to 16 threads

Optimize a model with 55674 rows, 19162242 columns and 99902370 nonzeros
Model fingerprint: 0x353a680b
Variable types: 0 continuous, 19162242 integer (19162242 binary)
Coefficient statistics:
  Matrix range     [1e+00, 1e+01]
  Objective range  [1e+00, 3e+02]
  Bounds range     [1e+00, 1e+00]
  RHS range        [1e+00, 2e+02]

---------------------------------------------------------------------------
Multi-objectives: starting optimization with 3 objectives ... 
---------------------------------------------------------------------------

Multi-objectives: applying initial presolve ...
---------------------------------------------------------------------------

Presolve removed 196 rows and 36433 columns (presolve time = 5s) ...
Presolve removed 284 rows and 47466 columns (presolve time = 10s) ...
Presolve removed 284 rows and 47466 columns (presolve time = 15s) ...
Presolve removed 284 rows and 47466 columns (presolve time = 20s) ...
Presolve removed 284 rows and 47466 columns (presolve time = 25s) ...
Presolve removed 504 rows and 47466 columns (presolve time = 31s) ...
Presolve removed 504 rows and 47466 columns (presolve time = 35s) ...
Presolve removed 504 rows and 47466 columns (presolve time = 40s) ...
Presolve removed 511 rows and 47466 columns (presolve time = 46s) ...
Presolve removed 511 rows and 47466 columns (presolve time = 51s) ...
Presolve removed 511 rows and 47466 columns (presolve time = 55s) ...
Presolve removed 511 rows and 47466 columns (presolve time = 62s) ...
Presolve removed 540 rows and 47466 columns (presolve time = 66s) ...
Presolve removed 540 rows and 47466 columns (presolve time = 70s) ...
Presolve removed 540 rows and 47466 columns (presolve time = 75s) ...
Presolve removed 540 rows and 47466 columns (presolve time = 80s) ...
Presolve removed 540 rows and 47466 columns (presolve time = 85s) ...
Presolve removed 540 rows and 47466 columns (presolve time = 90s) ...
Presolve removed 540 rows and 47466 columns (presolve time = 98s) ...
Presolve added 3482 rows and 0 columns
Presolve removed 0 rows and 43444 columns
Presolve time: 98.50s
Presolved: 59156 rows, 19118798 columns, 96859314 nonzeros
---------------------------------------------------------------------------

Multi-objectives: optimize objective 1 () ...
---------------------------------------------------------------------------

Found heuristic solution: objective 0.0000000
Presolve removed 115 rows and 9997886 columns (presolve time = 5s) ...
Presolve removed 115 rows and 9997886 columns (presolve time = 11s) ...
Presolve removed 115 rows and 9997886 columns (presolve time = 15s) ...
Presolve removed 115 rows and 9997886 columns (presolve time = 20s) ...
Presolve removed 115 rows and 9997886 columns (presolve time = 25s) ...
Presolve removed 119 rows and 9997890 columns (presolve time = 31s) ...
Presolve removed 119 rows and 9997890 columns (presolve time = 35s) ...
Presolve removed 119 rows and 9997890 columns (presolve time = 40s) ...
Presolve removed 119 rows and 9997890 columns (presolve time = 45s) ...
Presolve removed 3004 rows and 9997890 columns (presolve time = 50s) ...
Presolve removed 3004 rows and 9997890 columns (presolve time = 55s) ...
Presolve removed 3004 rows and 9997890 columns (presolve time = 60s) ...
Presolve removed 3004 rows and 10000552 columns (presolve time = 67s) ...
Presolve removed 3004 rows and 10000552 columns (presolve time = 70s) ...
Presolve removed 3008 rows and 10000556 columns (presolve time = 76s) ...
Presolve removed 3008 rows and 10000556 columns (presolve time = 80s) ...
Presolve removed 3008 rows and 10000556 columns (presolve time = 85s) ...
Presolve removed 3008 rows and 10000556 columns (presolve time = 90s) ...
Presolve removed 4339 rows and 10000556 columns (presolve time = 97s) ...
Presolve removed 4344 rows and 10000556 columns (presolve time = 100s) ...
Presolve removed 4344 rows and 10000556 columns (presolve time = 105s) ...
Presolve removed 4344 rows and 10000556 columns (presolve time = 110s) ...
Presolve removed 4344 rows and 10000556 columns (presolve time = 116s) ...
Presolve removed 4344 rows and 10000556 columns (presolve time = 121s) ...
Presolve removed 4344 rows and 10000556 columns (presolve time = 125s) ...
Presolve removed 4782 rows and 10000994 columns (presolve time = 130s) ...
Presolve removed 4782 rows and 10000998 columns (presolve time = 136s) ...
Presolve removed 4787 rows and 10001003 columns (presolve time = 140s) ...
Presolve removed 4787 rows and 10001003 columns (presolve time = 145s) ...
Presolve removed 4787 rows and 10001003 columns (presolve time = 150s) ...
Presolve removed 4787 rows and 10001003 columns (presolve time = 155s) ...
Presolve removed 4787 rows and 10001003 columns (presolve time = 160s) ...
Presolve removed 4787 rows and 10001003 columns (presolve time = 165s) ...
Presolve removed 4787 rows and 10001003 columns (presolve time = 173s) ...
Presolve removed 4787 rows and 10001003 columns (presolve time = 176s) ...
Presolve removed 4782 rows and 10000998 columns
Presolve time: 176.51s
Presolved: 54374 rows, 9117800 columns, 94435662 nonzeros
Variable types: 0 continuous, 9117800 integer (9116902 binary)
Deterministic concurrent LP optimizer: primal simplex, dual simplex, and barrier
Showing barrier log only...

Root barrier log...

Elapsed ordering time = 5s
Ordering time: 7.76s

Barrier statistics:
 AA' NZ     : 1.818e+07
 Factor NZ  : 6.328e+07 (roughly 3.0 GB of memory)
 Factor Ops : 1.778e+11 (roughly 2 seconds per iteration)
 Threads    : 14

                  Objective                Residual
Iter       Primal          Dual         Primal    Dual     Compl     Time
   0  -5.79636764e+03 -2.41570717e+07  3.87e+06 6.16e-01  1.20e+02   366s
   1  -3.15128673e+03 -2.37400248e+07  2.03e+06 2.28e+00  6.39e+01   368s
   2  -1.64557234e+03 -2.26182275e+07  1.02e+06 7.62e-01  3.27e+01   370s
   3  -2.99426690e+02 -1.86902238e+07  1.76e+05 8.02e-02  6.47e+00   373s
   4  -2.46446520e+02 -1.66149961e+07  1.36e+05 6.11e-02  5.01e+00   375s
   5  -2.25526921e+02 -1.51896250e+07  1.08e+05 5.05e-02  4.07e+00   377s
   6  -1.97183656e+02 -1.35774093e+07  8.77e+04 4.02e-02  3.31e+00   379s
   7  -1.50485976e+02 -9.53240001e+06  5.41e+04 1.89e-02  2.00e+00   381s
   8  -1.31432388e+02 -5.70768724e+06  3.98e+04 4.36e-03  1.29e+00   383s
   9  -1.28305658e+02 -4.28362773e+06  3.65e+04 1.14e-03  1.08e+00   385s
  10  -1.19049271e+02 -3.17773297e+06  2.94e+04 1.34e-12  8.32e-01   387s
  11  -1.13141311e+02 -2.50459620e+06  2.53e+04 5.97e-13  6.96e-01   389s
  12  -1.03555256e+02 -1.79592041e+06  2.13e+04 4.55e-13  5.51e-01   391s
  13  -8.44785802e+01 -1.03331510e+06  1.29e+04 1.73e-11  3.26e-01   394s
  14  -6.97409597e+01 -7.55989067e+05  7.55e+03 3.29e-11  2.02e-01   397s
  15  -5.73186994e+01 -5.12424188e+05  3.13e+03 1.21e-04  9.91e-02   400s
  16  -5.16433434e+01 -2.87318555e+05  1.06e+03 2.44e-12  4.25e-02   402s
  17  -4.95339244e+01 -1.39914044e+05  2.60e+02 9.66e-12  1.59e-02   404s
  18  -4.92724515e+01 -1.04407195e+05  1.61e+02 7.73e-12  1.12e-02   406s
  19  -4.90011958e+01 -7.05856944e+04  7.88e+01 6.08e-12  6.98e-03   408s
  20  -4.86131349e+01 -6.55634207e+04  5.30e+01 5.66e-12  6.11e-03   410s
  21  -4.74822526e+01 -6.37368853e+04  3.97e+01 5.47e-12  5.71e-03   412s
  22  -4.61948654e+01 -5.63387198e+04  2.87e+01 4.79e-12  4.92e-03   414s
  23  -4.60452149e+01 -4.74887154e+04  2.74e+01 4.05e-12  4.20e-03   416s
  24  -4.45444430e+01 -4.40224891e+04  1.02e+01 3.73e-12  3.62e-03   418s
  25  -4.44446539e+01 -3.15376474e+04  8.33e+00 2.64e-12  2.62e-03   421s
  26  -4.43343866e+01 -2.35393423e+04  7.02e+00 2.04e-12  1.98e-03   424s
  27  -4.41161864e+01 -1.78194669e+04  4.52e+00 1.56e-12  1.48e-03   427s
  28  -4.35917460e+01 -1.38430200e+04  1.43e+00 1.22e-12  1.11e-03   430s
  29  -4.32686921e+01 -1.21061694e+04  1.07e+00 1.10e-12  9.64e-04   433s
  30  -4.26359625e+01 -9.59620309e+03  3.48e-01 8.91e-13  7.51e-04   436s
  31  -4.07667992e+01 -7.57248748e+03  3.50e-14 6.96e-13  5.85e-04   439s
  32  -4.09260485e+01 -1.80574631e+03  2.46e-14 1.57e-13  1.37e-04   442s
  33  -4.16459862e+01 -9.64205280e+02  3.46e-14 7.70e-14  7.16e-05   445s
  34  -4.22155469e+01 -5.11921599e+02  2.07e-13 3.63e-14  3.65e-05   447s
  35  -4.34577819e+01 -3.90982492e+02  2.42e-13 2.73e-14  2.70e-05   449s
  36  -4.45754355e+01 -2.80309038e+02  2.02e-13 1.77e-14  1.83e-05   451s
  37  -4.51044639e+01 -2.39648888e+02  1.90e-13 1.41e-14  1.51e-05   453s
  38  -4.56667743e+01 -2.03397962e+02  1.44e-13 1.16e-14  1.22e-05   455s
  39  -4.59775570e+01 -1.38167897e+02  1.17e-13 5.77e-15  7.15e-06   457s
  40  -4.62884641e+01 -1.17724103e+02  1.01e-13 6.61e-15  5.54e-06   459s
  41  -4.70737903e+01 -9.87557635e+01  9.65e-14 3.83e-15  4.01e-06   462s
  42  -4.72231215e+01 -6.37135490e+01  1.74e-13 2.66e-15  1.28e-06   465s
  43  -4.76452964e+01 -5.24619987e+01  2.15e-13 1.88e-15  3.74e-07   467s
  44  -4.76485385e+01 -5.08829868e+01  2.10e-13 1.33e-15  2.51e-07   469s
  45  -4.78055293e+01 -4.83856562e+01  3.04e-13 1.33e-15  4.50e-08   471s
  46  -4.78656617e+01 -4.79071194e+01  4.55e-13 9.99e-16  3.22e-09   473s
  47  -4.78805877e+01 -4.78820799e+01  2.15e-13 1.55e-15  1.16e-10   475s
  48  -4.78806818e+01 -4.78806818e+01  1.20e-11 1.78e-15  3.44e-16   477s

Barrier solved model in 48 iterations and 476.88 seconds (1241.62 work units)
Optimal objective -4.78806818e+01

  Building initial crossover basis                               494s
  Building initial crossover basis                               499s
  Building initial crossover basis                               500s
  Building initial crossover basis                               506s
  Building initial crossover basis                               511s
  Building initial crossover basis                               516s
  Building initial crossover basis                               520s
  Building initial crossover basis                               526s
  Building initial crossover basis                               532s
  Building initial crossover basis                               536s
  Building initial crossover basis                               540s
  Building initial crossover basis                               546s
  Building initial crossover basis                               550s
  Building initial crossover basis                               555s
  Building initial crossover basis                               560s
  Building initial crossover basis                               565s
  Building initial crossover basis                               572s
  Building initial crossover basis                               577s
  Building initial crossover basis                               580s
  Building initial crossover basis                               585s
  Building initial crossover basis                               590s
  Building initial crossover basis                               596s

Root crossover log...

   13095 DPushes remaining with DInf 0.0000000e+00               597s
       0 DPushes remaining with DInf 0.0000000e+00               597s

    5286 PPushes remaining with PInf 4.4730588e-02               597s
    1057 PPushes remaining with PInf 2.6464673e-02               600s
       0 PPushes remaining with PInf 0.0000000e+00               602s

  Push phase complete: Pinf 0.0000000e+00, Dinf 1.4305815e-09    602s


Root simplex log...

Iteration    Objective       Primal Inf.    Dual Inf.      Time
    8649   -4.7880682e+01   0.000000e+00   0.000000e+00    602s
Concurrent spin time: 37.54s (can be avoided by choosing Method=3)

Solved with barrier
    8649   -4.7880682e+01   0.000000e+00   0.000000e+00    642s

Use crossover to convert LP symmetric solution to basic solution...

Root crossover log...

   16161 DPushes remaining with DInf 0.0000000e+00               645s
       0 DPushes remaining with DInf 0.0000000e+00               645s

    9846 PPushes remaining with PInf 0.0000000e+00               645s
    5169 PPushes remaining with PInf 0.0000000e+00               650s
    1865 PPushes remaining with PInf 0.0000000e+00               655s
      26 PPushes remaining with PInf 0.0000000e+00               660s
       0 PPushes remaining with PInf 0.0000000e+00               660s

  Push phase complete: Pinf 0.0000000e+00, Dinf 1.9567995e-09    661s


Root simplex log...

Iteration    Objective       Primal Inf.    Dual Inf.      Time
   20706   -4.7880682e+01   0.000000e+00   0.000000e+00    662s
   20706   -4.7880682e+01   0.000000e+00   0.000000e+00    665s

Root relaxation: objective -4.788068e+01, 20706 iterations, 371.89 seconds (464.07 work units)

    Nodes    |    Current Node    |     Objective Bounds      |     Work
 Expl Unexpl |  Obj  Depth IntInf | Incumbent    BestBd   Gap | It/Node Time

     0     0  -47.88068    0 25132    0.00000  -47.88068      -     - 2374s
     0     0          -    0         0.00000  -47.88068      -     - 10800s

Cutting planes:
  Clique: 7

Explored 1 nodes (92302 simplex iterations) in 10801.57 seconds (15456.87 work units)
Thread count was 16 (of 18 available processors)

Solution count 1: 0 

Time limit reached
Best objective 0.000000000000e+00, best bound -4.700000000000e+01, gap -

---------------------------------------------------------------------------
Multi-objectives: stopped in 10803.14 seconds (15456.87 work units), solution count 1
Time Limit reached

