
Gurobi 11.0.0 (win64) logging started Fri Dec 20 10:13:22 2024

Set parameter LogFile to value "C:\Users\Administrator\Desktop\OptRail_Railroad_Construction\Data\Solution\AnzahlAuftraege_NEW_10\a10_o114_m6_an57_ar11\6_Objectives\weighted\gurobi_a10_o114_m6_an57_ar11_weighted.log"
Gurobi Optimizer version 11.0.0 build v11.0.0rc2 (win64 - Windows Server 2022.0 (20348.2))

CPU model: AMD EPYC 7513 32-Core Processor, instruction set [SSE2|AVX|AVX2]
Thread count: 18 physical cores, 18 logical processors, using up to 16 threads

Optimize a model with 2853 rows, 159429 columns and 723435 nonzeros
Model fingerprint: 0x49243b7f
Variable types: 0 continuous, 159429 integer (159429 binary)
Coefficient statistics:
  Matrix range     [1e+00, 1e+01]
  Objective range  [1e+00, 2e+02]
  Bounds range     [1e+00, 1e+00]
  RHS range        [1e+00, 2e+02]

---------------------------------------------------------------------------
Multi-objectives: starting optimization with 6 objectives (1 combined) ...
---------------------------------------------------------------------------
---------------------------------------------------------------------------

Multi-objectives: optimize objective 1 (weighted) ...
---------------------------------------------------------------------------

Optimize a model with 2853 rows, 159429 columns and 723435 nonzeros
Model fingerprint: 0x61a55387
Variable types: 0 continuous, 159429 integer (159429 binary)
Coefficient statistics:
  Matrix range     [1e+00, 1e+01]
  Objective range  [6e-04, 5e-01]
  Bounds range     [1e+00, 1e+00]
  RHS range        [1e+00, 2e+02]
Found heuristic solution: objective 0.0000000
Presolve removed 108 rows and 82318 columns
Presolve time: 1.07s
Presolved: 2745 rows, 77111 columns, 648259 nonzeros
Variable types: 0 continuous, 77111 integer (76943 binary)
Deterministic concurrent LP optimizer: primal simplex, dual simplex, and barrier
Showing barrier log only...

Root barrier log...

Ordering time: 0.05s

Barrier statistics:
 AA' NZ     : 2.588e+05
 Factor NZ  : 7.620e+05 (roughly 40 MB of memory)
 Factor Ops : 2.952e+08 (less than 1 second per iteration)
 Threads    : 14

                  Objective                Residual
Iter       Primal          Dual         Primal    Dual     Compl     Time
   0   2.27989005e+04 -3.71045889e+04  1.14e+05 4.25e-02  7.00e+00     2s
   1   6.39926732e+03 -3.41968296e+04  3.20e+04 1.48e-01  2.05e+00     2s
   2   1.62756012e+03 -2.39065458e+04  8.14e+03 1.64e-02  5.61e-01     2s
   3   9.13811423e+02 -1.84648670e+04  4.57e+03 8.95e-03  3.28e-01     2s
   4   8.15090582e+02 -1.78131504e+04  4.08e+03 8.15e-03  2.99e-01     2s
   5   5.25682253e+02 -1.37640864e+04  2.62e+03 3.85e-03  2.00e-01     2s
   6   1.43179968e+02 -4.29020484e+03  6.99e+02 6.97e-04  5.25e-02     2s
   7   4.35323536e+01 -8.08756007e+02  1.98e+02 8.69e-05  1.15e-02     2s
   8   1.11521404e+01 -4.22688450e+02  3.74e+01 1.96e-05  3.86e-03     2s
   9   2.25785787e+00 -2.39565717e+02  7.57e+00 1.55e-15  1.79e-03     2s
  10   8.12582389e-01 -1.61985984e+02  3.71e+00 1.97e-15  1.18e-03     2s
  11  -5.45518409e-01 -1.11475582e+02  4.48e-02 1.22e-15  7.32e-04     2s
  12  -1.08374834e+00 -2.75082227e+01  4.42e-03 2.08e-15  1.71e-04     2s
  13  -1.68227596e+00 -2.05055468e+01  1.65e-03 1.32e-15  1.22e-04     2s
  14  -1.87912664e+00 -1.98428649e+01  1.33e-03 1.42e-15  1.16e-04     2s
  15  -2.15139533e+00 -1.34026798e+01  9.36e-04 9.30e-16  7.26e-05     2s
  16  -2.29840190e+00 -1.23046703e+01  7.76e-04 1.03e-15  6.46e-05     2s
  17  -2.35412111e+00 -1.19524158e+01  7.23e-04 9.11e-16  6.19e-05     2s
  18  -2.60836609e+00 -8.94605122e+00  5.15e-04 5.79e-16  4.09e-05     2s
  19  -2.82487361e+00 -8.62722058e+00  3.56e-04 5.92e-16  3.74e-05     2s
  20  -2.95743139e+00 -7.36418778e+00  2.72e-04 4.30e-16  2.84e-05     2s
  21  -3.06405550e+00 -6.30123433e+00  2.13e-04 2.48e-16  2.09e-05     2s
  22  -3.16044748e+00 -5.51986994e+00  1.64e-04 2.06e-16  1.52e-05     2s
  23  -3.31989182e+00 -5.10877736e+00  9.20e-05 1.92e-16  1.15e-05     2s
  24  -3.42471236e+00 -4.72531500e+00  5.49e-05 2.49e-16  8.39e-06     2s
  25  -3.45796508e+00 -4.42830543e+00  4.37e-05 2.80e-16  6.26e-06     2s
  26  -3.48858470e+00 -4.20376224e+00  3.47e-05 2.77e-16  4.61e-06     2s
  27  -3.50028987e+00 -4.00343651e+00  3.10e-05 2.30e-16  3.24e-06     2s
  28  -3.53714163e+00 -3.79043880e+00  1.97e-05 1.81e-16  1.63e-06     2s
  29  -3.57250013e+00 -3.74008848e+00  9.75e-06 1.82e-16  1.08e-06     2s
  30  -3.58132590e+00 -3.68725075e+00  7.52e-06 1.63e-16  6.83e-07     2s
  31  -3.59226557e+00 -3.66666585e+00  4.78e-06 1.95e-16  4.80e-07     2s
  32  -3.59460652e+00 -3.64992045e+00  4.22e-06 1.48e-16  3.57e-07     2s
  33  -3.59853117e+00 -3.64340051e+00  3.34e-06 2.17e-16  2.89e-07     2s
  34  -3.60540390e+00 -3.63110031e+00  1.79e-06 2.72e-16  1.66e-07     2s
  35  -3.60964367e+00 -3.62424035e+00  8.02e-07 2.25e-16  9.41e-08     2s
  36  -3.61212034e+00 -3.61850646e+00  2.94e-07 1.59e-16  4.12e-08     2s
  37  -3.61282132e+00 -3.61706495e+00  1.49e-07 1.83e-16  2.74e-08     2s
  38  -3.61325165e+00 -3.61483830e+00  5.69e-08 1.55e-16  1.02e-08     2s
  39  -3.61345887e+00 -3.61417072e+00  2.38e-08 1.30e-16  4.59e-09     2s
  40  -3.61360668e+00 -3.61372337e+00  3.40e-09 1.45e-16  7.52e-10     2s
  41  -3.61363677e+00 -3.61365274e+00  5.93e-11 1.72e-16  1.03e-10     2s
  42  -3.61363750e+00 -3.61363786e+00  7.76e-10 1.69e-16  2.33e-12     2s
  43  -3.61363750e+00 -3.61363786e+00  5.68e-09 2.16e-16  2.31e-12     3s
  44  -3.61363751e+00 -3.61363778e+00  5.49e-09 1.83e-16  1.72e-12     3s
  45  -3.61363754e+00 -3.61363755e+00  9.81e-10 1.93e-16  3.43e-14     3s

Barrier solved model in 45 iterations and 2.57 seconds (3.92 work units)
Optimal objective -3.61363754e+00

Concurrent spin time: 0.00s

Solved with barrier

Root relaxation: objective -3.613638e+00, 3813 iterations, 1.45 seconds (1.47 work units)

    Nodes    |    Current Node    |     Objective Bounds      |     Work
 Expl Unexpl |  Obj  Depth IntInf | Incumbent    BestBd   Gap | It/Node Time

     0     0   -3.61364    0 1137    0.00000   -3.61364      -     -    5s
H    0     0                      -1.4194742   -3.61364   155%     -    7s
H    0     0                      -2.4193038   -3.61332  49.4%     -    8s
     0     0   -3.55855    0 1503   -2.41930   -3.55855  47.1%     -   13s
     0     0   -3.54853    0 1402   -2.41930   -3.54853  46.7%     -   16s
     0     0   -3.49089    0 1564   -2.41930   -3.49089  44.3%     -   22s
     0     0   -3.48987    0 1564   -2.41930   -3.48987  44.3%     -   23s
     0     0   -3.46193    0 1625   -2.41930   -3.46193  43.1%     -   31s
     0     0   -3.46033    0 1628   -2.41930   -3.46033  43.0%     -   36s
     0     0   -3.44877    0 1667   -2.41930   -3.44877  42.6%     -   40s
     0     0   -3.44844    0 1653   -2.41930   -3.44844  42.5%     -   42s
     0     0   -3.44573    0 1618   -2.41930   -3.44573  42.4%     -   44s
     0     0   -3.44568    0 1621   -2.41930   -3.44568  42.4%     -   48s
     0     0   -3.44392    0 1689   -2.41930   -3.44392  42.4%     -   51s
     0     0   -3.44391    0 1681   -2.41930   -3.44391  42.4%     -   52s
     0     0   -3.44296    0 1596   -2.41930   -3.44296  42.3%     -   54s
     0     0   -3.44292    0 1595   -2.41930   -3.44292  42.3%     -   55s
     0     0   -3.44233    0 1666   -2.41930   -3.44233  42.3%     -   56s
     0     0   -3.44233    0 1587   -2.41930   -3.44233  42.3%     -   57s
     0     0   -3.44168    0 1597   -2.41930   -3.44168  42.3%     -   59s
     0     0   -3.44164    0 1575   -2.41930   -3.44164  42.3%     -   60s
     0     0   -3.44124    0 1567   -2.41930   -3.44124  42.2%     -   62s
     0     0   -3.44122    0 1582   -2.41930   -3.44122  42.2%     -   63s
     0     0   -3.44023    0 1653   -2.41930   -3.44023  42.2%     -   65s
     0     0   -3.44003    0 1641   -2.41930   -3.44003  42.2%     -   69s
     0     0   -3.43989    0 1615   -2.41930   -3.43989  42.2%     -   70s
     0     0   -3.43989    0 1589   -2.41930   -3.43989  42.2%     -   71s
H    0     0                      -2.6368818   -3.43989  30.5%     -   95s
     0     2   -3.43989    0 1581   -2.63688   -3.43989  30.5%     -   96s
     1     4   -3.40819    1 1135   -2.63688   -3.43988  30.5%  8195  101s
     3     8   -3.40538    2 1176   -2.63688   -3.40929  29.3%  4938  106s
     7    16   -3.40465    3 1220   -2.63688   -3.40537  29.1%  3663  110s
    15    32   -3.40280    4 1212   -2.63688   -3.40454  29.1%  2906  118s
    31    48   -3.40276    5 1220   -2.63688   -3.40276  29.0%  2844  206s
H   33    48                      -2.6413883   -3.40270  28.8%  2752  206s
H   34    48                      -2.6519150   -3.40270  28.3%  2742  206s
H   39    48                      -2.7458307   -3.40270  23.9%  2568  206s
    47    64   -3.39171    6 1190   -2.74583   -3.40270  23.9%  2362  210s
H   58    64                      -2.7847569   -3.40270  22.2%  2199  210s
    79    96   -3.37246    7 1144   -2.78476   -3.40270  22.2%  2099  221s
H   95   112                      -2.8004316   -3.40270  21.5%  2308  268s
H   99   112                      -2.8397712   -3.40270  19.8%  2246  268s
   111   139   -3.38435    8 1196   -2.83977   -3.40270  19.8%  2233  272s
   138   166   -3.36667    9 1166   -2.83977   -3.40270  19.8%  2047  276s
   165   194   -3.36307   10 1222   -2.83977   -3.40270  19.8%  1926  281s
   193   224   -3.36163   11 1203   -2.83977   -3.40270  19.8%  1845  285s
   256   292   -3.36276   14 1230   -2.83977   -3.40270  19.8%  1629  291s
   334   388   -3.35314   18 1249   -2.83977   -3.40270  19.8%  1417  297s
   387   431   -3.34857   20 1224   -2.83977   -3.40270  19.8%  1300  302s
   430   476   -3.34265   21 1266   -2.83977   -3.40270  19.8%  1249  307s
   475   534   -3.34216   24 1256   -2.83977   -3.40270  19.8%  1212  311s
   591   608   -3.33391   30 1232   -2.83977   -3.40270  19.8%  1085  373s
   607   680   -3.33296   31 1195   -2.83977   -3.40270  19.8%  1077  381s
   760   840   -3.32223   44 1232   -2.83977   -3.40270  19.8%   959  389s
   839   922   -3.31017   51 1231   -2.83977   -3.40270  19.8%   923  394s
   921  1005   -3.30336   59 1188   -2.83977   -3.40270  19.8%   893  404s
  1004  1086   -3.29561   64 1186   -2.83977   -3.40270  19.8%   869  409s
  1085  1160   -3.28952   72 1210   -2.83977   -3.40270  19.8%   853  415s
  1159  1254   -3.28332   78 1194   -2.83977   -3.40270  19.8%   847  420s
  1253  1356   -3.27724   93 1107   -2.83977   -3.40270  19.8%   824  426s
  1355  1469   -3.27221  106 1138   -2.83977   -3.40270  19.8%   806  431s
  1468  1600   -3.26404  120 1207   -2.83977   -3.40270  19.8%   783  437s
  1599  1711   -3.25961  139 1232   -2.83977   -3.40270  19.8%   755  445s
  1710  1815   -3.25432  155 1209   -2.83977   -3.40270  19.8%   748  450s
  1941  2155   -3.24475  162 1258   -2.83977   -3.40270  19.8%   729  459s
  2154  2365   -3.23929  170 1200   -2.83977   -3.40270  19.8%   686  466s
  2364  2468   -3.23371  197 1105   -2.83977   -3.40270  19.8%   660  473s
  2469  2584   -3.22817  203 1143   -2.83977   -3.40270  19.8%   668  478s
  2585  2682   -3.19658  209 1153   -2.83977   -3.40270  19.8%   671  485s
  2685  2858   -3.18151  212 1160   -2.83977   -3.40270  19.8%   681  492s
  2863  3009   -3.14108  235 1040   -2.83977   -3.40270  19.8%   674  500s
  3014  3208   -3.10506  250  990   -2.83977   -3.40270  19.8%   674  506s
  3215  3338   -3.05318  274  954   -2.83977   -3.40270  19.8%   664  515s
  3353  3560   -3.03962  293  994   -2.83977   -3.40270  19.8%   672  522s
  3577  3783   -3.01354  315  920   -2.83977   -3.40270  19.8%   664  529s
  3805  4042   -2.97562  331  944   -2.83977   -3.40270  19.8%   656  538s
  4077  4247   -2.92873  376  882   -2.83977   -3.40270  19.8%   645  545s
  4284  4451   -2.86640  425  894   -2.83977   -3.38865  19.3%   643  556s
  4498  4656   -3.32800   11 1166   -2.83977   -3.38865  19.3%   643  567s
  4722  4905   -3.29431   22 1197   -2.83977   -3.38865  19.3%   641  577s
  4973  5213   -3.24000   37 1120   -2.83977   -3.38865  19.3%   636  589s
  5281  5476   -3.21290   63 1116   -2.83977   -3.38865  19.3%   624  599s
  5567  5714   -3.17283   89 1117   -2.83977   -3.38865  19.3%   619  610s
  5810  5899   -3.10503  132 1068   -2.83977   -3.38865  19.3%   621  619s
  6006  6180   -2.91762  176  852   -2.83977   -3.38556  19.2%   626  629s
  6299  6429   -3.29639   10 1169   -2.83977   -3.38556  19.2%   624  640s
  6552  6762   -3.17985   17  936   -2.83977   -3.38556  19.2%   628  654s
  6913  7030   -3.07341   23  882   -2.83977   -3.38556  19.2%   625  666s
  7197  7418   -2.85374   33  780   -2.83977   -3.38438  19.2%   630  678s
  7638  7934   -3.32502    8 1175   -2.83977   -3.38438  19.2%   625  691s
  8186  8145   -3.26131   29 1187   -2.83977   -3.38438  19.2%   612  707s
  8415  8146   -2.93495  163 1589   -2.83977   -3.38438  19.2%   627  745s
  8417  8147   -2.85640  218  998   -2.83977   -3.38438  19.2%   626  759s
  8418  8148   -2.93308  401 1303   -2.83977   -3.38438  19.2%   626  778s
H 8418  7740                      -2.8417590   -3.38438  19.1%   626  783s
  8420  7741   -3.22890  156 1245   -2.84176   -3.38438  19.1%   626  786s
  8422  7743   -3.33047   20 1368   -2.84176   -3.35013  17.9%   626  804s
  8423  7743   -2.99607  279 1343   -2.84176   -3.34679  17.8%   626  806s
  8424  7744   -3.09953  265 1363   -2.84176   -3.34661  17.8%   626  810s
  8425  7745   -3.02348  148 1388   -2.84176   -3.33669  17.4%   626  816s
  8428  7747   -2.99794  270 1382   -2.84176   -3.33528  17.4%   626  823s
  8430  7748   -3.02348  180 1412   -2.84176   -3.33322  17.3%   625  828s
  8431  7749   -2.86648  212 1412   -2.84176   -3.33322  17.3%   625  830s
  8432  7749   -3.32439   35 1412   -2.84176   -3.33322  17.3%   625  841s
  8433  7753   -3.30987   16 1277   -2.84176   -3.33304  17.3%   634  853s
  8435  7756   -3.30659   17 1260   -2.84176   -3.30987  16.5%   635  856s
  8439  7763   -3.30575   18 1248   -2.84176   -3.30646  16.4%   636  862s
  8447  7776   -3.30307   19 1255   -2.84176   -3.30572  16.3%   638  869s
  8463  7787   -3.30068   20 1252   -2.84176   -3.30293  16.2%   642  873s
  8479  7798   -3.26529   20 1248   -2.84176   -3.30064  16.1%   643  878s
  8495  7808   -3.29809   21 1311   -2.84176   -3.30063  16.1%   647  933s
H 8511  7431                      -2.8447370   -3.30063  16.0%   648  974s
  8527  7452   -3.29557   22 1309   -2.84474   -3.29557  15.8%   655  981s
  8553  7468   -3.29557   23 1296   -2.84474   -3.29557  15.8%   658  988s
  8578  7487   -3.28995   24 1288   -2.84474   -3.29071  15.7%   660  994s
  8605  7505   -3.28973   25 1291   -2.84474   -3.29071  15.7%   663  999s
  8632  7523   -3.28923   26 1298   -2.84474   -3.29071  15.7%   665 1005s
  8659  7543   -3.28541   27 1290   -2.84474   -3.29071  15.7%   667 1013s
  8688  7569   -3.28200   28 1260   -2.84474   -3.29071  15.7%   671 1021s
  8724  7590   -3.28111   29 1274   -2.84474   -3.29071  15.7%   675 1027s
  8757  7613   -3.27914   30 1244   -2.84474   -3.29071  15.7%   678 1033s
  8791  7638   -3.27859   31 1251   -2.84474   -3.29071  15.7%   681 1043s
  8827  7660   -3.27732   32 1238   -2.84474   -3.29071  15.7%   685 1052s
  8861  7689   -3.27720   33 1276   -2.84474   -3.29071  15.7%   689 1060s
  8902  7725   -3.27668   34 1285   -2.84474   -3.29071  15.7%   693 1069s
  8951  7762   -3.27601   35 1290   -2.84474   -3.29071  15.7%   698 1079s
  9005  7787   -3.27363   37 1285   -2.84474   -3.29071  15.7%   701 1084s
  9048  7815   -3.21203   38 1248   -2.84474   -3.29071  15.7%   706 1091s
  9090  7854   -3.26296   39 1275   -2.84474   -3.29071  15.7%   711 1105s
  9143  7886   -3.25804   40 1278   -2.84474   -3.29071  15.7%   717 1113s
  9193  7927   -3.25678   41 1285   -2.84474   -3.29071  15.7%   721 1118s
  9250  7963   -3.25651   42 1300   -2.84474   -3.29071  15.7%   724 1127s
  9305  7995   -3.24365   43 1277   -2.84474   -3.29071  15.7%   730 1138s
  9356  8033   -3.23398   45 1225   -2.84474   -3.29071  15.7%   737 1147s
  9411  8086   -3.18988   46 1128   -2.84474   -3.29071  15.7%   744 1159s
  9482  8136   -3.21816   48 1296   -2.84474   -3.29071  15.7%   749 1170s
  9556  8186   -3.21614   50 1308   -2.84474   -3.29071  15.7%   755 1179s
  9630  8244   -3.21281   52 1290   -2.84474   -3.29071  15.7%   762 1189s
  9713  8294   -3.13340   53 1108   -2.84474   -3.29071  15.7%   769 1198s
  9791  8348   -3.21037   54 1261   -2.84474   -3.29071  15.7%   775 1207s
  9871  8414   -3.16074   56 1191   -2.84474   -3.29071  15.7%   782 1218s
  9965  8471   -3.17232   58 1264   -2.84474   -3.29071  15.7%   788 1234s
 10056  8545   -3.16716   60 1248   -2.84474   -3.29071  15.7%   794 1246s
H10172  8147                      -2.8620577   -3.29071  15.0%   802 1327s
H10174  7790                      -2.8752545   -3.29071  14.4%   802 1327s
H10190  7450                      -2.8761814   -3.29071  14.4%   804 1327s
 10191  7510   -3.12166   63 1164   -2.87618   -3.29071  14.4%   804 1339s
 10289  7587   -3.13410   66 1225   -2.87618   -3.29071  14.4%   813 1352s
 10417  7660   -3.12593   69 1236   -2.87618   -3.29071  14.4%   820 1365s
 10546  7753   -3.12138   73 1198   -2.87618   -3.29071  14.4%   826 1376s
 10694  7860   -3.07483   76 1186   -2.87618   -3.29071  14.4%   830 1389s
 10882  7907   -3.04170   80 1128   -2.87618   -3.29071  14.4%   834 1401s
 11027  7986   -3.08503   83 1165   -2.87618   -3.29071  14.4%   840 1413s
 11163  8110   -2.99658   87 1139   -2.87618   -3.29071  14.4%   846 1426s
 11340  8245   -3.06389   91 1173   -2.87618   -3.29071  14.4%   851 1438s
 11564  8342   -3.05424   95 1174   -2.87618   -3.29071  14.4%   853 1451s
 11756  8503   -3.04316   99 1190   -2.87618   -3.29071  14.4%   859 1464s
 12018  8630   -2.98055  104 1110   -2.87618   -3.29071  14.4%   862 1480s
 12299  8670   -2.98033  109 1167   -2.87618   -3.29071  14.4%   863 1494s
 12511  8835   -2.98650  114 1133   -2.87618   -3.29071  14.4%   869 1508s
 12790  9032   -2.97283  120 1089   -2.87618   -3.29071  14.4%   871 1523s
 13132  9113   -2.95339  127 1115   -2.87618   -3.29071  14.4%   872 1538s
 13474  9188   -2.89617  138 1105   -2.87618   -3.29070  14.4%   874 1553s
 13723  9347   -3.22190   31 1184   -2.87618   -3.29070  14.4%   878 1568s
 14000  9550   -3.10167   43 1122   -2.87618   -3.28290  14.1%   881 1584s
 14325  9803   -3.26622   26 1296   -2.87618   -3.28290  14.1%   885 1603s
 14744  9805   -3.23326   29 1217   -2.87618   -3.28290  14.1%   885 1643s
 14935 10052   -3.21231   33 1249   -2.87618   -3.28290  14.1%   891 1663s
 15366 10080   -3.19048   37 1177   -2.87618   -3.28290  14.1%   895 1683s
 15598 10214   -3.16964   42 1203   -2.87618   -3.28290  14.1%   908 1703s
 15941 10343   -3.14457   46 1022   -2.87618   -3.28290  14.1%   917 1724s
 16243 10690   -3.05629   54 1052   -2.87618   -3.28290  14.1%   926 1746s
 16756 10950   -3.03561   64 1024   -2.87618   -3.28290  14.1%   927 1770s
 17321 11173   -2.95398   81  733   -2.87618   -3.28290  14.1%   925 1796s
 17890 11255     cutoff  112        -2.87618   -3.26169  13.4%   925 1820s
 18348 11474   -3.19583   28 1229   -2.87618   -3.26169  13.4%   929 1845s
 18880 11715   -3.05805   48 1179   -2.87618   -3.25227  13.1%   932 1873s
 19400 11890   -3.18646   27 1170   -2.87618   -3.25078  13.0%   935 1900s
 19872 12131   -2.97776   57 1155   -2.87618   -3.25033  13.0%   941 1926s
 20362 12300   -3.14974   31 1270   -2.87618   -3.25017  13.0%   945 1955s
 20825 12534   -3.06465   43 1235   -2.87618   -3.25017  13.0%   951 1996s
 21297 12797   -2.96575   65 1058   -2.87618   -3.24837  12.9%   959 2036s
 21863 12973   -3.01483   32 1008   -2.87618   -3.24420  12.8%   971 2073s
 22410 13160   -3.20607   24 1240   -2.87618   -3.24420  12.8%   983 2114s
 22940 13638   -2.96366   42  959   -2.87618   -3.24333  12.8%   996 2157s
 23784 14252   -3.00873   45 1101   -2.87618   -3.24002  12.7%  1000 2224s
 24860 14484   -3.09228   38 1278   -2.87618   -3.24002  12.7%   989 2263s
 25655 14817   -2.91801   73 1004   -2.87618   -3.23606  12.5%   992 2300s
 26375 15367   -2.98346   54  967   -2.87618   -3.23454  12.5%   995 2342s
 27382 15593   -3.08456   31 1017   -2.87618   -3.23387  12.4%   992 2383s
 28071 16302   -2.95597   58 1116   -2.87618   -3.23313  12.4%   997 2427s
 28990 16907   -3.09893   40 1134   -2.87618   -3.23172  12.4%   999 2473s
 29815 17635   -3.18459   25 1048   -2.87618   -3.22967  12.3%  1005 2521s
 30762 18400   -3.01222   62 1088   -2.87618   -3.22759  12.2%  1007 2570s
 31732 19023   -3.10553   29 1022   -2.87618   -3.22627  12.2%  1008 2620s
 32544 19635   -3.15382   31 1131   -2.87618   -3.22570  12.2%  1015 2675s
 33407 20055   -3.17478   28 1186   -2.87618   -3.22555  12.1%  1020 2754s
 33963 20872   -3.12553   30 1079   -2.87618   -3.22280  12.1%  1024 2811s
H35069 20930                      -2.8761814   -3.22261  12.0%  1026 3035s
 35143 21705   -3.10042   27 1101   -2.87618   -3.22074  12.0%  1027 3098s
 36252 22499   -3.12411   31 1064   -2.87618   -3.21875  11.9%  1033 3163s
 37349 22905   -2.94308   37 1127   -2.87618   -3.21676  11.8%  1038 3240s
 38012 23772   -3.15415   35 1227   -2.87618   -3.21562  11.8%  1042 3313s
 39436 24596   -2.98430   52 1265   -2.87618   -3.21330  11.7%  1047 3384s
 40358 24596   -3.08816   34 1207   -2.87618   -3.21199  11.7%  1051 3385s
 40727 25500   -3.01279   30  891   -2.87618   -3.21135  11.7%  1053 3456s
 41998 25501   -3.06507   46 1589   -2.87618   -3.20984  11.6%  1057 4517s
 42000 25502   -3.14809   26 1132   -2.87618   -3.20984  11.6%  1057 4538s
 42001 25503   -3.15297   37 1348   -2.87618   -3.20984  11.6%  1057 4578s
 42002 25504   -3.02909   41 1552   -2.87618   -3.20984  11.6%  1057 4589s
 42003 25504   -3.13518   49 1724   -2.87618   -3.20984  11.6%  1057 4603s
 42004 25505   -2.92077   79 1713   -2.87618   -3.20984  11.6%  1057 4607s
 42006 25506   -2.99943   64 1694   -2.87618   -3.20984  11.6%  1057 4616s
 42007 25507   -2.95750   34 1637   -2.87618   -3.20984  11.6%  1057 4669s
 42008 25508   -3.12253   51 1731   -2.87618   -3.20984  11.6%  1057 4670s
 42009 25508   -2.92145   86 1693   -2.87618   -3.20984  11.6%  1057 4713s
 42010 25509   -3.00102   55 1619   -2.87618   -3.20984  11.6%  1057 4755s
 42012 25510   -3.07479   77 1708   -2.87618   -3.20984  11.6%  1057 4793s
 42013 25511   -2.95169   58 1711   -2.87618   -3.20984  11.6%  1057 4833s
 42015 25512   -3.14162   28 1780   -2.87618   -3.20969  11.6%  1057 4867s
 42016 25513   -2.89066   41 1686   -2.87618   -3.20114  11.3%  1057 4915s
 42019 25515   -3.09959   39 1774   -2.87618   -3.19972  11.2%  1057 4951s
 42020 25516   -2.94738   84 1736   -2.87618   -3.19938  11.2%  1057 4988s
 42021 25516   -3.05987   43 1767   -2.87618   -3.19926  11.2%  1057 5020s
 42022 25517   -3.03731   39 1711   -2.87618   -3.19822  11.2%  1057 5070s
 42023 25518   -2.89746   63 1736   -2.87618   -3.19822  11.2%  1057 5103s
 42024 25518   -3.10869   31 1704   -2.87618   -3.19796  11.2%  1057 5139s
 42025 25519   -3.12703   30 1736   -2.87618   -3.19766  11.2%  1057 5140s
 42026 25520   -3.14992   26 1743   -2.87618   -3.19765  11.2%  1057 5171s
 42027 25520   -2.96895   45 1722   -2.87618   -3.19748  11.2%  1057 5243s
 42028 25521   -2.95576   78 1744   -2.87618   -3.19748  11.2%  1057 5275s
 42029 25522   -3.09710   28 1763   -2.87618   -3.19724  11.2%  1057 5309s
 42030 25522   -2.99143   98 1744   -2.87618   -3.19724  11.2%  1057 5342s
 42031 25523   -3.05832   32 1685   -2.87618   -3.19654  11.1%  1057 5376s
 42032 25524   -3.10029   37 1757   -2.87618   -3.19633  11.1%  1057 5409s
 42033 25524   -2.91904   48 1724   -2.87618   -3.19557  11.1%  1057 5443s
 42035 25526   -3.11624   39 1769   -2.87618   -3.19520  11.1%  1056 5476s
 42036 25526   -3.04605   35 1726   -2.87618   -3.19518  11.1%  1056 5509s
 42037 25527   -3.14589   45 1748   -2.87618   -3.19518  11.1%  1056 5541s
 42038 25528   -3.06729   55 1737   -2.87618   -3.19518  11.1%  1056 5576s
 42039 25528   -3.04177   45 1743   -2.87618   -3.19518  11.1%  1056 5608s
 42040 25529   -3.09108   29 1743   -2.87618   -3.19517  11.1%  1056 5641s
 42041 25530   -3.05156   38 1743   -2.87618   -3.19517  11.1%  1056 5664s
 42042 25530   -2.88765   76 1725   -2.87618   -3.19517  11.1%  1056 5694s
 42043 25531   -3.16718   31 1725   -2.87618   -3.19517  11.1%  1056 5792s
 42044 25535   -3.16925   25 1354   -2.87618   -3.19517  11.1%  1060 5821s
 42046 25538   -3.16725   26 1346   -2.87618   -3.16925  10.2%  1060 5826s
 42050 25545   -3.16472   27 1382   -2.87618   -3.16725  10.1%  1060 5835s
 42058 25558   -3.16089   28 1406   -2.87618   -3.16464  10.0%  1061 5849s
 42074 25569   -3.15942   29 1385   -2.87618   -3.16086  9.90%  1073 5857s
 42090 25579   -3.14713   29 1288   -2.87618   -3.15939  9.85%  1073 5868s
 42106 25590   -3.15082   30 1400   -2.87618   -3.15939  9.85%  1074 5874s
 42122 25601   -3.10510   30 1354   -2.87618   -3.15082  9.55%  1075 5885s
 42138 25614   -3.15010   31 1367   -2.87618   -3.15010  9.52%  1076 5891s
 42157 25626   -3.14215   32 1363   -2.87618   -3.15009  9.52%  1076 5899s
 42175 25642   -3.12924   32 1252   -2.87618   -3.14713  9.42%  1077 5905s
 42197 25657   -3.14209   33 1353   -2.87618   -3.14713  9.42%  1078 5910s
 42219 25675   -3.14024   34 1397   -2.87618   -3.14713  9.42%  1078 5920s
 42245 25694   -3.13981   35 1334   -2.87618   -3.14713  9.42%  1079 5926s
 42272 25712   -3.13962   36 1331   -2.87618   -3.14713  9.42%  1079 5931s
 42299 25732   -3.13251   37 1365   -2.87618   -3.14713  9.42%  1080 5937s
 42328 25758   -3.12872   38 1323   -2.87618   -3.14713  9.42%  1080 5943s
 42364 25778   -3.12812   40 1342   -2.87618   -3.14713  9.42%  1081 5949s
 42396 25806   -3.12715   41 1331   -2.87618   -3.14713  9.42%  1081 5954s
 42435 25836   -3.12340   42 1360   -2.87618   -3.14713  9.42%  1081 5964s
 42478 25864   -3.11853   43 1317   -2.87618   -3.14713  9.42%  1082 5969s
 42520 25886   -3.10905   44 1206   -2.87618   -3.14713  9.42%  1082 5974s
 42556 25917   -3.10608   45 1329   -2.87618   -3.14713  9.42%  1082 5978s
 42599 25945   -3.09746   46 1225   -2.87618   -3.14713  9.42%  1083 5985s
 42641 25975   -3.08494   47 1181   -2.87618   -3.14713  9.42%  1084 5993s
 42685 26006   -3.00988   48  940   -2.87618   -3.14713  9.42%  1084 6005s
 42731 26007   -3.07249   50 1094   -2.87618   -3.14713  9.42%  1085 6158s
 42747 26050   -2.99774   50  981   -2.87618   -3.14713  9.42%  1086 6166s
 42802 26092   -3.06077   52 1043   -2.87618   -3.14713  9.42%  1086 6177s
 42866 26142   -3.02060   54  960   -2.87618   -3.14713  9.42%  1087 6191s
 42949 26175   -3.00956   57  957   -2.87618   -3.14713  9.42%  1088 6204s
 43037 26211   -2.93216   60  900   -2.87618   -3.14713  9.42%  1088 6215s
 43118 26262   -2.97283   65  633   -2.87618   -3.14713  9.42%  1089 6228s
 43234 26272   -2.94071   72  563   -2.87618   -3.14713  9.42%  1089 6236s
 43309 26291   -2.91113   79  551   -2.87618   -3.14713  9.42%  1090 6247s
 43384 26281     cutoff   87        -2.87618   -3.14713  9.42%  1091 6305s
 43401 26331     cutoff   88        -2.87618   -3.14711  9.42%  1091 6316s
 43474 26402   -2.94641   32  781   -2.87618   -3.14711  9.42%  1092 6330s
 43597 26455   -2.90252   35  667   -2.87618   -3.14493  9.34%  1093 6339s
 43730 26507   -3.11454   34 1095   -2.87618   -3.14434  9.32%  1093 6348s
 43866 26604   -3.04218   38  937   -2.87618   -3.14434  9.32%  1093 6359s
 44057 26625   -2.95102   47  715   -2.87618   -3.14434  9.32%  1093 6369s
 44250 26650   -2.88063   68  153   -2.87618   -3.13769  9.09%  1093 6384s
 44387 26727   -2.90184   35  788   -2.87618   -3.13446  8.98%  1093 6396s
 44542 26802   -3.08361   34 1253   -2.87618   -3.13422  8.97%  1094 6409s
 44712 26836   -3.04076   38 1201   -2.87618   -3.13422  8.97%  1094 6419s
 44854 26903   -2.99833   45 1133   -2.87618   -3.13422  8.97%  1095 6436s
 45056 26955   -2.95569   54 1068   -2.87618   -3.13422  8.97%  1095 6447s
 45258 27032     cutoff   78        -2.87618   -3.13241  8.91%  1095 6463s
 45433 27173   -2.99719   33 1308   -2.87618   -3.13002  8.83%  1095 6478s
 45688 27227   -2.97226   38 1205   -2.87618   -3.12419  8.62%  1094 6493s
 45886 27329   -3.07277   33 1330   -2.87618   -3.12208  8.55%  1094 6508s
 46070 27427   -3.04391   36 1301   -2.87618   -3.12208  8.55%  1095 6525s
 46302 27487   -3.01608   39 1309   -2.87618   -3.12208  8.55%  1095 6538s
 46518 27593   -2.99381   44 1359   -2.87618   -3.12208  8.55%  1096 6554s
 46793 27630     cutoff   49        -2.87618   -3.12208  8.55%  1096 6578s
 47008 27772   -2.97174   49 1327   -2.87618   -3.12208  8.55%  1097 6599s
 47299 27844   -2.93502   59 1279   -2.87618   -3.12208  8.55%  1097 6620s
 47560 27931     cutoff   67        -2.87618   -3.11272  8.22%  1098 6636s
 47780 28062   -2.90713   39  734   -2.87618   -3.11085  8.16%  1100 6655s
 48115 27964   -2.89520   44  862   -2.87618   -3.10812  8.06%  1099 6892s
 48133 28123   -2.88336   45  849   -2.87618   -3.10806  8.06%  1099 6915s
 48417 28242   -3.03656   46 1051   -2.87618   -3.10806  8.06%  1101 6934s
 48702 28399   -2.99666   54  831   -2.87618   -3.10806  8.06%  1102 6954s
 49083 28529   -2.91631   74  806   -2.87618   -3.10784  8.05%  1101 6985s
 49417 28685   -3.03904   32 1278   -2.87618   -3.10784  8.05%  1102 7007s
 49815 28800   -2.94295   35 1086   -2.87618   -3.10472  7.95%  1102 7032s
 50166 28918   -3.04647   38 1215   -2.87618   -3.10419  7.93%  1103 7058s
 50480 29043   -3.02661   44 1114   -2.87618   -3.10419  7.93%  1105 7091s
 50819 29161   -2.97490   52  894   -2.87618   -3.10419  7.93%  1108 7118s
 51186 29316   -2.90524   67  566   -2.87618   -3.10353  7.90%  1111 7148s
 51656 29410   -2.92642   31  692   -2.87618   -3.10198  7.85%  1112 7180s
 52110 29619   -3.03545   39  981   -2.87618   -3.10024  7.79%  1113 7209s
 52684 29798   -3.00579   38 1064   -2.87618   -3.09664  7.66%  1112 7236s
 53190 30027   -3.03520   46 1284   -2.87618   -3.09520  7.61%  1113 7269s
 53804 30168   -2.96507   51 1104   -2.87618   -3.09386  7.57%  1113 7303s
 54373 30294   -3.03053   44 1059   -2.87618   -3.09357  7.56%  1113 7339s
 54938 30471   -3.02001   39 1227   -2.87618   -3.09049  7.45%  1114 7388s
 55485 30705   -2.93209   55 1159   -2.87618   -3.08885  7.39%  1115 7424s
 56077 30985   -2.96720   41 1073   -2.87618   -3.08696  7.33%  1115 7462s
 56769 31295   -2.95348   33 1199   -2.87618   -3.08537  7.27%  1114 7505s
 57526 31480   -2.97859   46 1008   -2.87618   -3.08392  7.22%  1113 7547s
 58233 31633   -2.89399   58 1052   -2.87618   -3.08301  7.19%  1115 7594s
 58950 31757   -3.02438   43 1255   -2.87618   -3.08074  7.11%  1116 7664s
 59498 32229   -2.99431   48 1194   -2.87618   -3.07934  7.06%  1117 7714s
 60435 32543   -2.97387   52  946   -2.87618   -3.07794  7.01%  1115 7764s
 61399 32889   -3.01113   41 1016   -2.87618   -3.07599  6.95%  1114 7817s
 62384 33258   -2.96330   51 1199   -2.87618   -3.07387  6.87%  1114 7865s
 63422 33689   -3.00279   45 1150   -2.87618   -3.07208  6.81%  1113 7932s
 64670 33828   -2.98659   45 1011   -2.87618   -3.07002  6.74%  1112 7980s
 65504 34118   -2.88768   68  888   -2.87618   -3.06764  6.66%  1113 8029s
 66428 34516   -2.97495   47 1299   -2.87618   -3.06569  6.59%  1115 8087s
 67499 34827   -2.98336   42 1105   -2.87618   -3.06422  6.54%  1115 8143s
 68567 35122     cutoff   50        -2.87618   -3.06258  6.48%  1115 8208s
 69642 35392   -2.96225   43 1026   -2.87618   -3.06140  6.44%  1117 8267s
 70792 35813   -2.89932   45 1115   -2.87618   -3.05947  6.37%  1118 8338s
 72007 36214   -2.98251   38 1268   -2.87618   -3.05882  6.35%  1117 8403s
 73290 36569   -2.89505   53 1110   -2.87618   -3.05737  6.30%  1117 8473s
 74559 36951   -2.91377   39 1190   -2.87618   -3.05488  6.21%  1118 8542s
 75983 37314   -2.99335   48 1132   -2.87618   -3.05393  6.18%  1119 8615s
 77382 37691   -2.91518   61  988   -2.87618   -3.05259  6.13%  1120 8690s
 78926 38087   -2.89807   52  729   -2.87618   -3.05051  6.06%  1120 8768s
 80480 38542   -2.96086   51 1095   -2.87618   -3.04882  6.00%  1121 8866s
 82023 38997   -2.94825   48  875   -2.87618   -3.04696  5.94%  1121 8955s
 83690 38586   -2.92761   48 1007   -2.87618   -3.04508  5.87%  1122 9243s
 83892 39839   -2.92506   69  945   -2.87618   -3.04503  5.87%  1121 9347s
 86170 39822   -2.90194   48 1186   -2.87618   -3.04332  5.81%  1121 9420s
 87631 40314   -3.00574   39 1149   -2.87618   -3.04219  5.77%  1122 9498s
 89325 40628   -2.99255   39 1161   -2.87618   -3.04078  5.72%  1122 9599s
 90919 41012   -2.97548   46 1047   -2.87618   -3.03915  5.67%  1122 9681s
 92697 41366     cutoff   50        -2.87618   -3.03841  5.64%  1123 9762s
 94511 41868   -2.98196   40 1001   -2.87618   -3.03709  5.59%  1123 9838s
 96460 42007   -2.92117   42  841   -2.87618   -3.03565  5.54%  1122 9914s
 97524 41652   -2.95112   55  884   -2.87618   -3.03508  5.52%  1123 9915s
 98032 42465   -2.93082   45 1088   -2.87618   -3.03441  5.50%  1123 9991s
 99765 42875     cutoff   51        -2.87618   -3.03371  5.48%  1123 10066s
 101485 43103   -2.95667   45  919   -2.87618   -3.03244  5.43%  1122 10137s
 102965 43492   -2.94604   52 1106   -2.87618   -3.03168  5.41%  1123 10212s
 104588 44119     cutoff   67        -2.87618   -3.03031  5.36%  1124 10313s
 107067 44068   -2.96312   43 1135   -2.87618   -3.02894  5.31%  1122 10531s
 108384 44741 infeasible   67        -2.87618   -3.02822  5.29%  1122 10615s
 110520 45240   -3.00162   41 1076   -2.87618   -3.02710  5.25%  1120 10695s
 112500 45485   -2.91974   50  927   -2.87618   -3.02611  5.21%  1118 10773s
 114215 45193   -2.92615   44 1019   -2.87618   -3.02522  5.18%  1119 10800s

Cutting planes:
  Gomory: 64
  Cover: 66
  MIR: 26
  StrongCG: 3
  Flow cover: 149
  GUB cover: 6
  Inf proof: 69
  Zero half: 180
  Mod-K: 5
  RLT: 28

Explored 114820 nodes (128532304 simplex iterations) in 10800.74 seconds (24579.35 work units)
Thread count was 16 (of 18 available processors)

Solution count 10: -2.87618 -2.87618 -2.87525 ... -2.74583

Time limit reached
Best objective -2.876181377253e+00, best bound -3.025171184259e+00, gap 5.1801%

---------------------------------------------------------------------------
Multi-objectives: stopped in 10824.32 seconds (24579.35 work units), solution count 10
Time Limit reached

