
Gurobi 11.0.0 (win64) logging started Thu Dec 19 22:47:20 2024

Set parameter LogFile to value "C:\Users\Administrator\Desktop\OptRail_Railroad_Construction\Data\Solution\AnzahlAuftraege_NEW_10\a10_o107_m5_an57_ar12\3_Objectives\hierarchical\gurobi_a10_o107_m5_an57_ar12_hierarchical.log"
Gurobi Optimizer version 11.0.0 build v11.0.0rc2 (win64 - Windows Server 2022.0 (20348.2))

CPU model: AMD EPYC 7513 32-Core Processor, instruction set [SSE2|AVX|AVX2]
Thread count: 18 physical cores, 18 logical processors, using up to 16 threads

Optimize a model with 2603 rows, 130587 columns and 642052 nonzeros
Model fingerprint: 0x1a202fd2
Variable types: 0 continuous, 130587 integer (130587 binary)
Coefficient statistics:
  Matrix range     [1e+00, 1e+01]
  Objective range  [1e+00, 2e+02]
  Bounds range     [1e+00, 1e+00]
  RHS range        [1e+00, 2e+02]

---------------------------------------------------------------------------
Multi-objectives: starting optimization with 3 objectives ... 
---------------------------------------------------------------------------

Multi-objectives: applying initial presolve ...
---------------------------------------------------------------------------

Presolve added 0 rows and 2 columns
Presolve removed 338 rows and 0 columns
Presolve time: 0.59s
Presolved: 2265 rows, 130589 columns, 552030 nonzeros
---------------------------------------------------------------------------

Multi-objectives: optimize objective 1 () ...
---------------------------------------------------------------------------

Found heuristic solution: objective 0.0000000
Presolve removed 548 rows and 68140 columns
Presolve time: 0.75s
Presolved: 1717 rows, 62449 columns, 466906 nonzeros
Variable types: 0 continuous, 62449 integer (62443 binary)
Deterministic concurrent LP optimizer: primal and dual simplex
Showing primal log only...

Concurrent spin time: 0.02s

Solved with dual simplex

Use crossover to convert LP symmetric solution to basic solution...

Root relaxation: objective -9.500000e+00, 1603 iterations, 0.28 seconds (0.33 work units)
Total elapsed time = 5.00s (DegenMoves)

    Nodes    |    Current Node    |     Objective Bounds      |     Work
 Expl Unexpl |  Obj  Depth IntInf | Incumbent    BestBd   Gap | It/Node Time

     0     0   -9.50000    0  325    0.00000   -9.50000      -     -    7s
H    0     0                      -4.0000000   -9.50000   138%     -    8s
     0     0   -9.00000    0  711   -4.00000   -9.00000   125%     -   11s
H    0     0                      -9.0000000   -9.00000  0.00%     -   17s
     0     0   -9.00000    0  763   -9.00000   -9.00000  0.00%     -   17s

Cutting planes:
  Gomory: 1
  MIR: 17
  Zero half: 29
  Relax-and-lift: 2

Explored 1 nodes (73886 simplex iterations) in 17.72 seconds (23.64 work units)
Thread count was 16 (of 18 available processors)

Solution count 3: -9 -4 0 
No other solutions better than -9

Optimal solution found (tolerance 1.00e-04)
Best objective -9.000000000000e+00, best bound -9.000000000000e+00, gap 0.0000%
---------------------------------------------------------------------------

Multi-objectives: optimize objective 2 () ...
---------------------------------------------------------------------------


Loaded user MIP start with objective 107

Presolve removed 14 rows and 68034 columns
Presolve time: 0.73s
Presolved: 2252 rows, 62555 columns, 527226 nonzeros
Variable types: 0 continuous, 62555 integer (62553 binary)
Found heuristic solution: objective 61.0000000
Deterministic concurrent LP optimizer: primal simplex, dual simplex, and barrier
Showing barrier log only...

Root barrier log...

Ordering time: 0.03s

Barrier statistics:
 AA' NZ     : 1.609e+05
 Factor NZ  : 4.416e+05 (roughly 22 MB of memory)
 Factor Ops : 1.567e+08 (less than 1 second per iteration)
 Threads    : 14

                  Objective                Residual
Iter       Primal          Dual         Primal    Dual     Compl     Time
   0   1.44085323e+03 -1.98694055e+04  8.97e+04 2.17e-01  7.40e+00    19s
   1   7.31013603e+02 -1.80590698e+04  2.83e+04 1.51e-01  2.40e+00    19s
   2   2.04091297e+02 -1.21372200e+04  5.61e+03 8.88e-16  5.20e-01    19s
   3   1.30782979e+02 -6.23407506e+03  2.90e+03 8.88e-16  2.40e-01    19s
   4   7.61095618e+01 -3.06498819e+03  1.24e+03 3.55e-15  1.01e-01    19s
   5   2.78904964e+01 -1.22206476e+03  3.69e+02 1.78e-15  3.22e-02    19s
   6   8.72014584e+00 -5.60448907e+02  1.22e+02 7.11e-15  1.20e-02    19s
   7   2.14446257e+00 -3.48752041e+02  3.97e+01 3.55e-15  5.65e-03    19s
   8   1.35646657e+00 -2.43812862e+02  2.14e+01 2.66e-15  3.65e-03    19s
   9   8.55732626e-01 -1.54191634e+02  1.49e+01 1.24e-15  2.40e-03    19s
  10   4.77169354e-01 -1.36500541e+02  1.23e+01 1.16e-15  2.09e-03    19s
  11   3.75641919e-01 -8.28124999e+01  9.82e+00 1.13e-15  1.40e-03    19s
  12   1.38121780e-01 -6.53809513e+01  1.24e+00 8.53e-16  8.73e-04    19s
  13   3.28855354e-02 -2.48788693e+01  3.85e-02 1.49e-15  2.93e-04    19s
  14   2.34950968e-03 -3.34346152e+00  4.96e-14 1.10e-15  3.65e-05    19s
  15   9.28938924e-04 -1.18284078e-02  3.36e-13 4.28e-16  1.39e-07    19s
  16   7.11045507e-08 -8.05914803e-05  5.13e-13 2.74e-16  8.80e-10    19s
  17   7.11593954e-14 -8.06506553e-11  1.58e-12 2.61e-16  8.81e-16    19s

Barrier solved model in 17 iterations and 19.25 seconds (25.94 work units)
Optimal objective 7.11593954e-14


Root crossover log...

     220 DPushes remaining with DInf 0.0000000e+00                20s

     261 PPushes remaining with PInf 0.0000000e+00                20s
       0 PPushes remaining with PInf 0.0000000e+00                20s

  Push phase complete: Pinf 0.0000000e+00, Dinf 0.0000000e+00     20s


Root simplex log...

Iteration    Objective       Primal Inf.    Dual Inf.      Time
     264    0.0000000e+00   0.000000e+00   0.000000e+00     20s

Solved with barrier

Use crossover to convert LP symmetric solution to basic solution...

Root crossover log...

     562 PPushes remaining with PInf 0.0000000e+00                20s
       0 PPushes remaining with PInf 0.0000000e+00                20s

  Push phase complete: Pinf 0.0000000e+00, Dinf 0.0000000e+00     20s


Root simplex log...

Iteration    Objective       Primal Inf.    Dual Inf.      Time
     829    0.0000000e+00   0.000000e+00   0.000000e+00     20s

Root relaxation: objective 0.000000e+00, 829 iterations, 1.33 seconds (1.15 work units)
Total elapsed time = 27.22s (DegenMoves)
Total elapsed time = 34.70s (DegenMoves)
Total elapsed time = 41.17s (DegenMoves)
Total elapsed time = 45.88s (DegenMoves)

    Nodes    |    Current Node    |     Objective Bounds      |     Work
 Expl Unexpl |  Obj  Depth IntInf | Incumbent    BestBd   Gap | It/Node Time

     0     0    0.00000    0  744   61.00000    0.00000   100%     -   49s
H    0     0                      38.0000000    0.00000   100%     -   50s
     0     0    0.00000    0 1325   38.00000    0.00000   100%     -   60s
H    0     0                      37.0000000    0.00000   100%     -   75s
     0     0    0.00000    0 1302   37.00000    0.00000   100%     -   77s
H    0     0                      22.0000000    0.00000   100%     -  115s
H    0     0                      13.0000000    0.00000   100%     -  115s
H    0     0                      12.0000000    0.00000   100%     -  115s
     0     0    0.00000    0  452   12.00000    0.00000   100%     -  116s
H    0     0                       8.0000000    0.00000   100%     -  116s
     0     0    0.00000    0  502    8.00000    0.00000   100%     -  140s
H    0     0                       7.0000000    0.00000   100%     -  140s
     0     0    0.00000    0  658    7.00000    0.00000   100%     -  157s
H    0     0                       4.0000000    0.00000   100%     -  158s
     0     0    0.00000    0 1336    4.00000    0.00000   100%     -  172s
H    0     0                       3.0000000    0.04167  98.6%     -  207s
H    0     0                       2.0000000    0.04167  97.9%     -  207s
     0     0    0.04167    0  601    2.00000    0.04167  97.9%     -  207s
     0     0    0.04167    0 1026    2.00000    0.04167  97.9%     -  219s
     0     0    0.04167    0  998    2.00000    0.04167  97.9%     -  224s
     0     0    0.04167    0  567    2.00000    0.04167  97.9%     -  258s
     0     0    0.04167    0  666    2.00000    0.04167  97.9%     -  260s
     0     0    0.04167    0  694    2.00000    0.04167  97.9%     -  262s
     0     0    0.04167    0  693    2.00000    0.04167  97.9%     -  263s
     0     0    0.04167    0  712    2.00000    0.04167  97.9%     -  264s
     0     0    0.04167    0 1100    2.00000    0.04167  97.9%     -  266s
     0     0    0.04167    0 1097    2.00000    0.04167  97.9%     -  267s
     0     0    0.04167    0 1104    2.00000    0.04167  97.9%     -  269s
     0     0    0.04167    0 1075    2.00000    0.04167  97.9%     -  270s
     0     0    0.04167    0 1095    2.00000    0.04167  97.9%     -  271s
     0     0    0.04167    0 1092    2.00000    0.04167  97.9%     -  272s
     0     0    0.04167    0 1317    2.00000    0.04167  97.9%     -  288s
     0     0    0.04167    0 1296    2.00000    0.04167  97.9%     -  291s
     0     0    0.04167    0 1275    2.00000    0.04167  97.9%     -  292s
     0     0    0.04167    0 1263    2.00000    0.04167  97.9%     -  295s
     0     0    0.04167    0 1251    2.00000    0.04167  97.9%     -  296s
     0     0    0.04167    0 1250    2.00000    0.04167  97.9%     -  297s
     0     0    0.04167    0 1239    2.00000    0.04167  97.9%     -  299s
     0     0    0.04167    0 1202    2.00000    0.04167  97.9%     -  300s
     0     0    0.04167    0 1183    2.00000    0.04167  97.9%     -  300s
     0     0    0.04167    0 1153    2.00000    0.04167  97.9%     -  301s
     0     0    0.04167    0 1140    2.00000    0.04167  97.9%     -  301s
     0     0    0.08681    0  781    2.00000    0.08681  95.7%     -  341s
     0     0    0.08824    0 1156    2.00000    0.08824  95.6%     -  345s
     0     0    0.08984    0 1184    2.00000    0.08984  95.5%     -  347s
     0     0    0.09167    0 1200    2.00000    0.09167  95.4%     -  350s
     0     0    0.09167    0 1202    2.00000    0.09167  95.4%     -  352s
     0     0    0.09375    0 1201    2.00000    0.09375  95.3%     -  354s
     0     0    0.09615    0 1230    2.00000    0.09615  95.2%     -  356s
     0     0    0.09896    0 1229    2.00000    0.09896  95.1%     -  357s
     0     0    0.09896    0 1231    2.00000    0.09896  95.1%     -  360s
     0     0    0.09896    0 1194    2.00000    0.09896  95.1%     -  361s
     0     0    0.10227    0 1234    2.00000    0.10227  94.9%     -  363s
     0     0    0.20833    0 1189    2.00000    0.20833  89.6%     -  376s
     0     0    0.20833    0 1210    2.00000    0.20833  89.6%     -  378s
     0     0    0.20833    0 1231    2.00000    0.20833  89.6%     -  380s
     0     0    0.20833    0 1227    2.00000    0.20833  89.6%     -  381s
     0     0    0.20833    0 1212    2.00000    0.20833  89.6%     -  383s
     0     0    0.20833    0 1236    2.00000    0.20833  89.6%     -  385s
     0     0    0.20833    0 1244    2.00000    0.20833  89.6%     -  386s
     0     0    0.20833    0 1205    2.00000    0.20833  89.6%     -  387s
     0     0    0.20833    0 1229    2.00000    0.20833  89.6%     -  388s
     0     0    0.20833    0 1194    2.00000    0.20833  89.6%     -  389s
     0     0    0.20833    0 1221    2.00000    0.20833  89.6%     -  390s
     0     0    0.20833    0 1215    2.00000    0.20833  89.6%     -  406s
     0     0    0.20833    0 1194    2.00000    0.20833  89.6%     -  407s
     0     0    0.20833    0 1195    2.00000    0.20833  89.6%     -  409s
     0     0    0.20833    0 1169    2.00000    0.20833  89.6%     -  410s
     0     0    0.20833    0 1163    2.00000    0.20833  89.6%     -  410s
     0     0    0.20833    0 1153    2.00000    0.20833  89.6%     -  411s
     0     0    0.20833    0 1152    2.00000    0.20833  89.6%     -  412s
     0     0    0.20833    0 1181    2.00000    0.20833  89.6%     -  413s
     0     0    0.20833    0 1149    2.00000    0.20833  89.6%     -  414s
     0     0    0.20833    0 1170    2.00000    0.20833  89.6%     -  415s
     0     0    0.20833    0 1156    2.00000    0.20833  89.6%     -  415s
     0     0    0.20833    0 1155    2.00000    0.20833  89.6%     -  417s
     0     0    0.20833    0 1158    2.00000    0.20833  89.6%     -  418s
     0     0    0.20833    0 1163    2.00000    0.20833  89.6%     -  420s
     0     0    0.20833    0 1171    2.00000    0.20833  89.6%     -  421s
     0     0    0.20833    0 1155    2.00000    0.20833  89.6%     -  422s
     0     0    0.20833    0 1154    2.00000    0.20833  89.6%     -  422s
     0     0    0.20833    0 1192    2.00000    0.20833  89.6%     -  424s
     0     0    0.20833    0 1192    2.00000    0.20833  89.6%     -  425s
     0     0    0.24479    0 1171    2.00000    0.24479  87.8%     -  429s
     0     0    0.24479    0 1134    2.00000    0.24479  87.8%     -  429s
     0     0    0.24479    0 1129    2.00000    0.24479  87.8%     -  430s
     0     0    0.36979    0 1161    2.00000    0.36979  81.5%     -  432s
     0     0    0.36979    0 1167    2.00000    0.36979  81.5%     -  432s
     0     0    0.36979    0 1153    2.00000    0.36979  81.5%     -  432s
     0     0    0.36979    0 1171    2.00000    0.36979  81.5%     -  433s
     0     0    0.36979    0 1159    2.00000    0.36979  81.5%     -  433s
     0     0    0.36979    0 1145    2.00000    0.36979  81.5%     -  434s
     0     0    0.36979    0 1143    2.00000    0.36979  81.5%     -  434s
     0     0    0.36979    0 1142    2.00000    0.36979  81.5%     -  434s
     0     0    0.36979    0 1142    2.00000    0.36979  81.5%     -  435s
     0     0    0.38647    0 1294    2.00000    0.38647  80.7%     -  440s
     0     0    0.38647    0 1264    2.00000    0.38647  80.7%     -  441s
     0     0    0.38647    0 1237    2.00000    0.38647  80.7%     -  445s
     0     0    0.38672    0 1195    2.00000    0.38672  80.7%     -  446s
     0     0    0.38672    0  635    2.00000    0.38672  80.7%     -  455s
     0     0    1.00000    0  263    2.00000    1.00000  50.0%     -  494s
     0     0    1.00000    0  291    2.00000    1.00000  50.0%     -  497s
     0     0    1.00000    0 1127    2.00000    1.00000  50.0%     -  501s
     0     0    1.00000    0 1045    2.00000    1.00000  50.0%     -  503s
     0     0    1.00000    0 1007    2.00000    1.00000  50.0%     -  504s
     0     0    1.00000    0  964    2.00000    1.00000  50.0%     -  504s
     0     0    1.00000    0  925    2.00000    1.00000  50.0%     -  504s
     0     0    1.00000    0  913    2.00000    1.00000  50.0%     -  504s
     0     0    1.00000    0 1172    2.00000    1.00000  50.0%     -  521s
     0     0    1.00000    0 1153    2.00000    1.00000  50.0%     -  524s
     0     0    1.00000    0 1149    2.00000    1.00000  50.0%     -  527s
     0     0    1.00000    0 1149    2.00000    1.00000  50.0%     -  527s
     0     0    1.00000    0 1128    2.00000    1.00000  50.0%     -  527s
     0     0    1.00000    0 1109    2.00000    1.00000  50.0%     -  527s
     0     0    1.00000    0 1092    2.00000    1.00000  50.0%     -  528s
     0     0    1.00000    0 1081    2.00000    1.00000  50.0%     -  528s
     0     0    1.00000    0 1103    2.00000    1.00000  50.0%     -  528s
     0     0    1.00000    0 1074    2.00000    1.00000  50.0%     -  528s
     0     0    1.00000    0 1107    2.00000    1.00000  50.0%     -  540s
     0     0    1.00000    0 1073    2.00000    1.00000  50.0%     -  540s
     0     0 infeasible    0         2.00000    2.00000  0.00%     -  550s

Cutting planes:
  Clique: 1
  MIR: 5
  Zero half: 25

Explored 1 nodes (1207358 simplex iterations) in 550.74 seconds (767.66 work units)
Thread count was 16 (of 18 available processors)

Solution count 10: 2 3 4 ... 38

Optimal solution found (tolerance 1.00e-04)
Best objective 2.000000000000e+00, best bound 2.000000000000e+00, gap 0.0000%
---------------------------------------------------------------------------

Multi-objectives: optimize objective 3 () ...
---------------------------------------------------------------------------


Loaded user MIP start with objective 6931.25

Presolve removed 14 rows and 68022 columns
Presolve time: 0.73s
Presolved: 2253 rows, 62567 columns, 527345 nonzeros
Variable types: 0 continuous, 62567 integer (62565 binary)
Deterministic concurrent LP optimizer: primal simplex, dual simplex, and barrier
Showing barrier log only...

Root barrier log...

Ordering time: 0.11s

Barrier statistics:
 AA' NZ     : 2.227e+05
 Factor NZ  : 6.372e+05 (roughly 30 MB of memory)
 Factor Ops : 2.420e+08 (less than 1 second per iteration)
 Threads    : 14

                  Objective                Residual
Iter       Primal          Dual         Primal    Dual     Compl     Time
   0   4.36478987e+07 -1.24746733e+07  8.86e+04 2.84e-14  3.07e+03   552s
   1   1.13759911e+07 -1.20226866e+07  2.31e+04 1.10e+02  8.71e+02   552s
   2   3.07758298e+06 -8.30736727e+06  6.25e+03 8.82e+00  2.55e+02   552s
   3   8.55043455e+05 -5.38054379e+06  1.72e+03 3.33e+00  8.90e+01   552s
   4   5.53046894e+05 -1.38171777e+06  1.10e+03 5.12e-13  3.59e+01   552s
   5   1.74293085e+05 -8.15960252e+05  3.32e+02 4.57e-13  1.38e+01   552s
   6   7.37457439e+04 -3.30320631e+05  1.28e+02 3.08e-02  5.35e+00   552s
   7   5.87593938e+04 -2.33144596e+05  9.82e+01 6.14e-12  3.90e+00   552s
   8   3.36202149e+04 -1.81889452e+05  4.89e+01 1.74e-02  2.49e+00   552s
   9   2.53507484e+04 -1.20487967e+05  3.26e+01 1.27e-02  1.66e+00   552s
  10   1.97932086e+04 -9.16798341e+04  2.20e+01 3.11e-03  1.22e+00   552s
  11   1.78160382e+04 -7.57419210e+04  1.82e+01 2.05e-12  1.03e+00   552s
  12   1.28125795e+04 -5.23505851e+04  9.55e+00 1.36e-12  6.81e-01   552s
  13   7.18520327e+03 -3.63031952e+04  1.50e+00 1.14e-12  3.77e-01   552s
  14   6.07834581e+03 -2.26070457e+04  6.14e-01 1.93e-12  2.43e-01   552s
  15   5.30451155e+03 -1.26983894e+04  2.38e-01 1.02e-12  1.49e-01   552s
  16   4.82779346e+03 -8.53347226e+03  1.39e-01 6.03e-13  1.09e-01   552s
  17   4.47041199e+03 -4.66812117e+03  8.01e-02 1.59e-12  7.39e-02   552s
  18   4.07441358e+03 -1.52693747e+03  3.69e-02 1.36e-12  4.49e-02   552s
  19   3.89020322e+03 -4.59037322e+02  2.19e-02 9.09e-13  3.48e-02   552s
  20   3.75815252e+03  3.54676758e+02  1.58e-02 7.96e-13  2.71e-02   552s
  21   3.64679488e+03  7.51153488e+02  6.27e-03 4.55e-13  2.31e-02   553s
  22   3.54303373e+03  2.05002035e+03  2.79e-03 2.34e-13  1.19e-02   553s
  23   3.47793663e+03  2.50909982e+03  1.42e-03 1.96e-13  7.71e-03   553s
  24   3.44558481e+03  2.92658473e+03  8.14e-04 2.14e-13  4.13e-03   553s
  25   3.41976075e+03  3.05106192e+03  4.56e-04 2.08e-13  2.93e-03   553s
  26   3.39729359e+03  3.26983532e+03  1.82e-04 2.36e-13  1.01e-03   553s
  27   3.38272757e+03  3.34893095e+03  6.33e-05 4.72e-13  2.69e-04   553s
  28   3.37625209e+03  3.37076696e+03  1.24e-05 2.94e-13  4.36e-05   553s
  29   3.37590720e+03  3.37188668e+03  1.04e-05 3.41e-13  3.20e-05   553s
  30   3.37571619e+03  3.37277033e+03  9.28e-06 2.34e-13  2.35e-05   553s
  31   3.37504800e+03  3.37374606e+03  5.29e-06 4.26e-13  1.04e-05   553s
  32   3.37419682e+03  3.37393555e+03  3.71e-07 3.78e-13  2.08e-06   553s
  33   3.37411735e+03  3.37411091e+03  1.32e-09 3.98e-13  5.11e-08   553s
  34   3.37411418e+03  3.37411417e+03  3.39e-10 3.26e-13  8.65e-11   553s

Barrier solved model in 34 iterations and 552.71 seconds (770.32 work units)
Optimal objective 3.37411418e+03


Root crossover log...

    1295 DPushes remaining with DInf 0.0000000e+00               553s
       0 DPushes remaining with DInf 0.0000000e+00               553s

    2639 PPushes remaining with PInf 0.0000000e+00               553s
       0 PPushes remaining with PInf 0.0000000e+00               553s

  Push phase complete: Pinf 0.0000000e+00, Dinf 6.9935169e-12    553s


Root simplex log...

Iteration    Objective       Primal Inf.    Dual Inf.      Time
    3913    3.3741142e+03   0.000000e+00   0.000000e+00    553s

Solved with barrier

Root relaxation: objective 3.374114e+03, 3913 iterations, 1.03 seconds (0.98 work units)

    Nodes    |    Current Node    |     Objective Bounds      |     Work
 Expl Unexpl |  Obj  Depth IntInf | Incumbent    BestBd   Gap | It/Node Time

     0     0 3374.11417    0  661 6931.24547 3374.11417  51.3%     -  554s
H    0     0                    6797.7642155 3374.11417  50.4%     -  555s
H    0     0                    6584.2634280 3542.51814  46.2%     -  556s
     0     0 3542.51814    0  620 6584.26343 3542.51814  46.2%     -  557s
H    0     0                    6524.0419974 3547.00387  45.6%     -  558s
     0     0 3551.16327    0  658 6524.04200 3551.16327  45.6%     -  558s
     0     0 3665.76330    0  678 6524.04200 3665.76330  43.8%     -  561s
H    0     0                    6502.8301428 3665.88019  43.6%     -  562s
     0     0 3666.24119    0  682 6502.83014 3666.24119  43.6%     -  562s
     0     0 3872.78903    0  664 6502.83014 3872.78903  40.4%     -  565s
H    0     0                    6221.9001804 3872.93459  37.8%     -  566s
     0     0 3875.46302    0  647 6221.90018 3875.46302  37.7%     -  567s
     0     0 3961.76513    0  672 6221.90018 3961.76513  36.3%     -  568s
H    0     0                    6070.6357441 3962.50220  34.7%     -  568s
     0     0 3962.50220    0  678 6070.63574 3962.50220  34.7%     -  568s
     0     0 3965.79273    0  654 6070.63574 3965.79273  34.7%     -  569s
     0     0 3984.60003    0  685 6070.63574 3984.60003  34.4%     -  571s
H    0     0                    5888.1296147 3984.79150  32.3%     -  571s
     0     0 3984.79150    0  701 5888.12961 3984.79150  32.3%     -  571s
     0     0 3991.22574    0  655 5888.12961 3991.22574  32.2%     -  572s
     0     0 4002.43364    0  612 5888.12961 4002.43364  32.0%     -  573s
     0     0 4013.22936    0  617 5888.12961 4013.22936  31.8%     -  574s
     0     0 4018.25913    0  630 5888.12961 4018.25913  31.8%     -  575s
     0     0 4018.30377    0  662 5888.12961 4018.30377  31.8%     -  575s
     0     0 4039.37431    0  634 5888.12961 4039.37431  31.4%     -  576s
H    0     0                    5881.1458907 4039.57383  31.3%     -  576s
     0     0 4039.57383    0  636 5881.14589 4039.57383  31.3%     -  576s
     0     0 4059.54564    0  606 5881.14589 4059.54564  31.0%     -  577s
     0     0 4059.76477    0  605 5881.14589 4059.76477  31.0%     -  578s
     0     0 4071.51214    0  635 5881.14589 4071.51214  30.8%     -  579s
H    0     0                    5730.2179406 4071.53878  28.9%     -  579s
     0     0 4087.05802    0  633 5730.21794 4087.05802  28.7%     -  580s
     0     0 4089.54713    0  625 5730.21794 4089.54713  28.6%     -  581s
     0     0 4089.54713    0  627 5730.21794 4089.54713  28.6%     -  581s
     0     0 4094.27920    0  649 5730.21794 4094.27920  28.5%     -  581s
     0     0 4108.93203    0  594 5730.21794 4108.93203  28.3%     -  583s
     0     0 4109.58914    0  611 5730.21794 4109.58914  28.3%     -  585s
     0     0 4114.28709    0  614 5730.21794 4114.28709  28.2%     -  586s
     0     0 4114.28709    0  613 5730.21794 4114.28709  28.2%     -  586s
     0     0 4117.30971    0  627 5730.21794 4117.30971  28.1%     -  586s
     0     0 4117.60906    0  629 5730.21794 4117.60906  28.1%     -  587s
     0     0 4117.74709    0  601 5730.21794 4117.74709  28.1%     -  588s
H    0     2                    5561.8189520 4126.05401  25.8%     -  592s
     0     2 4126.05401    0  599 5561.81895 4126.05401  25.8%     -  592s
     7    12 4162.93782    3  637 5561.81895 4145.55076  25.5%  2069  595s
H   26    40                    5404.5056702 4168.37585  22.9%  1477  602s
H   42    55                    5156.4099275 4175.43914  19.0%  1311  628s
H   43    55                    5084.6025263 4175.43914  17.9%  1300  628s
H   46    55                    5039.9837340 4175.43914  17.2%  1241  628s
    74    75 4197.96003    7  574 5039.98373 4175.43914  17.2%  1055  630s
   124   131 4237.91310    9  636 5039.98373 4175.43914  17.2%  1114  635s
   191   195 4277.71928   13  576 5039.98373 4175.43914  17.2%   982  640s
   260   268 4371.22362   15  562 5039.98373 4175.43914  17.2%   922  651s
   393   414 4422.65127   22  440 5039.98373 4175.43914  17.2%   822  655s
   503   533 4435.14933   28  442 5039.98373 4175.43914  17.2%   755  660s
   656   677 4460.92193   37  392 5039.98373 4175.43914  17.2%   690  665s
   828   861 4475.46706   41  415 5039.98373 4175.43914  17.2%   649  671s
   981  1036 4488.80975   53  396 5039.98373 4175.43914  17.2%   604  675s
  1148  1172 4498.65581   68  394 5039.98373 4175.43914  17.2%   572  681s
  1297  1337 4515.12589   77  330 5039.98373 4175.43914  17.2%   561  685s
  1497  1541 4630.87168   86  308 5039.98373 4175.43914  17.2%   533  690s
  1781  1789 4556.23919  104  395 5039.98373 4175.43914  17.2%   491  696s
  1901  1840 4782.69252  105  372 5039.98373 4175.43914  17.2%   485  701s
H 1964  1856                    5018.1596415 4175.43914  16.8%   495  792s
  1986  1973 infeasible  107      5018.15964 4175.43914  16.8%   501  797s
  2247  2248 4719.66195  126  378 5018.15964 4175.43914  16.8%   484  802s
  2417  2377 4732.47493  132  385 5018.15964 4175.43914  16.8%   472  806s
  2577  2478 4961.94382  141  326 5018.15964 4175.60451  16.8%   464  811s
  2861  2680 4273.90209    8  728 5018.15964 4175.60451  16.8%   459  818s
  2974  2773 4549.72953   12  566 5018.15964 4175.60451  16.8%   461  823s
  3092  2774 4663.21341   53  601 5018.15964 4175.60451  16.8%   461  838s
  3094  2775 4595.62293   25  645 5018.15964 4175.60451  16.8%   461  845s
  3095  2776 4711.23616   91  414 5018.15964 4175.60451  16.8%   461  852s
  3097  2777 4505.57245   13  544 5018.15964 4265.01437  15.0%   461  855s
  3100  2779 4524.26224   20  442 5018.15964 4485.22696  10.6%   460  864s
  3101  2780 4533.11519   51  562 5018.15964 4533.11519  9.67%   460  866s
  3104  2782 4801.62311  137  430 5018.15964 4710.39524  6.13%   460  873s
  3106  2783 4815.80310  120  459 5018.15964 4784.89490  4.65%   459  876s
  3107  2784 4914.14834   98  356 5018.15964 4914.14834  2.07%   459  883s
  3110  2786 4989.46993   36  438 5018.15964 4989.46993  0.57%   459  885s

Explored 3119 nodes (1623675 simplex iterations) in 888.89 seconds (1243.61 work units)
Thread count was 16 (of 18 available processors)

Solution count 10: 5018.16 5039.98 5084.6 ... 6070.64

Optimal solution found (tolerance 1.00e-04)
Best objective 5.018159641533e+03, best bound 5.018159641533e+03, gap 0.0000%

---------------------------------------------------------------------------
Multi-objectives: solved in 889.20 seconds (1243.61 work units), solution count 10

