
Gurobi 11.0.0 (win64) logging started Tue Dec 24 03:41:27 2024

Set parameter LogFile to value "C:\Users\Administrator\Desktop\OptRail_Railroad_Construction\Data\Solution\AnzahlAuftraege_NEW_15\a15_o170_m9_an80_ar18\6_Objectives\hierarchical_tolerance\gurobi_a15_o170_m9_an80_ar18_hierarchical_tolerance.log"
Gurobi Optimizer version 11.0.0 build v11.0.0rc2 (win64 - Windows Server 2022.0 (20348.2))

CPU model: AMD EPYC 7513 32-Core Processor, instruction set [SSE2|AVX|AVX2]
Thread count: 18 physical cores, 18 logical processors, using up to 16 threads

Optimize a model with 6275 rows, 542172 columns and 2491325 nonzeros
Model fingerprint: 0xa47e3a64
Variable types: 0 continuous, 542172 integer (542172 binary)
Coefficient statistics:
  Matrix range     [1e+00, 1e+01]
  Objective range  [1e+00, 1e+00]
  Bounds range     [1e+00, 1e+00]
  RHS range        [1e+00, 2e+02]

---------------------------------------------------------------------------
Multi-objectives: starting optimization with 1 objectives ... 
---------------------------------------------------------------------------
---------------------------------------------------------------------------

Multi-objectives: optimize objective 1 () ...
---------------------------------------------------------------------------

Optimize a model with 6275 rows, 542172 columns and 2491325 nonzeros
Model fingerprint: 0xb1680bac
Variable types: 0 continuous, 542172 integer (542172 binary)
Coefficient statistics:
  Matrix range     [1e+00, 1e+01]
  Objective range  [1e+00, 1e+00]
  Bounds range     [1e+00, 1e+00]
  RHS range        [1e+00, 2e+02]
Found heuristic solution: objective 0.0000000
Presolve removed 1570 rows and 283629 columns
Presolve time: 3.39s
Presolved: 4705 rows, 258543 columns, 2154011 nonzeros
Variable types: 0 continuous, 258543 integer (258543 binary)
Deterministic concurrent LP optimizer: primal simplex, dual simplex, and barrier
Showing barrier log only...

Root barrier log...

Ordering time: 0.02s

Barrier statistics:
 AA' NZ     : 1.325e+05
 Factor NZ  : 2.402e+05 (roughly 26 MB of memory)
 Factor Ops : 5.524e+07 (less than 1 second per iteration)
 Threads    : 14

                  Objective                Residual
Iter       Primal          Dual         Primal    Dual     Compl     Time
   0  -7.95489162e+02 -7.22628564e+04  7.08e+04 7.38e-01  2.35e+01     5s
   1  -1.57014434e+02 -6.13099664e+04  1.34e+04 2.00e-01  4.73e+00     5s
   2  -4.31048561e+01 -3.25652337e+04  2.22e+03 2.84e-13  9.05e-01     5s
   3  -2.47241984e+01 -5.40273731e+03  5.67e+02 6.39e-14  1.95e-01     5s
   4  -2.39213487e+01 -1.88232262e+03  4.52e+02 1.71e-13  1.30e-01     5s
   5  -1.93679062e+01 -1.77774024e+03  3.25e+02 2.56e-13  9.76e-02     5s
   6  -1.54708077e+01 -1.34243381e+03  5.43e+01 3.69e-13  2.51e-02     5s
   7  -1.49110067e+01 -7.57578564e+02  1.65e+01 7.82e-13  1.05e-02     5s
   8  -1.46780249e+01 -3.03611720e+02  6.69e+00 1.18e-13  4.20e-03     5s
   9  -1.44839685e+01 -1.94792305e+02  2.58e+00 9.06e-14  2.26e-03     5s
  10  -1.35382009e+01 -1.84804702e+02  1.77e-02 8.70e-14  1.62e-03     5s
  11  -1.36060505e+01 -7.55120579e+01  2.30e-03 2.93e-14  5.39e-04     5s
  12  -1.40028284e+01 -4.80793081e+01  1.44e-03 1.60e-14  2.96e-04     5s
  13  -1.43316577e+01 -2.87618268e+01  9.61e-04 6.66e-15  1.25e-04     5s
  14  -1.48864137e+01 -2.20594473e+01  8.33e-05 2.66e-15  6.12e-05     5s
  15  -1.49267054e+01 -1.75931218e+01  1.50e-05 2.66e-15  2.27e-05     5s
  16  -1.49997341e+01 -1.50648856e+01  6.52e-13 1.78e-15  5.55e-07     5s
  17  -1.49999991e+01 -1.50000039e+01  3.20e-13 1.78e-15  4.07e-11     5s
  18  -1.50000000e+01 -1.50000000e+01  3.94e-13 1.78e-15  4.07e-17     5s

Barrier solved model in 18 iterations and 5.16 seconds (11.72 work units)
Optimal objective -1.50000000e+01


Root crossover log...

     546 DPushes remaining with DInf 0.0000000e+00                 6s

       3 PPushes remaining with PInf 0.0000000e+00                 6s
       0 PPushes remaining with PInf 0.0000000e+00                 6s

  Push phase complete: Pinf 0.0000000e+00, Dinf 0.0000000e+00      6s


Root simplex log...

Iteration    Objective       Primal Inf.    Dual Inf.      Time
       6   -1.5000000e+01   0.000000e+00   0.000000e+00      6s
Concurrent spin time: 0.00s

Solved with barrier
       6   -1.5000000e+01   0.000000e+00   0.000000e+00      6s

Use crossover to convert LP symmetric solution to basic solution...

Root crossover log...

    1210 DPushes remaining with DInf 0.0000000e+00                 6s

     848 PPushes remaining with PInf 0.0000000e+00                 6s
       0 PPushes remaining with PInf 0.0000000e+00                 6s

  Push phase complete: Pinf 0.0000000e+00, Dinf 0.0000000e+00      6s


Root simplex log...

Iteration    Objective       Primal Inf.    Dual Inf.      Time
     857   -1.5000000e+01   0.000000e+00   0.000000e+00      6s
     857   -1.5000000e+01   0.000000e+00   0.000000e+00      6s

Root relaxation: objective -1.500000e+01, 857 iterations, 1.89 seconds (2.16 work units)

    Nodes    |    Current Node    |     Objective Bounds      |     Work
 Expl Unexpl |  Obj  Depth IntInf | Incumbent    BestBd   Gap | It/Node Time

     0     0  -15.00000    0 1621    0.00000  -15.00000      -     -   18s
H    0     0                      -8.0000000  -15.00000  87.5%     -   19s
     0     0  -15.00000    0 1697   -8.00000  -15.00000  87.5%     -   44s
     0     0  -15.00000    0 1679   -8.00000  -15.00000  87.5%     -   90s
     0     0  -15.00000    0 1753   -8.00000  -15.00000  87.5%     -  114s
H    0     0                      -9.0000000  -15.00000  66.7%     -  116s
     0     0  -15.00000    0 1755   -9.00000  -15.00000  66.7%     -  117s
     0     0  -15.00000    0 1804   -9.00000  -15.00000  66.7%     -  142s
     0     0  -15.00000    0 1843   -9.00000  -15.00000  66.7%     -  144s
     0     0  -15.00000    0 1847   -9.00000  -15.00000  66.7%     -  157s
H    0     0                     -11.0000000  -15.00000  36.4%     -  158s
     0     0  -15.00000    0 1903  -11.00000  -15.00000  36.4%     -  159s
     0     0  -15.00000    0 1947  -11.00000  -15.00000  36.4%     -  172s
     0     0  -15.00000    0 1947  -11.00000  -15.00000  36.4%     -  186s
     0     2  -15.00000    0 1947  -11.00000  -15.00000  36.4%     -  283s
     1     4  -14.00000    1 1158  -11.00000  -15.00000  36.4% 58449  323s
     3     8  -14.00000    2 1215  -11.00000  -15.00000  36.4% 20227  327s
     7    14  -14.00000    3 1204  -11.00000  -15.00000  36.4%  9087  331s
    15    28  -14.00000    4 1214  -11.00000  -15.00000  36.4%  4576  365s
H   29    42                     -14.0000000  -15.00000  7.14%  4689 1009s
    46    16  -15.00000    6 1947  -14.00000  -15.00000  7.14%  4967 1064s
H   47    16                     -15.0000000  -15.00000  0.00%  4861 1097s

Explored 47 nodes (598615 simplex iterations) in 1097.57 seconds (1230.58 work units)
Thread count was 16 (of 18 available processors)

Solution count 6: -15 -14 -11 ... 0
No other solutions better than -15

Optimal solution found (tolerance 1.00e-04)
Best objective -1.500000000000e+01, best bound -1.500000000000e+01, gap 0.0000%

---------------------------------------------------------------------------
Multi-objectives: solved in 1097.91 seconds (1230.58 work units), solution count 6

