
Gurobi 11.0.0 (win64) logging started Tue Dec 24 03:59:50 2024

Set parameter LogFile to value "C:\Users\Administrator\Desktop\OptRail_Railroad_Construction\Data\Solution\AnzahlAuftraege_NEW_15\a15_o170_m9_an80_ar18\6_Objectives\hierarchical_tolerance\gurobi_a15_o170_m9_an80_ar18_hierarchical_tolerance_round_2.log"
Gurobi Optimizer version 11.0.0 build v11.0.0rc2 (win64 - Windows Server 2022.0 (20348.2))

CPU model: AMD EPYC 7513 32-Core Processor, instruction set [SSE2|AVX|AVX2]
Thread count: 18 physical cores, 18 logical processors, using up to 16 threads

Optimize a model with 6276 rows, 542172 columns and 2491340 nonzeros
Model fingerprint: 0x154d59d7
Variable types: 0 continuous, 542172 integer (542172 binary)
Coefficient statistics:
  Matrix range     [1e+00, 1e+01]
  Objective range  [1e+00, 2e+02]
  Bounds range     [1e+00, 1e+00]
  RHS range        [1e+00, 2e+02]

---------------------------------------------------------------------------
Multi-objectives: starting optimization with 6 objectives ... 
---------------------------------------------------------------------------

Multi-objectives: applying initial presolve ...
---------------------------------------------------------------------------

Presolve removed 275 rows and 15 columns
Presolve time: 2.14s
Presolved: 6001 rows, 542157 columns, 2424193 nonzeros
---------------------------------------------------------------------------

Multi-objectives: optimize objective 1 () ...
---------------------------------------------------------------------------

Presolve removed 0 rows and 283641 columns
Presolve time: 2.47s
Presolved: 6001 rows, 258516 columns, 2424129 nonzeros
Variable types: 0 continuous, 258516 integer (258516 binary)
Deterministic concurrent LP optimizer: primal simplex, dual simplex, and barrier
Showing barrier log only...

Root barrier log...

Ordering time: 0.23s

Barrier statistics:
 AA' NZ     : 5.610e+05
 Factor NZ  : 1.783e+06 (roughly 80 MB of memory)
 Factor Ops : 9.585e+08 (less than 1 second per iteration)
 Threads    : 13

                  Objective                Residual
Iter       Primal          Dual         Primal    Dual     Compl     Time
   0   4.69721820e+03 -5.92030920e+03  4.55e+04 2.22e-01  7.53e+00     7s
   1   2.07416191e+03 -5.98312926e+03  1.22e+04 3.22e-01  2.06e+00     7s
   2   4.69790595e+02 -3.86413266e+03  2.05e+03 1.45e-02  3.54e-01     7s
   3   3.11210167e+02 -1.60068901e+03  1.15e+03 1.34e-03  1.95e-01     7s
   4   1.29820686e+02 -7.81034548e+02  2.51e+02 2.19e-04  4.41e-02     7s
   5   4.88479026e+01 -4.67161600e+02  7.88e+01 3.03e-15  1.45e-02     7s
   6   2.84246525e+01 -3.47449802e+02  4.42e+01 1.85e-15  8.26e-03     7s
   7   1.29356081e+01 -2.67566119e+02  1.73e+01 2.68e-15  3.62e-03     7s
   8   9.39636520e+00 -1.48975500e+02  9.35e+00 2.18e-15  1.94e-03     7s
   9   6.59307280e+00 -9.08907010e+01  3.69e+00 2.71e-15  8.64e-04     7s
  10   4.08829844e+00 -4.33185075e+01  1.08e+00 2.77e-15  3.13e-04     7s
  11   2.63390341e+00 -3.04140616e+01  4.32e-01 3.78e-15  1.73e-04     8s
  12   1.20757664e+00 -2.03056723e+01  2.60e-02 2.44e-15  7.73e-05     8s
  13   4.10603771e-01 -6.68857363e+00  2.93e-03 1.67e-15  2.46e-05     8s
  14   9.35858147e-02 -9.97405271e-01  6.14e-04 2.20e-15  3.74e-06     8s
  15   2.96666781e-03 -5.58005268e-02  2.30e-06 3.03e-15  1.97e-07     8s
  16   3.04658084e-06 -5.58123192e-05  1.32e-13 3.64e-15  1.96e-10     8s
  17   3.12581239e-12 -5.72574728e-11  1.86e-13 2.90e-15  2.02e-16     8s

Barrier solved model in 17 iterations and 7.74 seconds (16.64 work units)
Optimal objective 3.12581239e-12


Root crossover log...

    1233 DPushes remaining with DInf 0.0000000e+00                 9s
       0 DPushes remaining with DInf 0.0000000e+00                 9s

     609 PPushes remaining with PInf 1.6034607e-06                 9s
       0 PPushes remaining with PInf 0.0000000e+00                 9s

  Push phase complete: Pinf 0.0000000e+00, Dinf 0.0000000e+00      9s


Root simplex log...

Iteration    Objective       Primal Inf.    Dual Inf.      Time
     964    0.0000000e+00   0.000000e+00   0.000000e+00      9s
Concurrent spin time: 0.00s

Solved with barrier

Use crossover to convert LP symmetric solution to basic solution...

Root crossover log...

    2427 PPushes remaining with PInf 0.0000000e+00                 9s
       0 PPushes remaining with PInf 0.0000000e+00                10s

  Push phase complete: Pinf 0.0000000e+00, Dinf 0.0000000e+00     10s


Root simplex log...

Iteration    Objective       Primal Inf.    Dual Inf.      Time
    3394    0.0000000e+00   0.000000e+00   0.000000e+00     10s

Root relaxation: objective 0.000000e+00, 3394 iterations, 4.13 seconds (4.65 work units)

    Nodes    |    Current Node    |     Objective Bounds      |     Work
 Expl Unexpl |  Obj  Depth IntInf | Incumbent    BestBd   Gap | It/Node Time

     0     0    0.00000    0 3195          -    0.00000      -     -   34s
     0     0    0.00000    0 2966          -    0.00000      -     -  168s
     0     0    0.00000    0 2914          -    0.00000      -     -  280s
     0     0    0.00000    0 2835          -    0.00000      -     -  404s
     0     0    0.00000    0 2804          -    0.00000      -     -  405s
     0     0    0.00000    0 2849          -    0.00000      -     -  454s
     0     0    0.00000    0 2786          -    0.00000      -     -  461s
     0     0    0.00000    0 2798          -    0.00000      -     -  495s
     0     0    0.00000    0 2790          -    0.00000      -     -  525s
     0     0    0.00000    0 2790          -    0.00000      -     -  550s
     0     2    0.00000    0 2790          -    0.00000      -     -  807s
     1     4    0.00000    1 2793          -    0.00000      - 67017  951s
     3     8    0.00000    2 2745          -    0.00000      - 44622 1086s
     7    16    0.00000    3 2705          -    0.00000      - 33721 1229s
    15    32    0.00000    4 2697          -    0.00000      - 30493 1555s
    31    48    0.00000    5 2566          -    0.00000      - 43350 1566s
    47    64    0.00000    6 2504          -    0.00000      - 31695 1579s
    63    80    0.00000    7 2458          -    0.00000      - 26217 1589s
    79    96    0.00000    8 2488          -    0.00000      - 23030 1597s
    95   116    0.00000    8 2458          -    0.00000      - 20726 1642s
   115   204    0.00000    9 2449          -    0.00000      - 18894 1677s
   203   395    0.00000   16 2385          -    0.00000      - 14386 1760s
   394   661    0.00000   25 2266          -    0.00000      - 13062 1916s
   660   942    0.00000   39 2194          -    0.00000      - 14811 2233s
   941  1704    0.58095   55 2142          -    0.00000      - 16569 2744s
  1703  2369    0.68095   95 1985          -    0.00000      - 17506 3360s
  2368  2916    1.01758  146 1992          -    0.00000      - 20341 3924s
  2919  3477    1.54258  191 2011          -    0.00000      - 23832 5089s
  3079  3477    0.59866  181 1782          -    0.00000      - 24156 5090s
  3482  4004    2.20461  230 2050          -    0.00000      - 27087 6009s
  4011  4482    2.73602  319 1946          -    0.00000      - 30619 7230s
  4493  4796    2.73602  396 1775          -    0.00000      - 34371 8403s
  4836  5158    2.80231  440 1681          -    0.00000      - 38691 9701s

Cutting planes:
  MIR: 14
  Zero half: 28

Explored 5211 nodes (222036923 simplex iterations) in 9702.79 seconds (14925.77 work units)
Thread count was 16 (of 18 available processors)

Solution count 0

Time limit reached
Best objective -, best bound 0.000000000000e+00, gap -

---------------------------------------------------------------------------
Multi-objectives: stopped in 9703.66 seconds (14925.77 work units)
Time Limit reached

